Archive member included to satisfy reference by file (symbol)

contiki-srf06-cc26xx.a(cmd.o)
                              slip-radio.co (cmd_input)
contiki-srf06-cc26xx.a(packetutils.o)
                              slip-radio.co (packetutils_deserialize_atts)
contiki-srf06-cc26xx.a(contiki-main.o)
                              obj_srf06-cc26xx/startup_gcc.o (main)
contiki-srf06-cc26xx.a(sensors.o)
                              contiki-srf06-cc26xx.a(contiki-main.o) (sensors_process)
contiki-srf06-cc26xx.a(leds.o)
                              contiki-srf06-cc26xx.a(contiki-main.o) (leds_init)
contiki-srf06-cc26xx.a(leds-arch.o)
                              contiki-srf06-cc26xx.a(leds.o) (leds_arch_init)
contiki-srf06-cc26xx.a(srf06-sensors.o)
                              contiki-srf06-cc26xx.a(sensors.o) (sensors_flags)
contiki-srf06-cc26xx.a(button-sensor.o)
                              contiki-srf06-cc26xx.a(srf06-sensors.o) (button_down_sensor)
contiki-srf06-cc26xx.a(board.o)
                              contiki-srf06-cc26xx.a(contiki-main.o) (board_init)
contiki-srf06-cc26xx.a(als-sensor.o)
                              contiki-srf06-cc26xx.a(srf06-sensors.o) (als_sensor)
contiki-srf06-cc26xx.a(prop-mode.o)
                              slip-radio.co (prop_mode_driver)
contiki-srf06-cc26xx.a(clock.o)
                              contiki-srf06-cc26xx.a(contiki-main.o) (clock_init)
contiki-srf06-cc26xx.a(rtimer-arch.o)
                              contiki-srf06-cc26xx.a(prop-mode.o) (rtimer_arch_now)
contiki-srf06-cc26xx.a(soc-rtc.o)
                              contiki-srf06-cc26xx.a(contiki-main.o) (soc_rtc_init)
contiki-srf06-cc26xx.a(contiki-watchdo)
                              contiki-srf06-cc26xx.a(contiki-main.o) (watchdog_init)
contiki-srf06-cc26xx.a(aux-ctrl.o)
                              contiki-srf06-cc26xx.a(als-sensor.o) (aux_ctrl_register_consumer)
contiki-srf06-cc26xx.a(putchar.o)
                              contiki-srf06-cc26xx.a(contiki-main.o) (putchar)
contiki-srf06-cc26xx.a(ieee-addr.o)
                              contiki-srf06-cc26xx.a(contiki-main.o) (ieee_addr_cpy_to)
contiki-srf06-cc26xx.a(slip-arch.o)
                              slip-radio.co (slip_arch_init)
contiki-srf06-cc26xx.a(slip.o)
                              slip-radio.co (slip_set_input_callback)
contiki-srf06-cc26xx.a(cc26xx-uart.o)
                              contiki-srf06-cc26xx.a(contiki-main.o) (cc26xx_uart_init)
contiki-srf06-cc26xx.a(lpm.o)
                              contiki-srf06-cc26xx.a(button-sensor.o) (lpm_shutdown)
contiki-srf06-cc26xx.a(gpio-interrupt.)
                              contiki-srf06-cc26xx.a(button-sensor.o) (gpio_interrupt_register_handler)
contiki-srf06-cc26xx.a(oscillators.o)
                              contiki-srf06-cc26xx.a(contiki-main.o) (oscillators_select_lf_xosc)
contiki-srf06-cc26xx.a(rf-core.o)
                              contiki-srf06-cc26xx.a(prop-mode.o) (rf_core_is_accessible)
contiki-srf06-cc26xx.a(rf-ble.o)
                              contiki-srf06-cc26xx.a(prop-mode.o) (rf_ble_is_active)
contiki-srf06-cc26xx.a(random.o)
                              contiki-srf06-cc26xx.a(contiki-main.o) (random_init)
contiki-srf06-cc26xx.a(soc-trng.o)
                              contiki-srf06-cc26xx.a(random.o) (soc_trng_rand_synchronous)
contiki-srf06-cc26xx.a(dbg-printf.o)
                              contiki-srf06-cc26xx.a(contiki-main.o) (printf)
contiki-srf06-cc26xx.a(dbg-sprintf.o)
                              contiki-srf06-cc26xx.a(cmd.o) (sprintf)
contiki-srf06-cc26xx.a(strformat.o)
                              contiki-srf06-cc26xx.a(dbg-printf.o) (format_str_v)
contiki-srf06-cc26xx.a(autostart.o)
                              contiki-srf06-cc26xx.a(contiki-main.o) (autostart_start)
contiki-srf06-cc26xx.a(ctimer.o)
                              contiki-srf06-cc26xx.a(contiki-main.o) (ctimer_init)
contiki-srf06-cc26xx.a(energest.o)
                              contiki-srf06-cc26xx.a(contiki-main.o) (energest_init)
contiki-srf06-cc26xx.a(etimer.o)
                              contiki-srf06-cc26xx.a(clock.o) (etimer_request_poll)
contiki-srf06-cc26xx.a(process.o)
                              contiki-srf06-cc26xx.a(sensors.o) (process_alloc_event)
contiki-srf06-cc26xx.a(rtimer.o)
                              contiki-srf06-cc26xx.a(contiki-main.o) (rtimer_init)
contiki-srf06-cc26xx.a(timer.o)
                              contiki-srf06-cc26xx.a(button-sensor.o) (timer_set)
contiki-srf06-cc26xx.a(serial-line.o)
                              contiki-srf06-cc26xx.a(contiki-main.o) (serial_line_init)
contiki-srf06-cc26xx.a(list.o)
                              contiki-srf06-cc26xx.a(lpm.o) (list_init)
contiki-srf06-cc26xx.a(ringbuf.o)
                              contiki-srf06-cc26xx.a(serial-line.o) (ringbuf_init)
contiki-srf06-cc26xx.a(uip6.o)
                              slip-radio.co (uip_aligned_buf)
contiki-srf06-cc26xx.a(uip-ds6.o)
[...]
Memory Configuration

Name             Origin             Length             Attributes
FLASH            0x00000000         0x0001ffa8         xr
FLASH_CCFG       0x0001ffa8         0x00000058         xr
SRAM             0x20000000         0x00005000         xrw
GPRAM            0x11000000         0x00002000         xrw
*default*        0x00000000         0xffffffff

Linker script and memory map

LOAD obj_srf06-cc26xx/fault-handlers.o
LOAD obj_srf06-cc26xx/ccfg.o
LOAD obj_srf06-cc26xx/startup_gcc.o
LOAD slip-radio.co
LOAD obj_srf06-cc26xx/slip-net.o
LOAD obj_srf06-cc26xx/no-framer.o
LOAD contiki-srf06-cc26xx.a
LOAD /usr/bin/../lib/gcc/arm-none-eabi/6.3.1/../../../../arm-none-eabi/lib/thumb/v7-m/libm.a
START GROUP
LOAD /usr/bin/../lib/gcc/arm-none-eabi/6.3.1/thumb/v7-m/libgcc.a
LOAD /usr/bin/../lib/gcc/arm-none-eabi/6.3.1/../../../../arm-none-eabi/lib/thumb/v7-m/libc.a
END GROUP
                0x20005000                _estack = (ORIGIN (SRAM) + LENGTH (SRAM))
                0x00000000                _Min_Heap_Size = 0x0
                0x00000100                _Min_Stack_Size = 0x100

.text           0x00000000     0x8a21
                0x00000000                _text = .
 *(SORT(.vectors))
 .vectors       0x00000000       0xc8 obj_srf06-cc26xx/startup_gcc.o
                0x00000000                g_pfnVectors
 *(SORT(.text*))
 .text.FaultISR
                0x000000c8       0x18 obj_srf06-cc26xx/fault-handlers.o
                0x000000c8                FaultISR
 .text.ResetISR
                0x000000e0       0x4c obj_srf06-cc26xx/startup_gcc.o
                0x000000e0                ResetISR
 .text.slip_radio_cmd_handler
                0x0000012c      0x168 slip-radio.co
 .text.process_thread_slip_radio_process
                0x00000294       0x80 slip-radio.co
 .text.slip_input_callback
                0x00000314       0x24 slip-radio.co
 .text.slipnet_input
                0x00000338       0x30 obj_srf06-cc26xx/slip-net.o
                0x00000338                slipnet_input
 .text.parse    0x00000368       0x78 obj_srf06-cc26xx/no-framer.o
 .text.no_framer_get_pan_id
                0x000003e0        0xc obj_srf06-cc26xx/no-framer.o
                0x000003e0                no_framer_get_pan_id
 .text.no_framer_set_pan_id
                0x000003ec        0xc obj_srf06-cc26xx/no-framer.o
                0x000003ec                no_framer_set_pan_id
 .text.cmd_input
                0x000003f8       0x44 contiki-srf06-cc26xx.a(cmd.o)
                0x000003f8                cmd_input
 .text.startup.main
                0x0000043c      0x24c contiki-srf06-cc26xx.a(contiki-main.o)
                0x0000043c                main
 .text.process_thread_sensors_process
                0x00000688       0xd8 contiki-srf06-cc26xx.a(sensors.o)
 .text.sensors_changed
                0x00000760       0x3c contiki-srf06-cc26xx.a(sensors.o)
                0x00000760                sensors_changed
 .text.leds_init
                0x0000079c       0x14 contiki-srf06-cc26xx.a(leds.o)
                0x0000079c                leds_init
 .text.leds_on  0x000007b0       0x10 contiki-srf06-cc26xx.a(leds.o)
                0x000007b0                leds_on
 .text.leds_off
                0x000007c0       0x14 contiki-srf06-cc26xx.a(leds.o)
                0x000007c0                leds_off
 .text.leds_arch_init
                0x000007d4       0x48 contiki-srf06-cc26xx.a(leds-arch.o)
                0x000007d4                leds_arch_init
 .text.leds_arch_set
                0x0000081c       0x48 contiki-srf06-cc26xx.a(leds-arch.o)
                0x0000081c                leds_arch_set
 .text.button_press_handler
                0x00000864      0x110 contiki-srf06-cc26xx.a(button-sensor.o)
 .text.value_select
                0x00000974       0x24 contiki-srf06-cc26xx.a(button-sensor.o)
 .text.value_left
                0x00000998       0x24 contiki-srf06-cc26xx.a(button-sensor.o)
 .text.value_right
                0x000009bc       0x18 contiki-srf06-cc26xx.a(button-sensor.o)
 .text.value_up
                0x000009d4       0x24 contiki-srf06-cc26xx.a(button-sensor.o)
 .text.value_down
                0x000009f8       0x24 contiki-srf06-cc26xx.a(button-sensor.o)
 .text.status   0x00000a1c       0x20 contiki-srf06-cc26xx.a(button-sensor.o)
 .text.config_buttons
                0x00000a3c       0x7c contiki-srf06-cc26xx.a(button-sensor.o)
 .text.lpm_handler
                0x00000ab8       0x34 contiki-srf06-cc26xx.a(board.o)
 .text.wakeup_handler
                0x00000aec       0x20 contiki-srf06-cc26xx.a(board.o)
 .text.board_init
                0x00000b0c       0x70 contiki-srf06-cc26xx.a(board.o)
                0x00000b0c                board_init
 .text.value    0x00000b7c       0x24 contiki-srf06-cc26xx.a(als-sensor.o)
 .text.config   0x00000ba0       0x80 contiki-srf06-cc26xx.a(als-sensor.o)
 .text.get_channel
                0x00000c20       0x30 contiki-srf06-cc26xx.a(prop-mode.o)
 .text.rf_is_on
                0x00000c50       0x18 contiki-srf06-cc26xx.a(prop-mode.o)
 .text.soft_off_prop
                0x00000c68       0x2c contiki-srf06-cc26xx.a(prop-mode.o)
 .text.rx_on_prop
                0x00000c94       0x5c contiki-srf06-cc26xx.a(prop-mode.o)
 .text.prepare  0x00000cf0       0x1c contiki-srf06-cc26xx.a(prop-mode.o)
 .text.pending_packet
                0x00000d0c       0x2c contiki-srf06-cc26xx.a(prop-mode.o)
 .text.read_frame
                0x00000d38       0x4c contiki-srf06-cc26xx.a(prop-mode.o)
 .text.rx_off_prop
                0x00000d84       0x40 contiki-srf06-cc26xx.a(prop-mode.o)
 .text.prop_div_radio_setup
                0x00000dc4       0x3c contiki-srf06-cc26xx.a(prop-mode.o)
 .text.prop_fs  0x00000e00       0x28 contiki-srf06-cc26xx.a(prop-mode.o)
 .text.off      0x00000e28       0x34 contiki-srf06-cc26xx.a(prop-mode.o)
 .text.on       0x00000e5c       0xa0 contiki-srf06-cc26xx.a(prop-mode.o)
 .text.set_value
                0x00000efc       0xec contiki-srf06-cc26xx.a(prop-mode.o)
 .text.get_value
                0x00000fe8       0xbc contiki-srf06-cc26xx.a(prop-mode.o)
 .text.transmit
                0x000010a4       0x90 contiki-srf06-cc26xx.a(prop-mode.o)
 .text.channel_clear
                0x00001134       0x6c contiki-srf06-cc26xx.a(prop-mode.o)
 .text.init     0x000011a0       0xc0 contiki-srf06-cc26xx.a(prop-mode.o)
 .text.power_domain_on
                0x00001260       0x20 contiki-srf06-cc26xx.a(clock.o)
 .text.update_clock_variable
                0x00001280       0x2c contiki-srf06-cc26xx.a(clock.o)
 .text.clock_init
                0x000012ac       0x94 contiki-srf06-cc26xx.a(clock.o)
                0x000012ac                clock_init
 .text.clock_time
                0x00001340       0x14 contiki-srf06-cc26xx.a(clock.o)
                0x00001340                clock_time
 .text.clock_seconds
                0x00001354       0x18 contiki-srf06-cc26xx.a(clock.o)
                0x00001354                clock_seconds
 .text.clock_delay_usec
                0x0000136c       0x78 contiki-srf06-cc26xx.a(clock.o)
                0x0000136c                clock_delay_usec
 .text.soc_rtc_init
                0x000013e4       0xa0 contiki-srf06-cc26xx.a(soc-rtc.o)
                0x000013e4                soc_rtc_init
 .text.soc_rtc_schedule_one_shot
                0x00001484       0x5c contiki-srf06-cc26xx.a(soc-rtc.o)
                0x00001484                soc_rtc_schedule_one_shot
 .text.soc_rtc_last_isr_time
                0x000014e0        0xc contiki-srf06-cc26xx.a(soc-rtc.o)
                0x000014e0                soc_rtc_last_isr_time
 .text.AONRTCIntHandler
                0x000014ec       0x7c contiki-srf06-cc26xx.a(soc-rtc.o)
                0x000014ec                AONRTCIntHandler
 .text.lock_config
                0x00001568       0x18 contiki-srf06-cc26xx.a(contiki-watchdo)
 .text.unlock_config
                0x00001580       0x2c contiki-srf06-cc26xx.a(contiki-watchdo)
 .text.watchdog_init
                0x000015ac       0x18 contiki-srf06-cc26xx.a(contiki-watchdo)
                0x000015ac                watchdog_init
 .text.watchdog_periodic
                0x000015c4       0x14 contiki-srf06-cc26xx.a(contiki-watchdo)
                0x000015c4                watchdog_periodic
 .text.watchdog_start
                0x000015d8       0x1c contiki-srf06-cc26xx.a(contiki-watchdo)
                0x000015d8                watchdog_start
 .text.aux_ctrl_power_up
                0x000015f4       0x28 contiki-srf06-cc26xx.a(aux-ctrl.o)
                0x000015f4                aux_ctrl_power_up
 .text.aux_ctrl_register_consumer
                0x0000161c       0x40 contiki-srf06-cc26xx.a(aux-ctrl.o)
                0x0000161c                aux_ctrl_register_consumer
 .text.aux_ctrl_power_down
                0x0000165c       0x64 contiki-srf06-cc26xx.a(aux-ctrl.o)
                0x0000165c                aux_ctrl_power_down
 .text.aux_ctrl_unregister_consumer
                0x000016c0       0x28 contiki-srf06-cc26xx.a(aux-ctrl.o)
                0x000016c0                aux_ctrl_unregister_consumer
 .text.ieee_addr_cpy_to
                0x000016e8       0x3c contiki-srf06-cc26xx.a(ieee-addr.o)
                0x000016e8                ieee_addr_cpy_to
 .text.slip_arch_init
                0x00001724        0xc contiki-srf06-cc26xx.a(slip-arch.o)
                0x00001724                slip_arch_init
 .text.process_thread_slip_process
                0x00001730      0x264 contiki-srf06-cc26xx.a(slip.o)
 .text.slip_set_input_callback
                0x00001994        0xc contiki-srf06-cc26xx.a(slip.o)
                0x00001994                slip_set_input_callback
 .text.slip_input_byte
                0x000019a0       0xac contiki-srf06-cc26xx.a(slip.o)
                0x000019a0                slip_input_byte
 .text.disable_interrupts
                0x00001a4c       0x30 contiki-srf06-cc26xx.a(cc26xx-uart.o)
 .text.accessible
                0x00001a7c       0x24 contiki-srf06-cc26xx.a(cc26xx-uart.o)
 .text.lpm_drop_handler
                0x00001aa0       0xa4 contiki-srf06-cc26xx.a(cc26xx-uart.o)
 .text.power_and_clock
                0x00001b44       0x40 contiki-srf06-cc26xx.a(cc26xx-uart.o)
 .text.enable   0x00001b84       0xc8 contiki-srf06-cc26xx.a(cc26xx-uart.o)
 .text.cc26xx_uart_init
                0x00001c4c       0x28 contiki-srf06-cc26xx.a(cc26xx-uart.o)
                0x00001c4c                cc26xx_uart_init
 .text.cc26xx_uart_write_byte
                0x00001c74       0x28 contiki-srf06-cc26xx.a(cc26xx-uart.o)
                0x00001c74                cc26xx_uart_write_byte
 .text.cc26xx_uart_set_input
                0x00001c9c       0x60 contiki-srf06-cc26xx.a(cc26xx-uart.o)
                0x00001c9c                cc26xx_uart_set_input
 .text.cc26xx_uart_busy
                0x00001cfc       0x18 contiki-srf06-cc26xx.a(cc26xx-uart.o)
                0x00001cfc                cc26xx_uart_busy
 .text.UART0IntHandler
                0x00001d14       0x54 contiki-srf06-cc26xx.a(cc26xx-uart.o)
                0x00001d14                UART0IntHandler
 .text.lpm_shutdown
                0x00001d68      0x178 contiki-srf06-cc26xx.a(lpm.o)
                0x00001d68                lpm_shutdown
 .text.lpm_sleep
                0x00001ee0       0x14 contiki-srf06-cc26xx.a(lpm.o)
                0x00001ee0                lpm_sleep
 .text.lpm_drop
                0x00001ef4      0x1f8 contiki-srf06-cc26xx.a(lpm.o)
                0x00001ef4                lpm_drop
 .text.lpm_register_module
                0x000020ec        0xc contiki-srf06-cc26xx.a(lpm.o)
                0x000020ec                lpm_register_module
 .text.lpm_unregister_module
                0x000020f8        0xc contiki-srf06-cc26xx.a(lpm.o)
                0x000020f8                lpm_unregister_module
 .text.lpm_init
                0x00002104       0x20 contiki-srf06-cc26xx.a(lpm.o)
                0x00002104                lpm_init
 .text.lpm_pin_set_default_state
                0x00002124       0x2c contiki-srf06-cc26xx.a(lpm.o)
                0x00002124                lpm_pin_set_default_state
 .text.gpio_interrupt_register_handler
                0x00002150       0x2c contiki-srf06-cc26xx.a(gpio-interrupt.)
                0x00002150                gpio_interrupt_register_handler
 .text.gpio_interrupt_init
                0x0000217c       0x24 contiki-srf06-cc26xx.a(gpio-interrupt.)
                0x0000217c                gpio_interrupt_init
 .text.GPIOIntHandler
                0x000021a0       0x30 contiki-srf06-cc26xx.a(gpio-interrupt.)
                0x000021a0                GPIOIntHandler
 .text.oscillators_select_lf_xosc
                0x000021d0       0x54 contiki-srf06-cc26xx.a(oscillators.o)
                0x000021d0                oscillators_select_lf_xosc
 .text.oscillators_switch_to_hf_xosc
                0x00002224       0x34 contiki-srf06-cc26xx.a(oscillators.o)
                0x00002224                oscillators_switch_to_hf_xosc
 .text.oscillators_switch_to_hf_rc
                0x00002258       0x38 contiki-srf06-cc26xx.a(oscillators.o)
                0x00002258                oscillators_switch_to_hf_rc
 .text.process_thread_rf_core_process
                0x00002290       0x54 contiki-srf06-cc26xx.a(rf-core.o)
 .text.rf_core_is_accessible
                0x000022e4       0x10 contiki-srf06-cc26xx.a(rf-core.o)
                0x000022e4                rf_core_is_accessible
 .text.rf_core_send_cmd
                0x000022f4       0x80 contiki-srf06-cc26xx.a(rf-core.o)
                0x000022f4                rf_core_send_cmd
 .text.rf_core_wait_cmd_done
                0x00002374       0x2c contiki-srf06-cc26xx.a(rf-core.o)
                0x00002374                rf_core_wait_cmd_done
 .text.rf_core_power_up
                0x000023a0       0xa4 contiki-srf06-cc26xx.a(rf-core.o)
                0x000023a0                rf_core_power_up
 .text.rf_core_set_modesel
                0x00002444       0x38 contiki-srf06-cc26xx.a(rf-core.o)
                0x00002444                rf_core_set_modesel
 .text.rf_core_setup_interrupts
                0x0000247c       0x64 contiki-srf06-cc26xx.a(rf-core.o)
                0x0000247c                rf_core_setup_interrupts
 .text.rf_core_cmd_done_en
                0x000024e0       0x28 contiki-srf06-cc26xx.a(rf-core.o)
                0x000024e0                rf_core_cmd_done_en
 .text.rf_core_cmd_done_dis
                0x00002508       0x18 contiki-srf06-cc26xx.a(rf-core.o)
                0x00002508                rf_core_cmd_done_dis
 .text.rf_core_get_last_radio_op
                0x00002520        0xc contiki-srf06-cc26xx.a(rf-core.o)
                0x00002520                rf_core_get_last_radio_op
 .text.rf_core_start_rat
                0x0000252c       0x3c contiki-srf06-cc26xx.a(rf-core.o)
                0x0000252c                rf_core_start_rat
 .text.rf_core_stop_rat
                0x00002568       0x48 contiki-srf06-cc26xx.a(rf-core.o)
                0x00002568                rf_core_stop_rat
 .text.rf_core_power_down
                0x000025b0       0xbc contiki-srf06-cc26xx.a(rf-core.o)
                0x000025b0                rf_core_power_down
 .text.rf_core_primary_mode_register
                0x0000266c        0xc contiki-srf06-cc26xx.a(rf-core.o)
                0x0000266c                rf_core_primary_mode_register
 .text.RFCCPE1IntHandler
                0x00002678       0x20 contiki-srf06-cc26xx.a(rf-core.o)
                0x00002678                RFCCPE1IntHandler
 .text.RFCCPE0IntHandler
                0x00002698       0x54 contiki-srf06-cc26xx.a(rf-core.o)
                0x00002698                RFCCPE0IntHandler
 .text.rf_ble_is_active
                0x000026ec        0xc contiki-srf06-cc26xx.a(rf-ble.o)
                0x000026ec                rf_ble_is_active
 .text.request  0x000026f8       0x14 contiki-srf06-cc26xx.a(soc-trng.o)
 .text.read_number
                0x0000270c       0x24 contiki-srf06-cc26xx.a(soc-trng.o)
 .text.accessible
                0x00002730       0x24 contiki-srf06-cc26xx.a(soc-trng.o)
 .text.power_up
                0x00002754       0x40 contiki-srf06-cc26xx.a(soc-trng.o)
 .text.process_thread_soc_trng_process
                0x00002794       0x74 contiki-srf06-cc26xx.a(soc-trng.o)
 .text.soc_trng_rand_synchronous
                0x00002808       0x9c contiki-srf06-cc26xx.a(soc-trng.o)
                0x00002808                soc_trng_rand_synchronous
 .text.TRNGIntHandler
                0x000028a4       0x50 contiki-srf06-cc26xx.a(soc-trng.o)
                0x000028a4                TRNGIntHandler
 .text.soc_trng_init
                0x000028f4       0x28 contiki-srf06-cc26xx.a(soc-trng.o)
                0x000028f4                soc_trng_init
 .text.printf   0x0000291c       0x20 contiki-srf06-cc26xx.a(dbg-printf.o)
                0x0000291c                printf
 .text.sprintf  0x0000293c       0x30 contiki-srf06-cc26xx.a(dbg-sprintf.o)
                0x0000293c                sprintf
 .text.fill_space
                0x0000296c       0x34 contiki-srf06-cc26xx.a(strformat.o)
 .text.format_str_v
                0x000029a0      0x704 contiki-srf06-cc26xx.a(strformat.o)
                0x000029a0                format_str_v
 .text.process_thread_ctimer_process
                0x000030a4       0x7c contiki-srf06-cc26xx.a(ctimer.o)
 .text.ctimer_init
                0x00003120       0x28 contiki-srf06-cc26xx.a(ctimer.o)
                0x00003120                ctimer_init
 .text.ctimer_set_with_process
                0x00003148       0x44 contiki-srf06-cc26xx.a(ctimer.o)
                0x00003148                ctimer_set_with_process
 .text.ctimer_set
                0x0000318c       0x14 contiki-srf06-cc26xx.a(ctimer.o)
                0x0000318c                ctimer_set
 .text.ctimer_reset
                0x000031a0       0x38 contiki-srf06-cc26xx.a(ctimer.o)
                0x000031a0                ctimer_reset
 .text.update_time
                0x000031d8       0x3c contiki-srf06-cc26xx.a(etimer.o)
 .text.etimer_request_poll
                0x00003214        0xc contiki-srf06-cc26xx.a(etimer.o)
                0x00003214                etimer_request_poll
 .text.process_thread_etimer_process
                0x00003220       0xac contiki-srf06-cc26xx.a(etimer.o)
 .text.add_timer
                0x000032cc       0x40 contiki-srf06-cc26xx.a(etimer.o)
 .text.etimer_pending
                0x0000330c       0x10 contiki-srf06-cc26xx.a(etimer.o)
                0x0000330c                etimer_pending
 .text.etimer_next_expiration_time
                0x0000331c       0x14 contiki-srf06-cc26xx.a(etimer.o)
                0x0000331c                etimer_next_expiration_time
 .text.etimer_stop
                0x00003330       0x34 contiki-srf06-cc26xx.a(etimer.o)
                0x00003330                etimer_stop
 .text.call_process.part.0
                0x00003364       0x38 contiki-srf06-cc26xx.a(process.o)
 .text.exit_process
                0x0000339c       0x80 contiki-srf06-cc26xx.a(process.o)
 .text.do_poll  0x0000341c       0x34 contiki-srf06-cc26xx.a(process.o)
 .text.process_alloc_event
                0x00003450       0x10 contiki-srf06-cc26xx.a(process.o)
                0x00003450                process_alloc_event
 .text.process_init
                0x00003460       0x30 contiki-srf06-cc26xx.a(process.o)
                0x00003460                process_init
 .text.process_run
                0x00003490       0x88 contiki-srf06-cc26xx.a(process.o)
                0x00003490                process_run
 .text.process_nevents
                0x00003518       0x14 contiki-srf06-cc26xx.a(process.o)
                0x00003518                process_nevents
 .text.process_post
                0x0000352c       0x3c contiki-srf06-cc26xx.a(process.o)
                0x0000352c                process_post
 .text.process_post_synch
                0x00003568       0x14 contiki-srf06-cc26xx.a(process.o)
                0x00003568                process_post_synch
 .text.process_start
                0x0000357c       0x30 contiki-srf06-cc26xx.a(process.o)
                0x0000357c                process_start
 .text.process_poll
                0x000035ac       0x18 contiki-srf06-cc26xx.a(process.o)
                0x000035ac                process_poll
 .text.rtimer_run_next
                0x000035c4       0x28 contiki-srf06-cc26xx.a(rtimer.o)
                0x000035c4                rtimer_run_next
 .text.process_thread_serial_line_process
                0x000035ec       0x94 contiki-srf06-cc26xx.a(serial-line.o)
 .text.serial_line_init
                0x00003680       0x24 contiki-srf06-cc26xx.a(serial-line.o)
                0x00003680                serial_line_init
 .text.upper_layer_chksum
                0x000036a4       0x54 contiki-srf06-cc26xx.a(uip6.o)
 .text.ext_hdr_options_process
                0x000036f8       0x9c contiki-srf06-cc26xx.a(uip6.o)
 .text.uip_add32
                0x00003794       0x54 contiki-srf06-cc26xx.a(uip6.o)
                0x00003794                uip_add32
 .text.unlikely.uip_add_rcv_nxt
                0x000037e8       0x30 contiki-srf06-cc26xx.a(uip6.o)
 .text.uip_init
                0x00003818       0x60 contiki-srf06-cc26xx.a(uip6.o)
                0x00003818                uip_init
 .text.remove_ext_hdr
                0x00003878       0x54 contiki-srf06-cc26xx.a(uip6.o)
                0x00003878                remove_ext_hdr
 .text.uip_unlisten
                0x000038cc       0x20 contiki-srf06-cc26xx.a(uip6.o)
                0x000038cc                uip_unlisten
 .text.uip_process
                0x000038ec      0xbe8 contiki-srf06-cc26xx.a(uip6.o)
                0x000038ec                uip_process
 .text.uip_htonl
                0x000044d4       0x1c contiki-srf06-cc26xx.a(uip6.o)
                0x000044d4                uip_htonl
 .text.uip_ds6_prefix_add
                0x000044f0       0x64 contiki-srf06-cc26xx.a(uip-ds6.o)
                0x000044f0                uip_ds6_prefix_add
 .text.uip_ds6_prefix_lookup
                0x00004554       0x28 contiki-srf06-cc26xx.a(uip-ds6.o)
                0x00004554                uip_ds6_prefix_lookup
 .text.uip_ds6_is_addr_onlink
                0x0000457c       0x3c contiki-srf06-cc26xx.a(uip-ds6.o)
                0x0000457c                uip_ds6_is_addr_onlink
 .text.uip_ds6_addr_lookup
                0x000045b8       0x2c contiki-srf06-cc26xx.a(uip-ds6.o)
                0x000045b8                uip_ds6_addr_lookup
 .text.uip_ds6_get_link_local
                0x000045e4       0x3c contiki-srf06-cc26xx.a(uip-ds6.o)
                0x000045e4                uip_ds6_get_link_local
 .text.uip_ds6_maddr_add
                0x00004620       0x4c contiki-srf06-cc26xx.a(uip-ds6.o)
                0x00004620                uip_ds6_maddr_add
 .text.uip_ds6_addr_add
                0x0000466c       0x94 contiki-srf06-cc26xx.a(uip-ds6.o)
                0x0000466c                uip_ds6_addr_add
 .text.uip_ds6_maddr_lookup
                0x00004700       0x2c contiki-srf06-cc26xx.a(uip-ds6.o)
                0x00004700                uip_ds6_maddr_lookup
 .text.uip_ds6_addr_rm
                0x0000472c       0x44 contiki-srf06-cc26xx.a(uip-ds6.o)
                0x0000472c                uip_ds6_addr_rm
 .text.uip_ds6_periodic
                0x00004770       0x80 contiki-srf06-cc26xx.a(uip-ds6.o)
                0x00004770                uip_ds6_periodic
 .text.uip_ds6_select_src
                0x000047f0       0x98 contiki-srf06-cc26xx.a(uip-ds6.o)
                0x000047f0                uip_ds6_select_src
 .text.uip_ds6_send_rs
                0x00004888       0x3c contiki-srf06-cc26xx.a(uip-ds6.o)
                0x00004888                uip_ds6_send_rs
 .text.uip_ds6_compute_reachable_time
                0x000048c4       0x2c contiki-srf06-cc26xx.a(uip-ds6.o)
                0x000048c4                uip_ds6_compute_reachable_time
 .text.uip_ds6_init
                0x000048f0       0xd0 contiki-srf06-cc26xx.a(uip-ds6.o)
                0x000048f0                uip_ds6_init
 .text.uip_ds6_nbr_rm
                0x000049c0       0x14 contiki-srf06-cc26xx.a(uip-ds6-nbr.o)
                0x000049c0                uip_ds6_nbr_rm
 .text.uip_ds6_neighbors_init
                0x000049d4       0x1c contiki-srf06-cc26xx.a(uip-ds6-nbr.o)
                0x000049d4                uip_ds6_neighbors_init
 .text.uip_ds6_nbr_add
                0x000049f0       0x60 contiki-srf06-cc26xx.a(uip-ds6-nbr.o)
                0x000049f0                uip_ds6_nbr_add
 .text.uip_ds6_nbr_get_ll
                0x00004a50       0x10 contiki-srf06-cc26xx.a(uip-ds6-nbr.o)
                0x00004a50                uip_ds6_nbr_get_ll
 .text.uip_ds6_nbr_lookup
                0x00004a60       0x38 contiki-srf06-cc26xx.a(uip-ds6-nbr.o)
                0x00004a60                uip_ds6_nbr_lookup
 .text.uip_ds6_nbr_ll_lookup
                0x00004a98       0x10 contiki-srf06-cc26xx.a(uip-ds6-nbr.o)
                0x00004a98                uip_ds6_nbr_ll_lookup
 .text.uip_ds6_neighbor_periodic
                0x00004aa8       0xf8 contiki-srf06-cc26xx.a(uip-ds6-nbr.o)
                0x00004aa8                uip_ds6_neighbor_periodic
 .text.uip_ds6_route_init
                0x00004ba0       0x1c contiki-srf06-cc26xx.a(uip-ds6-route.o)
                0x00004ba0                uip_ds6_route_init
 .text.uip_ds6_defrt_rm
                0x00004bbc       0x38 contiki-srf06-cc26xx.a(uip-ds6-route.o)
                0x00004bbc                uip_ds6_defrt_rm
 .text.uip_ds6_defrt_lookup
                0x00004bf4       0x2c contiki-srf06-cc26xx.a(uip-ds6-route.o)
                0x00004bf4                uip_ds6_defrt_lookup
 .text.uip_ds6_defrt_add
                0x00004c20       0x58 contiki-srf06-cc26xx.a(uip-ds6-route.o)
                0x00004c20                uip_ds6_defrt_add
 .text.uip_ds6_defrt_choose
                0x00004c78       0x30 contiki-srf06-cc26xx.a(uip-ds6-route.o)
                0x00004c78                uip_ds6_defrt_choose
 .text.uip_ds6_defrt_periodic
                0x00004ca8       0x3c contiki-srf06-cc26xx.a(uip-ds6-route.o)
                0x00004ca8                uip_ds6_defrt_periodic
 .text.echo_reply_input
                0x00004ce4       0xa0 contiki-srf06-cc26xx.a(uip-icmp6.o)
 .text.echo_request_input
                0x00004d84       0xc8 contiki-srf06-cc26xx.a(uip-icmp6.o)
 .text.uip_icmp6_input
                0x00004e4c       0x38 contiki-srf06-cc26xx.a(uip-icmp6.o)
                0x00004e4c                uip_icmp6_input
 .text.uip_icmp6_register_input_handler
                0x00004e84        0xc contiki-srf06-cc26xx.a(uip-icmp6.o)
                0x00004e84                uip_icmp6_register_input_handler
 .text.uip_icmp6_error_output
                0x00004e90      0x138 contiki-srf06-cc26xx.a(uip-icmp6.o)
                0x00004e90                uip_icmp6_error_output
 .text.uip_icmp6_init
                0x00004fc8       0x1c contiki-srf06-cc26xx.a(uip-icmp6.o)
                0x00004fc8                uip_icmp6_init
 .text.create_llao
                0x00004fe4       0x24 contiki-srf06-cc26xx.a(uip-nd6.o)
 .text.extract_lladdr_from_llao_aligned
                0x00005008       0x20 contiki-srf06-cc26xx.a(uip-nd6.o)
 .text.ra_input
                0x00005028      0x340 contiki-srf06-cc26xx.a(uip-nd6.o)
                0x00005028                ra_input
 .text.na_input
                0x00005368      0x1a8 contiki-srf06-cc26xx.a(uip-nd6.o)
 .text.ns_input
                0x00005510      0x240 contiki-srf06-cc26xx.a(uip-nd6.o)
 .text.uip_nd6_ns_output
                0x00005750      0x140 contiki-srf06-cc26xx.a(uip-nd6.o)
                0x00005750                uip_nd6_ns_output
 .text.uip_nd6_rs_output
                0x00005890       0xac contiki-srf06-cc26xx.a(uip-nd6.o)
                0x00005890                uip_nd6_rs_output
 .text.uip_nd6_init
                0x0000593c       0x24 contiki-srf06-cc26xx.a(uip-nd6.o)
                0x0000593c                uip_nd6_init
 .text.start_periodic_tcp_timer
                0x00005960       0x1c contiki-srf06-cc26xx.a(tcpip.o)
 .text.tcpip_inputfunc
                0x0000597c       0x24 contiki-srf06-cc26xx.a(tcpip.o)
                0x0000597c                tcpip_inputfunc
 .text.tcpip_output
                0x000059a0       0x10 contiki-srf06-cc26xx.a(tcpip.o)
                0x000059a0                tcpip_output
 .text.tcpip_icmp6_call
                0x000059b0       0x28 contiki-srf06-cc26xx.a(tcpip.o)
                0x000059b0                tcpip_icmp6_call
 .text.tcpip_ipv6_output
                0x000059d8      0x110 contiki-srf06-cc26xx.a(tcpip.o)
                0x000059d8                tcpip_ipv6_output
 .text.process_thread_tcpip_process
                0x00005ae8      0x1d8 contiki-srf06-cc26xx.a(tcpip.o)
 .text.tcpip_uipcall
                0x00005cc0       0x68 contiki-srf06-cc26xx.a(tcpip.o)
                0x00005cc0                tcpip_uipcall
 .text.SafeHapiVoid
                0x00005d28       0x28 contiki-srf06-cc26xx.a(adi.o)
                0x00005d28                SafeHapiVoid
 .text.SafeHapiAuxAdiSelect
                0x00005d50       0x2c contiki-srf06-cc26xx.a(adi.o)
                0x00005d50                SafeHapiAuxAdiSelect
 .text.NOROM_AONRTCCurrentCompareValueGet
                0x00005d7c       0x20 contiki-srf06-cc26xx.a(aon_rtc.o)
                0x00005d7c                NOROM_AONRTCCurrentCompareValueGet
 .text.AuxAdiDdiSafeWrite.constprop.4
                0x00005d9c       0x2c contiki-srf06-cc26xx.a(aux_adc.o)
 .text.NOROM_AUXADCDisable
                0x00005dc8       0x3c contiki-srf06-cc26xx.a(aux_adc.o)
                0x00005dc8                NOROM_AUXADCDisable
 .text.NOROM_AUXADCEnableSync
                0x00005e04       0x68 contiki-srf06-cc26xx.a(aux_adc.o)
                0x00005e04                NOROM_AUXADCEnableSync
 .text.NOROM_AUXADCReadFifo
                0x00005e6c       0x18 contiki-srf06-cc26xx.a(aux_adc.o)
                0x00005e6c                NOROM_AUXADCReadFifo
 .text.NOROM_ChipInfo_GetSupportedProtocol_BV
                0x00005e84       0x10 contiki-srf06-cc26xx.a(chipinfo.o)
                0x00005e84                NOROM_ChipInfo_GetSupportedProtocol_BV
 .text.NOROM_ChipInfo_GetChipFamily
                0x00005e94       0x4c contiki-srf06-cc26xx.a(chipinfo.o)
                0x00005e94                NOROM_ChipInfo_GetChipFamily
 .text.NOROM_ChipInfo_GetChipType
                0x00005ee0       0x30 contiki-srf06-cc26xx.a(chipinfo.o)
                0x00005ee0                NOROM_ChipInfo_GetChipType
 .text.NOROM_ChipInfo_GetHwRevision
                0x00005f10       0x70 contiki-srf06-cc26xx.a(chipinfo.o)
                0x00005f10                NOROM_ChipInfo_GetHwRevision
 .text.NOROM_OSCClockSourceSet
                0x00005f80       0x5c contiki-srf06-cc26xx.a(osc.o)
                0x00005f80                NOROM_OSCClockSourceSet
 .text.NOROM_OSCClockSourceGet
                0x00005fdc       0x2c contiki-srf06-cc26xx.a(osc.o)
                0x00005fdc                NOROM_OSCClockSourceGet
 .text.NOROM_PowerCtrlSourceSet
                0x00006008       0x2c contiki-srf06-cc26xx.a(pwr_ctrl.o)
                0x00006008                NOROM_PowerCtrlSourceSet
 .text.TrimAfterColdResetWakeupFromShutDown
                0x00006034       0xd4 contiki-srf06-cc26xx.a(setup.o)
 .text.NOROM_SetupTrimDevice
                0x00006108       0xa4 contiki-srf06-cc26xx.a(setup.o)
                0x00006108                NOROM_SetupTrimDevice
 .text.NOROM_SetupSetVddrLevel
                0x000061ac       0x78 contiki-srf06-cc26xx.a(setup_rom.o)
                0x000061ac                NOROM_SetupSetVddrLevel
 .text.NOROM_SetupAfterColdResetWakeupFromShutDownCfg1
                0x00006224       0xac contiki-srf06-cc26xx.a(setup_rom.o)
                0x00006224                NOROM_SetupAfterColdResetWakeupFromShutDownCfg1
 .text.NOROM_SetupGetTrimForAnabypassValue1
                0x000062d0       0x5c contiki-srf06-cc26xx.a(setup_rom.o)
                0x000062d0                NOROM_SetupGetTrimForAnabypassValue1
 .text.NOROM_SetupGetTrimForRcOscLfRtuneCtuneTrim
                0x0000632c       0x18 contiki-srf06-cc26xx.a(setup_rom.o)
                0x0000632c                NOROM_SetupGetTrimForRcOscLfRtuneCtuneTrim
 .text.NOROM_SetupGetTrimForAmpcompCtrl
                0x00006344       0x54 contiki-srf06-cc26xx.a(setup_rom.o)
                0x00006344                NOROM_SetupGetTrimForAmpcompCtrl
 .text.NOROM_SetupGetTrimForDblrLoopFilterResetVoltage
                0x00006398       0x14 contiki-srf06-cc26xx.a(setup_rom.o)
                0x00006398                NOROM_SetupGetTrimForDblrLoopFilterResetVoltage
 .text.NOROM_SetupGetTrimForAdcShModeEn
                0x000063ac       0x14 contiki-srf06-cc26xx.a(setup_rom.o)
                0x000063ac                NOROM_SetupGetTrimForAdcShModeEn
 .text.NOROM_SetupGetTrimForAdcShVbufEn
                0x000063c0       0x14 contiki-srf06-cc26xx.a(setup_rom.o)
                0x000063c0                NOROM_SetupGetTrimForAdcShVbufEn
 .text.NOROM_SetupGetTrimForXoscHfCtl
                0x000063d4       0x28 contiki-srf06-cc26xx.a(setup_rom.o)
                0x000063d4                NOROM_SetupGetTrimForXoscHfCtl
 .text.NOROM_SetupGetTrimForXoscHfFastStart
                0x000063fc       0x10 contiki-srf06-cc26xx.a(setup_rom.o)
                0x000063fc                NOROM_SetupGetTrimForXoscHfFastStart
 .text.NOROM_SetupGetTrimForRadcExtCfg
                0x0000640c       0x28 contiki-srf06-cc26xx.a(setup_rom.o)
                0x0000640c                NOROM_SetupGetTrimForRadcExtCfg
 .text.NOROM_SetupGetTrimForRcOscLfIBiasTrim
                0x00006434       0x14 contiki-srf06-cc26xx.a(setup_rom.o)
                0x00006434                NOROM_SetupGetTrimForRcOscLfIBiasTrim
 .text.NOROM_SetupGetTrimForXoscLfRegulatorAndCmirrwrRatio
                0x00006448       0x14 contiki-srf06-cc26xx.a(setup_rom.o)
                0x00006448                NOROM_SetupGetTrimForXoscLfRegulatorAndCmirrwrRatio
 .text.NOROM_SetupAfterColdResetWakeupFromShutDownCfg2
                0x0000645c      0x124 contiki-srf06-cc26xx.a(setup_rom.o)
                0x0000645c                NOROM_SetupAfterColdResetWakeupFromShutDownCfg2
 .text.NOROM_SetupSetCacheModeAccordingToCcfgSetting
                0x00006580       0x6c contiki-srf06-cc26xx.a(setup_rom.o)
                0x00006580                NOROM_SetupSetCacheModeAccordingToCcfgSetting
 .text.NOROM_SetupSetAonRtcSubSecInc
                0x000065ec       0x28 contiki-srf06-cc26xx.a(setup_rom.o)
                0x000065ec                NOROM_SetupSetAonRtcSubSecInc
 .text.NOROM_SetupAfterColdResetWakeupFromShutDownCfg3
                0x00006614      0x158 contiki-srf06-cc26xx.a(setup_rom.o)
                0x00006614                NOROM_SetupAfterColdResetWakeupFromShutDownCfg3
 .text.NOROM_SysCtrlSetRechargeBeforePowerDown
                0x0000676c      0x210 contiki-srf06-cc26xx.a(sys_ctrl.o)
                0x0000676c                NOROM_SysCtrlSetRechargeBeforePowerDown
 .text.NOROM_SysCtrlAdjustRechargeAfterPowerDown
                0x0000697c       0x60 contiki-srf06-cc26xx.a(sys_ctrl.o)
                0x0000697c                NOROM_SysCtrlAdjustRechargeAfterPowerDown
 .text.NOROM_SysCtrl_DCDC_VoltageConditionalControl
                0x000069dc       0x78 contiki-srf06-cc26xx.a(sys_ctrl.o)
                0x000069dc                NOROM_SysCtrl_DCDC_VoltageConditionalControl
 .text.NOROM_TRNGConfigure
                0x00006a54       0x38 contiki-srf06-cc26xx.a(trng.o)
                0x00006a54                NOROM_TRNGConfigure
 .text.periodic
                0x00006a8c       0x2c contiki-srf06-cc26xx.a(link-stats.o)
 .text.link_stats_init
                0x00006ab8       0x28 contiki-srf06-cc26xx.a(link-stats.o)
                0x00006ab8                link_stats_init
 .text.index_from_key
                0x00006ae0       0x20 contiki-srf06-cc26xx.a(nbr-table.o)
 .text.index_from_lladdr
                0x00006b00       0x40 contiki-srf06-cc26xx.a(nbr-table.o)
 .text.nbr_get_bit.constprop.1
                0x00006b40       0x24 contiki-srf06-cc26xx.a(nbr-table.o)
 .text.remove_key
                0x00006b64       0x60 contiki-srf06-cc26xx.a(nbr-table.o)
 .text.nbr_table_register
                0x00006bc4       0x28 contiki-srf06-cc26xx.a(nbr-table.o)
                0x00006bc4                nbr_table_register
 .text.nbr_table_next
                0x00006bec       0x48 contiki-srf06-cc26xx.a(nbr-table.o)
                0x00006bec                nbr_table_next
 .text.nbr_table_head
                0x00006c34       0x38 contiki-srf06-cc26xx.a(nbr-table.o)
                0x00006c34                nbr_table_head
 .text.nbr_table_add_lladdr
                0x00006c6c       0xc4 contiki-srf06-cc26xx.a(nbr-table.o)
                0x00006c6c                nbr_table_add_lladdr
 .text.nbr_table_remove
                0x00006d30       0x2c contiki-srf06-cc26xx.a(nbr-table.o)
                0x00006d30                nbr_table_remove
 .text.nbr_table_get_lladdr
                0x00006d5c       0x24 contiki-srf06-cc26xx.a(nbr-table.o)
                0x00006d5c                nbr_table_get_lladdr
 .text.netstack_init
                0x00006d80       0x38 contiki-srf06-cc26xx.a(netstack.o)
                0x00006d80                netstack_init
 .text.packetbuf_set_datalen
                0x00006db8        0xc contiki-srf06-cc26xx.a(packetbuf.o)
                0x00006db8                packetbuf_set_datalen
 .text.packetbuf_hdrptr
                0x00006dc4        0x8 contiki-srf06-cc26xx.a(packetbuf.o)
                0x00006dc4                packetbuf_hdrptr
 .text.packetbuf_datalen
                0x00006dcc        0xc contiki-srf06-cc26xx.a(packetbuf.o)
                0x00006dcc                packetbuf_datalen
 .text.packetbuf_hdrlen
                0x00006dd8       0x18 contiki-srf06-cc26xx.a(packetbuf.o)
                0x00006dd8                packetbuf_hdrlen
 .text.packetbuf_dataptr
                0x00006df0       0x10 contiki-srf06-cc26xx.a(packetbuf.o)
                0x00006df0                packetbuf_dataptr
 .text.packetbuf_copyto
                0x00006e00       0x40 contiki-srf06-cc26xx.a(packetbuf.o)
                0x00006e00                packetbuf_copyto
 .text.packetbuf_totlen
                0x00006e40       0x14 contiki-srf06-cc26xx.a(packetbuf.o)
                0x00006e40                packetbuf_totlen
 .text.packetbuf_attr_clear
                0x00006e54       0x34 contiki-srf06-cc26xx.a(packetbuf.o)
                0x00006e54                packetbuf_attr_clear
 .text.packetbuf_clear
                0x00006e88       0x20 contiki-srf06-cc26xx.a(packetbuf.o)
                0x00006e88                packetbuf_clear
 .text.packetbuf_copyfrom
                0x00006ea8       0x2c contiki-srf06-cc26xx.a(packetbuf.o)
                0x00006ea8                packetbuf_copyfrom
 .text.packetbuf_attr_copyfrom
                0x00006ed4       0x30 contiki-srf06-cc26xx.a(packetbuf.o)
                0x00006ed4                packetbuf_attr_copyfrom
 .text.packetbuf_set_attr
                0x00006f04       0x10 contiki-srf06-cc26xx.a(packetbuf.o)
                0x00006f04                packetbuf_set_attr
 .text.packetbuf_attr
                0x00006f14        0xc contiki-srf06-cc26xx.a(packetbuf.o)
                0x00006f14                packetbuf_attr
 .text.packetbuf_set_addr
                0x00006f20       0x18 contiki-srf06-cc26xx.a(packetbuf.o)
                0x00006f20                packetbuf_set_addr
 .text.packetbuf_addr
                0x00006f38       0x10 contiki-srf06-cc26xx.a(packetbuf.o)
                0x00006f38                packetbuf_addr
 .text.packetbuf_holds_broadcast
                0x00006f48       0x10 contiki-srf06-cc26xx.a(packetbuf.o)
                0x00006f48                packetbuf_holds_broadcast
 .text.queuebuf_init
                0x00006f58       0x1c contiki-srf06-cc26xx.a(queuebuf.o)
                0x00006f58                queuebuf_init
 .text.queuebuf_to_packetbuf
                0x00006f74       0x30 contiki-srf06-cc26xx.a(queuebuf.o)
                0x00006f74                queuebuf_to_packetbuf
 .text.frame802154_set_pan_id
                0x00006fa4        0xc contiki-srf06-cc26xx.a(frame802154.o)
                0x00006fa4                frame802154_set_pan_id
 .text.frame802154_parse
                0x00006fb0      0x174 contiki-srf06-cc26xx.a(frame802154.o)
                0x00006fb0                frame802154_parse
 .text.send_packet
                0x00007124        0xc contiki-srf06-cc26xx.a(nullmac.o)
 .text.packet_input
                0x00007130        0xc contiki-srf06-cc26xx.a(nullmac.o)
 .text.on       0x0000713c        0xc contiki-srf06-cc26xx.a(nullmac.o)
 .text.off      0x00007148        0xc contiki-srf06-cc26xx.a(nullmac.o)
 .text.on       0x00007154        0xc contiki-srf06-cc26xx.a(nullrdc.o)
 .text.packet_input
                0x00007160       0xa4 contiki-srf06-cc26xx.a(nullrdc.o)
 .text.send_one_packet
                0x00007204      0x120 contiki-srf06-cc26xx.a(nullrdc.o)
 .text.off      0x00007324       0x18 contiki-srf06-cc26xx.a(nullrdc.o)
 .text.input    0x0000733c        0xc contiki-srf06-cc26xx.a(nullsec.o)
 .text.send     0x00007348       0x24 contiki-srf06-cc26xx.a(nullsec.o)
 .text.stimer_expired
                0x0000736c       0x20 contiki-srf06-cc26xx.a(stimer.o)
                0x0000736c                stimer_expired
 .text.NOROM_AONBatMonTemperatureGetDegC
                0x0000738c       0x30 contiki-srf06-cc26xx.a(aon_batmon.o)
                0x0000738c                NOROM_AONBatMonTemperatureGetDegC
 .text.AuxAdiDdiSafeWrite.constprop.1
                0x000073bc       0x28 contiki-srf06-cc26xx.a(ddi.o)
 .text.framer_802154_set_seqno
                0x000073e4       0x40 contiki-srf06-cc26xx.a(framer-802154.o)
                0x000073e4                framer_802154_set_seqno
 .text.mac_sequence_is_duplicate
                0x00007424       0x4c contiki-srf06-cc26xx.a(mac-sequence.o)
                0x00007424                mac_sequence_is_duplicate
 .text.mac_sequence_register_seqno
                0x00007470       0x68 contiki-srf06-cc26xx.a(mac-sequence.o)
                0x00007470                mac_sequence_register_seqno
 .text          0x000074d8       0x30 /usr/bin/../lib/gcc/arm-none-eabi/6.3.1/thumb/v7-m/libgcc.a(_aeabi_uldivmod.o)
                0x000074d8                __aeabi_uldivmod
 .text          0x00007508      0x2dc /usr/bin/../lib/gcc/arm-none-eabi/6.3.1/thumb/v7-m/libgcc.a(_udivmoddi4.o)
                0x00007508                __udivmoddi4
 .text          0x000077e4        0x4 /usr/bin/../lib/gcc/arm-none-eabi/6.3.1/thumb/v7-m/libgcc.a(_dvmd_tls.o)
                0x000077e4                __aeabi_ldiv0
                0x000077e4                __aeabi_idiv0
 .text.memcmp   0x000077e8       0x60 /usr/bin/../lib/gcc/arm-none-eabi/6.3.1/../../../../arm-none-eabi/lib/thumb/v7-m/libc.a(lib_a-memcmp.o)
                0x000077e8                memcmp
 .text          0x00007848       0xec /usr/bin/../lib/gcc/arm-none-eabi/6.3.1/../../../../arm-none-eabi/lib/thumb/v7-m/libc.a(lib_a-memcpy.o)
                0x00007848                memcpy
 .text.memmove  0x00007934       0xc8 /usr/bin/../lib/gcc/arm-none-eabi/6.3.1/../../../../arm-none-eabi/lib/thumb/v7-m/libc.a(lib_a-memmove.o)
                0x00007934                memmove
 .text.memset   0x000079fc       0x9c /usr/bin/../lib/gcc/arm-none-eabi/6.3.1/../../../../arm-none-eabi/lib/thumb/v7-m/libc.a(lib_a-memset.o)
                0x000079fc                memset
 .text.strlen   0x00007a98       0x5c /usr/bin/../lib/gcc/arm-none-eabi/6.3.1/../../../../arm-none-eabi/lib/thumb/v7-m/libc.a(lib_a-strlen-stub.o)
                0x00007a98                strlen
 .text.NmiSRHandler
                0x00007af4        0x2 obj_srf06-cc26xx/startup_gcc.o
                0x00007af4                NmiSR
 .text.IntDefaultHandler
                0x00007af6        0x2 obj_srf06-cc26xx/startup_gcc.o
                0x00007af6                SSI0IntHandler
                0x00007af6                SWEvent0IntHandler
                0x00007af6                uDMAIntHandler
                0x00007af6                WatchdogIntHandler
                0x00007af6                RFCHardwareIntHandler
                0x00007af6                Timer1BIntHandler
                0x00007af6                I2SIntHandler
                0x00007af6                Timer2BIntHandler
                0x00007af6                Timer2AIntHandler
                0x00007af6                Timer1AIntHandler
                0x00007af6                AONIntHandler
                0x00007af6                AUXSWEvent0IntHandler
                0x00007af6                AUXADCIntHandler
                0x00007af6                PendSVIntHandler
                0x00007af6                AUXSWEvent1IntHandler
                0x00007af6                SVCallIntHandler
                0x00007af6                MPUFaultIntHandler
                0x00007af6                SysTickIntHandler
                0x00007af6                BusFaultIntHandler
                0x00007af6                AONProgIntHandler
                0x00007af6                AUXCompAIntHandler
                0x00007af6                SSI1IntHandler
                0x00007af6                FlashIntHandler
                0x00007af6                uDMAErrIntHandler
                0x00007af6                UsageFaultIntHandler
                0x00007af6                RFCCmdAckIntHandler
                0x00007af6                CryptoIntHandler
                0x00007af6                Timer0AIntHandler
                0x00007af6                I2CIntHandler
                0x00007af6                DebugMonIntHandler
                0x00007af6                Timer0BIntHandler
                0x00007af6                AUXCombEventIntHandler
                0x00007af6                Timer3AIntHandler
                0x00007af6                DynProgIntHandler
                0x00007af6                Timer3BIntHandler
 .text.packet_sent
                0x00007af8       0x2a slip-radio.co
 .text.slip_radio_cmd_output
                0x00007b22        0x4 slip-radio.co
                0x00007b22                slip_radio_cmd_output
 .text.slipnet_init
                0x00007b26        0x2 obj_srf06-cc26xx/slip-net.o
                0x00007b26                slipnet_init
 .text.slip_send_packet
                0x00007b28        0x4 obj_srf06-cc26xx/slip-net.o
                0x00007b28                slip_send_packet
 .text.create   0x00007b2c        0x4 obj_srf06-cc26xx/no-framer.o
 .text.hdr_length
                0x00007b30        0x4 obj_srf06-cc26xx/no-framer.o
 .text.cmd_send
                0x00007b34        0x4 contiki-srf06-cc26xx.a(cmd.o)
                0x00007b34                cmd_send
 .text.packetutils_deserialize_atts
                0x00007b38       0x3a contiki-srf06-cc26xx.a(packetutils.o)
                0x00007b38                packetutils_deserialize_atts
 .text.fade     0x00007b72       0x58 contiki-srf06-cc26xx.a(contiki-main.o)
 .text.status_select
                0x00007bca        0x6 contiki-srf06-cc26xx.a(button-sensor.o)
 .text.status_left
                0x00007bd0        0x6 contiki-srf06-cc26xx.a(button-sensor.o)
 .text.status_right
                0x00007bd6        0x6 contiki-srf06-cc26xx.a(button-sensor.o)
 .text.status_up
                0x00007bdc        0x6 contiki-srf06-cc26xx.a(button-sensor.o)
 .text.status_down
                0x00007be2        0x6 contiki-srf06-cc26xx.a(button-sensor.o)
 .text.config_select
                0x00007be8        0xc contiki-srf06-cc26xx.a(button-sensor.o)
 .text.config_left
                0x00007bf4        0xc contiki-srf06-cc26xx.a(button-sensor.o)
 .text.config_right
                0x00007c00        0xc contiki-srf06-cc26xx.a(button-sensor.o)
 .text.config_up
                0x00007c0c        0xc contiki-srf06-cc26xx.a(button-sensor.o)
 .text.config_down
                0x00007c18        0xc contiki-srf06-cc26xx.a(button-sensor.o)
 .text.status   0x00007c24        0x4 contiki-srf06-cc26xx.a(als-sensor.o)
 .text.set_object
                0x00007c28        0x4 contiki-srf06-cc26xx.a(prop-mode.o)
 .text.request  0x00007c2c       0x10 contiki-srf06-cc26xx.a(prop-mode.o)
 .text.soft_on_prop
                0x00007c3c       0x1e contiki-srf06-cc26xx.a(prop-mode.o)
 .text.send     0x00007c5a       0x12 contiki-srf06-cc26xx.a(prop-mode.o)
 .text.receiving_packet
                0x00007c6c       0x16 contiki-srf06-cc26xx.a(prop-mode.o)
 .text.get_object
                0x00007c82        0x4 contiki-srf06-cc26xx.a(prop-mode.o)
 .text.clock_update
                0x00007c86       0x16 contiki-srf06-cc26xx.a(clock.o)
                0x00007c86                clock_update
 .text.rtimer_arch_init
                0x00007c9c        0x2 contiki-srf06-cc26xx.a(rtimer-arch.o)
                0x00007c9c                rtimer_arch_init
 .text.rtimer_arch_schedule
                0x00007c9e        0x8 contiki-srf06-cc26xx.a(rtimer-arch.o)
                0x00007c9e                rtimer_arch_schedule
 .text.rtimer_arch_now
                0x00007ca6        0x4 contiki-srf06-cc26xx.a(rtimer-arch.o)
                0x00007ca6                rtimer_arch_now
 .text.watchdog_reboot
                0x00007caa        0x8 contiki-srf06-cc26xx.a(contiki-watchdo)
                0x00007caa                watchdog_reboot
 .text.putchar  0x00007cb2        0xe contiki-srf06-cc26xx.a(putchar.o)
                0x00007cb2                putchar
 .text.puts     0x00007cc0       0x2c contiki-srf06-cc26xx.a(putchar.o)
                0x00007cc0                puts
 .text.dbg_send_bytes
                0x00007cec       0x28 contiki-srf06-cc26xx.a(putchar.o)
                0x00007cec                dbg_send_bytes
 .text.slip_arch_writeb
                0x00007d14        0x4 contiki-srf06-cc26xx.a(slip-arch.o)
                0x00007d14                slip_arch_writeb
 .text.slip_write
                0x00007d18       0x42 contiki-srf06-cc26xx.a(slip.o)
                0x00007d18                slip_write
 .text.oscillators_select_lf_rcosc
                0x00007d5a       0x3a contiki-srf06-cc26xx.a(oscillators.o)
                0x00007d5a                oscillators_select_lf_rcosc
 .text.oscillators_request_hf_xosc
                0x00007d94       0x2e contiki-srf06-cc26xx.a(oscillators.o)
                0x00007d94                oscillators_request_hf_xosc
 .text.IntMasterEnable
                0x00007dc2        0xe contiki-srf06-cc26xx.a(rf-core.o)
 .text.rf_core_init_radio_op
                0x00007dd0       0x1c contiki-srf06-cc26xx.a(rf-core.o)
                0x00007dd0                rf_core_init_radio_op
 .text.random_rand
                0x00007dec        0xa contiki-srf06-cc26xx.a(random.o)
                0x00007dec                random_rand
 .text.random_init
                0x00007df6        0x4 contiki-srf06-cc26xx.a(random.o)
                0x00007df6                random_init
 .text.write_str
                0x00007dfa       0x10 contiki-srf06-cc26xx.a(dbg-printf.o)
 .text.buffer_str
                0x00007e0a       0x16 contiki-srf06-cc26xx.a(dbg-sprintf.o)
 .text.autostart_start
                0x00007e20       0x14 contiki-srf06-cc26xx.a(autostart.o)
                0x00007e20                autostart_start
 .text.energest_init
                0x00007e34        0x2 contiki-srf06-cc26xx.a(energest.o)
                0x00007e34                energest_init
 .text.etimer_set
                0x00007e36       0x12 contiki-srf06-cc26xx.a(etimer.o)
                0x00007e36                etimer_set
 .text.etimer_reset
                0x00007e48       0x12 contiki-srf06-cc26xx.a(etimer.o)
                0x00007e48                etimer_reset
 .text.etimer_restart
                0x00007e5a       0x12 contiki-srf06-cc26xx.a(etimer.o)
                0x00007e5a                etimer_restart
 .text.etimer_expired
                0x00007e6c        0xa contiki-srf06-cc26xx.a(etimer.o)
                0x00007e6c                etimer_expired
 .text.call_process
                0x00007e76        0xc contiki-srf06-cc26xx.a(process.o)
 .text.rtimer_init
                0x00007e82        0x4 contiki-srf06-cc26xx.a(rtimer.o)
                0x00007e82                rtimer_init
 .text.timer_set
                0x00007e86        0xe contiki-srf06-cc26xx.a(timer.o)
                0x00007e86                timer_set
 .text.timer_reset
                0x00007e94        0xa contiki-srf06-cc26xx.a(timer.o)
                0x00007e94                timer_reset
 .text.timer_restart
                0x00007e9e        0xc contiki-srf06-cc26xx.a(timer.o)
                0x00007e9e                timer_restart
 .text.timer_expired
                0x00007eaa       0x1c contiki-srf06-cc26xx.a(timer.o)
                0x00007eaa                timer_expired
 .text.list_init
                0x00007ec6        0x6 contiki-srf06-cc26xx.a(list.o)
                0x00007ec6                list_init
 .text.list_head
                0x00007ecc        0x4 contiki-srf06-cc26xx.a(list.o)
                0x00007ecc                list_head
 .text.list_tail
                0x00007ed0        0xe contiki-srf06-cc26xx.a(list.o)
                0x00007ed0                list_tail
 .text.list_remove
                0x00007ede       0x2a contiki-srf06-cc26xx.a(list.o)
                0x00007ede                list_remove
 .text.list_add
                0x00007f08       0x1a contiki-srf06-cc26xx.a(list.o)
                0x00007f08                list_add
 .text.list_push
                0x00007f22       0x10 contiki-srf06-cc26xx.a(list.o)
                0x00007f22                list_push
 .text.list_item_next
                0x00007f32        0x6 contiki-srf06-cc26xx.a(list.o)
                0x00007f32                list_item_next
 .text.ringbuf_init
                0x00007f38        0xe contiki-srf06-cc26xx.a(ringbuf.o)
                0x00007f38                ringbuf_init
 .text.ringbuf_get
                0x00007f46       0x20 contiki-srf06-cc26xx.a(ringbuf.o)
                0x00007f46                ringbuf_get
 .text.chksum   0x00007f66       0x38 contiki-srf06-cc26xx.a(uip6.o)
 .text.uip_icmp6chksum
                0x00007f9e        0x6 contiki-srf06-cc26xx.a(uip6.o)
                0x00007f9e                uip_icmp6chksum
 .text.uip_tcpchksum
                0x00007fa4        0x6 contiki-srf06-cc26xx.a(uip6.o)
                0x00007fa4                uip_tcpchksum
 .text.uip_udpchksum
                0x00007faa        0x6 contiki-srf06-cc26xx.a(uip6.o)
                0x00007faa                uip_udpchksum
 .text.uip_htons
                0x00007fb0        0x6 contiki-srf06-cc26xx.a(uip6.o)
                0x00007fb0                uip_htons
 .text.uip_ds6_list_loop
                0x00007fb6       0x48 contiki-srf06-cc26xx.a(uip-ds6.o)
                0x00007fb6                uip_ds6_list_loop
 .text.uip_ds6_prefix_rm
                0x00007ffe        0x8 contiki-srf06-cc26xx.a(uip-ds6.o)
                0x00007ffe                uip_ds6_prefix_rm
 .text.uip_ds6_maddr_rm
                0x00008006        0x8 contiki-srf06-cc26xx.a(uip-ds6.o)
                0x00008006                uip_ds6_maddr_rm
 .text.uip_ds6_set_addr_iid
                0x0000800e       0x12 contiki-srf06-cc26xx.a(uip-ds6.o)
                0x0000800e                uip_ds6_set_addr_iid
 .text.get_match_length
                0x00008020       0x36 contiki-srf06-cc26xx.a(uip-ds6.o)
                0x00008020                get_match_length
 .text.uip_ds6_nbr_update_lladdr
                0x00008056       0x8e contiki-srf06-cc26xx.a(uip-ds6-nbr.o)
                0x00008056                uip_ds6_nbr_update_lladdr
 .text.uip_ds6_nbr_refresh_reachable_state
                0x000080e4       0x22 contiki-srf06-cc26xx.a(uip-ds6-nbr.o)
                0x000080e4                uip_ds6_nbr_refresh_reachable_state
 .text.uip_ds6_route_nexthop
                0x00008106        0x4 contiki-srf06-cc26xx.a(uip-ds6-route.o)
                0x00008106                uip_ds6_route_nexthop
 .text.uip_ds6_route_lookup
                0x0000810a        0x4 contiki-srf06-cc26xx.a(uip-ds6-route.o)
                0x0000810a                uip_ds6_route_lookup
 .text.uip_ds6_route_rm
                0x0000810e        0x2 contiki-srf06-cc26xx.a(uip-ds6-route.o)
                0x0000810e                uip_ds6_route_rm
 .text.NOROM_ThisCodeIsBuiltForCC13xxHwRev20AndLater_HaltIfViolated
                0x00008110       0x16 contiki-srf06-cc26xx.a(chipinfo.o)
                0x00008110                NOROM_ThisCodeIsBuiltForCC13xxHwRev20AndLater_HaltIfViolated
 .text.NOROM_CPUcpsid
                0x00008126        0x8 contiki-srf06-cc26xx.a(cpu.o)
                0x00008126                NOROM_CPUcpsid
 .text.NOROM_CPUcpsie
                0x0000812e        0x8 contiki-srf06-cc26xx.a(cpu.o)
                0x0000812e                NOROM_CPUcpsie
 .text.linkaddr_copy
                0x00008136        0xa contiki-srf06-cc26xx.a(linkaddr.o)
                0x00008136                linkaddr_copy
 .text.linkaddr_cmp
                0x00008140       0x10 contiki-srf06-cc26xx.a(linkaddr.o)
                0x00008140                linkaddr_cmp
 .text.item_from_index
                0x00008150       0x14 contiki-srf06-cc26xx.a(nbr-table.o)
 .text.index_from_item
                0x00008164       0x16 contiki-srf06-cc26xx.a(nbr-table.o)
 .text.nbr_set_bit
                0x0000817a       0x34 contiki-srf06-cc26xx.a(nbr-table.o)
 .text.nbr_table_get_from_lladdr
                0x000081ae       0x26 contiki-srf06-cc26xx.a(nbr-table.o)
                0x000081ae                nbr_table_get_from_lladdr
 .text.frame802154_has_panid
                0x000081d4       0x9e contiki-srf06-cc26xx.a(frame802154.o)
                0x000081d4                frame802154_has_panid
 .text.channel_check_interval
                0x00008272        0x4 contiki-srf06-cc26xx.a(nullmac.o)
 .text.init     0x00008276        0x2 contiki-srf06-cc26xx.a(nullmac.o)
 .text.channel_check_interval
                0x00008278        0x4 contiki-srf06-cc26xx.a(nullrdc.o)
 .text.init     0x0000827c        0x4 contiki-srf06-cc26xx.a(nullrdc.o)
 .text.send_list
                0x00008280       0x20 contiki-srf06-cc26xx.a(nullrdc.o)
 .text.send_packet
                0x000082a0        0x4 contiki-srf06-cc26xx.a(nullrdc.o)
 .text.init     0x000082a4        0x2 contiki-srf06-cc26xx.a(nullsec.o)
 .text.stimer_set
                0x000082a6        0xe contiki-srf06-cc26xx.a(stimer.o)
                0x000082a6                stimer_set
 .text.stimer_remaining
                0x000082b4       0x10 contiki-srf06-cc26xx.a(stimer.o)
                0x000082b4                stimer_remaining
 .text.memb_init
                0x000082c4       0x20 contiki-srf06-cc26xx.a(memb.o)
                0x000082c4                memb_init
 .text.memb_alloc
                0x000082e4       0x28 contiki-srf06-cc26xx.a(memb.o)
                0x000082e4                memb_alloc
 .text.memb_free
                0x0000830c       0x2c contiki-srf06-cc26xx.a(memb.o)
                0x0000830c                memb_free
 .text.memb_inmemb
                0x00008338       0x1c contiki-srf06-cc26xx.a(memb.o)
                0x00008338                memb_inmemb
 .text.NOROM_DDI32RegWrite
                0x00008354        0x8 contiki-srf06-cc26xx.a(ddi.o)
                0x00008354                NOROM_DDI32RegWrite
 .text.mac_call_sent_callback
                0x0000835c       0x18 contiki-srf06-cc26xx.a(mac.o)
                0x0000835c                mac_call_sent_callback
 *(SORT(.rodata*))
 .rodata.autostart_processes
                0x00008374        0x8 slip-radio.co
                0x00008374                autostart_processes
 .rodata.cmd_handlers
                0x0000837c        0x8 slip-radio.co
                0x0000837c                cmd_handlers
 .rodata.slipnet_driver
                0x00008384        0xc obj_srf06-cc26xx/slip-net.o
                0x00008384                slipnet_driver
 .rodata.no_framer
                0x00008390        0xc obj_srf06-cc26xx/no-framer.o
                0x00008390                no_framer
 .rodata.button_down_sensor
                0x0000839c       0x10 contiki-srf06-cc26xx.a(button-sensor.o)
                0x0000839c                button_down_sensor
 .rodata.button_left_sensor
                0x000083ac       0x10 contiki-srf06-cc26xx.a(button-sensor.o)
                0x000083ac                button_left_sensor
 .rodata.button_right_sensor
                0x000083bc       0x10 contiki-srf06-cc26xx.a(button-sensor.o)
                0x000083bc                button_right_sensor
 .rodata.button_select_sensor
                0x000083cc       0x10 contiki-srf06-cc26xx.a(button-sensor.o)
                0x000083cc                button_select_sensor
 .rodata.button_up_sensor
                0x000083dc       0x10 contiki-srf06-cc26xx.a(button-sensor.o)
                0x000083dc                button_up_sensor
 .rodata.als_sensor
                0x000083ec       0x10 contiki-srf06-cc26xx.a(als-sensor.o)
                0x000083ec                als_sensor
 .rodata.mode_prop
                0x000083fc        0x8 contiki-srf06-cc26xx.a(prop-mode.o)
 .rodata.output_power
                0x00008404       0x80 contiki-srf06-cc26xx.a(prop-mode.o)
 .rodata.patchImageGenfsk
                0x00008484      0x28c contiki-srf06-cc26xx.a(prop-mode.o)
 .rodata.prop_mode_driver
                0x00008710       0x38 contiki-srf06-cc26xx.a(prop-mode.o)
                0x00008710                prop_mode_driver
 .rodata.nullmac_driver
                0x00008748       0x1c contiki-srf06-cc26xx.a(nullmac.o)
                0x00008748                nullmac_driver
 .rodata.nullrdc_driver
                0x00008764       0x20 contiki-srf06-cc26xx.a(nullrdc.o)
                0x00008764                nullrdc_driver
 .rodata.nullsec_driver
                0x00008784       0x10 contiki-srf06-cc26xx.a(nullsec.o)
                0x00008784                nullsec_driver
 .rodata.process_thread_slip_radio_process.str1.1
                0x00008794       0x16 slip-radio.co
 .rodata.str1.1
                0x000087aa       0x13 slip-radio.co
 .rodata.str1.1
                0x000087bd        0x8 obj_srf06-cc26xx/slip-net.o
 .rodata.cmd_input.str1.1
                0x000087c5       0x1b contiki-srf06-cc26xx.a(cmd.o)
 .rodata.main.str1.1
                0x000087e0      0x103 contiki-srf06-cc26xx.a(contiki-main.o)
 .rodata.str1.1
                0x000088e3        0x8 contiki-srf06-cc26xx.a(sensors.o)
 .rodata.str1.1
                0x000088eb        0x7 contiki-srf06-cc26xx.a(button-sensor.o)
 .rodata.str1.1
                0x000088f2        0x4 contiki-srf06-cc26xx.a(als-sensor.o)
 .rodata.process_thread_slip_process.str1.1
                0x000088f6       0x15 contiki-srf06-cc26xx.a(slip.o)
 .rodata.str1.1
                0x0000890b        0xc contiki-srf06-cc26xx.a(slip.o)
 .rodata.RFCCPE0IntHandler.str1.1
                0x00008917       0x2a contiki-srf06-cc26xx.a(rf-core.o)
 .rodata.str1.1
                0x00008941       0x1a contiki-srf06-cc26xx.a(rf-core.o)
 .rodata.str1.1
                0x0000895b       0x1b contiki-srf06-cc26xx.a(soc-trng.o)
 .rodata.buffer.4055
                0x00008976       0x10 contiki-srf06-cc26xx.a(strformat.o)
 .rodata.buffer.4064
                0x00008986       0x10 contiki-srf06-cc26xx.a(strformat.o)
 .rodata.format_str_v.str1.1
                0x00008996       0x35 contiki-srf06-cc26xx.a(strformat.o)
                                 0x37 (size before relaxing)
 .rodata.str1.1
                0x000089cb        0xf contiki-srf06-cc26xx.a(ctimer.o)
 .rodata.str1.1
                0x000089da        0xc contiki-srf06-cc26xx.a(etimer.o)
 .rodata.str1.1
                0x000089e6        0xe contiki-srf06-cc26xx.a(serial-line.o)
 .rodata.str1.1
                0x000089f4        0xd contiki-srf06-cc26xx.a(tcpip.o)
 .rodata.linkaddr_null
                0x00008a01        0x8 contiki-srf06-cc26xx.a(linkaddr.o)
                0x00008a01                linkaddr_null
 .rodata.str1.1
                0x00008a09        0x8 contiki-srf06-cc26xx.a(nullmac.o)
 .rodata.str1.1
                0x00008a11        0x8 contiki-srf06-cc26xx.a(nullrdc.o)
 .rodata.str1.1
                0x00008a19        0x8 contiki-srf06-cc26xx.a(nullsec.o)
                0x00008a21                _etext = .

.glue_7         0x00008a24        0x0
 .glue_7        0x00008a24        0x0 linker stubs

.glue_7t        0x00008a24        0x0
 .glue_7t       0x00008a24        0x0 linker stubs

.vfp11_veneer   0x00008a24        0x0
 .vfp11_veneer  0x00008a24        0x0 linker stubs

.v4_bx          0x00008a24        0x0
 .v4_bx         0x00008a24        0x0 linker stubs

.iplt           0x00008a24        0x0
 .iplt          0x00008a24        0x0 obj_srf06-cc26xx/startup_gcc.o

.data           0x20000000      0x28a load address 0x00008a21
                0x20000000                _data = .
 *(SORT(vtable))
 *(SORT(.data*))
 .data.slip_radio_process
                0x20000000       0x10 slip-radio.co
                0x20000000                slip_radio_process
 .data.sensors_process
                0x20000010       0x10 contiki-srf06-cc26xx.a(sensors.o)
                0x20000010                sensors_process
 .data.sensors  0x20000020       0x1c contiki-srf06-cc26xx.a(srf06-sensors.o)
                0x20000020                sensors
 .data.srf_module
                0x2000003c       0x14 contiki-srf06-cc26xx.a(board.o)
 .data.als_aux  0x20000050        0x8 contiki-srf06-cc26xx.a(als-sensor.o)
 .data.prop_lpm_module
                0x20000058       0x14 contiki-srf06-cc26xx.a(prop-mode.o)
 .data.tx_power_current
                0x2000006c        0x4 contiki-srf06-cc26xx.a(prop-mode.o)
                0x2000006c                tx_power_current
 .data.slip_process
                0x20000070       0x10 contiki-srf06-cc26xx.a(slip.o)
                0x20000070                slip_process
 .data.uart_module
                0x20000080       0x14 contiki-srf06-cc26xx.a(cc26xx-uart.o)
 .data.rf_core_process
                0x20000094       0x10 contiki-srf06-cc26xx.a(rf-core.o)
                0x20000094                rf_core_process
 .data.rng_module
                0x200000a4       0x14 contiki-srf06-cc26xx.a(soc-trng.o)
 .data.soc_trng_process
                0x200000b8       0x10 contiki-srf06-cc26xx.a(soc-trng.o)
                0x200000b8                soc_trng_process
 .data.ctxt     0x200000c8        0x8 contiki-srf06-cc26xx.a(dbg-printf.o)
 .data.ctimer_process
                0x200000d0       0x10 contiki-srf06-cc26xx.a(ctimer.o)
                0x200000d0                ctimer_process
 .data.etimer_process
                0x200000e0       0x10 contiki-srf06-cc26xx.a(etimer.o)
                0x200000e0                etimer_process
 .data.serial_line_process
                0x200000f0       0x10 contiki-srf06-cc26xx.a(serial-line.o)
                0x200000f0                serial_line_process
 .data.ds6_neighbors
                0x20000100        0x4 contiki-srf06-cc26xx.a(uip-ds6-nbr.o)
                0x20000100                ds6_neighbors
 .data.ds6_neighbors_struct
                0x20000104       0x10 contiki-srf06-cc26xx.a(uip-ds6-nbr.o)
 .data.defaultroutermemb
                0x20000114        0xc contiki-srf06-cc26xx.a(uip-ds6-route.o)
 .data.echo_reply_handler
                0x20000120        0xc contiki-srf06-cc26xx.a(uip-icmp6.o)
 .data.echo_request_handler
                0x2000012c        0xc contiki-srf06-cc26xx.a(uip-icmp6.o)
 .data.na_input_handler
                0x20000138        0xc contiki-srf06-cc26xx.a(uip-nd6.o)
 .data.ns_input_handler
                0x20000144        0xc contiki-srf06-cc26xx.a(uip-nd6.o)
 .data.ra_input_handler
                0x20000150        0xc contiki-srf06-cc26xx.a(uip-nd6.o)
 .data.tcpip_process
                0x2000015c       0x10 contiki-srf06-cc26xx.a(tcpip.o)
                0x2000015c                tcpip_process
 .data.link_stats_struct
                0x2000016c       0x10 contiki-srf06-cc26xx.a(link-stats.o)
 .data.neighbor_addr_mem
                0x2000017c        0xc contiki-srf06-cc26xx.a(nbr-table.o)
 .data.bufmem   0x20000188        0xc contiki-srf06-cc26xx.a(queuebuf.o)
 .data.buframmem
                0x20000194        0xc contiki-srf06-cc26xx.a(queuebuf.o)
 .data.overrides
                0x200001a0       0x54 contiki-srf06-cc26xx.a(smartrf-setting)
                0x200001a0                overrides
 .data.smartrf_settings_cmd_fs
                0x200001f4       0x18 contiki-srf06-cc26xx.a(smartrf-setting)
                0x200001f4                smartrf_settings_cmd_fs
 .data.smartrf_settings_cmd_prop_radio_div_setup
                0x2000020c       0x28 contiki-srf06-cc26xx.a(smartrf-setting)
                0x2000020c                smartrf_settings_cmd_prop_radio_div_setup
 .data.smartrf_settings_cmd_prop_rx_adv
                0x20000234       0x30 contiki-srf06-cc26xx.a(smartrf-setting)
                0x20000234                smartrf_settings_cmd_prop_rx_adv
 .data.smartrf_settings_cmd_prop_tx_adv
                0x20000264       0x20 contiki-srf06-cc26xx.a(smartrf-setting)
                0x20000264                smartrf_settings_cmd_prop_tx_adv
 .data.mac_src_pan_id
                0x20000284        0x2 obj_srf06-cc26xx/no-framer.o
 .data.mac_pan_id
                0x20000286        0x2 contiki-srf06-cc26xx.a(frame802154.o)
 .data.rssi_threshold
                0x20000288        0x1 contiki-srf06-cc26xx.a(prop-mode.o)
 .data.rng_ready_event
                0x20000289        0x1 contiki-srf06-cc26xx.a(soc-trng.o)
                0x2000028a                _edata = .

.igot.plt       0x2000028c        0x0 load address 0x00008cab
 .igot.plt      0x2000028c        0x0 obj_srf06-cc26xx/startup_gcc.o

.ARM.exidx      0x00008cac        0x8
 *(SORT(.ARM.exidx*))
 .ARM.exidx     0x00008cac        0x8 /usr/bin/../lib/gcc/arm-none-eabi/6.3.1/thumb/v7-m/libgcc.a(_udivmoddi4.o)

.bss            0x20000290     0x2abc
                0x20000290                _bss = .
 *(SORT(.bss*))
 .bss.count     0x20000290        0x8 contiki-srf06-cc26xx.a(clock.o)
 .bss.rands_cache
                0x20000298       0x20 contiki-srf06-cc26xx.a(soc-trng.o)
 .bss.et.6511   0x200002b8       0x10 slip-radio.co
 .bss.events.4868
                0x200002c8        0x4 contiki-srf06-cc26xx.a(sensors.o)
 .bss.i.4867    0x200002cc        0x4 contiki-srf06-cc26xx.a(sensors.o)
 .bss.inited    0x200002d0        0x4 contiki-srf06-cc26xx.a(leds-arch.o)
 .bss.down_timer
                0x200002d4       0x10 contiki-srf06-cc26xx.a(button-sensor.o)
 .bss.left_timer
                0x200002e4       0x10 contiki-srf06-cc26xx.a(button-sensor.o)
 .bss.sel_timer
                0x200002f4       0x10 contiki-srf06-cc26xx.a(button-sensor.o)
 .bss.up_timer  0x20000304       0x10 contiki-srf06-cc26xx.a(button-sensor.o)
 .bss.rx_buf_0  0x20000314       0x8c contiki-srf06-cc26xx.a(prop-mode.o)
 .bss.rx_buf_1  0x200003a0       0x8c contiki-srf06-cc26xx.a(prop-mode.o)
 .bss.rx_data_queue
                0x2000042c        0x8 contiki-srf06-cc26xx.a(prop-mode.o)
 .bss.rx_read_entry
                0x20000434        0x4 contiki-srf06-cc26xx.a(prop-mode.o)
 .bss.rx_stats  0x20000438        0xc contiki-srf06-cc26xx.a(prop-mode.o)
 .bss.tx_buf    0x20000444       0xb6 contiki-srf06-cc26xx.a(prop-mode.o)
 *fill*         0x200004fa        0x2 
 .bss.last_isr_time
                0x200004fc        0x4 contiki-srf06-cc26xx.a(soc-rtc.o)
 .bss.consumers_list_list
                0x20000500        0x4 contiki-srf06-cc26xx.a(aux-ctrl.o)
 .bss.input_callback
                0x20000504        0x4 contiki-srf06-cc26xx.a(slip.o)
 .bss.input_handler
                0x20000508        0x4 contiki-srf06-cc26xx.a(cc26xx-uart.o)
 .bss.modules_list_list
                0x2000050c        0x4 contiki-srf06-cc26xx.a(lpm.o)
 .bss.handlers  0x20000510       0x80 contiki-srf06-cc26xx.a(gpio-interrupt.)
 .bss.last_radio_op
                0x20000590        0x4 contiki-srf06-cc26xx.a(rf-core.o)
 .bss.primary_mode
                0x20000594        0x4 contiki-srf06-cc26xx.a(rf-core.o)
 .bss.rat_offset
                0x20000598        0x4 contiki-srf06-cc26xx.a(rf-core.o)
                0x20000598                rat_offset
 .bss.notify_cb
                0x2000059c        0x4 contiki-srf06-cc26xx.a(soc-trng.o)
 .bss.ctimer_list_list
                0x200005a0        0x4 contiki-srf06-cc26xx.a(ctimer.o)
 .bss.next_expiration
                0x200005a4        0x4 contiki-srf06-cc26xx.a(etimer.o)
 .bss.timerlist
                0x200005a8        0x4 contiki-srf06-cc26xx.a(etimer.o)
 .bss.events    0x200005ac      0x180 contiki-srf06-cc26xx.a(process.o)
 .bss.process_current
                0x2000072c        0x4 contiki-srf06-cc26xx.a(process.o)
                0x2000072c                process_current
 .bss.process_list
                0x20000730        0x4 contiki-srf06-cc26xx.a(process.o)
                0x20000730                process_list
 .bss.next_rtimer
                0x20000734        0x4 contiki-srf06-cc26xx.a(rtimer.o)
 .bss.ptr.4852  0x20000738        0x4 contiki-srf06-cc26xx.a(serial-line.o)
 .bss.rxbuf     0x2000073c        0x8 contiki-srf06-cc26xx.a(serial-line.o)
 .bss.locaddr   0x20000744        0x4 contiki-srf06-cc26xx.a(uip-ds6.o)
 .bss.locmaddr  0x20000748        0x4 contiki-srf06-cc26xx.a(uip-ds6.o)
 .bss.locprefix
                0x2000074c        0x4 contiki-srf06-cc26xx.a(uip-ds6.o)
 .bss._ds6_neighbors_mem
                0x20000750        0x0 contiki-srf06-cc26xx.a(uip-ds6-nbr.o)
 .bss.defaultrouterlist_list
                0x20000750        0x4 contiki-srf06-cc26xx.a(uip-ds6-route.o)
 .bss.defaultroutermemb_memb_mem
                0x20000754        0x0 contiki-srf06-cc26xx.a(uip-ds6-route.o)
 .bss.echo_reply_callback_list_list
                0x20000754        0x4 contiki-srf06-cc26xx.a(uip-icmp6.o)
 .bss.input_handler_list_list
                0x20000758        0x4 contiki-srf06-cc26xx.a(uip-icmp6.o)
 .bss.addr      0x2000075c        0x4 contiki-srf06-cc26xx.a(uip-nd6.o)
 .bss.nbr       0x20000760        0x4 contiki-srf06-cc26xx.a(uip-nd6.o)
 .bss.nd6_opt_llao
                0x20000764        0x4 contiki-srf06-cc26xx.a(uip-nd6.o)
 .bss.nd6_opt_prefix_info
                0x20000768        0x4 contiki-srf06-cc26xx.a(uip-nd6.o)
 .bss.prefix    0x2000076c        0x4 contiki-srf06-cc26xx.a(uip-nd6.o)
 .bss.inputfunc
                0x20000770        0x4 contiki-srf06-cc26xx.a(tcpip.o)
 .bss.outputfunc
                0x20000774        0x4 contiki-srf06-cc26xx.a(tcpip.o)
 .bss.periodic  0x20000778       0x10 contiki-srf06-cc26xx.a(tcpip.o)
 .bss.s         0x20000788       0xa4 contiki-srf06-cc26xx.a(tcpip.o)
 .bss.powerQualGlobals
                0x2000082c        0x8 contiki-srf06-cc26xx.a(sys_ctrl.o)
 .bss._link_stats_mem
                0x20000834        0x0 contiki-srf06-cc26xx.a(link-stats.o)
 .bss.all_tables
                0x20000834       0x20 contiki-srf06-cc26xx.a(nbr-table.o)
 .bss.nbr_table_keys_list
                0x20000854        0x4 contiki-srf06-cc26xx.a(nbr-table.o)
 .bss.neighbor_addr_mem_memb_mem
                0x20000858        0x0 contiki-srf06-cc26xx.a(nbr-table.o)
 .bss.num_tables
                0x20000858        0x4 contiki-srf06-cc26xx.a(nbr-table.o)
 .bss.packetbuf_aligned
                0x2000085c       0x80 contiki-srf06-cc26xx.a(packetbuf.o)
 .bss.bufmem_memb_mem
                0x200008dc       0x20 contiki-srf06-cc26xx.a(queuebuf.o)
 .bss.is_mac_dsn_initialized
                0x200008fc        0x4 contiki-srf06-cc26xx.a(framer-802154.o)
 .bss.received_seqnos
                0x20000900      0x100 contiki-srf06-cc26xx.a(mac-sequence.o)
 .bss.node_id   0x20000a00        0x2 contiki-srf06-cc26xx.a(contiki-main.o)
                0x20000a00                node_id
 .bss.begin     0x20000a02        0x2 contiki-srf06-cc26xx.a(slip.o)
 .bss.next_free
                0x20000a04        0x2 contiki-srf06-cc26xx.a(slip.o)
 .bss.pkt_end   0x20000a06        0x2 contiki-srf06-cc26xx.a(slip.o)
 .bss.lastport  0x20000a08        0x2 contiki-srf06-cc26xx.a(uip6.o)
 .bss.loc_fipaddr
                0x20000a0a       0x10 contiki-srf06-cc26xx.a(uip-ds6.o)
 .bss.tmp_ipaddr
                0x20000a1a       0x10 contiki-srf06-cc26xx.a(uip-icmp6.o)
 .bss.ipaddr    0x20000a2a       0x10 contiki-srf06-cc26xx.a(uip-nd6.o)
 .bss.buflen    0x20000a3a        0x2 contiki-srf06-cc26xx.a(packetbuf.o)
 .bss.bufptr    0x20000a3c        0x2 contiki-srf06-cc26xx.a(packetbuf.o)
 .bss.buframmem_memb_mem
                0x20000a3e      0x590 contiki-srf06-cc26xx.a(queuebuf.o)
 .bss.num_sensors
                0x20000fce        0x1 contiki-srf06-cc26xx.a(sensors.o)
 .bss.leds      0x20000fcf        0x1 contiki-srf06-cc26xx.a(leds.o)
 .bss.c         0x20000fd0        0x1 contiki-srf06-cc26xx.a(leds-arch.o)
 .bss.rxbuf     0x20000fd1     0x13d8 contiki-srf06-cc26xx.a(slip.o)
 .bss.state     0x200023a9        0x1 contiki-srf06-cc26xx.a(slip.o)
 .bss.rat_offset_known
                0x200023aa        0x1 contiki-srf06-cc26xx.a(rf-core.o)
 .bss.ble_mode_on
                0x200023ab        0x1 contiki-srf06-cc26xx.a(rf-ble.o)
 .bss.rands_mask
                0x200023ac        0x4 contiki-srf06-cc26xx.a(soc-trng.o)
 .bss.initialized
                0x200023b0        0x1 contiki-srf06-cc26xx.a(ctimer.o)
 .bss.fevent    0x200023b1        0x1 contiki-srf06-cc26xx.a(process.o)
 .bss.lastevent
                0x200023b2        0x1 contiki-srf06-cc26xx.a(process.o)
 .bss.nevents   0x200023b3        0x1 contiki-srf06-cc26xx.a(process.o)
 .bss.poll_requested
                0x200023b4        0x1 contiki-srf06-cc26xx.a(process.o)
 .bss.buf.4851  0x200023b5       0x80 contiki-srf06-cc26xx.a(serial-line.o)
 .bss.rxbuf_data
                0x20002435       0x80 contiki-srf06-cc26xx.a(serial-line.o)
 .bss.iss       0x200024b5        0x4 contiki-srf06-cc26xx.a(uip6.o)
 .bss.uip_ext_bitmap
                0x200024b9        0x1 contiki-srf06-cc26xx.a(uip6.o)
                0x200024b9                uip_ext_bitmap
 .bss.uip_ext_len
                0x200024ba        0x1 contiki-srf06-cc26xx.a(uip6.o)
                0x200024ba                uip_ext_len
 .bss.uip_ext_opt_offset
                0x200024bb        0x1 contiki-srf06-cc26xx.a(uip6.o)
                0x200024bb                uip_ext_opt_offset
 .bss.rscount   0x200024bc        0x1 contiki-srf06-cc26xx.a(uip-ds6.o)
 .bss.defaultroutermemb_memb_count
                0x200024bd        0x0 contiki-srf06-cc26xx.a(uip-ds6-route.o)
 .bss.nd6_opt_offset
                0x200024bd        0x1 contiki-srf06-cc26xx.a(uip-nd6.o)
 .bss.locked_map
                0x200024be        0x0 contiki-srf06-cc26xx.a(nbr-table.o)
 .bss.neighbor_addr_mem_memb_count
                0x200024be        0x0 contiki-srf06-cc26xx.a(nbr-table.o)
 .bss.used_map  0x200024be        0x0 contiki-srf06-cc26xx.a(nbr-table.o)
 .bss.hdrlen    0x200024be        0x1 contiki-srf06-cc26xx.a(packetbuf.o)
 .bss.bufmem_memb_count
                0x200024bf        0x8 contiki-srf06-cc26xx.a(queuebuf.o)
 .bss.buframmem_memb_count
                0x200024c7        0x8 contiki-srf06-cc26xx.a(queuebuf.o)
 .bss.mac_dsn   0x200024cf        0x1 contiki-srf06-cc26xx.a(framer-802154.o)
 *(SORT(COMMON))
 COMMON         0x200024d0       0x14 slip-radio.co
                0x200024d0                packet_pos
                0x200024d4                packet_ids
 COMMON         0x200024e4      0x764 contiki-srf06-cc26xx.a(uip6.o)
                0x200024e4                uip_len
                0x200024e8                uip_sappdata
                0x200024ec                uip_acc32
                0x200024f0                uip_lladdr
                0x200024f8                uip_aligned_buf
                0x200028e0                uip_flags
                0x200028e4                uip_next_hdr
                0x200028e8                uip_udp_conn
                0x200028ec                uip_appdata
                0x200028f0                uip_conn
                0x200028f4                uip_conns
                0x20002ad4                uip_icmp6_conns
                0x20002adc                uip_listenports
                0x20002b04                uip_slen
                0x20002b08                uip_udp_conns
 COMMON         0x20002c48       0xa0 contiki-srf06-cc26xx.a(uip-ds6.o)
                0x20002c48                uip_ds6_if
                0x20002ca4                uip_ds6_netif_addr_list_offset
                0x20002ca5                uip_ds6_addr_size
                0x20002ca8                uip_ds6_prefix_list
                0x20002cc8                uip_ds6_timer_periodic
                0x20002cd8                uip_ds6_timer_rs
 COMMON         0x20002ce8       0x20 contiki-srf06-cc26xx.a(link-stats.o)
                0x20002ce8                periodic_timer
 COMMON         0x20002d08       0x30 contiki-srf06-cc26xx.a(packetbuf.o)
                0x20002d08                packetbuf_addrs
                0x20002d18                packetbuf_attrs
 COMMON         0x20002d38        0x1 contiki-srf06-cc26xx.a(sensors.o)
                0x20002d38                sensors_event
 COMMON         0x20002d39        0x7 contiki-srf06-cc26xx.a(srf06-sensors.o)
                0x20002d39                sensors_flags
 COMMON         0x20002d40        0x1 contiki-srf06-cc26xx.a(slip.o)
                0x20002d40                slip_active
 COMMON         0x20002d41        0x1 contiki-srf06-cc26xx.a(serial-line.o)
                0x20002d41                serial_line_event_message
 COMMON         0x20002d42        0x2 contiki-srf06-cc26xx.a(tcpip.o)
                0x20002d42                tcpip_event
                0x20002d43                tcpip_icmp6_event
 COMMON         0x20002d44        0x8 contiki-srf06-cc26xx.a(linkaddr.o)
                0x20002d44                linkaddr_node_addr
                0x20002d4c                _ebss = .

.ccfg           0x0001ffa8       0x58
 *(SORT(.ccfg))
 .ccfg          0x0001ffa8       0x58 obj_srf06-cc26xx/ccfg.o
                0x0001ffa8                __ccfg

.rel.dyn        0x00020000        0x0
 .rel.iplt      0x00020000        0x0 obj_srf06-cc26xx/startup_gcc.o

._user_heap_stack
                0x20002d4c      0x100
                0x20002d4c                . = ALIGN (0x4)
                0x20002d4c                . = (. + _Min_Heap_Size)
                0x20002e4c                . = (. + _Min_Stack_Size)
 *fill*         0x20002d4c      0x100 
                0x20002e4c                . = ALIGN (0x4)

.gpram
OUTPUT(slip-radio.elf elf32-littlearm)

.comment        0x00000000       0x7f
 .comment       0x00000000       0x7f obj_srf06-cc26xx/fault-handlers.o
                                 0x80 (size before relaxing)
 .comment       0x0000007f       0x80 obj_srf06-cc26xx/ccfg.o
 .comment       0x0000007f       0x80 obj_srf06-cc26xx/startup_gcc.o
 .comment       0x0000007f       0x80 slip-radio.co
 .comment       0x0000007f       0x80 obj_srf06-cc26xx/slip-net.o
 .comment       0x0000007f       0x80 obj_srf06-cc26xx/no-framer.o
 .comment       0x0000007f       0x80 contiki-srf06-cc26xx.a(cmd.o)
 .comment       0x0000007f       0x80 contiki-srf06-cc26xx.a(packetutils.o)
 .comment       0x0000007f       0x80 contiki-srf06-cc26xx.a(contiki-main.o)
 .comment       0x0000007f       0x80 contiki-srf06-cc26xx.a(sensors.o)
 .comment       0x0000007f       0x80 contiki-srf06-cc26xx.a(leds.o)
 .comment       0x0000007f       0x80 contiki-srf06-cc26xx.a(leds-arch.o)
 .comment       0x0000007f       0x80 contiki-srf06-cc26xx.a(srf06-sensors.o)
 .comment       0x0000007f       0x80 contiki-srf06-cc26xx.a(button-sensor.o)
 .comment       0x0000007f       0x80 contiki-srf06-cc26xx.a(board.o)
 .comment       0x0000007f       0x80 contiki-srf06-cc26xx.a(als-sensor.o)
 .comment       0x0000007f       0x80 contiki-srf06-cc26xx.a(prop-mode.o)
 .comment       0x0000007f       0x80 contiki-srf06-cc26xx.a(clock.o)
 .comment       0x0000007f       0x80 contiki-srf06-cc26xx.a(rtimer-arch.o)
 .comment       0x0000007f       0x80 contiki-srf06-cc26xx.a(soc-rtc.o)
 .comment       0x0000007f       0x80 contiki-srf06-cc26xx.a(contiki-watchdo)
 .comment       0x0000007f       0x80 contiki-srf06-cc26xx.a(aux-ctrl.o)
 .comment       0x0000007f       0x80 contiki-srf06-cc26xx.a(putchar.o)
 .comment       0x0000007f       0x80 contiki-srf06-cc26xx.a(ieee-addr.o)
 .comment       0x0000007f       0x80 contiki-srf06-cc26xx.a(slip-arch.o)
 .comment       0x0000007f       0x80 contiki-srf06-cc26xx.a(slip.o)
 .comment       0x0000007f       0x80 contiki-srf06-cc26xx.a(cc26xx-uart.o)
 .comment       0x0000007f       0x80 contiki-srf06-cc26xx.a(lpm.o)
 .comment       0x0000007f       0x80 contiki-srf06-cc26xx.a(gpio-interrupt.)
 .comment       0x0000007f       0x80 contiki-srf06-cc26xx.a(oscillators.o)
 .comment       0x0000007f       0x80 contiki-srf06-cc26xx.a(rf-core.o)
 .comment       0x0000007f       0x80 contiki-srf06-cc26xx.a(rf-ble.o)
 .comment       0x0000007f       0x80 contiki-srf06-cc26xx.a(random.o)
 .comment       0x0000007f       0x80 contiki-srf06-cc26xx.a(soc-trng.o)
 .comment       0x0000007f       0x80 contiki-srf06-cc26xx.a(dbg-printf.o)
 .comment       0x0000007f       0x80 contiki-srf06-cc26xx.a(dbg-sprintf.o)
 .comment       0x0000007f       0x80 contiki-srf06-cc26xx.a(strformat.o)
 .comment       0x0000007f       0x80 contiki-srf06-cc26xx.a(autostart.o)
 .comment       0x0000007f       0x80 contiki-srf06-cc26xx.a(ctimer.o)
 .comment       0x0000007f       0x80 contiki-srf06-cc26xx.a(energest.o)
 .comment       0x0000007f       0x80 contiki-srf06-cc26xx.a(etimer.o)
 .comment       0x0000007f       0x80 contiki-srf06-cc26xx.a(process.o)
 .comment       0x0000007f       0x80 contiki-srf06-cc26xx.a(rtimer.o)
 .comment       0x0000007f       0x80 contiki-srf06-cc26xx.a(timer.o)
 .comment       0x0000007f       0x80 contiki-srf06-cc26xx.a(serial-line.o)
 .comment       0x0000007f       0x80 contiki-srf06-cc26xx.a(list.o)
 .comment       0x0000007f       0x80 contiki-srf06-cc26xx.a(ringbuf.o)
 .comment       0x0000007f       0x80 contiki-srf06-cc26xx.a(uip6.o)
 .comment       0x0000007f       0x80 contiki-srf06-cc26xx.a(uip-ds6.o)
 .comment       0x0000007f       0x80 contiki-srf06-cc26xx.a(uip-ds6-nbr.o)
 .comment       0x0000007f       0x80 contiki-srf06-cc26xx.a(uip-ds6-route.o)
 .comment       0x0000007f       0x80 contiki-srf06-cc26xx.a(uip-icmp6.o)
 .comment       0x0000007f       0x80 contiki-srf06-cc26xx.a(uip-nd6.o)
 .comment       0x0000007f       0x80 contiki-srf06-cc26xx.a(tcpip.o)
 .comment       0x0000007f       0x80 contiki-srf06-cc26xx.a(adi.o)
 .comment       0x0000007f       0x80 contiki-srf06-cc26xx.a(aon_rtc.o)
 .comment       0x0000007f       0x80 contiki-srf06-cc26xx.a(aux_adc.o)
 .comment       0x0000007f       0x80 contiki-srf06-cc26xx.a(chipinfo.o)
 .comment       0x0000007f       0x80 contiki-srf06-cc26xx.a(cpu.o)
 .comment       0x0000007f       0x80 contiki-srf06-cc26xx.a(osc.o)
 .comment       0x0000007f       0x80 contiki-srf06-cc26xx.a(pwr_ctrl.o)
 .comment       0x0000007f       0x80 contiki-srf06-cc26xx.a(setup.o)
 .comment       0x0000007f       0x80 contiki-srf06-cc26xx.a(setup_rom.o)
 .comment       0x0000007f       0x80 contiki-srf06-cc26xx.a(sys_ctrl.o)
 .comment       0x0000007f       0x80 contiki-srf06-cc26xx.a(trng.o)
 .comment       0x0000007f       0x80 contiki-srf06-cc26xx.a(linkaddr.o)
 .comment       0x0000007f       0x80 contiki-srf06-cc26xx.a(link-stats.o)
 .comment       0x0000007f       0x80 contiki-srf06-cc26xx.a(nbr-table.o)
 .comment       0x0000007f       0x80 contiki-srf06-cc26xx.a(netstack.o)
 .comment       0x0000007f       0x80 contiki-srf06-cc26xx.a(packetbuf.o)
 .comment       0x0000007f       0x80 contiki-srf06-cc26xx.a(queuebuf.o)
 .comment       0x0000007f       0x80 contiki-srf06-cc26xx.a(frame802154.o)
 .comment       0x0000007f       0x80 contiki-srf06-cc26xx.a(nullmac.o)
 .comment       0x0000007f       0x80 contiki-srf06-cc26xx.a(nullrdc.o)
 .comment       0x0000007f       0x80 contiki-srf06-cc26xx.a(nullsec.o)
 .comment       0x0000007f       0x80 contiki-srf06-cc26xx.a(smartrf-setting)
 .comment       0x0000007f       0x80 contiki-srf06-cc26xx.a(stimer.o)
 .comment       0x0000007f       0x80 contiki-srf06-cc26xx.a(memb.o)
 .comment       0x0000007f       0x80 contiki-srf06-cc26xx.a(aon_batmon.o)
 .comment       0x0000007f       0x80 contiki-srf06-cc26xx.a(ddi.o)
 .comment       0x0000007f       0x80 contiki-srf06-cc26xx.a(framer-802154.o)
 .comment       0x0000007f       0x80 contiki-srf06-cc26xx.a(mac.o)
 .comment       0x0000007f       0x80 contiki-srf06-cc26xx.a(mac-sequence.o)

.ARM.attributes
                0x00000000       0x31
 .ARM.attributes
                0x00000000       0x33 obj_srf06-cc26xx/fault-handlers.o
 .ARM.attributes
                0x00000033       0x33 obj_srf06-cc26xx/ccfg.o
 .ARM.attributes
                0x00000066       0x33 obj_srf06-cc26xx/startup_gcc.o
 .ARM.attributes
                0x00000099       0x33 slip-radio.co
 .ARM.attributes
                0x000000cc       0x33 obj_srf06-cc26xx/slip-net.o
 .ARM.attributes
                0x000000ff       0x33 obj_srf06-cc26xx/no-framer.o
 .ARM.attributes
                0x00000132       0x33 contiki-srf06-cc26xx.a(cmd.o)
 .ARM.attributes
                0x00000165       0x33 contiki-srf06-cc26xx.a(packetutils.o)
 .ARM.attributes
                0x00000198       0x33 contiki-srf06-cc26xx.a(contiki-main.o)
 .ARM.attributes
                0x000001cb       0x33 contiki-srf06-cc26xx.a(sensors.o)
 .ARM.attributes
                0x000001fe       0x33 contiki-srf06-cc26xx.a(leds.o)
 .ARM.attributes
                0x00000231       0x33 contiki-srf06-cc26xx.a(leds-arch.o)
 .ARM.attributes
                0x00000264       0x33 contiki-srf06-cc26xx.a(srf06-sensors.o)
 .ARM.attributes
                0x00000297       0x33 contiki-srf06-cc26xx.a(button-sensor.o)
 .ARM.attributes
                0x000002ca       0x33 contiki-srf06-cc26xx.a(board.o)
 .ARM.attributes
                0x000002fd       0x33 contiki-srf06-cc26xx.a(als-sensor.o)
 .ARM.attributes
                0x00000330       0x33 contiki-srf06-cc26xx.a(prop-mode.o)
 .ARM.attributes
                0x00000363       0x33 contiki-srf06-cc26xx.a(clock.o)
 .ARM.attributes
                0x00000396       0x33 contiki-srf06-cc26xx.a(rtimer-arch.o)
 .ARM.attributes
                0x000003c9       0x33 contiki-srf06-cc26xx.a(soc-rtc.o)
 .ARM.attributes
                0x000003fc       0x33 contiki-srf06-cc26xx.a(contiki-watchdo)
 .ARM.attributes
                0x0000042f       0x33 contiki-srf06-cc26xx.a(aux-ctrl.o)
 .ARM.attributes
                0x00000462       0x33 contiki-srf06-cc26xx.a(putchar.o)
 .ARM.attributes
                0x00000495       0x33 contiki-srf06-cc26xx.a(ieee-addr.o)
 .ARM.attributes
                0x000004c8       0x33 contiki-srf06-cc26xx.a(slip-arch.o)
 .ARM.attributes
                0x000004fb       0x33 contiki-srf06-cc26xx.a(slip.o)
 .ARM.attributes
                0x0000052e       0x33 contiki-srf06-cc26xx.a(cc26xx-uart.o)
 .ARM.attributes
                0x00000561       0x33 contiki-srf06-cc26xx.a(lpm.o)
 .ARM.attributes
                0x00000594       0x33 contiki-srf06-cc26xx.a(gpio-interrupt.)
 .ARM.attributes
                0x000005c7       0x33 contiki-srf06-cc26xx.a(oscillators.o)
 .ARM.attributes
                0x000005fa       0x33 contiki-srf06-cc26xx.a(rf-core.o)
 .ARM.attributes
                0x0000062d       0x33 contiki-srf06-cc26xx.a(rf-ble.o)
 .ARM.attributes
                0x00000660       0x33 contiki-srf06-cc26xx.a(random.o)
 .ARM.attributes
                0x00000693       0x33 contiki-srf06-cc26xx.a(soc-trng.o)
 .ARM.attributes
                0x000006c6       0x33 contiki-srf06-cc26xx.a(dbg-printf.o)
 .ARM.attributes
                0x000006f9       0x33 contiki-srf06-cc26xx.a(dbg-sprintf.o)
 .ARM.attributes
                0x0000072c       0x33 contiki-srf06-cc26xx.a(strformat.o)
 .ARM.attributes
                0x0000075f       0x33 contiki-srf06-cc26xx.a(autostart.o)
 .ARM.attributes
                0x00000792       0x33 contiki-srf06-cc26xx.a(ctimer.o)
 .ARM.attributes
                0x000007c5       0x33 contiki-srf06-cc26xx.a(energest.o)
 .ARM.attributes
                0x000007f8       0x33 contiki-srf06-cc26xx.a(etimer.o)
 .ARM.attributes
                0x0000082b       0x33 contiki-srf06-cc26xx.a(process.o)
 .ARM.attributes
                0x0000085e       0x33 contiki-srf06-cc26xx.a(rtimer.o)
 .ARM.attributes
                0x00000891       0x33 contiki-srf06-cc26xx.a(timer.o)
 .ARM.attributes
                0x000008c4       0x33 contiki-srf06-cc26xx.a(serial-line.o)
 .ARM.attributes
                0x000008f7       0x33 contiki-srf06-cc26xx.a(list.o)
 .ARM.attributes
                0x0000092a       0x33 contiki-srf06-cc26xx.a(ringbuf.o)
 .ARM.attributes
                0x0000095d       0x33 contiki-srf06-cc26xx.a(uip6.o)
 .ARM.attributes
                0x00000990       0x33 contiki-srf06-cc26xx.a(uip-ds6.o)
 .ARM.attributes
                0x000009c3       0x33 contiki-srf06-cc26xx.a(uip-ds6-nbr.o)
 .ARM.attributes
                0x000009f6       0x33 contiki-srf06-cc26xx.a(uip-ds6-route.o)
 .ARM.attributes
                0x00000a29       0x33 contiki-srf06-cc26xx.a(uip-icmp6.o)
 .ARM.attributes
                0x00000a5c       0x33 contiki-srf06-cc26xx.a(uip-nd6.o)
 .ARM.attributes
                0x00000a8f       0x33 contiki-srf06-cc26xx.a(tcpip.o)
 .ARM.attributes
                0x00000ac2       0x33 contiki-srf06-cc26xx.a(adi.o)
 .ARM.attributes
                0x00000af5       0x33 contiki-srf06-cc26xx.a(aon_rtc.o)
 .ARM.attributes
                0x00000b28       0x33 contiki-srf06-cc26xx.a(aux_adc.o)
 .ARM.attributes
                0x00000b5b       0x33 contiki-srf06-cc26xx.a(chipinfo.o)
 .ARM.attributes
                0x00000b8e       0x33 contiki-srf06-cc26xx.a(cpu.o)
 .ARM.attributes