Archive member included because of file (symbol)

contiki-srf06-cc26xx.a(contiki-main.o)
                              obj_srf06-cc26xx/startup_gcc.o (main)
contiki-srf06-cc26xx.a(sensors.o)
                              contiki-srf06-cc26xx.a(contiki-main.o) (sensors_process)
contiki-srf06-cc26xx.a(leds.o)
                              contiki-srf06-cc26xx.a(contiki-main.o) (leds_init)
contiki-srf06-cc26xx.a(leds-arch.o)
                              contiki-srf06-cc26xx.a(leds.o) (leds_arch_init)
contiki-srf06-cc26xx.a(srf06-sensors.o)
                              contiki-srf06-cc26xx.a(sensors.o) (sensors_flags)
contiki-srf06-cc26xx.a(button-sensor.o)
                              contiki-srf06-cc26xx.a(srf06-sensors.o) (button_down_sensor)
contiki-srf06-cc26xx.a(board.o)
                              contiki-srf06-cc26xx.a(contiki-main.o) (board_init)
contiki-srf06-cc26xx.a(als-sensor.o)
                              contiki-srf06-cc26xx.a(srf06-sensors.o) (als_sensor)
contiki-srf06-cc26xx.a(prop-mode.o)
                              contiki-srf06-cc26xx.a(contiki-main.o) (prop_mode_driver)
contiki-srf06-cc26xx.a(clock.o)
                              contiki-srf06-cc26xx.a(contiki-main.o) (clock_init)
contiki-srf06-cc26xx.a(rtimer-arch.o)
                              contiki-srf06-cc26xx.a(prop-mode.o) (rtimer_arch_now)
contiki-srf06-cc26xx.a(soc-rtc.o)
                              contiki-srf06-cc26xx.a(contiki-main.o) (soc_rtc_init)
contiki-srf06-cc26xx.a(contiki-watchdo)
                              contiki-srf06-cc26xx.a(contiki-main.o) (watchdog_init)
contiki-srf06-cc26xx.a(aux-ctrl.o)
                              contiki-srf06-cc26xx.a(als-sensor.o) (aux_ctrl_register_consumer)
contiki-srf06-cc26xx.a(putchar.o)
                              border-router.co (putchar)
contiki-srf06-cc26xx.a(ieee-addr.o)
                              contiki-srf06-cc26xx.a(contiki-main.o) (ieee_addr_cpy_to)
contiki-srf06-cc26xx.a(slip-arch.o)
                              obj_srf06-cc26xx/slip-bridge.o (slip_arch_init)
contiki-srf06-cc26xx.a(slip.o)
                              obj_srf06-cc26xx/slip-bridge.o (slip_set_input_callback)
contiki-srf06-cc26xx.a(cc26xx-uart.o)
                              contiki-srf06-cc26xx.a(contiki-main.o) (cc26xx_uart_init)
contiki-srf06-cc26xx.a(lpm.o)
                              contiki-srf06-cc26xx.a(button-sensor.o) (lpm_shutdown)
contiki-srf06-cc26xx.a(gpio-interrupt.)
                              contiki-srf06-cc26xx.a(button-sensor.o) (gpio_interrupt_register_handler)
contiki-srf06-cc26xx.a(oscillators.o)
                              contiki-srf06-cc26xx.a(contiki-main.o) (oscillators_select_lf_xosc)
contiki-srf06-cc26xx.a(rf-core.o)
                              contiki-srf06-cc26xx.a(prop-mode.o) (rf_core_is_accessible)
contiki-srf06-cc26xx.a(rf-ble.o)
                              contiki-srf06-cc26xx.a(prop-mode.o) (rf_ble_is_active)
contiki-srf06-cc26xx.a(random.o)
                              contiki-srf06-cc26xx.a(contiki-main.o) (random_init)
contiki-srf06-cc26xx.a(soc-trng.o)
                              contiki-srf06-cc26xx.a(random.o) (soc_trng_rand_synchronous)
contiki-srf06-cc26xx.a(dbg-printf.o)
                              obj_srf06-cc26xx/slip-bridge.o (printf)
contiki-srf06-cc26xx.a(dbg-snprintf.o)
                              border-router.co (snprintf)
contiki-srf06-cc26xx.a(strformat.o)
                              contiki-srf06-cc26xx.a(dbg-printf.o) (format_str_v)
contiki-srf06-cc26xx.a(autostart.o)
                              contiki-srf06-cc26xx.a(contiki-main.o) (autostart_start)
contiki-srf06-cc26xx.a(ctimer.o)
                              contiki-srf06-cc26xx.a(contiki-main.o) (ctimer_init)
contiki-srf06-cc26xx.a(energest.o)
                              contiki-srf06-cc26xx.a(contiki-main.o) (energest_init)
contiki-srf06-cc26xx.a(etimer.o)
                              contiki-srf06-cc26xx.a(clock.o) (etimer_request_poll)
contiki-srf06-cc26xx.a(process.o)
                              contiki-srf06-cc26xx.a(sensors.o) (process_alloc_event)
contiki-srf06-cc26xx.a(rtimer.o)
                              contiki-srf06-cc26xx.a(contiki-main.o) (rtimer_init)
contiki-srf06-cc26xx.a(timer.o)
                              obj_srf06-cc26xx/httpd-simple.o (timer_set)
contiki-srf06-cc26xx.a(serial-line.o)
                              border-router.co (serial_line_event_message)
contiki-srf06-cc26xx.a(list.o)
                              contiki-srf06-cc26xx.a(lpm.o) (list_init)
contiki-srf06-cc26xx.a(memb.o)
                              obj_srf06-cc26xx/httpd-simple.o (memb_init)
contiki-srf06-cc26xx.a(ringbuf.o)
                              contiki-srf06-cc26xx.a(serial-line.o) (ringbuf_init)
contiki-srf06-cc26xx.a(sicslowpan.o)
                              contiki-srf06-cc26xx.a(contiki-main.o) (sicslowpan_driver)
contiki-srf06-cc26xx.a(uip6.o)
                              border-router.co (uip_aligned_buf)
[...]
Memory Configuration

Name             Origin             Length             Attributes
FLASH            0x0000000000000000 0x000000000001ffa8 xr
FLASH_CCFG       0x000000000001ffa8 0x0000000000000058 xr
SRAM             0x0000000020000000 0x0000000000005000 xrw
GPRAM            0x0000000011000000 0x0000000000002000 xrw
*default*        0x0000000000000000 0xffffffffffffffff

Linker script and memory map

LOAD obj_srf06-cc26xx/fault-handlers.o
LOAD obj_srf06-cc26xx/ccfg.o
LOAD obj_srf06-cc26xx/startup_gcc.o
LOAD border-router.co
LOAD obj_srf06-cc26xx/slip-bridge.o
LOAD obj_srf06-cc26xx/httpd-simple.o
LOAD contiki-srf06-cc26xx.a
LOAD /usr/lib/gcc/arm-none-eabi/4.8.2/../../../arm-none-eabi/lib/armv7-m/libm.a
START GROUP
LOAD /usr/lib/gcc/arm-none-eabi/4.8.2/armv7-m/libgcc.a
LOAD /usr/lib/gcc/arm-none-eabi/4.8.2/../../../arm-none-eabi/lib/armv7-m/libc.a
END GROUP
                0x0000000020005000                _estack = (ORIGIN (SRAM) + 0x5000)
                0x0000000000000000                _Min_Heap_Size = 0x0
                0x0000000000000100                _Min_Stack_Size = 0x100

.text           0x0000000000000000     0xde33
                0x0000000000000000                _text = .
 *(SORT(.vectors))
 .vectors       0x0000000000000000       0xc8 obj_srf06-cc26xx/startup_gcc.o
                0x0000000000000000                g_pfnVectors
 *(SORT(.text*))
 .text.FaultISR
                0x00000000000000c8       0x18 obj_srf06-cc26xx/fault-handlers.o
                0x00000000000000c8                FaultISR
 .text.ResetISR
                0x00000000000000e0       0x4c obj_srf06-cc26xx/startup_gcc.o
                0x00000000000000e0                ResetISR
 .text.process_thread_webserver_nogui_process
                0x000000000000012c       0x34 border-router.co
 .text.ipaddr_add
                0x0000000000000160       0xa8 border-router.co
 .text.generate_routes
                0x0000000000000208      0x208 border-router.co
 .text.httpd_simple_get_script
                0x0000000000000410        0x8 border-router.co
                0x0000000000000410                httpd_simple_get_script
 .text.request_prefix
                0x0000000000000418       0x2c border-router.co
                0x0000000000000418                request_prefix
 .text.process_thread_border_router_process
                0x0000000000000444       0xf4 border-router.co
 .text.set_prefix_64
                0x0000000000000538       0x6c border-router.co
                0x0000000000000538                set_prefix_64
 .text.init     0x00000000000005a4       0x24 obj_srf06-cc26xx/slip-bridge.o
 .text.slip_input_callback
                0x00000000000005c8       0xe0 obj_srf06-cc26xx/slip-bridge.o
 .text.output   0x00000000000006a8       0x4c obj_srf06-cc26xx/slip-bridge.o
 .text.handle_input
                0x00000000000006f4       0xc8 obj_srf06-cc26xx/httpd-simple.o
 .text.send_headers
                0x00000000000007bc       0x50 obj_srf06-cc26xx/httpd-simple.o
 .text.handle_output
                0x000000000000080c       0xcc obj_srf06-cc26xx/httpd-simple.o
 .text.httpd_appcall
                0x00000000000008d8       0xc4 obj_srf06-cc26xx/httpd-simple.o
                0x00000000000008d8                httpd_appcall
 .text.httpd_init
                0x000000000000099c       0x18 obj_srf06-cc26xx/httpd-simple.o
                0x000000000000099c                httpd_init
 .text.startup.main
                0x00000000000009b4      0x250 contiki-srf06-cc26xx.a(contiki-main.o)
                0x00000000000009b4                main
 .text.process_thread_sensors_process
                0x0000000000000c04       0xd4 contiki-srf06-cc26xx.a(sensors.o)
 .text.sensors_changed
                0x0000000000000cd8       0x38 contiki-srf06-cc26xx.a(sensors.o)
                0x0000000000000cd8                sensors_changed
 .text.leds_init
                0x0000000000000d10       0x14 contiki-srf06-cc26xx.a(leds.o)
                0x0000000000000d10                leds_init
 .text.leds_on  0x0000000000000d24       0x10 contiki-srf06-cc26xx.a(leds.o)
                0x0000000000000d24                leds_on
 .text.leds_off
                0x0000000000000d34       0x14 contiki-srf06-cc26xx.a(leds.o)
                0x0000000000000d34                leds_off
 .text.leds_arch_init
                0x0000000000000d48       0x48 contiki-srf06-cc26xx.a(leds-arch.o)
                0x0000000000000d48                leds_arch_init
 .text.leds_arch_set
                0x0000000000000d90       0x48 contiki-srf06-cc26xx.a(leds-arch.o)
                0x0000000000000d90                leds_arch_set
 .text.button_press_handler
                0x0000000000000dd8      0x10c contiki-srf06-cc26xx.a(button-sensor.o)
 .text.value_select
                0x0000000000000ee4       0x28 contiki-srf06-cc26xx.a(button-sensor.o)
 .text.value_left
                0x0000000000000f0c       0x28 contiki-srf06-cc26xx.a(button-sensor.o)
 .text.value_right
                0x0000000000000f34       0x18 contiki-srf06-cc26xx.a(button-sensor.o)
 .text.value_up
                0x0000000000000f4c       0x28 contiki-srf06-cc26xx.a(button-sensor.o)
 .text.value_down
                0x0000000000000f74       0x28 contiki-srf06-cc26xx.a(button-sensor.o)
 .text.status   0x0000000000000f9c       0x20 contiki-srf06-cc26xx.a(button-sensor.o)
 .text.config_buttons
                0x0000000000000fbc       0x78 contiki-srf06-cc26xx.a(button-sensor.o)
 .text.lpm_handler
                0x0000000000001034       0x34 contiki-srf06-cc26xx.a(board.o)
 .text.wakeup_handler
                0x0000000000001068       0x20 contiki-srf06-cc26xx.a(board.o)
 .text.board_init
                0x0000000000001088       0x70 contiki-srf06-cc26xx.a(board.o)
                0x0000000000001088                board_init
 .text.value    0x00000000000010f8       0x24 contiki-srf06-cc26xx.a(als-sensor.o)
 .text.config   0x000000000000111c       0x80 contiki-srf06-cc26xx.a(als-sensor.o)
 .text.get_channel
                0x000000000000119c       0x30 contiki-srf06-cc26xx.a(prop-mode.o)
 .text.rf_is_on
                0x00000000000011cc       0x18 contiki-srf06-cc26xx.a(prop-mode.o)
 .text.soft_off_prop
                0x00000000000011e4       0x2c contiki-srf06-cc26xx.a(prop-mode.o)
 .text.rx_on_prop
                0x0000000000001210       0x60 contiki-srf06-cc26xx.a(prop-mode.o)
 .text.prepare  0x0000000000001270       0x1c contiki-srf06-cc26xx.a(prop-mode.o)
 .text.pending_packet
                0x000000000000128c       0x2c contiki-srf06-cc26xx.a(prop-mode.o)
 .text.read_frame
                0x00000000000012b8       0x4c contiki-srf06-cc26xx.a(prop-mode.o)
 .text.rx_off_prop
                0x0000000000001304       0x40 contiki-srf06-cc26xx.a(prop-mode.o)
 .text.prop_div_radio_setup
                0x0000000000001344       0x3c contiki-srf06-cc26xx.a(prop-mode.o)
 .text.prop_fs  0x0000000000001380       0x30 contiki-srf06-cc26xx.a(prop-mode.o)
 .text.off      0x00000000000013b0       0x34 contiki-srf06-cc26xx.a(prop-mode.o)
 .text.on       0x00000000000013e4       0xa4 contiki-srf06-cc26xx.a(prop-mode.o)
 .text.set_value
                0x0000000000001488       0xf4 contiki-srf06-cc26xx.a(prop-mode.o)
 .text.get_value
                0x000000000000157c       0xc0 contiki-srf06-cc26xx.a(prop-mode.o)
 .text.transmit
                0x000000000000163c       0x90 contiki-srf06-cc26xx.a(prop-mode.o)
 .text.channel_clear
                0x00000000000016cc       0x6c contiki-srf06-cc26xx.a(prop-mode.o)
 .text.init     0x0000000000001738       0xc0 contiki-srf06-cc26xx.a(prop-mode.o)
 .text.power_domain_on
                0x00000000000017f8       0x20 contiki-srf06-cc26xx.a(clock.o)
 .text.update_clock_variable
                0x0000000000001818       0x2c contiki-srf06-cc26xx.a(clock.o)
 .text.clock_init
                0x0000000000001844       0x94 contiki-srf06-cc26xx.a(clock.o)
                0x0000000000001844                clock_init
 .text.clock_time
                0x00000000000018d8       0x14 contiki-srf06-cc26xx.a(clock.o)
                0x00000000000018d8                clock_time
 .text.clock_seconds
                0x00000000000018ec       0x18 contiki-srf06-cc26xx.a(clock.o)
                0x00000000000018ec                clock_seconds
 .text.clock_delay_usec
                0x0000000000001904       0x7c contiki-srf06-cc26xx.a(clock.o)
                0x0000000000001904                clock_delay_usec
 .text.soc_rtc_init
                0x0000000000001980       0x98 contiki-srf06-cc26xx.a(soc-rtc.o)
                0x0000000000001980                soc_rtc_init
 .text.soc_rtc_schedule_one_shot
                0x0000000000001a18       0x5c contiki-srf06-cc26xx.a(soc-rtc.o)
                0x0000000000001a18                soc_rtc_schedule_one_shot
 .text.soc_rtc_last_isr_time
                0x0000000000001a74        0xc contiki-srf06-cc26xx.a(soc-rtc.o)
                0x0000000000001a74                soc_rtc_last_isr_time
 .text.AONRTCIntHandler
                0x0000000000001a80       0x7c contiki-srf06-cc26xx.a(soc-rtc.o)
                0x0000000000001a80                AONRTCIntHandler
 .text.lock_config
                0x0000000000001afc       0x18 contiki-srf06-cc26xx.a(contiki-watchdo)
 .text.unlock_config
                0x0000000000001b14       0x2c contiki-srf06-cc26xx.a(contiki-watchdo)
 .text.watchdog_init
                0x0000000000001b40       0x18 contiki-srf06-cc26xx.a(contiki-watchdo)
                0x0000000000001b40                watchdog_init
 .text.watchdog_periodic
                0x0000000000001b58       0x14 contiki-srf06-cc26xx.a(contiki-watchdo)
                0x0000000000001b58                watchdog_periodic
 .text.watchdog_start
                0x0000000000001b6c       0x20 contiki-srf06-cc26xx.a(contiki-watchdo)
                0x0000000000001b6c                watchdog_start
 .text.aux_ctrl_power_up
                0x0000000000001b8c       0x28 contiki-srf06-cc26xx.a(aux-ctrl.o)
                0x0000000000001b8c                aux_ctrl_power_up
 .text.aux_ctrl_register_consumer
                0x0000000000001bb4       0x44 contiki-srf06-cc26xx.a(aux-ctrl.o)
                0x0000000000001bb4                aux_ctrl_register_consumer
 .text.aux_ctrl_power_down
                0x0000000000001bf8       0x68 contiki-srf06-cc26xx.a(aux-ctrl.o)
                0x0000000000001bf8                aux_ctrl_power_down
 .text.aux_ctrl_unregister_consumer
                0x0000000000001c60       0x28 contiki-srf06-cc26xx.a(aux-ctrl.o)
                0x0000000000001c60                aux_ctrl_unregister_consumer
 .text.ieee_addr_cpy_to
                0x0000000000001c88       0x40 contiki-srf06-cc26xx.a(ieee-addr.o)
                0x0000000000001c88                ieee_addr_cpy_to
 .text.slip_arch_init
                0x0000000000001cc8        0xc contiki-srf06-cc26xx.a(slip-arch.o)
                0x0000000000001cc8                slip_arch_init
 .text.process_thread_slip_process
                0x0000000000001cd4      0x228 contiki-srf06-cc26xx.a(slip.o)
 .text.slip_set_input_callback
                0x0000000000001efc        0xc contiki-srf06-cc26xx.a(slip.o)
                0x0000000000001efc                slip_set_input_callback
 .text.slip_send
                0x0000000000001f08       0x5c contiki-srf06-cc26xx.a(slip.o)
                0x0000000000001f08                slip_send
 .text.slip_input_byte
                0x0000000000001f64       0xb4 contiki-srf06-cc26xx.a(slip.o)
                0x0000000000001f64                slip_input_byte
 .text.power_and_clock
                0x0000000000002018       0x40 contiki-srf06-cc26xx.a(cc26xx-uart.o)
 .text.accessible
                0x0000000000002058       0x28 contiki-srf06-cc26xx.a(cc26xx-uart.o)
 .text.disable_interrupts
                0x0000000000002080       0x2c contiki-srf06-cc26xx.a(cc26xx-uart.o)
 .text.enable   0x00000000000020ac       0xc0 contiki-srf06-cc26xx.a(cc26xx-uart.o)
 .text.lpm_drop_handler
                0x000000000000216c       0xa4 contiki-srf06-cc26xx.a(cc26xx-uart.o)
 .text.cc26xx_uart_init
                0x0000000000002210       0x28 contiki-srf06-cc26xx.a(cc26xx-uart.o)
                0x0000000000002210                cc26xx_uart_init
 .text.cc26xx_uart_write_byte
                0x0000000000002238       0x24 contiki-srf06-cc26xx.a(cc26xx-uart.o)
                0x0000000000002238                cc26xx_uart_write_byte
 .text.cc26xx_uart_set_input
                0x000000000000225c       0x60 contiki-srf06-cc26xx.a(cc26xx-uart.o)
                0x000000000000225c                cc26xx_uart_set_input
 .text.cc26xx_uart_busy
                0x00000000000022bc       0x18 contiki-srf06-cc26xx.a(cc26xx-uart.o)
                0x00000000000022bc                cc26xx_uart_busy
 .text.UART0IntHandler
                0x00000000000022d4       0x50 contiki-srf06-cc26xx.a(cc26xx-uart.o)
                0x00000000000022d4                UART0IntHandler
 .text.lpm_shutdown
                0x0000000000002324      0x174 contiki-srf06-cc26xx.a(lpm.o)
                0x0000000000002324                lpm_shutdown
 .text.lpm_sleep
                0x0000000000002498       0x14 contiki-srf06-cc26xx.a(lpm.o)
                0x0000000000002498                lpm_sleep
 .text.lpm_drop
                0x00000000000024ac      0x20c contiki-srf06-cc26xx.a(lpm.o)
                0x00000000000024ac                lpm_drop
 .text.lpm_register_module
                0x00000000000026b8        0xc contiki-srf06-cc26xx.a(lpm.o)
                0x00000000000026b8                lpm_register_module
 .text.lpm_unregister_module
                0x00000000000026c4        0xc contiki-srf06-cc26xx.a(lpm.o)
                0x00000000000026c4                lpm_unregister_module
 .text.lpm_init
                0x00000000000026d0       0x20 contiki-srf06-cc26xx.a(lpm.o)
                0x00000000000026d0                lpm_init
 .text.lpm_pin_set_default_state
                0x00000000000026f0       0x2c contiki-srf06-cc26xx.a(lpm.o)
                0x00000000000026f0                lpm_pin_set_default_state
 .text.gpio_interrupt_register_handler
                0x000000000000271c       0x2c contiki-srf06-cc26xx.a(gpio-interrupt.)
                0x000000000000271c                gpio_interrupt_register_handler
 .text.gpio_interrupt_init
                0x0000000000002748       0x24 contiki-srf06-cc26xx.a(gpio-interrupt.)
                0x0000000000002748                gpio_interrupt_init
 .text.GPIOIntHandler
                0x000000000000276c       0x30 contiki-srf06-cc26xx.a(gpio-interrupt.)
                0x000000000000276c                GPIOIntHandler
 .text.oscillators_select_lf_xosc
                0x000000000000279c       0x54 contiki-srf06-cc26xx.a(oscillators.o)
                0x000000000000279c                oscillators_select_lf_xosc
 .text.oscillators_switch_to_hf_xosc
                0x00000000000027f0       0x34 contiki-srf06-cc26xx.a(oscillators.o)
                0x00000000000027f0                oscillators_switch_to_hf_xosc
 .text.oscillators_switch_to_hf_rc
                0x0000000000002824       0x38 contiki-srf06-cc26xx.a(oscillators.o)
                0x0000000000002824                oscillators_switch_to_hf_rc
 .text.process_thread_rf_core_process
                0x000000000000285c       0x58 contiki-srf06-cc26xx.a(rf-core.o)
 .text.rf_core_is_accessible
                0x00000000000028b4       0x10 contiki-srf06-cc26xx.a(rf-core.o)
                0x00000000000028b4                rf_core_is_accessible
 .text.rf_core_send_cmd
                0x00000000000028c4       0x80 contiki-srf06-cc26xx.a(rf-core.o)
                0x00000000000028c4                rf_core_send_cmd
 .text.rf_core_wait_cmd_done
                0x0000000000002944       0x2c contiki-srf06-cc26xx.a(rf-core.o)
                0x0000000000002944                rf_core_wait_cmd_done
 .text.rf_core_power_up
                0x0000000000002970       0xac contiki-srf06-cc26xx.a(rf-core.o)
                0x0000000000002970                rf_core_power_up
 .text.rf_core_set_modesel
                0x0000000000002a1c       0x38 contiki-srf06-cc26xx.a(rf-core.o)
                0x0000000000002a1c                rf_core_set_modesel
 .text.rf_core_setup_interrupts
                0x0000000000002a54       0x64 contiki-srf06-cc26xx.a(rf-core.o)
                0x0000000000002a54                rf_core_setup_interrupts
 .text.rf_core_cmd_done_en
                0x0000000000002ab8       0x24 contiki-srf06-cc26xx.a(rf-core.o)
                0x0000000000002ab8                rf_core_cmd_done_en
 .text.rf_core_cmd_done_dis
                0x0000000000002adc       0x18 contiki-srf06-cc26xx.a(rf-core.o)
                0x0000000000002adc                rf_core_cmd_done_dis
 .text.rf_core_get_last_radio_op
                0x0000000000002af4        0xc contiki-srf06-cc26xx.a(rf-core.o)
                0x0000000000002af4                rf_core_get_last_radio_op
 .text.rf_core_start_rat
                0x0000000000002b00       0x3c contiki-srf06-cc26xx.a(rf-core.o)
                0x0000000000002b00                rf_core_start_rat
 .text.rf_core_stop_rat
                0x0000000000002b3c       0x44 contiki-srf06-cc26xx.a(rf-core.o)
                0x0000000000002b3c                rf_core_stop_rat
 .text.rf_core_power_down
                0x0000000000002b80       0xbc contiki-srf06-cc26xx.a(rf-core.o)
                0x0000000000002b80                rf_core_power_down
 .text.rf_core_primary_mode_register
                0x0000000000002c3c        0xc contiki-srf06-cc26xx.a(rf-core.o)
                0x0000000000002c3c                rf_core_primary_mode_register
 .text.RFCCPE1IntHandler
                0x0000000000002c48       0x20 contiki-srf06-cc26xx.a(rf-core.o)
                0x0000000000002c48                RFCCPE1IntHandler
 .text.RFCCPE0IntHandler
                0x0000000000002c68       0x58 contiki-srf06-cc26xx.a(rf-core.o)
                0x0000000000002c68                RFCCPE0IntHandler
 .text.rf_ble_is_active
                0x0000000000002cc0        0xc contiki-srf06-cc26xx.a(rf-ble.o)
                0x0000000000002cc0                rf_ble_is_active
 .text.request  0x0000000000002ccc       0x14 contiki-srf06-cc26xx.a(soc-trng.o)
 .text.read_number
                0x0000000000002ce0       0x28 contiki-srf06-cc26xx.a(soc-trng.o)
 .text.accessible
                0x0000000000002d08       0x28 contiki-srf06-cc26xx.a(soc-trng.o)
 .text.process_thread_soc_trng_process
                0x0000000000002d30       0x74 contiki-srf06-cc26xx.a(soc-trng.o)
 .text.power_up
                0x0000000000002da4       0x40 contiki-srf06-cc26xx.a(soc-trng.o)
 .text.soc_trng_rand_synchronous
                0x0000000000002de4       0x9c contiki-srf06-cc26xx.a(soc-trng.o)
                0x0000000000002de4                soc_trng_rand_synchronous
 .text.TRNGIntHandler
                0x0000000000002e80       0x50 contiki-srf06-cc26xx.a(soc-trng.o)
                0x0000000000002e80                TRNGIntHandler
 .text.soc_trng_init
                0x0000000000002ed0       0x28 contiki-srf06-cc26xx.a(soc-trng.o)
                0x0000000000002ed0                soc_trng_init
 .text.printf   0x0000000000002ef8       0x20 contiki-srf06-cc26xx.a(dbg-printf.o)
                0x0000000000002ef8                printf
 .text.vsnprintf
                0x0000000000002f18       0x28 contiki-srf06-cc26xx.a(dbg-snprintf.o)
                0x0000000000002f18                vsnprintf
 .text.fill_space
                0x0000000000002f40       0x30 contiki-srf06-cc26xx.a(strformat.o)
 .text.format_str_v
                0x0000000000002f70      0x6c8 contiki-srf06-cc26xx.a(strformat.o)
                0x0000000000002f70                format_str_v
 .text.process_thread_ctimer_process
                0x0000000000003638       0x80 contiki-srf06-cc26xx.a(ctimer.o)
 .text.ctimer_init
                0x00000000000036b8       0x28 contiki-srf06-cc26xx.a(ctimer.o)
                0x00000000000036b8                ctimer_init
 .text.ctimer_set_with_process
                0x00000000000036e0       0x44 contiki-srf06-cc26xx.a(ctimer.o)
                0x00000000000036e0                ctimer_set_with_process
 .text.ctimer_set
                0x0000000000003724       0x14 contiki-srf06-cc26xx.a(ctimer.o)
                0x0000000000003724                ctimer_set
 .text.ctimer_reset
                0x0000000000003738       0x38 contiki-srf06-cc26xx.a(ctimer.o)
                0x0000000000003738                ctimer_reset
 .text.ctimer_restart
                0x0000000000003770       0x38 contiki-srf06-cc26xx.a(ctimer.o)
                0x0000000000003770                ctimer_restart
 .text.ctimer_stop
                0x00000000000037a8       0x2c contiki-srf06-cc26xx.a(ctimer.o)
                0x00000000000037a8                ctimer_stop
 .text.ctimer_expired
                0x00000000000037d4       0x34 contiki-srf06-cc26xx.a(ctimer.o)
                0x00000000000037d4                ctimer_expired
 .text.update_time
                0x0000000000003808       0x40 contiki-srf06-cc26xx.a(etimer.o)
 .text.etimer_request_poll
                0x0000000000003848        0xc contiki-srf06-cc26xx.a(etimer.o)
                0x0000000000003848                etimer_request_poll
 .text.process_thread_etimer_process
                0x0000000000003854       0x94 contiki-srf06-cc26xx.a(etimer.o)
 .text.add_timer
                0x00000000000038e8       0x40 contiki-srf06-cc26xx.a(etimer.o)
 .text.etimer_pending
                0x0000000000003928       0x10 contiki-srf06-cc26xx.a(etimer.o)
                0x0000000000003928                etimer_pending
 .text.etimer_next_expiration_time
                0x0000000000003938       0x14 contiki-srf06-cc26xx.a(etimer.o)
                0x0000000000003938                etimer_next_expiration_time
 .text.etimer_stop
                0x000000000000394c       0x34 contiki-srf06-cc26xx.a(etimer.o)
                0x000000000000394c                etimer_stop
 .text.call_process.part.0
                0x0000000000003980       0x38 contiki-srf06-cc26xx.a(process.o)
 .text.exit_process
                0x00000000000039b8       0x84 contiki-srf06-cc26xx.a(process.o)
 .text.do_poll  0x0000000000003a3c       0x30 contiki-srf06-cc26xx.a(process.o)
 .text.process_alloc_event
                0x0000000000003a6c       0x10 contiki-srf06-cc26xx.a(process.o)
                0x0000000000003a6c                process_alloc_event
 .text.process_init
                0x0000000000003a7c       0x30 contiki-srf06-cc26xx.a(process.o)
                0x0000000000003a7c                process_init
 .text.process_run
                0x0000000000003aac       0x80 contiki-srf06-cc26xx.a(process.o)
                0x0000000000003aac                process_run
 .text.process_nevents
                0x0000000000003b2c       0x14 contiki-srf06-cc26xx.a(process.o)
                0x0000000000003b2c                process_nevents
 .text.process_post
                0x0000000000003b40       0x3c contiki-srf06-cc26xx.a(process.o)
                0x0000000000003b40                process_post
 .text.process_post_synch
                0x0000000000003b7c       0x14 contiki-srf06-cc26xx.a(process.o)
                0x0000000000003b7c                process_post_synch
 .text.process_start
                0x0000000000003b90       0x30 contiki-srf06-cc26xx.a(process.o)
                0x0000000000003b90                process_start
 .text.process_poll
                0x0000000000003bc0       0x1c contiki-srf06-cc26xx.a(process.o)
                0x0000000000003bc0                process_poll
 .text.rtimer_run_next
                0x0000000000003bdc       0x28 contiki-srf06-cc26xx.a(rtimer.o)
                0x0000000000003bdc                rtimer_run_next
 .text.process_thread_serial_line_process
                0x0000000000003c04       0xd8 contiki-srf06-cc26xx.a(serial-line.o)
 .text.timeout_postdata
                0x0000000000003cdc       0x40 contiki-srf06-cc26xx.a(serial-line.o)
 .text.serial_line_input_byte
                0x0000000000003d1c       0x38 contiki-srf06-cc26xx.a(serial-line.o)
                0x0000000000003d1c                serial_line_input_byte
 .text.serial_line_init
                0x0000000000003d54       0x24 contiki-srf06-cc26xx.a(serial-line.o)
                0x0000000000003d54                serial_line_init
 .text.clear_fragments
                0x0000000000003d78       0x3c contiki-srf06-cc26xx.a(sicslowpan.o)
 .text.sicslowpan_init
                0x0000000000003db4       0x24 contiki-srf06-cc26xx.a(sicslowpan.o)
                0x0000000000003db4                sicslowpan_init
 .text.compress_addr_64
                0x0000000000003dd8       0x90 contiki-srf06-cc26xx.a(sicslowpan.o)
 .text.set_packet_attrs
                0x0000000000003e68       0x44 contiki-srf06-cc26xx.a(sicslowpan.o)
 .text.addr_context_lookup_by_prefix
                0x0000000000003eac       0x24 contiki-srf06-cc26xx.a(sicslowpan.o)
 .text.send_packet
                0x0000000000003ed0       0x24 contiki-srf06-cc26xx.a(sicslowpan.o)
 .text.packet_sent
                0x0000000000003ef4       0x28 contiki-srf06-cc26xx.a(sicslowpan.o)
 .text.store_fragment
                0x0000000000003f1c       0x58 contiki-srf06-cc26xx.a(sicslowpan.o)
 .text.uncompress_addr
                0x0000000000003f74       0x7c contiki-srf06-cc26xx.a(sicslowpan.o)
 .text.output   0x0000000000003ff0      0x680 contiki-srf06-cc26xx.a(sicslowpan.o)
 .text.add_fragment
                0x0000000000004670      0x118 contiki-srf06-cc26xx.a(sicslowpan.o)
 .text.input    0x0000000000004788      0x5b8 contiki-srf06-cc26xx.a(sicslowpan.o)
 .text.upper_layer_chksum
                0x0000000000004d40       0x54 contiki-srf06-cc26xx.a(uip6.o)
 .text.ext_hdr_options_process
                0x0000000000004d94       0xa8 contiki-srf06-cc26xx.a(uip6.o)
 .text.uip_add32
                0x0000000000004e3c       0x54 contiki-srf06-cc26xx.a(uip6.o)
                0x0000000000004e3c                uip_add32
 .text.unlikely.uip_add_rcv_nxt
                0x0000000000004e90       0x2c contiki-srf06-cc26xx.a(uip6.o)
 .text.uip_init
                0x0000000000004ebc       0x58 contiki-srf06-cc26xx.a(uip6.o)
                0x0000000000004ebc                uip_init
 .text.remove_ext_hdr
                0x0000000000004f14       0x58 contiki-srf06-cc26xx.a(uip6.o)
                0x0000000000004f14                remove_ext_hdr
 .text.uip_unlisten
                0x0000000000004f6c       0x20 contiki-srf06-cc26xx.a(uip6.o)
                0x0000000000004f6c                uip_unlisten
 .text.uip_listen
                0x0000000000004f8c       0x1c contiki-srf06-cc26xx.a(uip6.o)
                0x0000000000004f8c                uip_listen
 .text.uip_process
                0x0000000000004fa8      0xd10 contiki-srf06-cc26xx.a(uip6.o)
                0x0000000000004fa8                uip_process
 .text.uip_send
                0x0000000000005cb8       0x50 contiki-srf06-cc26xx.a(uip6.o)
                0x0000000000005cb8                uip_send
 .text.uip_ds6_prefix_add
                0x0000000000005d08       0x60 contiki-srf06-cc26xx.a(uip-ds6.o)
                0x0000000000005d08                uip_ds6_prefix_add
 .text.uip_ds6_is_addr_onlink
                0x0000000000005d68       0x40 contiki-srf06-cc26xx.a(uip-ds6.o)
                0x0000000000005d68                uip_ds6_is_addr_onlink
 .text.uip_ds6_addr_lookup
                0x0000000000005da8       0x2c contiki-srf06-cc26xx.a(uip-ds6.o)
                0x0000000000005da8                uip_ds6_addr_lookup
 .text.uip_ds6_get_link_local
                0x0000000000005dd4       0x40 contiki-srf06-cc26xx.a(uip-ds6.o)
                0x0000000000005dd4                uip_ds6_get_link_local
 .text.uip_ds6_maddr_add
                0x0000000000005e14       0x4c contiki-srf06-cc26xx.a(uip-ds6.o)
                0x0000000000005e14                uip_ds6_maddr_add
 .text.uip_ds6_addr_add
                0x0000000000005e60       0x98 contiki-srf06-cc26xx.a(uip-ds6.o)
                0x0000000000005e60                uip_ds6_addr_add
 .text.uip_ds6_maddr_lookup
                0x0000000000005ef8       0x2c contiki-srf06-cc26xx.a(uip-ds6.o)
                0x0000000000005ef8                uip_ds6_maddr_lookup
 .text.uip_ds6_addr_rm
                0x0000000000005f24       0x44 contiki-srf06-cc26xx.a(uip-ds6.o)
                0x0000000000005f24                uip_ds6_addr_rm
 .text.uip_ds6_periodic
                0x0000000000005f68       0x4c contiki-srf06-cc26xx.a(uip-ds6.o)
                0x0000000000005f68                uip_ds6_periodic
 .text.uip_ds6_select_src
                0x0000000000005fb4       0x98 contiki-srf06-cc26xx.a(uip-ds6.o)
                0x0000000000005fb4                uip_ds6_select_src
 .text.uip_ds6_compute_reachable_time
                0x000000000000604c       0x28 contiki-srf06-cc26xx.a(uip-ds6.o)
                0x000000000000604c                uip_ds6_compute_reachable_time
 .text.uip_ds6_init
                0x0000000000006074       0xe0 contiki-srf06-cc26xx.a(uip-ds6.o)
                0x0000000000006074                uip_ds6_init
 .text.uip_ds6_nbr_rm
                0x0000000000006154       0x20 contiki-srf06-cc26xx.a(uip-ds6-nbr.o)
                0x0000000000006154                uip_ds6_nbr_rm
 .text.uip_ds6_neighbors_init
                0x0000000000006174       0x1c contiki-srf06-cc26xx.a(uip-ds6-nbr.o)
                0x0000000000006174                uip_ds6_neighbors_init
 .text.uip_ds6_nbr_add
                0x0000000000006190       0x3c contiki-srf06-cc26xx.a(uip-ds6-nbr.o)
                0x0000000000006190                uip_ds6_nbr_add
 .text.uip_ds6_nbr_get_ll
                0x00000000000061cc       0x10 contiki-srf06-cc26xx.a(uip-ds6-nbr.o)
                0x00000000000061cc                uip_ds6_nbr_get_ll
 .text.uip_ds6_nbr_lookup
                0x00000000000061dc       0x38 contiki-srf06-cc26xx.a(uip-ds6-nbr.o)
                0x00000000000061dc                uip_ds6_nbr_lookup
 .text.uip_ds6_nbr_ll_lookup
                0x0000000000006214       0x10 contiki-srf06-cc26xx.a(uip-ds6-nbr.o)
                0x0000000000006214                uip_ds6_nbr_ll_lookup
 .text.uip_ds6_link_neighbor_callback
                0x0000000000006224       0x34 contiki-srf06-cc26xx.a(uip-ds6-nbr.o)
                0x0000000000006224                uip_ds6_link_neighbor_callback
 .text.call_route_callback
                0x0000000000006258       0x48 contiki-srf06-cc26xx.a(uip-ds6-route.o)
 .text.uip_ds6_route_init
                0x00000000000062a0       0x4c contiki-srf06-cc26xx.a(uip-ds6-route.o)
                0x00000000000062a0                uip_ds6_route_init
 .text.uip_ds6_route_nexthop
                0x00000000000062ec       0x20 contiki-srf06-cc26xx.a(uip-ds6-route.o)
                0x00000000000062ec                uip_ds6_route_nexthop
 .text.uip_ds6_route_head
                0x000000000000630c        0xc contiki-srf06-cc26xx.a(uip-ds6-route.o)
                0x000000000000630c                uip_ds6_route_head
 .text.uip_ds6_route_is_nexthop
                0x0000000000006318       0x20 contiki-srf06-cc26xx.a(uip-ds6-route.o)
                0x0000000000006318                uip_ds6_route_is_nexthop
 .text.uip_ds6_route_lookup
                0x0000000000006338       0x64 contiki-srf06-cc26xx.a(uip-ds6-route.o)
                0x0000000000006338                uip_ds6_route_lookup
 .text.uip_ds6_route_rm
                0x000000000000639c       0x98 contiki-srf06-cc26xx.a(uip-ds6-route.o)
                0x000000000000639c                uip_ds6_route_rm
 .text.rm_routelist
                0x0000000000006434       0x30 contiki-srf06-cc26xx.a(uip-ds6-route.o)
 .text.uip_ds6_route_add
                0x0000000000006464      0x110 contiki-srf06-cc26xx.a(uip-ds6-route.o)
                0x0000000000006464                uip_ds6_route_add
 .text.uip_ds6_defrt_rm
                0x0000000000006574       0x44 contiki-srf06-cc26xx.a(uip-ds6-route.o)
                0x0000000000006574                uip_ds6_defrt_rm
 .text.uip_ds6_defrt_lookup
                0x00000000000065b8       0x2c contiki-srf06-cc26xx.a(uip-ds6-route.o)
                0x00000000000065b8                uip_ds6_defrt_lookup
 .text.uip_ds6_defrt_add
                0x00000000000065e4       0x64 contiki-srf06-cc26xx.a(uip-ds6-route.o)
                0x00000000000065e4                uip_ds6_defrt_add
 .text.uip_ds6_defrt_choose
                0x0000000000006648       0x30 contiki-srf06-cc26xx.a(uip-ds6-route.o)
                0x0000000000006648                uip_ds6_defrt_choose
 .text.uip_ds6_defrt_periodic
                0x0000000000006678       0x30 contiki-srf06-cc26xx.a(uip-ds6-route.o)
                0x0000000000006678                uip_ds6_defrt_periodic
 .text.echo_reply_input
                0x00000000000066a8       0x94 contiki-srf06-cc26xx.a(uip-icmp6.o)
 .text.echo_request_input
                0x000000000000673c       0xc8 contiki-srf06-cc26xx.a(uip-icmp6.o)
 .text.uip_icmp6_input
                0x0000000000006804       0x38 contiki-srf06-cc26xx.a(uip-icmp6.o)
                0x0000000000006804                uip_icmp6_input
 .text.uip_icmp6_register_input_handler
                0x000000000000683c        0xc contiki-srf06-cc26xx.a(uip-icmp6.o)
                0x000000000000683c                uip_icmp6_register_input_handler
 .text.uip_icmp6_error_output
                0x0000000000006848      0x14c contiki-srf06-cc26xx.a(uip-icmp6.o)
                0x0000000000006848                uip_icmp6_error_output
 .text.uip_icmp6_send
                0x0000000000006994       0x90 contiki-srf06-cc26xx.a(uip-icmp6.o)
                0x0000000000006994                uip_icmp6_send
 .text.uip_icmp6_init
                0x0000000000006a24       0x1c contiki-srf06-cc26xx.a(uip-icmp6.o)
                0x0000000000006a24                uip_icmp6_init
 .text.ns_input
                0x0000000000006a40      0x260 contiki-srf06-cc26xx.a(uip-nd6.o)
 .text.uip_nd6_init
                0x0000000000006ca0        0xc contiki-srf06-cc26xx.a(uip-nd6.o)
                0x0000000000006ca0                uip_nd6_init
 .text.psock_send
                0x0000000000006cac       0x98 contiki-srf06-cc26xx.a(psock.o)
                0x0000000000006cac                psock_send
 .text.psock_newdata
                0x0000000000006d44       0x28 contiki-srf06-cc26xx.a(psock.o)
                0x0000000000006d44                psock_newdata
 .text.psock_readto
                0x0000000000006d6c       0xa4 contiki-srf06-cc26xx.a(psock.o)
                0x0000000000006d6c                psock_readto
 .text.start_periodic_tcp_timer
                0x0000000000006e10       0x1c contiki-srf06-cc26xx.a(tcpip.o)
 .text.tcpip_inputfunc
                0x0000000000006e2c       0x24 contiki-srf06-cc26xx.a(tcpip.o)
                0x0000000000006e2c                tcpip_inputfunc
 .text.tcpip_output
                0x0000000000006e50       0x14 contiki-srf06-cc26xx.a(tcpip.o)
                0x0000000000006e50                tcpip_output
 .text.tcpip_set_outputfunc
                0x0000000000006e64        0xc contiki-srf06-cc26xx.a(tcpip.o)
                0x0000000000006e64                tcpip_set_outputfunc
 .text.tcpip_input
                0x0000000000006e70       0x10 contiki-srf06-cc26xx.a(tcpip.o)
                0x0000000000006e70                tcpip_input
 .text.tcp_listen
                0x0000000000006e80       0x28 contiki-srf06-cc26xx.a(tcpip.o)
                0x0000000000006e80                tcp_listen
 .text.tcp_attach
                0x0000000000006ea8       0x10 contiki-srf06-cc26xx.a(tcpip.o)
                0x0000000000006ea8                tcp_attach
 .text.tcpip_icmp6_call
                0x0000000000006eb8       0x28 contiki-srf06-cc26xx.a(tcpip.o)
                0x0000000000006eb8                tcpip_icmp6_call
 .text.tcpip_ipv6_output
                0x0000000000006ee0       0xf4 contiki-srf06-cc26xx.a(tcpip.o)
                0x0000000000006ee0                tcpip_ipv6_output
 .text.process_thread_tcpip_process
                0x0000000000006fd4      0x1c0 contiki-srf06-cc26xx.a(tcpip.o)
 .text.tcpip_uipcall
                0x0000000000007194       0x68 contiki-srf06-cc26xx.a(tcpip.o)
                0x0000000000007194                tcpip_uipcall
 .text.uip_debug_ipaddr_print
                0x00000000000071fc       0xa0 contiki-srf06-cc26xx.a(uip-debug.o)
                0x00000000000071fc                uip_debug_ipaddr_print
 .text.rpl_get_mode
                0x000000000000729c        0xc contiki-srf06-cc26xx.a(rpl.o)
                0x000000000000729c                rpl_get_mode
 .text.rpl_purge_routes
                0x00000000000072a8       0x68 contiki-srf06-cc26xx.a(rpl.o)
                0x00000000000072a8                rpl_purge_routes
 .text.rpl_link_neighbor_callback
                0x0000000000007310       0x54 contiki-srf06-cc26xx.a(rpl.o)
                0x0000000000007310                rpl_link_neighbor_callback
 .text.rpl_ipv6_neighbor_callback
                0x0000000000007364       0x28 contiki-srf06-cc26xx.a(rpl.o)
                0x0000000000007364                rpl_ipv6_neighbor_callback
 .text.rpl_purge_dags
                0x000000000000738c       0x3c contiki-srf06-cc26xx.a(rpl.o)
                0x000000000000738c                rpl_purge_dags
 .text.rpl_init
                0x00000000000073c8       0x4c contiki-srf06-cc26xx.a(rpl.o)
                0x00000000000073c8                rpl_init
 .text.rpl_set_preferred_parent
                0x0000000000007414       0x28 contiki-srf06-cc26xx.a(rpl-dag.o)
 .text.set_ip_from_prefix
                0x000000000000743c       0x2c contiki-srf06-cc26xx.a(rpl-dag.o)
 .text.find_parent_any_dag_any_instance
                0x0000000000007468       0x1c contiki-srf06-cc26xx.a(rpl-dag.o)
 .text.rpl_dag_init
                0x0000000000007484       0x14 contiki-srf06-cc26xx.a(rpl-dag.o)
                0x0000000000007484                rpl_dag_init
 .text.rpl_get_parent
                0x0000000000007498       0x10 contiki-srf06-cc26xx.a(rpl-dag.o)
                0x0000000000007498                rpl_get_parent
 .text.rpl_get_parent_lladdr
                0x00000000000074a8       0x10 contiki-srf06-cc26xx.a(rpl-dag.o)
                0x00000000000074a8                rpl_get_parent_lladdr
 .text.best_parent
                0x00000000000074b8       0x80 contiki-srf06-cc26xx.a(rpl-dag.o)
 .text.rpl_alloc_instance
                0x0000000000007538       0x34 contiki-srf06-cc26xx.a(rpl-dag.o)
                0x0000000000007538                rpl_alloc_instance
 .text.rpl_add_parent
                0x000000000000756c       0x30 contiki-srf06-cc26xx.a(rpl-dag.o)
                0x000000000000756c                rpl_add_parent
 .text.rpl_remove_parent
                0x000000000000759c       0x1c contiki-srf06-cc26xx.a(rpl-dag.o)
                0x000000000000759c                rpl_remove_parent
 .text.remove_parents.constprop.3
                0x00000000000075b8       0x2c contiki-srf06-cc26xx.a(rpl-dag.o)
 .text.rpl_get_any_dag
                0x00000000000075e4       0x18 contiki-srf06-cc26xx.a(rpl-dag.o)
                0x00000000000075e4                rpl_get_any_dag
 .text.rpl_get_instance
                0x00000000000075fc       0x1c contiki-srf06-cc26xx.a(rpl-dag.o)
                0x00000000000075fc                rpl_get_instance
 .text.rpl_find_of
                0x0000000000007618       0x14 contiki-srf06-cc26xx.a(rpl-dag.o)
                0x0000000000007618                rpl_find_of
 .text.rpl_set_root
                0x000000000000762c      0x120 contiki-srf06-cc26xx.a(rpl-dag.o)
                0x000000000000762c                rpl_set_root
 .text.rpl_join_instance
                0x000000000000774c      0x13c contiki-srf06-cc26xx.a(rpl-dag.o)
                0x000000000000774c                rpl_join_instance
 .text.rpl_local_repair
                0x0000000000007888       0x7c contiki-srf06-cc26xx.a(rpl-dag.o)
                0x0000000000007888                rpl_local_repair
 .text.rpl_recalculate_ranks
                0x0000000000007904       0x3c contiki-srf06-cc26xx.a(rpl-dag.o)
                0x0000000000007904                rpl_recalculate_ranks
 .text.update_hbh_header
                0x0000000000007940       0xc4 contiki-srf06-cc26xx.a(rpl-ext-header.)
 .text.insert_hbh_header
                0x0000000000007a04       0x98 contiki-srf06-cc26xx.a(rpl-ext-header.)
 .text.rpl_verify_hbh_header
                0x0000000000007a9c       0xec contiki-srf06-cc26xx.a(rpl-ext-header.)
                0x0000000000007a9c                rpl_verify_hbh_header
 .text.rpl_remove_header
                0x0000000000007b88       0x78 contiki-srf06-cc26xx.a(rpl-ext-header.)
                0x0000000000007b88                rpl_remove_header
 .text.rpl_update_header
                0x0000000000007c00       0x64 contiki-srf06-cc26xx.a(rpl-ext-header.)
                0x0000000000007c00                rpl_update_header
 .text.get_global_addr
                0x0000000000007c64       0x4c contiki-srf06-cc26xx.a(rpl-icmp6.o)
 .text.dao_ack_input
                0x0000000000007cb0       0xf0 contiki-srf06-cc26xx.a(rpl-icmp6.o)
 .text.dio_input
                0x0000000000007da0      0x248 contiki-srf06-cc26xx.a(rpl-icmp6.o)
 .text.dao_output_target_seq.part.0
                0x0000000000007fe8      0x108 contiki-srf06-cc26xx.a(rpl-icmp6.o)
 .text.handle_dao_retransmission
                0x00000000000080f0       0xa8 contiki-srf06-cc26xx.a(rpl-icmp6.o)
 .text.dis_output
                0x0000000000008198       0x54 contiki-srf06-cc26xx.a(rpl-icmp6.o)
                0x0000000000008198                dis_output
 .text.dio_output
                0x00000000000081ec      0x218 contiki-srf06-cc26xx.a(rpl-icmp6.o)
                0x00000000000081ec                dio_output
 .text.dis_input
                0x0000000000008404       0x50 contiki-srf06-cc26xx.a(rpl-icmp6.o)
 .text.dao_output_target
                0x0000000000008454       0x38 contiki-srf06-cc26xx.a(rpl-icmp6.o)
                0x0000000000008454                dao_output_target
 .text.dao_output
                0x000000000000848c       0x64 contiki-srf06-cc26xx.a(rpl-icmp6.o)
                0x000000000000848c                dao_output
 .text.dao_ack_output
                0x00000000000084f0       0x34 contiki-srf06-cc26xx.a(rpl-icmp6.o)
                0x00000000000084f0                dao_ack_output
 .text.dao_input
                0x0000000000008524      0x310 contiki-srf06-cc26xx.a(rpl-icmp6.o)
 .text.rpl_icmp6_register_handlers
                0x0000000000008834       0x30 contiki-srf06-cc26xx.a(rpl-icmp6.o)
                0x0000000000008834                rpl_icmp6_register_handlers
 .text.new_dio_interval
                0x0000000000008864       0x58 contiki-srf06-cc26xx.a(rpl-timers.o)
 .text.handle_periodic_timer
                0x00000000000088bc       0x4c contiki-srf06-cc26xx.a(rpl-timers.o)
 .text.set_dao_lifetime_timer
                0x0000000000008908       0x44 contiki-srf06-cc26xx.a(rpl-timers.o)
 .text.handle_dio_timer
                0x000000000000894c       0x80 contiki-srf06-cc26xx.a(rpl-timers.o)
 .text.schedule_dao
                0x00000000000089cc       0x54 contiki-srf06-cc26xx.a(rpl-timers.o)
 .text.handle_dao_timer
                0x0000000000008a20       0x58 contiki-srf06-cc26xx.a(rpl-timers.o)
 .text.rpl_reset_periodic_timer
                0x0000000000008a78       0x34 contiki-srf06-cc26xx.a(rpl-timers.o)
                0x0000000000008a78                rpl_reset_periodic_timer
 .text.rpl_schedule_unicast_dio_immediately
                0x0000000000008aac       0x14 contiki-srf06-cc26xx.a(rpl-timers.o)
                0x0000000000008aac                rpl_schedule_unicast_dio_immediately
 .text.get_probing_target
                0x0000000000008ac0       0xcc contiki-srf06-cc26xx.a(rpl-timers.o)
                0x0000000000008ac0                get_probing_target
 .text.rpl_schedule_probing
                0x0000000000008b8c       0x20 contiki-srf06-cc26xx.a(rpl-timers.o)
                0x0000000000008b8c                rpl_schedule_probing
 .text.SafeHapiVoid
                0x0000000000008bac       0x28 contiki-srf06-cc26xx.a(adi.o)
                0x0000000000008bac                SafeHapiVoid
 .text.SafeHapiAuxAdiSelect
                0x0000000000008bd4       0x2c contiki-srf06-cc26xx.a(adi.o)
                0x0000000000008bd4                SafeHapiAuxAdiSelect
 .text.NOROM_AONRTCCurrentCompareValueGet
                0x0000000000008c00       0x20 contiki-srf06-cc26xx.a(aon_rtc.o)
                0x0000000000008c00                NOROM_AONRTCCurrentCompareValueGet
 .text.AuxAdiDdiSafeWrite.constprop.6
                0x0000000000008c20       0x2c contiki-srf06-cc26xx.a(aux_adc.o)
 .text.NOROM_AUXADCDisable
                0x0000000000008c4c       0x3c contiki-srf06-cc26xx.a(aux_adc.o)
                0x0000000000008c4c                NOROM_AUXADCDisable
 .text.NOROM_AUXADCEnableSync
                0x0000000000008c88       0x68 contiki-srf06-cc26xx.a(aux_adc.o)
                0x0000000000008c88                NOROM_AUXADCEnableSync
 .text.NOROM_AUXADCReadFifo
                0x0000000000008cf0       0x18 contiki-srf06-cc26xx.a(aux_adc.o)
                0x0000000000008cf0                NOROM_AUXADCReadFifo
 .text.NOROM_ChipInfo_GetSupportedProtocol_BV
                0x0000000000008d08       0x10 contiki-srf06-cc26xx.a(chipinfo.o)
                0x0000000000008d08                NOROM_ChipInfo_GetSupportedProtocol_BV
 .text.NOROM_ChipInfo_GetChipFamily
                0x0000000000008d18       0x4c contiki-srf06-cc26xx.a(chipinfo.o)
                0x0000000000008d18                NOROM_ChipInfo_GetChipFamily
 .text.NOROM_ChipInfo_GetChipType
                0x0000000000008d64       0x30 contiki-srf06-cc26xx.a(chipinfo.o)
                0x0000000000008d64                NOROM_ChipInfo_GetChipType
 .text.NOROM_ChipInfo_GetHwRevision
                0x0000000000008d94       0x6c contiki-srf06-cc26xx.a(chipinfo.o)
                0x0000000000008d94                NOROM_ChipInfo_GetHwRevision
 .text.NOROM_OSCClockSourceSet
                0x0000000000008e00       0x5c contiki-srf06-cc26xx.a(osc.o)
                0x0000000000008e00                NOROM_OSCClockSourceSet
 .text.NOROM_OSCClockSourceGet
                0x0000000000008e5c       0x2c contiki-srf06-cc26xx.a(osc.o)
                0x0000000000008e5c                NOROM_OSCClockSourceGet
 .text.NOROM_PowerCtrlSourceSet
                0x0000000000008e88       0x2c contiki-srf06-cc26xx.a(pwr_ctrl.o)
                0x0000000000008e88                NOROM_PowerCtrlSourceSet
 .text.TrimAfterColdResetWakeupFromShutDown
                0x0000000000008eb4       0xd4 contiki-srf06-cc26xx.a(setup.o)
 .text.NOROM_SetupTrimDevice
                0x0000000000008f88       0xa4 contiki-srf06-cc26xx.a(setup.o)
                0x0000000000008f88                NOROM_SetupTrimDevice
 .text.NOROM_SetupSetVddrLevel
                0x000000000000902c       0x7c contiki-srf06-cc26xx.a(setup_rom.o)
                0x000000000000902c                NOROM_SetupSetVddrLevel
 .text.NOROM_SetupAfterColdResetWakeupFromShutDownCfg1
                0x00000000000090a8       0xa8 contiki-srf06-cc26xx.a(setup_rom.o)
                0x00000000000090a8                NOROM_SetupAfterColdResetWakeupFromShutDownCfg1
 .text.NOROM_SetupGetTrimForAnabypassValue1
                0x0000000000009150       0x5c contiki-srf06-cc26xx.a(setup_rom.o)
                0x0000000000009150                NOROM_SetupGetTrimForAnabypassValue1
 .text.NOROM_SetupGetTrimForRcOscLfRtuneCtuneTrim
                0x00000000000091ac       0x18 contiki-srf06-cc26xx.a(setup_rom.o)
                0x00000000000091ac                NOROM_SetupGetTrimForRcOscLfRtuneCtuneTrim
 .text.NOROM_SetupGetTrimForAmpcompTh2
                0x00000000000091c4       0x10 contiki-srf06-cc26xx.a(setup_rom.o)
                0x00000000000091c4                NOROM_SetupGetTrimForAmpcompTh2
 .text.NOROM_SetupGetTrimForAmpcompTh1
                0x00000000000091d4       0x14 contiki-srf06-cc26xx.a(setup_rom.o)
                0x00000000000091d4                NOROM_SetupGetTrimForAmpcompTh1
 .text.NOROM_SetupGetTrimForAmpcompCtrl
                0x00000000000091e8       0x64 contiki-srf06-cc26xx.a(setup_rom.o)
                0x00000000000091e8                NOROM_SetupGetTrimForAmpcompCtrl
 .text.NOROM_SetupGetTrimForDblrLoopFilterResetVoltage
                0x000000000000924c       0x18 contiki-srf06-cc26xx.a(setup_rom.o)
                0x000000000000924c                NOROM_SetupGetTrimForDblrLoopFilterResetVoltage
 .text.NOROM_SetupGetTrimForAdcShModeEn
                0x0000000000009264       0x18 contiki-srf06-cc26xx.a(setup_rom.o)
                0x0000000000009264                NOROM_SetupGetTrimForAdcShModeEn
 .text.NOROM_SetupGetTrimForAdcShVbufEn
                0x000000000000927c       0x18 contiki-srf06-cc26xx.a(setup_rom.o)
                0x000000000000927c                NOROM_SetupGetTrimForAdcShVbufEn
 .text.NOROM_SetupGetTrimForXoscHfCtl
                0x0000000000009294       0x28 contiki-srf06-cc26xx.a(setup_rom.o)
                0x0000000000009294                NOROM_SetupGetTrimForXoscHfCtl
 .text.NOROM_SetupGetTrimForXoscHfFastStart
                0x00000000000092bc       0x10 contiki-srf06-cc26xx.a(setup_rom.o)
                0x00000000000092bc                NOROM_SetupGetTrimForXoscHfFastStart
 .text.NOROM_SetupGetTrimForRadcExtCfg
                0x00000000000092cc       0x2c contiki-srf06-cc26xx.a(setup_rom.o)
                0x00000000000092cc                NOROM_SetupGetTrimForRadcExtCfg
 .text.NOROM_SetupGetTrimForRcOscLfIBiasTrim
                0x00000000000092f8       0x18 contiki-srf06-cc26xx.a(setup_rom.o)
                0x00000000000092f8                NOROM_SetupGetTrimForRcOscLfIBiasTrim
 .text.NOROM_SetupGetTrimForXoscLfRegulatorAndCmirrwrRatio
                0x0000000000009310       0x18 contiki-srf06-cc26xx.a(setup_rom.o)
                0x0000000000009310                NOROM_SetupGetTrimForXoscLfRegulatorAndCmirrwrRatio
 .text.NOROM_SetupAfterColdResetWakeupFromShutDownCfg2
                0x0000000000009328      0x110 contiki-srf06-cc26xx.a(setup_rom.o)
                0x0000000000009328                NOROM_SetupAfterColdResetWakeupFromShutDownCfg2
 .text.NOROM_SetupSetCacheModeAccordingToCcfgSetting
                0x0000000000009438       0x60 contiki-srf06-cc26xx.a(setup_rom.o)
                0x0000000000009438                NOROM_SetupSetCacheModeAccordingToCcfgSetting
 .text.NOROM_SetupSetAonRtcSubSecInc
                0x0000000000009498       0x28 contiki-srf06-cc26xx.a(setup_rom.o)
                0x0000000000009498                NOROM_SetupSetAonRtcSubSecInc
 .text.NOROM_SetupAfterColdResetWakeupFromShutDownCfg3
                0x00000000000094c0      0x144 contiki-srf06-cc26xx.a(setup_rom.o)
                0x00000000000094c0                NOROM_SetupAfterColdResetWakeupFromShutDownCfg3
 .text.NOROM_SysCtrlSetRechargeBeforePowerDown
                0x0000000000009604      0x22c contiki-srf06-cc26xx.a(sys_ctrl.o)
                0x0000000000009604                NOROM_SysCtrlSetRechargeBeforePowerDown
 .text.NOROM_SysCtrlAdjustRechargeAfterPowerDown
                0x0000000000009830       0x64 contiki-srf06-cc26xx.a(sys_ctrl.o)
                0x0000000000009830                NOROM_SysCtrlAdjustRechargeAfterPowerDown
 .text.NOROM_SysCtrl_DCDC_VoltageConditionalControl
                0x0000000000009894       0x78 contiki-srf06-cc26xx.a(sys_ctrl.o)
                0x0000000000009894                NOROM_SysCtrl_DCDC_VoltageConditionalControl
 .text.NOROM_TRNGConfigure
                0x000000000000990c       0x30 contiki-srf06-cc26xx.a(trng.o)
                0x000000000000990c                NOROM_TRNGConfigure
 .text.periodic
                0x000000000000993c       0x2c contiki-srf06-cc26xx.a(link-stats.o)
 .text.link_stats_from_lladdr
                0x0000000000009968        0xc contiki-srf06-cc26xx.a(link-stats.o)
                0x0000000000009968                link_stats_from_lladdr
 .text.link_stats_packet_sent
                0x0000000000009974       0x78 contiki-srf06-cc26xx.a(link-stats.o)
                0x0000000000009974                link_stats_packet_sent
 .text.link_stats_input_callback
                0x00000000000099ec       0x4c contiki-srf06-cc26xx.a(link-stats.o)
                0x00000000000099ec                link_stats_input_callback
 .text.link_stats_init
                0x0000000000009a38       0x28 contiki-srf06-cc26xx.a(link-stats.o)
                0x0000000000009a38                link_stats_init
 .text.index_from_key
                0x0000000000009a60       0x20 contiki-srf06-cc26xx.a(nbr-table.o)
 .text.index_from_lladdr
                0x0000000000009a80       0x40 contiki-srf06-cc26xx.a(nbr-table.o)
 .text.key_from_item
                0x0000000000009ac0       0x2c contiki-srf06-cc26xx.a(nbr-table.o)
 .text.nbr_get_bit.constprop.0
                0x0000000000009aec       0x30 contiki-srf06-cc26xx.a(nbr-table.o)
 .text.remove_key
                0x0000000000009b1c       0x58 contiki-srf06-cc26xx.a(nbr-table.o)
 .text.nbr_table_register
                0x0000000000009b74       0x28 contiki-srf06-cc26xx.a(nbr-table.o)
                0x0000000000009b74                nbr_table_register
 .text.nbr_table_head
                0x0000000000009b9c       0x34 contiki-srf06-cc26xx.a(nbr-table.o)
                0x0000000000009b9c                nbr_table_head
 .text.nbr_table_add_lladdr
                0x0000000000009bd0      0x118 contiki-srf06-cc26xx.a(nbr-table.o)
                0x0000000000009bd0                nbr_table_add_lladdr
 .text.nbr_table_remove
                0x0000000000009ce8       0x2c contiki-srf06-cc26xx.a(nbr-table.o)
                0x0000000000009ce8                nbr_table_remove
 .text.nbr_table_lock
                0x0000000000009d14       0x14 contiki-srf06-cc26xx.a(nbr-table.o)
                0x0000000000009d14                nbr_table_lock
 .text.nbr_table_unlock
                0x0000000000009d28       0x14 contiki-srf06-cc26xx.a(nbr-table.o)
                0x0000000000009d28                nbr_table_unlock
 .text.netstack_init
                0x0000000000009d3c       0x38 contiki-srf06-cc26xx.a(netstack.o)
                0x0000000000009d3c                netstack_init
 .text.packetbuf_hdrreduce
                0x0000000000009d74       0x28 contiki-srf06-cc26xx.a(packetbuf.o)
                0x0000000000009d74                packetbuf_hdrreduce
 .text.packetbuf_set_datalen
                0x0000000000009d9c        0xc contiki-srf06-cc26xx.a(packetbuf.o)
                0x0000000000009d9c                packetbuf_set_datalen
 .text.packetbuf_hdrptr
                0x0000000000009da8        0x8 contiki-srf06-cc26xx.a(packetbuf.o)
                0x0000000000009da8                packetbuf_hdrptr
 .text.packetbuf_datalen
                0x0000000000009db0        0xc contiki-srf06-cc26xx.a(packetbuf.o)
                0x0000000000009db0                packetbuf_datalen
 .text.packetbuf_hdrlen
                0x0000000000009dbc       0x18 contiki-srf06-cc26xx.a(packetbuf.o)
                0x0000000000009dbc                packetbuf_hdrlen
 .text.packetbuf_dataptr
                0x0000000000009dd4       0x10 contiki-srf06-cc26xx.a(packetbuf.o)
                0x0000000000009dd4                packetbuf_dataptr
 .text.packetbuf_copyto
                0x0000000000009de4       0x40 contiki-srf06-cc26xx.a(packetbuf.o)
                0x0000000000009de4                packetbuf_copyto
 .text.packetbuf_totlen
                0x0000000000009e24       0x14 contiki-srf06-cc26xx.a(packetbuf.o)
                0x0000000000009e24                packetbuf_totlen
 .text.packetbuf_hdralloc
                0x0000000000009e38       0x3c contiki-srf06-cc26xx.a(packetbuf.o)
                0x0000000000009e38                packetbuf_hdralloc
 .text.packetbuf_attr_clear
                0x0000000000009e74       0x34 contiki-srf06-cc26xx.a(packetbuf.o)
                0x0000000000009e74                packetbuf_attr_clear
 .text.packetbuf_clear
                0x0000000000009ea8       0x20 contiki-srf06-cc26xx.a(packetbuf.o)
                0x0000000000009ea8                packetbuf_clear
 .text.packetbuf_copyfrom
                0x0000000000009ec8       0x2c contiki-srf06-cc26xx.a(packetbuf.o)
                0x0000000000009ec8                packetbuf_copyfrom
 .text.packetbuf_attr_copyto
                0x0000000000009ef4       0x30 contiki-srf06-cc26xx.a(packetbuf.o)
                0x0000000000009ef4                packetbuf_attr_copyto
 .text.packetbuf_attr_copyfrom
                0x0000000000009f24       0x30 contiki-srf06-cc26xx.a(packetbuf.o)
                0x0000000000009f24                packetbuf_attr_copyfrom
 .text.packetbuf_set_attr
                0x0000000000009f54       0x10 contiki-srf06-cc26xx.a(packetbuf.o)
                0x0000000000009f54                packetbuf_set_attr
 .text.packetbuf_attr
                0x0000000000009f64        0xc contiki-srf06-cc26xx.a(packetbuf.o)
                0x0000000000009f64                packetbuf_attr
 .text.packetbuf_set_addr
                0x0000000000009f70       0x18 contiki-srf06-cc26xx.a(packetbuf.o)
                0x0000000000009f70                packetbuf_set_addr
 .text.packetbuf_addr
                0x0000000000009f88       0x10 contiki-srf06-cc26xx.a(packetbuf.o)
                0x0000000000009f88                packetbuf_addr
 .text.packetbuf_holds_broadcast
                0x0000000000009f98       0x10 contiki-srf06-cc26xx.a(packetbuf.o)
                0x0000000000009f98                packetbuf_holds_broadcast
 .text.queuebuf_init
                0x0000000000009fa8       0x1c contiki-srf06-cc26xx.a(queuebuf.o)
                0x0000000000009fa8                queuebuf_init
 .text.queuebuf_numfree
                0x0000000000009fc4        0xc contiki-srf06-cc26xx.a(queuebuf.o)
                0x0000000000009fc4                queuebuf_numfree
 .text.queuebuf_new_from_packetbuf
                0x0000000000009fd0       0x44 contiki-srf06-cc26xx.a(queuebuf.o)
                0x0000000000009fd0                queuebuf_new_from_packetbuf
 .text.queuebuf_free
                0x000000000000a014       0x2c contiki-srf06-cc26xx.a(queuebuf.o)
                0x000000000000a014                queuebuf_free
 .text.queuebuf_to_packetbuf
                0x000000000000a040       0x30 contiki-srf06-cc26xx.a(queuebuf.o)
                0x000000000000a040                queuebuf_to_packetbuf
 .text.input_packet
                0x000000000000a070       0x1c contiki-srf06-cc26xx.a(csma.o)
 .text.on       0x000000000000a08c       0x10 contiki-srf06-cc26xx.a(csma.o)
 .text.off      0x000000000000a09c       0x10 contiki-srf06-cc26xx.a(csma.o)
 .text.channel_check_interval
                0x000000000000a0ac       0x10 contiki-srf06-cc26xx.a(csma.o)
 .text.transmit_packet_list
                0x000000000000a0bc       0x24 contiki-srf06-cc26xx.a(csma.o)
 .text.schedule_transmission
                0x000000000000a0e0       0x4c contiki-srf06-cc26xx.a(csma.o)
 .text.send_packet
                0x000000000000a12c      0x11c contiki-srf06-cc26xx.a(csma.o)
 .text.init     0x000000000000a248       0x2c contiki-srf06-cc26xx.a(csma.o)
 .text.tx_done  0x000000000000a274       0x88 contiki-srf06-cc26xx.a(csma.o)
 .text.packet_sent
                0x000000000000a2fc      0x10c contiki-srf06-cc26xx.a(csma.o)
 .text.on       0x000000000000a408       0x10 contiki-srf06-cc26xx.a(nullrdc.o)
 .text.send_one_packet
                0x000000000000a418       0x68 contiki-srf06-cc26xx.a(nullrdc.o)
 .text.off      0x000000000000a480       0x14 contiki-srf06-cc26xx.a(nullrdc.o)
 .text.packet_input
                0x000000000000a494       0x38 contiki-srf06-cc26xx.a(nullrdc.o)
 .text.input    0x000000000000a4cc       0x10 contiki-srf06-cc26xx.a(noncoresec.o)
 .text.send     0x000000000000a4dc       0x24 contiki-srf06-cc26xx.a(noncoresec.o)
 .text.length   0x000000000000a500       0x14 contiki-srf06-cc26xx.a(noncoresec.o)
 .text.init     0x000000000000a514       0x24 contiki-srf06-cc26xx.a(noncoresec.o)
 .text.aead     0x000000000000a538       0x68 contiki-srf06-cc26xx.a(noncoresec.o)
 .text.parse    0x000000000000a5a0       0xa8 contiki-srf06-cc26xx.a(noncoresec.o)
 .text.create   0x000000000000a648       0x20 contiki-srf06-cc26xx.a(noncoresec.o)
 .text.stimer_expired
                0x000000000000a668       0x20 contiki-srf06-cc26xx.a(stimer.o)
                0x000000000000a668                stimer_expired
 .text.set_key  0x000000000000a688       0x10 contiki-srf06-cc26xx.a(ccm-star.o)
 .text.ctr_step
                0x000000000000a698       0x60 contiki-srf06-cc26xx.a(ccm-star.o)
 .text.aead     0x000000000000a6f8      0x170 contiki-srf06-cc26xx.a(ccm-star.o)
 .text.update_nbr
                0x000000000000a868      0x10c contiki-srf06-cc26xx.a(rpl-nbr-policy.)
 .text.handle_periodic_timer
                0x000000000000a974       0x14 contiki-srf06-cc26xx.a(rpl-nbr-policy.)
 .text.find_removable_dis
                0x000000000000a988       0x20 contiki-srf06-cc26xx.a(rpl-nbr-policy.)
                0x000000000000a988                find_removable_dis
 .text.find_removable_dio
                0x000000000000a9a8       0x40 contiki-srf06-cc26xx.a(rpl-nbr-policy.)
                0x000000000000a9a8                find_removable_dio
 .text.find_removable_dao
                0x000000000000a9e8       0x38 contiki-srf06-cc26xx.a(rpl-nbr-policy.)
                0x000000000000a9e8                find_removable_dao
 .text.rpl_nbr_policy_find_removable
                0x000000000000aa20       0x28 contiki-srf06-cc26xx.a(rpl-nbr-policy.)
                0x000000000000aa20                rpl_nbr_policy_find_removable
 .text.NOROM_AONBatMonTemperatureGetDegC
                0x000000000000aa48       0x30 contiki-srf06-cc26xx.a(aon_batmon.o)
                0x000000000000aa48                NOROM_AONBatMonTemperatureGetDegC
 .text.AuxAdiDdiSafeWrite.constprop.1
                0x000000000000aa78       0x28 contiki-srf06-cc26xx.a(ddi.o)
 .text.framer_802154_set_seqno
                0x000000000000aaa0       0x40 contiki-srf06-cc26xx.a(framer-802154.o)
                0x000000000000aaa0                framer_802154_set_seqno
 .text.anti_replay_set_counter
                0x000000000000aae0       0x20 contiki-srf06-cc26xx.a(anti-replay.o)
                0x000000000000aae0                anti_replay_set_counter
 .text.ccm_star_packetbuf_set_nonce
                0x000000000000ab00       0x4c contiki-srf06-cc26xx.a(ccm-star-packet)
                0x000000000000ab00                ccm_star_packetbuf_set_nonce
 .text.set_key  0x000000000000ab4c       0x8c contiki-srf06-cc26xx.a(aes-128.o)
 .text.encrypt  0x000000000000abd8      0x140 contiki-srf06-cc26xx.a(aes-128.o)
 .text.frame802154_get_pan_id
                0x000000000000ad18        0xc contiki-srf06-cc26xx.a(frame802154.o)
                0x000000000000ad18                frame802154_get_pan_id
 .text.frame802154_parse
                0x000000000000ad24      0x1a4 contiki-srf06-cc26xx.a(frame802154.o)
                0x000000000000ad24                frame802154_parse
 .text          0x000000000000aec8       0x2c /usr/lib/gcc/arm-none-eabi/4.8.2/armv7-m/libgcc.a(_aeabi_uldivmod.o)
                0x000000000000aec8                __aeabi_uldivmod
 .text          0x000000000000aef4       0x60 /usr/lib/gcc/arm-none-eabi/4.8.2/armv7-m/libgcc.a(bpabi.o)
                0x000000000000aef4                __gnu_ldivmod_helper
                0x000000000000af24                __gnu_uldivmod_helper
 .text          0x000000000000af54        0x4 /usr/lib/gcc/arm-none-eabi/4.8.2/armv7-m/libgcc.a(_dvmd_tls.o)
                0x000000000000af54                __aeabi_ldiv0
                0x000000000000af54                __aeabi_idiv0
 .text          0x000000000000af58      0x2bc /usr/lib/gcc/arm-none-eabi/4.8.2/armv7-m/libgcc.a(_divdi3.o)
                0x000000000000af58                __divdi3
 .text          0x000000000000b214      0x284 /usr/lib/gcc/arm-none-eabi/4.8.2/armv7-m/libgcc.a(_udivdi3.o)
                0x000000000000b214                __udivdi3
 .text.memcmp   0x000000000000b498       0x68 /usr/lib/gcc/arm-none-eabi/4.8.2/../../../arm-none-eabi/lib/armv7-m/libc.a(lib_a-memcmp.o)
                0x000000000000b498                memcmp
 .text          0x000000000000b500       0xec /usr/lib/gcc/arm-none-eabi/4.8.2/../../../arm-none-eabi/lib/armv7-m/libc.a(lib_a-memcpy.o)
                0x000000000000b500                memcpy
 .text.memmove  0x000000000000b5ec       0xcc /usr/lib/gcc/arm-none-eabi/4.8.2/../../../arm-none-eabi/lib/armv7-m/libc.a(lib_a-memmove.o)
                0x000000000000b5ec                memmove
 .text.memset   0x000000000000b6b8       0x94 /usr/lib/gcc/arm-none-eabi/4.8.2/../../../arm-none-eabi/lib/armv7-m/libc.a(lib_a-memset.o)
                0x000000000000b6b8                memset
 .text.strcpy   0x000000000000b74c       0xbc /usr/lib/gcc/arm-none-eabi/4.8.2/../../../arm-none-eabi/lib/armv7-m/libc.a(lib_a-strcpy.o)
                0x000000000000b74c                strcpy
 .text.strlen   0x000000000000b808       0x60 /usr/lib/gcc/arm-none-eabi/4.8.2/../../../arm-none-eabi/lib/armv7-m/libc.a(lib_a-strlen.o)
                0x000000000000b808                strlen
 .text.strncmp  0x000000000000b868       0xb4 /usr/lib/gcc/arm-none-eabi/4.8.2/../../../arm-none-eabi/lib/armv7-m/libc.a(lib_a-strncmp.o)
                0x000000000000b868                strncmp
 .text.strncpy  0x000000000000b91c       0x68 /usr/lib/gcc/arm-none-eabi/4.8.2/../../../arm-none-eabi/lib/armv7-m/libc.a(lib_a-strncpy.o)
                0x000000000000b91c                strncpy
 .text.NmiSRHandler
                0x000000000000b984        0x2 obj_srf06-cc26xx/startup_gcc.o
                0x000000000000b984                NmiSR
 .text.IntDefaultHandler
                0x000000000000b986        0x2 obj_srf06-cc26xx/startup_gcc.o
                0x000000000000b986                SSI0IntHandler
                0x000000000000b986                SWEvent0IntHandler
                0x000000000000b986                uDMAIntHandler
                0x000000000000b986                WatchdogIntHandler
                0x000000000000b986                RFCHardwareIntHandler
                0x000000000000b986                Timer1BIntHandler
                0x000000000000b986                I2SIntHandler
                0x000000000000b986                Timer2BIntHandler
                0x000000000000b986                Timer2AIntHandler
                0x000000000000b986                Timer1AIntHandler
                0x000000000000b986                AONIntHandler
                0x000000000000b986                AUXSWEvent0IntHandler
                0x000000000000b986                AUXADCIntHandler
                0x000000000000b986                PendSVIntHandler
                0x000000000000b986                AUXSWEvent1IntHandler
                0x000000000000b986                SVCallIntHandler
                0x000000000000b986                MPUFaultIntHandler
                0x000000000000b986                SysTickIntHandler
                0x000000000000b986                BusFaultIntHandler
                0x000000000000b986                AONProgIntHandler
                0x000000000000b986                AUXCompAIntHandler
                0x000000000000b986                SSI1IntHandler
                0x000000000000b986                FlashIntHandler
                0x000000000000b986                uDMAErrIntHandler
                0x000000000000b986                UsageFaultIntHandler
                0x000000000000b986                RFCCmdAckIntHandler
                0x000000000000b986                CryptoIntHandler
                0x000000000000b986                Timer0AIntHandler
                0x000000000000b986                I2CIntHandler
                0x000000000000b986                DebugMonIntHandler
                0x000000000000b986                Timer0BIntHandler
                0x000000000000b986                AUXCombEventIntHandler
                0x000000000000b986                Timer3AIntHandler
                0x000000000000b986                DynProgIntHandler
                0x000000000000b986                Timer3BIntHandler
 .text.fade     0x000000000000b988       0x54 contiki-srf06-cc26xx.a(contiki-main.o)
 .text.status_select
                0x000000000000b9dc        0x6 contiki-srf06-cc26xx.a(button-sensor.o)
 .text.status_left
                0x000000000000b9e2        0x6 contiki-srf06-cc26xx.a(button-sensor.o)
 .text.status_right
                0x000000000000b9e8        0x6 contiki-srf06-cc26xx.a(button-sensor.o)
 .text.status_up
                0x000000000000b9ee        0x6 contiki-srf06-cc26xx.a(button-sensor.o)
 .text.status_down
                0x000000000000b9f4        0x6 contiki-srf06-cc26xx.a(button-sensor.o)
 .text.config_select
                0x000000000000b9fa        0xc contiki-srf06-cc26xx.a(button-sensor.o)
 .text.config_left
                0x000000000000ba06        0xc contiki-srf06-cc26xx.a(button-sensor.o)
 .text.config_right
                0x000000000000ba12        0xc contiki-srf06-cc26xx.a(button-sensor.o)
 .text.config_up
                0x000000000000ba1e        0xc contiki-srf06-cc26xx.a(button-sensor.o)
 .text.config_down
                0x000000000000ba2a        0xc contiki-srf06-cc26xx.a(button-sensor.o)
 .text.status   0x000000000000ba36        0x4 contiki-srf06-cc26xx.a(als-sensor.o)
 .text.get_object
                0x000000000000ba3a        0x4 contiki-srf06-cc26xx.a(prop-mode.o)
 .text.set_object
                0x000000000000ba3e        0x4 contiki-srf06-cc26xx.a(prop-mode.o)
 .text.request  0x000000000000ba42       0x10 contiki-srf06-cc26xx.a(prop-mode.o)
 .text.soft_on_prop
                0x000000000000ba52       0x1e contiki-srf06-cc26xx.a(prop-mode.o)
 .text.send     0x000000000000ba70       0x12 contiki-srf06-cc26xx.a(prop-mode.o)
 .text.receiving_packet
                0x000000000000ba82       0x16 contiki-srf06-cc26xx.a(prop-mode.o)
 .text.clock_update
                0x000000000000ba98       0x16 contiki-srf06-cc26xx.a(clock.o)
                0x000000000000ba98                clock_update
 .text.rtimer_arch_init
                0x000000000000baae        0x2 contiki-srf06-cc26xx.a(rtimer-arch.o)
                0x000000000000baae                rtimer_arch_init
 .text.rtimer_arch_schedule
                0x000000000000bab0        0x8 contiki-srf06-cc26xx.a(rtimer-arch.o)
                0x000000000000bab0                rtimer_arch_schedule
 .text.rtimer_arch_now
                0x000000000000bab8        0x4 contiki-srf06-cc26xx.a(rtimer-arch.o)
                0x000000000000bab8                rtimer_arch_now
 .text.putchar  0x000000000000babc        0xe contiki-srf06-cc26xx.a(putchar.o)
                0x000000000000babc                putchar
 .text.puts     0x000000000000baca       0x2c contiki-srf06-cc26xx.a(putchar.o)
                0x000000000000baca                puts
 .text.dbg_send_bytes
                0x000000000000baf6       0x2a contiki-srf06-cc26xx.a(putchar.o)
                0x000000000000baf6                dbg_send_bytes
 .text.slip_arch_writeb
                0x000000000000bb20        0x4 contiki-srf06-cc26xx.a(slip-arch.o)
                0x000000000000bb20                slip_arch_writeb
 .text.oscillators_select_lf_rcosc
                0x000000000000bb24       0x3a contiki-srf06-cc26xx.a(oscillators.o)
                0x000000000000bb24                oscillators_select_lf_rcosc
 .text.oscillators_request_hf_xosc
                0x000000000000bb5e       0x2e contiki-srf06-cc26xx.a(oscillators.o)
                0x000000000000bb5e                oscillators_request_hf_xosc
 .text.IntMasterEnable
                0x000000000000bb8c        0xe contiki-srf06-cc26xx.a(rf-core.o)
 .text.rf_core_init_radio_op
                0x000000000000bb9a       0x1e contiki-srf06-cc26xx.a(rf-core.o)
                0x000000000000bb9a                rf_core_init_radio_op
 .text.random_rand
                0x000000000000bbb8        0xa contiki-srf06-cc26xx.a(random.o)
                0x000000000000bbb8                random_rand
 .text.random_init
                0x000000000000bbc2        0x4 contiki-srf06-cc26xx.a(random.o)
                0x000000000000bbc2                random_init
 .text.write_str
                0x000000000000bbc6       0x10 contiki-srf06-cc26xx.a(dbg-printf.o)
 .text.buffer_str
                0x000000000000bbd6       0x28 contiki-srf06-cc26xx.a(dbg-snprintf.o)
 .text.snprintf
                0x000000000000bbfe       0x1a contiki-srf06-cc26xx.a(dbg-snprintf.o)
                0x000000000000bbfe                snprintf
 .text.autostart_start
                0x000000000000bc18       0x14 contiki-srf06-cc26xx.a(autostart.o)
                0x000000000000bc18                autostart_start
 .text.energest_init
                0x000000000000bc2c        0x2 contiki-srf06-cc26xx.a(energest.o)
                0x000000000000bc2c                energest_init
 .text.etimer_set
                0x000000000000bc2e       0x12 contiki-srf06-cc26xx.a(etimer.o)
                0x000000000000bc2e                etimer_set
 .text.etimer_reset
                0x000000000000bc40       0x12 contiki-srf06-cc26xx.a(etimer.o)
                0x000000000000bc40                etimer_reset
 .text.etimer_restart
                0x000000000000bc52       0x12 contiki-srf06-cc26xx.a(etimer.o)
                0x000000000000bc52                etimer_restart
 .text.etimer_expired
                0x000000000000bc64        0xc contiki-srf06-cc26xx.a(etimer.o)
                0x000000000000bc64                etimer_expired
 .text.etimer_expiration_time
                0x000000000000bc70        0x6 contiki-srf06-cc26xx.a(etimer.o)
                0x000000000000bc70                etimer_expiration_time
 .text.call_process
                0x000000000000bc76        0xc contiki-srf06-cc26xx.a(process.o)
 .text.rtimer_init
                0x000000000000bc82        0x4 contiki-srf06-cc26xx.a(rtimer.o)
                0x000000000000bc82                rtimer_init
 .text.timer_set
                0x000000000000bc86        0xe contiki-srf06-cc26xx.a(timer.o)
                0x000000000000bc86                timer_set
 .text.timer_reset
                0x000000000000bc94        0xa contiki-srf06-cc26xx.a(timer.o)
                0x000000000000bc94                timer_reset
 .text.timer_restart
                0x000000000000bc9e        0xc contiki-srf06-cc26xx.a(timer.o)
                0x000000000000bc9e                timer_restart
 .text.timer_expired
                0x000000000000bcaa       0x1c contiki-srf06-cc26xx.a(timer.o)
                0x000000000000bcaa                timer_expired
 .text.list_init
                0x000000000000bcc6        0x6 contiki-srf06-cc26xx.a(list.o)
                0x000000000000bcc6                list_init
 .text.list_head
                0x000000000000bccc        0x4 contiki-srf06-cc26xx.a(list.o)
                0x000000000000bccc                list_head
 .text.list_tail
                0x000000000000bcd0        0xe contiki-srf06-cc26xx.a(list.o)
                0x000000000000bcd0                list_tail
 .text.list_remove
                0x000000000000bcde       0x28 contiki-srf06-cc26xx.a(list.o)
                0x000000000000bcde                list_remove
 .text.list_add
                0x000000000000bd06       0x1e contiki-srf06-cc26xx.a(list.o)
                0x000000000000bd06                list_add
 .text.list_push
                0x000000000000bd24       0x12 contiki-srf06-cc26xx.a(list.o)
                0x000000000000bd24                list_push
 .text.list_length
                0x000000000000bd36        0xe contiki-srf06-cc26xx.a(list.o)
                0x000000000000bd36                list_length
 .text.list_item_next
                0x000000000000bd44        0x6 contiki-srf06-cc26xx.a(list.o)
                0x000000000000bd44                list_item_next
 .text.memb_init
                0x000000000000bd4a       0x20 contiki-srf06-cc26xx.a(memb.o)
                0x000000000000bd4a                memb_init
 .text.memb_alloc
                0x000000000000bd6a       0x28 contiki-srf06-cc26xx.a(memb.o)
                0x000000000000bd6a                memb_alloc
 .text.memb_free
                0x000000000000bd92       0x2c contiki-srf06-cc26xx.a(memb.o)
                0x000000000000bd92                memb_free
 .text.memb_inmemb
                0x000000000000bdbe       0x1c contiki-srf06-cc26xx.a(memb.o)
                0x000000000000bdbe                memb_inmemb
 .text.memb_numfree
                0x000000000000bdda       0x1c contiki-srf06-cc26xx.a(memb.o)
                0x000000000000bdda                memb_numfree
 .text.ringbuf_init
                0x000000000000bdf6        0xe contiki-srf06-cc26xx.a(ringbuf.o)
                0x000000000000bdf6                ringbuf_init
 .text.ringbuf_put
                0x000000000000be04       0x26 contiki-srf06-cc26xx.a(ringbuf.o)
                0x000000000000be04                ringbuf_put
 .text.ringbuf_get
                0x000000000000be2a       0x20 contiki-srf06-cc26xx.a(ringbuf.o)
                0x000000000000be2a                ringbuf_get
 .text.chksum   0x000000000000be4a       0x38 contiki-srf06-cc26xx.a(uip6.o)
 .text.uip_icmp6chksum
                0x000000000000be82        0x6 contiki-srf06-cc26xx.a(uip6.o)
                0x000000000000be82                uip_icmp6chksum
 .text.uip_tcpchksum
                0x000000000000be88        0x6 contiki-srf06-cc26xx.a(uip6.o)
                0x000000000000be88                uip_tcpchksum
 .text.uip_udpchksum
                0x000000000000be8e        0x6 contiki-srf06-cc26xx.a(uip6.o)
                0x000000000000be8e                uip_udpchksum
 .text.uip_htonl
                0x000000000000be94       0x14 contiki-srf06-cc26xx.a(uip6.o)
                0x000000000000be94                uip_htonl
 .text.uip_ds6_list_loop
                0x000000000000bea8       0x4a contiki-srf06-cc26xx.a(uip-ds6.o)
                0x000000000000bea8                uip_ds6_list_loop
 .text.uip_ds6_maddr_rm
                0x000000000000bef2        0x8 contiki-srf06-cc26xx.a(uip-ds6.o)
                0x000000000000bef2                uip_ds6_maddr_rm
 .text.uip_ds6_set_addr_iid
                0x000000000000befa       0x12 contiki-srf06-cc26xx.a(uip-ds6.o)
                0x000000000000befa                uip_ds6_set_addr_iid
 .text.get_match_length
                0x000000000000bf0c       0x38 contiki-srf06-cc26xx.a(uip-ds6.o)
                0x000000000000bf0c                get_match_length
 .text.uip_ds6_nbr_update_lladdr
                0x000000000000bf44       0x98 contiki-srf06-cc26xx.a(uip-ds6-nbr.o)
                0x000000000000bf44                uip_ds6_nbr_update_lladdr
 .text.uip_ds6_nbr_ipaddr_from_lladdr
                0x000000000000bfdc        0x4 contiki-srf06-cc26xx.a(uip-ds6-nbr.o)
                0x000000000000bfdc                uip_ds6_nbr_ipaddr_from_lladdr
 .text.uip_ds6_nbr_lladdr_from_ipaddr
                0x000000000000bfe0       0x12 contiki-srf06-cc26xx.a(uip-ds6-nbr.o)
                0x000000000000bfe0                uip_ds6_nbr_lladdr_from_ipaddr
 .text.uip_ds6_route_next
                0x000000000000bff2        0x8 contiki-srf06-cc26xx.a(uip-ds6-route.o)
                0x000000000000bff2                uip_ds6_route_next
 .text.rm_routelist_callback
                0x000000000000bffa        0x4 contiki-srf06-cc26xx.a(uip-ds6-route.o)
 .text.psock_datalen
                0x000000000000bffe        0xa contiki-srf06-cc26xx.a(psock.o)
                0x000000000000bffe                psock_datalen
 .text.psock_init
                0x000000000000c008       0x16 contiki-srf06-cc26xx.a(psock.o)
                0x000000000000c008                psock_init
 .text.rpl_remove_routes
                0x000000000000c01e       0x1e contiki-srf06-cc26xx.a(rpl.o)
                0x000000000000c01e                rpl_remove_routes
 .text.rpl_remove_routes_by_nexthop
                0x000000000000c03c       0x30 contiki-srf06-cc26xx.a(rpl.o)
                0x000000000000c03c                rpl_remove_routes_by_nexthop
 .text.rpl_add_route
                0x000000000000c06c       0x6a contiki-srf06-cc26xx.a(rpl.o)
                0x000000000000c06c                rpl_add_route
 .text.lollipop_greater_than
                0x000000000000c0d6       0x32 contiki-srf06-cc26xx.a(rpl-dag.o)
 .text.check_prefix
                0x000000000000c108       0x58 contiki-srf06-cc26xx.a(rpl-dag.o)
 .text.rpl_rank_via_parent
                0x000000000000c160       0x1e contiki-srf06-cc26xx.a(rpl-dag.o)
                0x000000000000c160                rpl_rank_via_parent
 .text.rpl_get_parent_ipaddr
                0x000000000000c17e        0xe contiki-srf06-cc26xx.a(rpl-dag.o)
                0x000000000000c17e                rpl_get_parent_ipaddr
 .text.rpl_get_parent_link_stats
                0x000000000000c18c        0xe contiki-srf06-cc26xx.a(rpl-dag.o)
                0x000000000000c18c                rpl_get_parent_link_stats
 .text.rpl_parent_is_fresh
                0x000000000000c19a        0xe contiki-srf06-cc26xx.a(rpl-dag.o)
                0x000000000000c19a                rpl_parent_is_fresh
 .text.rpl_parent_is_reachable
                0x000000000000c1a8       0x36 contiki-srf06-cc26xx.a(rpl-dag.o)
                0x000000000000c1a8                rpl_parent_is_reachable
 .text.rpl_set_prefix
                0x000000000000c1de       0x7c contiki-srf06-cc26xx.a(rpl-dag.o)
                0x000000000000c1de                rpl_set_prefix
 .text.rpl_set_default_route
                0x000000000000c25a       0x30 contiki-srf06-cc26xx.a(rpl-dag.o)
                0x000000000000c25a                rpl_set_default_route
 .text.rpl_find_parent
                0x000000000000c28a       0x18 contiki-srf06-cc26xx.a(rpl-dag.o)
                0x000000000000c28a                rpl_find_parent
 .text.rpl_find_parent_any_dag
                0x000000000000c2a2       0x1e contiki-srf06-cc26xx.a(rpl-dag.o)
                0x000000000000c2a2                rpl_find_parent_any_dag
 .text.rpl_select_parent
                0x000000000000c2c0       0x4a contiki-srf06-cc26xx.a(rpl-dag.o)
                0x000000000000c2c0                rpl_select_parent
 .text.rpl_select_dag
                0x000000000000c30a      0x142 contiki-srf06-cc26xx.a(rpl-dag.o)
                0x000000000000c30a                rpl_select_dag
 .text.rpl_nullify_parent
                0x000000000000c44c       0x54 contiki-srf06-cc26xx.a(rpl-dag.o)
                0x000000000000c44c                rpl_nullify_parent
 .text.nbr_callback
                0x000000000000c4a0        0x4 contiki-srf06-cc26xx.a(rpl-dag.o)
 .text.rpl_free_dag
                0x000000000000c4a4       0x3a contiki-srf06-cc26xx.a(rpl-dag.o)
                0x000000000000c4a4                rpl_free_dag
 .text.rpl_move_parent
                0x000000000000c4de       0x54 contiki-srf06-cc26xx.a(rpl-dag.o)
                0x000000000000c4de                rpl_move_parent
 .text.rpl_repair_root
                0x000000000000c532       0x48 contiki-srf06-cc26xx.a(rpl-dag.o)
                0x000000000000c532                rpl_repair_root
 .text.rpl_alloc_dag
                0x000000000000c57a       0x4c contiki-srf06-cc26xx.a(rpl-dag.o)
                0x000000000000c57a                rpl_alloc_dag
 .text.rpl_process_parent_event
                0x000000000000c5c6       0x96 contiki-srf06-cc26xx.a(rpl-dag.o)
                0x000000000000c5c6                rpl_process_parent_event
 .text.rpl_add_dag
                0x000000000000c65c      0x10a contiki-srf06-cc26xx.a(rpl-dag.o)
                0x000000000000c65c                rpl_add_dag
 .text.rpl_process_dio
                0x000000000000c766      0x302 contiki-srf06-cc26xx.a(rpl-dag.o)
                0x000000000000c766                rpl_process_dio
 .text.get32    0x000000000000ca68       0x18 contiki-srf06-cc26xx.a(rpl-icmp6.o)
 .text.set32    0x000000000000ca80       0x12 contiki-srf06-cc26xx.a(rpl-icmp6.o)
 .text.get16    0x000000000000ca92        0xc contiki-srf06-cc26xx.a(rpl-icmp6.o)
 .text.set16    0x000000000000ca9e        0xa contiki-srf06-cc26xx.a(rpl-icmp6.o)
 .text.rpl_icmp6_update_nbr_table
                0x000000000000caa8       0x2e contiki-srf06-cc26xx.a(rpl-icmp6.o)
                0x000000000000caa8                rpl_icmp6_update_nbr_table
 .text.reset    0x000000000000cad6        0x2 contiki-srf06-cc26xx.a(rpl-mrhof.o)
 .text.update_metric_container
                0x000000000000cad8        0x6 contiki-srf06-cc26xx.a(rpl-mrhof.o)
 .text.parent_link_metric
                0x000000000000cade       0x12 contiki-srf06-cc26xx.a(rpl-mrhof.o)
 .text.parent_has_usable_link
                0x000000000000caf0       0x12 contiki-srf06-cc26xx.a(rpl-mrhof.o)
 .text.best_dag
                0x000000000000cb02       0x28 contiki-srf06-cc26xx.a(rpl-mrhof.o)
 .text.parent_path_cost
                0x000000000000cb2a       0x30 contiki-srf06-cc26xx.a(rpl-mrhof.o)
 .text.parent_is_acceptable
                0x000000000000cb5a       0x26 contiki-srf06-cc26xx.a(rpl-mrhof.o)
 .text.rank_via_parent
                0x000000000000cb80       0x34 contiki-srf06-cc26xx.a(rpl-mrhof.o)
 .text.best_parent
                0x000000000000cbb4       0x66 contiki-srf06-cc26xx.a(rpl-mrhof.o)
 .text.dao_ack_callback
                0x000000000000cc1a       0x20 contiki-srf06-cc26xx.a(rpl-mrhof.o)
 .text.handle_unicast_dio_timer
                0x000000000000cc3a       0x1c contiki-srf06-cc26xx.a(rpl-timers.o)
 .text.rpl_reset_dio_timer
                0x000000000000cc56       0x1c contiki-srf06-cc26xx.a(rpl-timers.o)
                0x000000000000cc56                rpl_reset_dio_timer
 .text.rpl_schedule_dao
                0x000000000000cc72        0x8 contiki-srf06-cc26xx.a(rpl-timers.o)
                0x000000000000cc72                rpl_schedule_dao
 .text.get_probing_delay
                0x000000000000cc7a       0x3a contiki-srf06-cc26xx.a(rpl-timers.o)
                0x000000000000cc7a                get_probing_delay
 .text.handle_probing_timer
                0x000000000000ccb4       0x64 contiki-srf06-cc26xx.a(rpl-timers.o)
 .text.NOROM_ThisCodeIsBuiltForCC13xxHwRev20AndLater_HaltIfViolated
                0x000000000000cd18       0x16 contiki-srf06-cc26xx.a(chipinfo.o)
                0x000000000000cd18                NOROM_ThisCodeIsBuiltForCC13xxHwRev20AndLater_HaltIfViolated
 .text.NOROM_CPUcpsid
                0x000000000000cd2e        0x8 contiki-srf06-cc26xx.a(cpu.o)
                0x000000000000cd2e                NOROM_CPUcpsid
 .text.NOROM_CPUcpsie
                0x000000000000cd36        0x8 contiki-srf06-cc26xx.a(cpu.o)
                0x000000000000cd36                NOROM_CPUcpsie
 .text.linkaddr_copy
                0x000000000000cd3e        0xa contiki-srf06-cc26xx.a(linkaddr.o)
                0x000000000000cd3e                linkaddr_copy
 .text.linkaddr_cmp
                0x000000000000cd48       0x12 contiki-srf06-cc26xx.a(linkaddr.o)
                0x000000000000cd48                linkaddr_cmp
 .text.link_stats_is_fresh
                0x000000000000cd5a       0x24 contiki-srf06-cc26xx.a(link-stats.o)
                0x000000000000cd5a                link_stats_is_fresh
 .text.nbr_set_bit
                0x000000000000cd7e       0x34 contiki-srf06-cc26xx.a(nbr-table.o)
 .text.item_from_key
                0x000000000000cdb2       0x22 contiki-srf06-cc26xx.a(nbr-table.o)
 .text.nbr_table_next
                0x000000000000cdd4       0x2e contiki-srf06-cc26xx.a(nbr-table.o)
                0x000000000000cdd4                nbr_table_next
 .text.nbr_table_get_from_lladdr
                0x000000000000ce02       0x32 contiki-srf06-cc26xx.a(nbr-table.o)
                0x000000000000ce02                nbr_table_get_from_lladdr
 .text.nbr_table_get_lladdr
                0x000000000000ce34        0xc contiki-srf06-cc26xx.a(nbr-table.o)
                0x000000000000ce34                nbr_table_get_lladdr
 .text.queuebuf_update_attr_from_packetbuf
                0x000000000000ce40        0xc contiki-srf06-cc26xx.a(queuebuf.o)
                0x000000000000ce40                queuebuf_update_attr_from_packetbuf
 .text.queuebuf_attr
                0x000000000000ce4c        0xc contiki-srf06-cc26xx.a(queuebuf.o)
                0x000000000000ce4c                queuebuf_attr
 .text.mac_call_sent_callback
                0x000000000000ce58       0x10 contiki-srf06-cc26xx.a(mac.o)
                0x000000000000ce58                mac_call_sent_callback
 .text.channel_check_interval
                0x000000000000ce68        0x4 contiki-srf06-cc26xx.a(nullrdc.o)
 .text.init     0x000000000000ce6c        0x4 contiki-srf06-cc26xx.a(nullrdc.o)
 .text.send_list
                0x000000000000ce70       0x20 contiki-srf06-cc26xx.a(nullrdc.o)
 .text.send_packet
                0x000000000000ce90        0x4 contiki-srf06-cc26xx.a(nullrdc.o)
 .text.add_security_header
                0x000000000000ce94       0x16 contiki-srf06-cc26xx.a(noncoresec.o)
 .text.stimer_set
                0x000000000000ceaa        0xe contiki-srf06-cc26xx.a(stimer.o)
                0x000000000000ceaa                stimer_set
 .text.NOROM_DDI32RegWrite
                0x000000000000ceb8        0x8 contiki-srf06-cc26xx.a(ddi.o)
                0x000000000000ceb8                NOROM_DDI32RegWrite
 .text.parse    0x000000000000cec0       0xb8 contiki-srf06-cc26xx.a(framer-802154.o)
 .text.create_frame.isra.0
                0x000000000000cf78      0x116 contiki-srf06-cc26xx.a(framer-802154.o)
 .text.create   0x000000000000d08e        0x6 contiki-srf06-cc26xx.a(framer-802154.o)
 .text.hdr_length
                0x000000000000d094        0x6 contiki-srf06-cc26xx.a(framer-802154.o)
 .text.order_and_set_counter
                0x000000000000d09a       0x18 contiki-srf06-cc26xx.a(anti-replay.o)
                0x000000000000d09a                order_and_set_counter
 .text.anti_replay_get_counter
                0x000000000000d0b2       0x1c contiki-srf06-cc26xx.a(anti-replay.o)
                0x000000000000d0b2                anti_replay_get_counter
 .text.anti_replay_init_info
                0x000000000000d0ce        0x8 contiki-srf06-cc26xx.a(anti-replay.o)
                0x000000000000d0ce                anti_replay_init_info
 .text.anti_replay_was_replayed
                0x000000000000d0d6       0x2a contiki-srf06-cc26xx.a(anti-replay.o)
                0x000000000000d0d6                anti_replay_was_replayed
 .text.frame802154_has_panid
                0x000000000000d100       0xa8 contiki-srf06-cc26xx.a(frame802154.o)
                0x000000000000d100                frame802154_has_panid
 .text.field_len
                0x000000000000d1a8       0xa2 contiki-srf06-cc26xx.a(frame802154.o)
 .text.frame802154_is_broadcast_addr
                0x000000000000d24a       0x20 contiki-srf06-cc26xx.a(frame802154.o)
                0x000000000000d24a                frame802154_is_broadcast_addr
 .text.frame802154_hdrlen
                0x000000000000d26a       0x32 contiki-srf06-cc26xx.a(frame802154.o)
                0x000000000000d26a                frame802154_hdrlen
 .text.frame802154_create
                0x000000000000d29c      0x12a contiki-srf06-cc26xx.a(frame802154.o)
                0x000000000000d29c                frame802154_create
 *(SORT(.rodata*))
 *fill*         0x000000000000d3c6        0x2 00000000
 .rodata.autostart_processes
                0x000000000000d3c8        0xc border-router.co
                0x000000000000d3c8                autostart_processes
 .rodata.rpl_interface
                0x000000000000d3d4        0x8 obj_srf06-cc26xx/slip-bridge.o
                0x000000000000d3d4                rpl_interface
 .rodata.button_left_sensor
                0x000000000000d3dc       0x10 contiki-srf06-cc26xx.a(button-sensor.o)
                0x000000000000d3dc                button_left_sensor
 .rodata.button_up_sensor
                0x000000000000d3ec       0x10 contiki-srf06-cc26xx.a(button-sensor.o)
                0x000000000000d3ec                button_up_sensor
 .rodata.button_select_sensor
                0x000000000000d3fc       0x10 contiki-srf06-cc26xx.a(button-sensor.o)
                0x000000000000d3fc                button_select_sensor
 .rodata.button_right_sensor
                0x000000000000d40c       0x10 contiki-srf06-cc26xx.a(button-sensor.o)
                0x000000000000d40c                button_right_sensor
 .rodata.button_down_sensor
                0x000000000000d41c       0x10 contiki-srf06-cc26xx.a(button-sensor.o)
                0x000000000000d41c                button_down_sensor
 .rodata.als_sensor
                0x000000000000d42c       0x10 contiki-srf06-cc26xx.a(als-sensor.o)
                0x000000000000d42c                als_sensor
 .rodata.output_power
                0x000000000000d43c       0x80 contiki-srf06-cc26xx.a(prop-mode.o)
 .rodata.mode_prop
                0x000000000000d4bc        0x8 contiki-srf06-cc26xx.a(prop-mode.o)
 .rodata.prop_mode_driver
                0x000000000000d4c4       0x38 contiki-srf06-cc26xx.a(prop-mode.o)
                0x000000000000d4c4                prop_mode_driver
 .rodata.patchImageGenfsk
                0x000000000000d4fc      0x28c contiki-srf06-cc26xx.a(prop-mode.o)
 .rodata.sicslowpan_driver
                0x000000000000d788        0xc contiki-srf06-cc26xx.a(sicslowpan.o)
                0x000000000000d788                sicslowpan_driver
 .rodata.csma_driver
                0x000000000000d794       0x1c contiki-srf06-cc26xx.a(csma.o)
                0x000000000000d794                csma_driver
 .rodata.nullrdc_driver
                0x000000000000d7b0       0x20 contiki-srf06-cc26xx.a(nullrdc.o)
                0x000000000000d7b0                nullrdc_driver
 .rodata.noncoresec_driver
                0x000000000000d7d0       0x10 contiki-srf06-cc26xx.a(noncoresec.o)
                0x000000000000d7d0                noncoresec_driver
 .rodata.noncoresec_framer