Archive member included because of file (symbol)

contiki-srf06-cc26xx.a(contiki-main.o)
                              obj_srf06-cc26xx/startup_gcc.o (main)
contiki-srf06-cc26xx.a(sensors.o)
                              contiki-srf06-cc26xx.a(contiki-main.o) (sensors_process)
contiki-srf06-cc26xx.a(leds.o)
                              contiki-srf06-cc26xx.a(contiki-main.o) (leds_init)
contiki-srf06-cc26xx.a(leds-arch.o)
                              contiki-srf06-cc26xx.a(leds.o) (leds_arch_init)
contiki-srf06-cc26xx.a(srf06-sensors.o)
                              contiki-srf06-cc26xx.a(sensors.o) (sensors_flags)
contiki-srf06-cc26xx.a(button-sensor.o)
                              contiki-srf06-cc26xx.a(srf06-sensors.o) (button_down_sensor)
contiki-srf06-cc26xx.a(board.o)
                              contiki-srf06-cc26xx.a(contiki-main.o) (board_init)
contiki-srf06-cc26xx.a(als-sensor.o)
                              contiki-srf06-cc26xx.a(srf06-sensors.o) (als_sensor)
contiki-srf06-cc26xx.a(prop-mode.o)
                              udp-server.co (prop_mode_driver)
contiki-srf06-cc26xx.a(clock.o)
                              contiki-srf06-cc26xx.a(contiki-main.o) (clock_init)
contiki-srf06-cc26xx.a(rtimer-arch.o)
                              contiki-srf06-cc26xx.a(prop-mode.o) (rtimer_arch_now)
contiki-srf06-cc26xx.a(soc-rtc.o)
                              contiki-srf06-cc26xx.a(contiki-main.o) (soc_rtc_init)
contiki-srf06-cc26xx.a(contiki-watchdo)
                              contiki-srf06-cc26xx.a(contiki-main.o) (watchdog_init)
contiki-srf06-cc26xx.a(aux-ctrl.o)
                              contiki-srf06-cc26xx.a(als-sensor.o) (aux_ctrl_register_consumer)
contiki-srf06-cc26xx.a(putchar.o)
                              udp-server.co (putchar)
contiki-srf06-cc26xx.a(ieee-addr.o)
                              contiki-srf06-cc26xx.a(contiki-main.o) (ieee_addr_cpy_to)
contiki-srf06-cc26xx.a(cc26xx-uart.o)
                              contiki-srf06-cc26xx.a(contiki-main.o) (cc26xx_uart_init)
contiki-srf06-cc26xx.a(lpm.o)
                              contiki-srf06-cc26xx.a(button-sensor.o) (lpm_shutdown)
contiki-srf06-cc26xx.a(gpio-interrupt.)
                              contiki-srf06-cc26xx.a(button-sensor.o) (gpio_interrupt_register_handler)
contiki-srf06-cc26xx.a(oscillators.o)
                              contiki-srf06-cc26xx.a(contiki-main.o) (oscillators_select_lf_xosc)
contiki-srf06-cc26xx.a(rf-core.o)
                              contiki-srf06-cc26xx.a(prop-mode.o) (rf_core_is_accessible)
contiki-srf06-cc26xx.a(rf-ble.o)
                              contiki-srf06-cc26xx.a(prop-mode.o) (rf_ble_is_active)
contiki-srf06-cc26xx.a(random.o)
                              contiki-srf06-cc26xx.a(contiki-main.o) (random_init)
contiki-srf06-cc26xx.a(soc-trng.o)
                              contiki-srf06-cc26xx.a(random.o) (soc_trng_rand_synchronous)
contiki-srf06-cc26xx.a(dbg-printf.o)
                              udp-server.co (printf)
contiki-srf06-cc26xx.a(strformat.o)
                              contiki-srf06-cc26xx.a(dbg-printf.o) (format_str_v)
contiki-srf06-cc26xx.a(autostart.o)
                              contiki-srf06-cc26xx.a(contiki-main.o) (autostart_start)
contiki-srf06-cc26xx.a(ctimer.o)
                              contiki-srf06-cc26xx.a(contiki-main.o) (ctimer_init)
contiki-srf06-cc26xx.a(energest.o)
                              contiki-srf06-cc26xx.a(contiki-main.o) (energest_init)
contiki-srf06-cc26xx.a(etimer.o)
                              contiki-srf06-cc26xx.a(clock.o) (etimer_request_poll)
contiki-srf06-cc26xx.a(process.o)
                              contiki-srf06-cc26xx.a(sensors.o) (process_alloc_event)
contiki-srf06-cc26xx.a(rtimer.o)
                              contiki-srf06-cc26xx.a(contiki-main.o) (rtimer_init)
contiki-srf06-cc26xx.a(timer.o)
                              contiki-srf06-cc26xx.a(button-sensor.o) (timer_set)
contiki-srf06-cc26xx.a(serial-line.o)
                              udp-server.co (serial_line_event_message)
contiki-srf06-cc26xx.a(list.o)
                              contiki-srf06-cc26xx.a(lpm.o) (list_init)
contiki-srf06-cc26xx.a(ringbuf.o)
                              contiki-srf06-cc26xx.a(serial-line.o) (ringbuf_init)
contiki-srf06-cc26xx.a(sicslowpan.o)
                              contiki-srf06-cc26xx.a(contiki-main.o) (sicslowpan_driver)
contiki-srf06-cc26xx.a(uip6.o)
                              contiki-srf06-cc26xx.a(sicslowpan.o) (uip_aligned_buf)
contiki-srf06-cc26xx.a(uip-ds6.o)
                              contiki-srf06-cc26xx.a(uip6.o) (uip_ds6_is_addr_onlink)
contiki-srf06-cc26xx.a(uip-ds6-nbr.o)
                              contiki-srf06-cc26xx.a(uip-ds6.o) (uip_ds6_neighbors_init)
contiki-srf06-cc26xx.a(uip-ds6-route.o)
                              contiki-srf06-cc26xx.a(uip-ds6.o) (uip_ds6_route_init)
contiki-srf06-cc26xx.a(uip-icmp6.o)
[...]
Memory Configuration

Name             Origin             Length             Attributes
FLASH            0x0000000000000000 0x000000000001ffa8 xr
FLASH_CCFG       0x000000000001ffa8 0x0000000000000058 xr
SRAM             0x0000000020000000 0x0000000000005000 xrw
GPRAM            0x0000000011000000 0x0000000000002000 xrw
*default*        0x0000000000000000 0xffffffffffffffff

Linker script and memory map

LOAD obj_srf06-cc26xx/fault-handlers.o
LOAD obj_srf06-cc26xx/ccfg.o
LOAD obj_srf06-cc26xx/startup_gcc.o
LOAD udp-server.co
LOAD contiki-srf06-cc26xx.a
LOAD /usr/lib/gcc/arm-none-eabi/4.8.2/../../../arm-none-eabi/lib/armv7-m/libm.a
START GROUP
LOAD /usr/lib/gcc/arm-none-eabi/4.8.2/armv7-m/libgcc.a
LOAD /usr/lib/gcc/arm-none-eabi/4.8.2/../../../arm-none-eabi/lib/armv7-m/libc.a
END GROUP
                0x0000000020005000                _estack = (ORIGIN (SRAM) + 0x5000)
                0x0000000000000000                _Min_Heap_Size = 0x0
                0x0000000000000100                _Min_Stack_Size = 0x100

.text           0x0000000000000000    0x10484
                0x0000000000000000                _text = .
 *(SORT(.vectors))
 .vectors       0x0000000000000000       0xc8 obj_srf06-cc26xx/startup_gcc.o
                0x0000000000000000                g_pfnVectors
 *(SORT(.text*))
 .text.FaultISR
                0x00000000000000c8       0x1c obj_srf06-cc26xx/fault-handlers.o
                0x00000000000000c8                FaultISR
 .text.NmiSRHandler
                0x00000000000000e4        0x4 obj_srf06-cc26xx/startup_gcc.o
                0x00000000000000e4                NmiSR
 .text.IntDefaultHandler
                0x00000000000000e8        0x4 obj_srf06-cc26xx/startup_gcc.o
                0x00000000000000e8                SSI0IntHandler
                0x00000000000000e8                SWEvent0IntHandler
                0x00000000000000e8                uDMAIntHandler
                0x00000000000000e8                WatchdogIntHandler
                0x00000000000000e8                RFCHardwareIntHandler
                0x00000000000000e8                Timer1BIntHandler
                0x00000000000000e8                I2SIntHandler
                0x00000000000000e8                Timer2BIntHandler
                0x00000000000000e8                Timer2AIntHandler
                0x00000000000000e8                Timer1AIntHandler
                0x00000000000000e8                AONIntHandler
                0x00000000000000e8                AUXSWEvent0IntHandler
                0x00000000000000e8                AUXADCIntHandler
                0x00000000000000e8                PendSVIntHandler
                0x00000000000000e8                AUXSWEvent1IntHandler
                0x00000000000000e8                SVCallIntHandler
                0x00000000000000e8                MPUFaultIntHandler
                0x00000000000000e8                SysTickIntHandler
                0x00000000000000e8                BusFaultIntHandler
                0x00000000000000e8                AONProgIntHandler
                0x00000000000000e8                AUXCompAIntHandler
                0x00000000000000e8                SSI1IntHandler
                0x00000000000000e8                FlashIntHandler
                0x00000000000000e8                uDMAErrIntHandler
                0x00000000000000e8                UsageFaultIntHandler
                0x00000000000000e8                RFCCmdAckIntHandler
                0x00000000000000e8                CryptoIntHandler
                0x00000000000000e8                Timer0AIntHandler
                0x00000000000000e8                I2CIntHandler
                0x00000000000000e8                DebugMonIntHandler
                0x00000000000000e8                Timer0BIntHandler
                0x00000000000000e8                AUXCombEventIntHandler
                0x00000000000000e8                Timer3AIntHandler
                0x00000000000000e8                DynProgIntHandler
                0x00000000000000e8                Timer3BIntHandler
 .text.ResetISR
                0x00000000000000ec       0x5c obj_srf06-cc26xx/startup_gcc.o
                0x00000000000000ec                ResetISR
 .text.nbr_lookup_add
                0x0000000000000148       0x2c udp-server.co
                0x0000000000000148                nbr_lookup_add
 .text.process_thread_udp_server_process
                0x0000000000000174      0x578 udp-server.co
 .text.fade     0x00000000000006ec       0x64 contiki-srf06-cc26xx.a(contiki-main.o)
 .text.startup.main
                0x0000000000000750      0x28c contiki-srf06-cc26xx.a(contiki-main.o)
                0x0000000000000750                main
 .text.process_thread_sensors_process
                0x00000000000009dc      0x138 contiki-srf06-cc26xx.a(sensors.o)
 .text.sensors_changed
                0x0000000000000b14       0x54 contiki-srf06-cc26xx.a(sensors.o)
                0x0000000000000b14                sensors_changed
 .text.leds_init
                0x0000000000000b68       0x14 contiki-srf06-cc26xx.a(leds.o)
                0x0000000000000b68                leds_init
 .text.leds_on  0x0000000000000b7c       0x14 contiki-srf06-cc26xx.a(leds.o)
                0x0000000000000b7c                leds_on
 .text.leds_off
                0x0000000000000b90       0x18 contiki-srf06-cc26xx.a(leds.o)
                0x0000000000000b90                leds_off
 .text.leds_arch_init
                0x0000000000000ba8       0x4c contiki-srf06-cc26xx.a(leds-arch.o)
                0x0000000000000ba8                leds_arch_init
 .text.leds_arch_set
                0x0000000000000bf4       0x68 contiki-srf06-cc26xx.a(leds-arch.o)
                0x0000000000000bf4                leds_arch_set
 .text.button_press_handler
                0x0000000000000c5c      0x148 contiki-srf06-cc26xx.a(button-sensor.o)
 .text.value_select
                0x0000000000000da4       0x28 contiki-srf06-cc26xx.a(button-sensor.o)
 .text.value_left
                0x0000000000000dcc       0x28 contiki-srf06-cc26xx.a(button-sensor.o)
 .text.value_right
                0x0000000000000df4       0x1c contiki-srf06-cc26xx.a(button-sensor.o)
 .text.value_up
                0x0000000000000e10       0x28 contiki-srf06-cc26xx.a(button-sensor.o)
 .text.value_down
                0x0000000000000e38       0x28 contiki-srf06-cc26xx.a(button-sensor.o)
 .text.status.part.5
                0x0000000000000e60       0x18 contiki-srf06-cc26xx.a(button-sensor.o)
 .text.status_select
                0x0000000000000e78       0x10 contiki-srf06-cc26xx.a(button-sensor.o)
 .text.status_left
                0x0000000000000e88       0x10 contiki-srf06-cc26xx.a(button-sensor.o)
 .text.status_right
                0x0000000000000e98       0x10 contiki-srf06-cc26xx.a(button-sensor.o)
 .text.status_up
                0x0000000000000ea8       0x10 contiki-srf06-cc26xx.a(button-sensor.o)
 .text.status_down
                0x0000000000000eb8       0x10 contiki-srf06-cc26xx.a(button-sensor.o)
 .text.config_buttons
                0x0000000000000ec8       0xa0 contiki-srf06-cc26xx.a(button-sensor.o)
 .text.config_select
                0x0000000000000f68        0xc contiki-srf06-cc26xx.a(button-sensor.o)
 .text.config_left
                0x0000000000000f74        0xc contiki-srf06-cc26xx.a(button-sensor.o)
 .text.config_right
                0x0000000000000f80        0xc contiki-srf06-cc26xx.a(button-sensor.o)
 .text.config_up
                0x0000000000000f8c        0xc contiki-srf06-cc26xx.a(button-sensor.o)
 .text.config_down
                0x0000000000000f98        0xc contiki-srf06-cc26xx.a(button-sensor.o)
 .text.lpm_handler
                0x0000000000000fa4       0x38 contiki-srf06-cc26xx.a(board.o)
 .text.wakeup_handler
                0x0000000000000fdc       0x20 contiki-srf06-cc26xx.a(board.o)
 .text.board_init
                0x0000000000000ffc       0x7c contiki-srf06-cc26xx.a(board.o)
                0x0000000000000ffc                board_init
 .text.status   0x0000000000001078        0x4 contiki-srf06-cc26xx.a(als-sensor.o)
 .text.value    0x000000000000107c       0x28 contiki-srf06-cc26xx.a(als-sensor.o)
 .text.config   0x00000000000010a4       0x9c contiki-srf06-cc26xx.a(als-sensor.o)
 .text.get_object
                0x0000000000001140        0x4 contiki-srf06-cc26xx.a(prop-mode.o)
 .text.set_object
                0x0000000000001144        0x4 contiki-srf06-cc26xx.a(prop-mode.o)
 .text.set_channel
                0x0000000000001148       0x64 contiki-srf06-cc26xx.a(prop-mode.o)
 .text.request  0x00000000000011ac       0x20 contiki-srf06-cc26xx.a(prop-mode.o)
 .text.soft_off_prop
                0x00000000000011cc       0x4c contiki-srf06-cc26xx.a(prop-mode.o)
 .text.prop_div_radio_setup
                0x0000000000001218       0x64 contiki-srf06-cc26xx.a(prop-mode.o)
 .text.prop_fs  0x000000000000127c       0x50 contiki-srf06-cc26xx.a(prop-mode.o)
 .text.prepare  0x00000000000012cc       0x1c contiki-srf06-cc26xx.a(prop-mode.o)
 .text.pending_packet
                0x00000000000012e8       0x38 contiki-srf06-cc26xx.a(prop-mode.o)
 .text.read_frame
                0x0000000000001320       0x54 contiki-srf06-cc26xx.a(prop-mode.o)
 .text.rx_off_prop
                0x0000000000001374       0x6c contiki-srf06-cc26xx.a(prop-mode.o)
 .text.rx_on_prop
                0x00000000000013e0       0xbc contiki-srf06-cc26xx.a(prop-mode.o)
 .text.soft_on_prop
                0x000000000000149c       0x3c contiki-srf06-cc26xx.a(prop-mode.o)
 .text.off      0x00000000000014d8       0x3c contiki-srf06-cc26xx.a(prop-mode.o)
 .text.on       0x0000000000001514      0x160 contiki-srf06-cc26xx.a(prop-mode.o)
 .text.set_value
                0x0000000000001674      0x16c contiki-srf06-cc26xx.a(prop-mode.o)
 .text.get_value
                0x00000000000017e0      0x144 contiki-srf06-cc26xx.a(prop-mode.o)
 .text.transmit
                0x0000000000001924       0xf0 contiki-srf06-cc26xx.a(prop-mode.o)
 .text.send     0x0000000000001a14       0x24 contiki-srf06-cc26xx.a(prop-mode.o)
 .text.channel_clear
                0x0000000000001a38       0x94 contiki-srf06-cc26xx.a(prop-mode.o)
 .text.receiving_packet
                0x0000000000001acc       0x28 contiki-srf06-cc26xx.a(prop-mode.o)
 .text.init     0x0000000000001af4       0xe0 contiki-srf06-cc26xx.a(prop-mode.o)
 .text.power_domain_on
                0x0000000000001bd4       0x20 contiki-srf06-cc26xx.a(clock.o)
 .text.clock_init
                0x0000000000001bf4       0xac contiki-srf06-cc26xx.a(clock.o)
                0x0000000000001bf4                clock_init
 .text.clock_time
                0x0000000000001ca0       0x38 contiki-srf06-cc26xx.a(clock.o)
                0x0000000000001ca0                clock_time
 .text.clock_update
                0x0000000000001cd8       0x40 contiki-srf06-cc26xx.a(clock.o)
                0x0000000000001cd8                clock_update
 .text.clock_seconds
                0x0000000000001d18       0x1c contiki-srf06-cc26xx.a(clock.o)
                0x0000000000001d18                clock_seconds
 .text.clock_delay_usec
                0x0000000000001d34       0xa4 contiki-srf06-cc26xx.a(clock.o)
                0x0000000000001d34                clock_delay_usec
 .text.rtimer_arch_init
                0x0000000000001dd8        0x4 contiki-srf06-cc26xx.a(rtimer-arch.o)
                0x0000000000001dd8                rtimer_arch_init
 .text.rtimer_arch_schedule
                0x0000000000001ddc        0x8 contiki-srf06-cc26xx.a(rtimer-arch.o)
                0x0000000000001ddc                rtimer_arch_schedule
 .text.rtimer_arch_now
                0x0000000000001de4        0x4 contiki-srf06-cc26xx.a(rtimer-arch.o)
                0x0000000000001de4                rtimer_arch_now
 .text.soc_rtc_init
                0x0000000000001de8       0xac contiki-srf06-cc26xx.a(soc-rtc.o)
                0x0000000000001de8                soc_rtc_init
 .text.soc_rtc_schedule_one_shot
                0x0000000000001e94       0x6c contiki-srf06-cc26xx.a(soc-rtc.o)
                0x0000000000001e94                soc_rtc_schedule_one_shot
 .text.soc_rtc_last_isr_time
                0x0000000000001f00        0xc contiki-srf06-cc26xx.a(soc-rtc.o)
                0x0000000000001f00                soc_rtc_last_isr_time
 .text.AONRTCIntHandler
                0x0000000000001f0c       0xa0 contiki-srf06-cc26xx.a(soc-rtc.o)
                0x0000000000001f0c                AONRTCIntHandler
 .text.lock_config
                0x0000000000001fac       0x1c contiki-srf06-cc26xx.a(contiki-watchdo)
 .text.unlock_config
                0x0000000000001fc8       0x30 contiki-srf06-cc26xx.a(contiki-watchdo)
 .text.watchdog_init
                0x0000000000001ff8       0x20 contiki-srf06-cc26xx.a(contiki-watchdo)
                0x0000000000001ff8                watchdog_init
 .text.watchdog_start
                0x0000000000002018       0x34 contiki-srf06-cc26xx.a(contiki-watchdo)
                0x0000000000002018                watchdog_start
 .text.watchdog_periodic
                0x000000000000204c       0x1c contiki-srf06-cc26xx.a(contiki-watchdo)
                0x000000000000204c                watchdog_periodic
 .text.aux_ctrl_power_up
                0x0000000000002068       0x2c contiki-srf06-cc26xx.a(aux-ctrl.o)
                0x0000000000002068                aux_ctrl_power_up
 .text.aux_ctrl_register_consumer
                0x0000000000002094       0x44 contiki-srf06-cc26xx.a(aux-ctrl.o)
                0x0000000000002094                aux_ctrl_register_consumer
 .text.aux_ctrl_power_down
                0x00000000000020d8       0x80 contiki-srf06-cc26xx.a(aux-ctrl.o)
                0x00000000000020d8                aux_ctrl_power_down
 .text.aux_ctrl_unregister_consumer
                0x0000000000002158       0x2c contiki-srf06-cc26xx.a(aux-ctrl.o)
                0x0000000000002158                aux_ctrl_unregister_consumer
 .text.putchar  0x0000000000002184       0x10 contiki-srf06-cc26xx.a(putchar.o)
                0x0000000000002184                putchar
 .text.puts     0x0000000000002194       0x2c contiki-srf06-cc26xx.a(putchar.o)
                0x0000000000002194                puts
 .text.dbg_send_bytes
                0x00000000000021c0       0x40 contiki-srf06-cc26xx.a(putchar.o)
                0x00000000000021c0                dbg_send_bytes
 .text.ieee_addr_cpy_to
                0x0000000000002200       0x4c contiki-srf06-cc26xx.a(ieee-addr.o)
                0x0000000000002200                ieee_addr_cpy_to
 .text.power_and_clock
                0x000000000000224c       0x4c contiki-srf06-cc26xx.a(cc26xx-uart.o)
 .text.enable   0x0000000000002298      0x108 contiki-srf06-cc26xx.a(cc26xx-uart.o)
 .text.accessible
                0x00000000000023a0       0x2c contiki-srf06-cc26xx.a(cc26xx-uart.o)
 .text.lpm_drop_handler
                0x00000000000023cc       0xe0 contiki-srf06-cc26xx.a(cc26xx-uart.o)
 .text.cc26xx_uart_init
                0x00000000000024ac       0x2c contiki-srf06-cc26xx.a(cc26xx-uart.o)
                0x00000000000024ac                cc26xx_uart_init
 .text.cc26xx_uart_write_byte
                0x00000000000024d8       0x28 contiki-srf06-cc26xx.a(cc26xx-uart.o)
                0x00000000000024d8                cc26xx_uart_write_byte
 .text.cc26xx_uart_set_input
                0x0000000000002500       0x78 contiki-srf06-cc26xx.a(cc26xx-uart.o)
                0x0000000000002500                cc26xx_uart_set_input
 .text.cc26xx_uart_busy
                0x0000000000002578       0x18 contiki-srf06-cc26xx.a(cc26xx-uart.o)
                0x0000000000002578                cc26xx_uart_busy
 .text.UART0IntHandler
                0x0000000000002590       0x60 contiki-srf06-cc26xx.a(cc26xx-uart.o)
                0x0000000000002590                UART0IntHandler
 .text.lpm_shutdown
                0x00000000000025f0      0x1bc contiki-srf06-cc26xx.a(lpm.o)
                0x00000000000025f0                lpm_shutdown
 .text.lpm_sleep
                0x00000000000027ac       0x14 contiki-srf06-cc26xx.a(lpm.o)
                0x00000000000027ac                lpm_sleep
 .text.lpm_drop
                0x00000000000027c0      0x2a4 contiki-srf06-cc26xx.a(lpm.o)
                0x00000000000027c0                lpm_drop
 .text.lpm_register_module
                0x0000000000002a64       0x10 contiki-srf06-cc26xx.a(lpm.o)
                0x0000000000002a64                lpm_register_module
 .text.lpm_unregister_module
                0x0000000000002a74       0x10 contiki-srf06-cc26xx.a(lpm.o)
                0x0000000000002a74                lpm_unregister_module
 .text.lpm_init
                0x0000000000002a84       0x24 contiki-srf06-cc26xx.a(lpm.o)
                0x0000000000002a84                lpm_init
 .text.lpm_pin_set_default_state
                0x0000000000002aa8       0x30 contiki-srf06-cc26xx.a(lpm.o)
                0x0000000000002aa8                lpm_pin_set_default_state
 .text.gpio_interrupt_register_handler
                0x0000000000002ad8       0x30 contiki-srf06-cc26xx.a(gpio-interrupt.)
                0x0000000000002ad8                gpio_interrupt_register_handler
 .text.gpio_interrupt_init
                0x0000000000002b08       0x28 contiki-srf06-cc26xx.a(gpio-interrupt.)
                0x0000000000002b08                gpio_interrupt_init
 .text.GPIOIntHandler
                0x0000000000002b30       0x34 contiki-srf06-cc26xx.a(gpio-interrupt.)
                0x0000000000002b30                GPIOIntHandler
 .text.oscillators_select_lf_xosc
                0x0000000000002b64       0x5c contiki-srf06-cc26xx.a(oscillators.o)
                0x0000000000002b64                oscillators_select_lf_xosc
 .text.oscillators_select_lf_rcosc
                0x0000000000002bc0       0x3c contiki-srf06-cc26xx.a(oscillators.o)
                0x0000000000002bc0                oscillators_select_lf_rcosc
 .text.oscillators_request_hf_xosc
                0x0000000000002bfc       0x30 contiki-srf06-cc26xx.a(oscillators.o)
                0x0000000000002bfc                oscillators_request_hf_xosc
 .text.oscillators_switch_to_hf_xosc
                0x0000000000002c2c       0x34 contiki-srf06-cc26xx.a(oscillators.o)
                0x0000000000002c2c                oscillators_switch_to_hf_xosc
 .text.oscillators_switch_to_hf_rc
                0x0000000000002c60       0x38 contiki-srf06-cc26xx.a(oscillators.o)
                0x0000000000002c60                oscillators_switch_to_hf_rc
 .text.process_thread_rf_core_process
                0x0000000000002c98       0x5c contiki-srf06-cc26xx.a(rf-core.o)
 .text.rf_core_is_accessible
                0x0000000000002cf4       0x10 contiki-srf06-cc26xx.a(rf-core.o)
                0x0000000000002cf4                rf_core_is_accessible
 .text.rf_core_send_cmd
                0x0000000000002d04       0xac contiki-srf06-cc26xx.a(rf-core.o)
                0x0000000000002d04                rf_core_send_cmd
 .text.rf_core_wait_cmd_done
                0x0000000000002db0       0x34 contiki-srf06-cc26xx.a(rf-core.o)
                0x0000000000002db0                rf_core_wait_cmd_done
 .text.rf_core_power_up
                0x0000000000002de4       0xc8 contiki-srf06-cc26xx.a(rf-core.o)
                0x0000000000002de4                rf_core_power_up
 .text.rf_core_start_rat
                0x0000000000002eac       0x6c contiki-srf06-cc26xx.a(rf-core.o)
                0x0000000000002eac                rf_core_start_rat
 .text.rf_core_stop_rat
                0x0000000000002f18       0x80 contiki-srf06-cc26xx.a(rf-core.o)
                0x0000000000002f18                rf_core_stop_rat
 .text.rf_core_power_down
                0x0000000000002f98      0x104 contiki-srf06-cc26xx.a(rf-core.o)
                0x0000000000002f98                rf_core_power_down
 .text.rf_core_set_modesel
                0x000000000000309c       0x54 contiki-srf06-cc26xx.a(rf-core.o)
                0x000000000000309c                rf_core_set_modesel
 .text.rf_core_setup_interrupts
                0x00000000000030f0       0x80 contiki-srf06-cc26xx.a(rf-core.o)
                0x00000000000030f0                rf_core_setup_interrupts
 .text.rf_core_cmd_done_en
                0x0000000000003170       0x2c contiki-srf06-cc26xx.a(rf-core.o)
                0x0000000000003170                rf_core_cmd_done_en
 .text.rf_core_cmd_done_dis
                0x000000000000319c       0x18 contiki-srf06-cc26xx.a(rf-core.o)
                0x000000000000319c                rf_core_cmd_done_dis
 .text.rf_core_get_last_radio_op
                0x00000000000031b4        0xc contiki-srf06-cc26xx.a(rf-core.o)
                0x00000000000031b4                rf_core_get_last_radio_op
 .text.rf_core_primary_mode_register
                0x00000000000031c0        0xc contiki-srf06-cc26xx.a(rf-core.o)
                0x00000000000031c0                rf_core_primary_mode_register
 .text.RFCCPE1IntHandler
                0x00000000000031cc       0x2c contiki-srf06-cc26xx.a(rf-core.o)
                0x00000000000031cc                RFCCPE1IntHandler
 .text.RFCCPE0IntHandler
                0x00000000000031f8       0x6c contiki-srf06-cc26xx.a(rf-core.o)
                0x00000000000031f8                RFCCPE0IntHandler
 .text.rf_ble_is_active
                0x0000000000003264        0xc contiki-srf06-cc26xx.a(rf-ble.o)
                0x0000000000003264                rf_ble_is_active
 .text.random_rand
                0x0000000000003270        0xc contiki-srf06-cc26xx.a(random.o)
                0x0000000000003270                random_rand
 .text.random_init
                0x000000000000327c        0x4 contiki-srf06-cc26xx.a(random.o)
                0x000000000000327c                random_init
 .text.power_up
                0x0000000000003280       0x4c contiki-srf06-cc26xx.a(soc-trng.o)
 .text.request  0x00000000000032cc       0x14 contiki-srf06-cc26xx.a(soc-trng.o)
 .text.process_thread_soc_trng_process
                0x00000000000032e0       0xb0 contiki-srf06-cc26xx.a(soc-trng.o)
 .text.accessible
                0x0000000000003390       0x2c contiki-srf06-cc26xx.a(soc-trng.o)
 .text.soc_trng_rand_synchronous
                0x00000000000033bc       0xd8 contiki-srf06-cc26xx.a(soc-trng.o)
                0x00000000000033bc                soc_trng_rand_synchronous
 .text.TRNGIntHandler
                0x0000000000003494       0x5c contiki-srf06-cc26xx.a(soc-trng.o)
                0x0000000000003494                TRNGIntHandler
 .text.soc_trng_init
                0x00000000000034f0       0x2c contiki-srf06-cc26xx.a(soc-trng.o)
                0x00000000000034f0                soc_trng_init
 .text.write_str
                0x000000000000351c       0x10 contiki-srf06-cc26xx.a(dbg-printf.o)
 .text.printf   0x000000000000352c       0x28 contiki-srf06-cc26xx.a(dbg-printf.o)
                0x000000000000352c                printf
 .text.fill_space
                0x0000000000003554       0x38 contiki-srf06-cc26xx.a(strformat.o)
 .text.format_str_v
                0x000000000000358c      0x904 contiki-srf06-cc26xx.a(strformat.o)
                0x000000000000358c                format_str_v
 .text.autostart_start
                0x0000000000003e90       0x18 contiki-srf06-cc26xx.a(autostart.o)
                0x0000000000003e90                autostart_start
 .text.process_thread_ctimer_process
                0x0000000000003ea8       0xa4 contiki-srf06-cc26xx.a(ctimer.o)
 .text.ctimer_init
                0x0000000000003f4c       0x2c contiki-srf06-cc26xx.a(ctimer.o)
                0x0000000000003f4c                ctimer_init
 .text.ctimer_set_with_process
                0x0000000000003f78       0x4c contiki-srf06-cc26xx.a(ctimer.o)
                0x0000000000003f78                ctimer_set_with_process
 .text.ctimer_set
                0x0000000000003fc4       0x18 contiki-srf06-cc26xx.a(ctimer.o)
                0x0000000000003fc4                ctimer_set
 .text.ctimer_reset
                0x0000000000003fdc       0x40 contiki-srf06-cc26xx.a(ctimer.o)
                0x0000000000003fdc                ctimer_reset
 .text.ctimer_restart
                0x000000000000401c       0x40 contiki-srf06-cc26xx.a(ctimer.o)
                0x000000000000401c                ctimer_restart
 .text.ctimer_stop
                0x000000000000405c       0x30 contiki-srf06-cc26xx.a(ctimer.o)
                0x000000000000405c                ctimer_stop
 .text.ctimer_expired
                0x000000000000408c       0x3c contiki-srf06-cc26xx.a(ctimer.o)
                0x000000000000408c                ctimer_expired
 .text.energest_init
                0x00000000000040c8        0x4 contiki-srf06-cc26xx.a(energest.o)
                0x00000000000040c8                energest_init
 .text.update_time
                0x00000000000040cc       0x50 contiki-srf06-cc26xx.a(etimer.o)
 .text.process_thread_etimer_process
                0x000000000000411c       0xd8 contiki-srf06-cc26xx.a(etimer.o)
 .text.add_timer
                0x00000000000041f4       0x60 contiki-srf06-cc26xx.a(etimer.o)
 .text.etimer_request_poll
                0x0000000000004254        0xc contiki-srf06-cc26xx.a(etimer.o)
                0x0000000000004254                etimer_request_poll
 .text.etimer_set
                0x0000000000004260       0x14 contiki-srf06-cc26xx.a(etimer.o)
                0x0000000000004260                etimer_set
 .text.etimer_reset
                0x0000000000004274       0x14 contiki-srf06-cc26xx.a(etimer.o)
                0x0000000000004274                etimer_reset
 .text.etimer_restart
                0x0000000000004288       0x14 contiki-srf06-cc26xx.a(etimer.o)
                0x0000000000004288                etimer_restart
 .text.etimer_expired
                0x000000000000429c        0xc contiki-srf06-cc26xx.a(etimer.o)
                0x000000000000429c                etimer_expired
 .text.etimer_expiration_time
                0x00000000000042a8        0x8 contiki-srf06-cc26xx.a(etimer.o)
                0x00000000000042a8                etimer_expiration_time
 .text.etimer_pending
                0x00000000000042b0       0x14 contiki-srf06-cc26xx.a(etimer.o)
                0x00000000000042b0                etimer_pending
 .text.etimer_next_expiration_time
                0x00000000000042c4       0x18 contiki-srf06-cc26xx.a(etimer.o)
                0x00000000000042c4                etimer_next_expiration_time
 .text.etimer_stop
                0x00000000000042dc       0x4c contiki-srf06-cc26xx.a(etimer.o)
                0x00000000000042dc                etimer_stop
 .text.exit_process
                0x0000000000004328       0xac contiki-srf06-cc26xx.a(process.o)
 .text.call_process.part.0
                0x00000000000043d4       0x3c contiki-srf06-cc26xx.a(process.o)
 .text.do_poll  0x0000000000004410       0x40 contiki-srf06-cc26xx.a(process.o)
 .text.process_alloc_event
                0x0000000000004450       0x10 contiki-srf06-cc26xx.a(process.o)
                0x0000000000004450                process_alloc_event
 .text.process_init
                0x0000000000004460       0x3c contiki-srf06-cc26xx.a(process.o)
                0x0000000000004460                process_init
 .text.process_run
                0x000000000000449c       0xbc contiki-srf06-cc26xx.a(process.o)
                0x000000000000449c                process_run
 .text.process_nevents
                0x0000000000004558       0x18 contiki-srf06-cc26xx.a(process.o)
                0x0000000000004558                process_nevents
 .text.process_post
                0x0000000000004570       0x48 contiki-srf06-cc26xx.a(process.o)
                0x0000000000004570                process_post
 .text.process_post_synch
                0x00000000000045b8       0x1c contiki-srf06-cc26xx.a(process.o)
                0x00000000000045b8                process_post_synch
 .text.process_start
                0x00000000000045d4       0x44 contiki-srf06-cc26xx.a(process.o)
                0x00000000000045d4                process_start
 .text.process_poll
                0x0000000000004618       0x20 contiki-srf06-cc26xx.a(process.o)
                0x0000000000004618                process_poll
 .text.rtimer_init
                0x0000000000004638        0x4 contiki-srf06-cc26xx.a(rtimer.o)
                0x0000000000004638                rtimer_init
 .text.rtimer_run_next
                0x000000000000463c       0x2c contiki-srf06-cc26xx.a(rtimer.o)
                0x000000000000463c                rtimer_run_next
 .text.timer_set
                0x0000000000004668       0x10 contiki-srf06-cc26xx.a(timer.o)
                0x0000000000004668                timer_set
 .text.timer_reset
                0x0000000000004678        0xc contiki-srf06-cc26xx.a(timer.o)
                0x0000000000004678                timer_reset
 .text.timer_restart
                0x0000000000004684        0xc contiki-srf06-cc26xx.a(timer.o)
                0x0000000000004684                timer_restart
 .text.timer_expired
                0x0000000000004690       0x1c contiki-srf06-cc26xx.a(timer.o)
                0x0000000000004690                timer_expired
 .text.process_thread_serial_line_process
                0x00000000000046ac      0x158 contiki-srf06-cc26xx.a(serial-line.o)
 .text.timeout_postdata
                0x0000000000004804       0x4c contiki-srf06-cc26xx.a(serial-line.o)
 .text.serial_line_input_byte
                0x0000000000004850       0x40 contiki-srf06-cc26xx.a(serial-line.o)
                0x0000000000004850                serial_line_input_byte
 .text.serial_line_init
                0x0000000000004890       0x2c contiki-srf06-cc26xx.a(serial-line.o)
                0x0000000000004890                serial_line_init
 .text.list_init
                0x00000000000048bc        0x8 contiki-srf06-cc26xx.a(list.o)
                0x00000000000048bc                list_init
 .text.list_head
                0x00000000000048c4        0x4 contiki-srf06-cc26xx.a(list.o)
                0x00000000000048c4                list_head
 .text.list_add
                0x00000000000048c8       0x60 contiki-srf06-cc26xx.a(list.o)
                0x00000000000048c8                list_add
 .text.list_push
                0x0000000000004928       0x48 contiki-srf06-cc26xx.a(list.o)
                0x0000000000004928                list_push
 .text.list_remove
                0x0000000000004970       0x40 contiki-srf06-cc26xx.a(list.o)
                0x0000000000004970                list_remove
 .text.list_length
                0x00000000000049b0       0x14 contiki-srf06-cc26xx.a(list.o)
                0x00000000000049b0                list_length
 .text.list_item_next
                0x00000000000049c4        0x8 contiki-srf06-cc26xx.a(list.o)
                0x00000000000049c4                list_item_next
 .text.ringbuf_init
                0x00000000000049cc       0x10 contiki-srf06-cc26xx.a(ringbuf.o)
                0x00000000000049cc                ringbuf_init
 .text.ringbuf_put
                0x00000000000049dc       0x30 contiki-srf06-cc26xx.a(ringbuf.o)
                0x00000000000049dc                ringbuf_put
 .text.ringbuf_get
                0x0000000000004a0c       0x28 contiki-srf06-cc26xx.a(ringbuf.o)
                0x0000000000004a0c                ringbuf_get
 .text.sicslowpan_init
                0x0000000000004a34       0x28 contiki-srf06-cc26xx.a(sicslowpan.o)
                0x0000000000004a34                sicslowpan_init
 .text.compress_addr_64
                0x0000000000004a5c       0xa4 contiki-srf06-cc26xx.a(sicslowpan.o)
 .text.set_packet_attrs
                0x0000000000004b00       0x4c contiki-srf06-cc26xx.a(sicslowpan.o)
 .text.addr_context_lookup_by_prefix
                0x0000000000004b4c       0x28 contiki-srf06-cc26xx.a(sicslowpan.o)
 .text.send_packet
                0x0000000000004b74       0x28 contiki-srf06-cc26xx.a(sicslowpan.o)
 .text.packet_sent
                0x0000000000004b9c       0x2c contiki-srf06-cc26xx.a(sicslowpan.o)
 .text.store_fragment
                0x0000000000004bc8       0x78 contiki-srf06-cc26xx.a(sicslowpan.o)
 .text.add_fragment
                0x0000000000004c40      0x1cc contiki-srf06-cc26xx.a(sicslowpan.o)
 .text.uncompress_addr
                0x0000000000004e0c       0x8c contiki-srf06-cc26xx.a(sicslowpan.o)
 .text.input    0x0000000000004e98      0x704 contiki-srf06-cc26xx.a(sicslowpan.o)
 .text.output   0x000000000000559c      0x7dc contiki-srf06-cc26xx.a(sicslowpan.o)
 .text.chksum   0x0000000000005d78       0x50 contiki-srf06-cc26xx.a(uip6.o)
 .text.upper_layer_chksum
                0x0000000000005dc8       0x5c contiki-srf06-cc26xx.a(uip6.o)
 .text.ext_hdr_options_process
                0x0000000000005e24       0xd4 contiki-srf06-cc26xx.a(uip6.o)
 .text.uip_add32
                0x0000000000005ef8       0x60 contiki-srf06-cc26xx.a(uip6.o)
                0x0000000000005ef8                uip_add32
 .text.unlikely.uip_add_rcv_nxt
                0x0000000000005f58       0x34 contiki-srf06-cc26xx.a(uip6.o)
 .text.uip_icmp6chksum
                0x0000000000005f8c        0x8 contiki-srf06-cc26xx.a(uip6.o)
                0x0000000000005f8c                uip_icmp6chksum
 .text.uip_init
                0x0000000000005f94       0x60 contiki-srf06-cc26xx.a(uip6.o)
                0x0000000000005f94                uip_init
 .text.remove_ext_hdr
                0x0000000000005ff4       0x68 contiki-srf06-cc26xx.a(uip6.o)
                0x0000000000005ff4                remove_ext_hdr
 .text.uip_udp_new
                0x000000000000605c       0xac contiki-srf06-cc26xx.a(uip6.o)
                0x000000000000605c                uip_udp_new
 .text.uip_unlisten
                0x0000000000006108       0x28 contiki-srf06-cc26xx.a(uip6.o)
                0x0000000000006108                uip_unlisten
 .text.uip_process
                0x0000000000006130     0x1278 contiki-srf06-cc26xx.a(uip6.o)
                0x0000000000006130                uip_process
 .text.uip_htonl
                0x00000000000073a8       0x14 contiki-srf06-cc26xx.a(uip6.o)
                0x00000000000073a8                uip_htonl
 .text.uip_ds6_list_loop
                0x00000000000073bc       0x68 contiki-srf06-cc26xx.a(uip-ds6.o)
                0x00000000000073bc                uip_ds6_list_loop
 .text.uip_ds6_prefix_add
                0x0000000000007424       0x70 contiki-srf06-cc26xx.a(uip-ds6.o)
                0x0000000000007424                uip_ds6_prefix_add
 .text.uip_ds6_is_addr_onlink
                0x0000000000007494       0x4c contiki-srf06-cc26xx.a(uip-ds6.o)
                0x0000000000007494                uip_ds6_is_addr_onlink
 .text.uip_ds6_addr_lookup
                0x00000000000074e0       0x30 contiki-srf06-cc26xx.a(uip-ds6.o)
                0x00000000000074e0                uip_ds6_addr_lookup
 .text.uip_ds6_get_link_local
                0x0000000000007510       0x50 contiki-srf06-cc26xx.a(uip-ds6.o)
                0x0000000000007510                uip_ds6_get_link_local
 .text.uip_ds6_maddr_add
                0x0000000000007560       0x50 contiki-srf06-cc26xx.a(uip-ds6.o)
                0x0000000000007560                uip_ds6_maddr_add
 .text.uip_ds6_addr_add
                0x00000000000075b0       0xac contiki-srf06-cc26xx.a(uip-ds6.o)
                0x00000000000075b0                uip_ds6_addr_add
 .text.uip_ds6_maddr_lookup
                0x000000000000765c       0x30 contiki-srf06-cc26xx.a(uip-ds6.o)
                0x000000000000765c                uip_ds6_maddr_lookup
 .text.uip_ds6_addr_rm
                0x000000000000768c       0x4c contiki-srf06-cc26xx.a(uip-ds6.o)
                0x000000000000768c                uip_ds6_addr_rm
 .text.uip_ds6_periodic
                0x00000000000076d8       0x60 contiki-srf06-cc26xx.a(uip-ds6.o)
                0x00000000000076d8                uip_ds6_periodic
 .text.uip_ds6_select_src
                0x0000000000007738      0x104 contiki-srf06-cc26xx.a(uip-ds6.o)
                0x0000000000007738                uip_ds6_select_src
 .text.uip_ds6_set_addr_iid
                0x000000000000783c       0x14 contiki-srf06-cc26xx.a(uip-ds6.o)
                0x000000000000783c                uip_ds6_set_addr_iid
 .text.uip_ds6_compute_reachable_time
                0x0000000000007850       0x2c contiki-srf06-cc26xx.a(uip-ds6.o)
                0x0000000000007850                uip_ds6_compute_reachable_time
 .text.uip_ds6_init
                0x000000000000787c      0x100 contiki-srf06-cc26xx.a(uip-ds6.o)
                0x000000000000787c                uip_ds6_init
 .text.uip_ds6_nbr_rm
                0x000000000000797c       0x20 contiki-srf06-cc26xx.a(uip-ds6-nbr.o)
                0x000000000000797c                uip_ds6_nbr_rm
 .text.uip_ds6_neighbors_init
                0x000000000000799c       0x20 contiki-srf06-cc26xx.a(uip-ds6-nbr.o)
                0x000000000000799c                uip_ds6_neighbors_init
 .text.uip_ds6_nbr_add
                0x00000000000079bc       0x38 contiki-srf06-cc26xx.a(uip-ds6-nbr.o)
                0x00000000000079bc                uip_ds6_nbr_add
 .text.uip_ds6_nbr_update_lladdr
                0x00000000000079f4       0x80 contiki-srf06-cc26xx.a(uip-ds6-nbr.o)
                0x00000000000079f4                uip_ds6_nbr_update_lladdr
 .text.uip_ds6_nbr_get_ll
                0x0000000000007a74       0x10 contiki-srf06-cc26xx.a(uip-ds6-nbr.o)
                0x0000000000007a74                uip_ds6_nbr_get_ll
 .text.uip_ds6_nbr_lookup
                0x0000000000007a84       0x3c contiki-srf06-cc26xx.a(uip-ds6-nbr.o)
                0x0000000000007a84                uip_ds6_nbr_lookup
 .text.uip_ds6_nbr_ipaddr_from_lladdr
                0x0000000000007ac0       0x10 contiki-srf06-cc26xx.a(uip-ds6-nbr.o)
                0x0000000000007ac0                uip_ds6_nbr_ipaddr_from_lladdr
 .text.uip_ds6_nbr_lladdr_from_ipaddr
                0x0000000000007ad0       0x20 contiki-srf06-cc26xx.a(uip-ds6-nbr.o)
                0x0000000000007ad0                uip_ds6_nbr_lladdr_from_ipaddr
 .text.uip_ds6_link_neighbor_callback
                0x0000000000007af0       0x38 contiki-srf06-cc26xx.a(uip-ds6-nbr.o)
                0x0000000000007af0                uip_ds6_link_neighbor_callback
 .text.call_route_callback
                0x0000000000007b28       0x54 contiki-srf06-cc26xx.a(uip-ds6-route.o)
 .text.uip_ds6_route_init
                0x0000000000007b7c       0x58 contiki-srf06-cc26xx.a(uip-ds6-route.o)
                0x0000000000007b7c                uip_ds6_route_init
 .text.uip_ds6_route_nexthop
                0x0000000000007bd4       0x20 contiki-srf06-cc26xx.a(uip-ds6-route.o)
                0x0000000000007bd4                uip_ds6_route_nexthop
 .text.uip_ds6_route_head
                0x0000000000007bf4        0xc contiki-srf06-cc26xx.a(uip-ds6-route.o)
                0x0000000000007bf4                uip_ds6_route_head
 .text.uip_ds6_route_next
                0x0000000000007c00        0x8 contiki-srf06-cc26xx.a(uip-ds6-route.o)
                0x0000000000007c00                uip_ds6_route_next
 .text.uip_ds6_route_is_nexthop
                0x0000000000007c08       0x20 contiki-srf06-cc26xx.a(uip-ds6-route.o)
                0x0000000000007c08                uip_ds6_route_is_nexthop
 .text.uip_ds6_route_lookup
                0x0000000000007c28       0x88 contiki-srf06-cc26xx.a(uip-ds6-route.o)
                0x0000000000007c28                uip_ds6_route_lookup
 .text.uip_ds6_route_rm
                0x0000000000007cb0       0xb4 contiki-srf06-cc26xx.a(uip-ds6-route.o)
                0x0000000000007cb0                uip_ds6_route_rm
 .text.rm_routelist
                0x0000000000007d64       0x34 contiki-srf06-cc26xx.a(uip-ds6-route.o)
 .text.rm_routelist_callback
                0x0000000000007d98        0x4 contiki-srf06-cc26xx.a(uip-ds6-route.o)
 .text.uip_ds6_route_add
                0x0000000000007d9c      0x13c contiki-srf06-cc26xx.a(uip-ds6-route.o)
                0x0000000000007d9c                uip_ds6_route_add
 .text.uip_ds6_defrt_rm
                0x0000000000007ed8       0x50 contiki-srf06-cc26xx.a(uip-ds6-route.o)
                0x0000000000007ed8                uip_ds6_defrt_rm
 .text.uip_ds6_defrt_lookup
                0x0000000000007f28       0x38 contiki-srf06-cc26xx.a(uip-ds6-route.o)
                0x0000000000007f28                uip_ds6_defrt_lookup
 .text.uip_ds6_defrt_add
                0x0000000000007f60       0x60 contiki-srf06-cc26xx.a(uip-ds6-route.o)
                0x0000000000007f60                uip_ds6_defrt_add
 .text.uip_ds6_defrt_choose
                0x0000000000007fc0       0x38 contiki-srf06-cc26xx.a(uip-ds6-route.o)
                0x0000000000007fc0                uip_ds6_defrt_choose
 .text.uip_ds6_defrt_periodic
                0x0000000000007ff8       0x44 contiki-srf06-cc26xx.a(uip-ds6-route.o)
                0x0000000000007ff8                uip_ds6_defrt_periodic
 .text.echo_reply_input
                0x000000000000803c       0xb0 contiki-srf06-cc26xx.a(uip-icmp6.o)
 .text.echo_request_input
                0x00000000000080ec       0xc0 contiki-srf06-cc26xx.a(uip-icmp6.o)
 .text.uip_icmp6_input
                0x00000000000081ac       0x44 contiki-srf06-cc26xx.a(uip-icmp6.o)
                0x00000000000081ac                uip_icmp6_input
 .text.uip_icmp6_register_input_handler
                0x00000000000081f0       0x10 contiki-srf06-cc26xx.a(uip-icmp6.o)
                0x00000000000081f0                uip_icmp6_register_input_handler
 .text.uip_icmp6_error_output
                0x0000000000008200      0x198 contiki-srf06-cc26xx.a(uip-icmp6.o)
                0x0000000000008200                uip_icmp6_error_output
 .text.uip_icmp6_send
                0x0000000000008398       0x94 contiki-srf06-cc26xx.a(uip-icmp6.o)
                0x0000000000008398                uip_icmp6_send
 .text.uip_icmp6_init
                0x000000000000842c       0x2c contiki-srf06-cc26xx.a(uip-icmp6.o)
                0x000000000000842c                uip_icmp6_init
 .text.ns_input
                0x0000000000008458      0x2c8 contiki-srf06-cc26xx.a(uip-nd6.o)
 .text.uip_nd6_init
                0x0000000000008720        0xc contiki-srf06-cc26xx.a(uip-nd6.o)
                0x0000000000008720                uip_nd6_init
 .text.start_periodic_tcp_timer
                0x000000000000872c       0x24 contiki-srf06-cc26xx.a(tcpip.o)
 .text.tcpip_inputfunc
                0x0000000000008750       0x2c contiki-srf06-cc26xx.a(tcpip.o)
                0x0000000000008750                tcpip_inputfunc
 .text.tcpip_set_outputfunc
                0x000000000000877c        0xc contiki-srf06-cc26xx.a(tcpip.o)
                0x000000000000877c                tcpip_set_outputfunc
 .text.tcpip_input
                0x0000000000008788       0x14 contiki-srf06-cc26xx.a(tcpip.o)
                0x0000000000008788                tcpip_input
 .text.udp_new  0x000000000000879c       0x1c contiki-srf06-cc26xx.a(tcpip.o)
                0x000000000000879c                udp_new
 .text.tcpip_icmp6_call
                0x00000000000087b8       0x30 contiki-srf06-cc26xx.a(tcpip.o)
                0x00000000000087b8                tcpip_icmp6_call
 .text.tcpip_ipv6_output
                0x00000000000087e8       0xd8 contiki-srf06-cc26xx.a(tcpip.o)
                0x00000000000087e8                tcpip_ipv6_output
 .text.process_thread_tcpip_process
                0x00000000000088c0      0x214 contiki-srf06-cc26xx.a(tcpip.o)
 .text.tcpip_uipcall
                0x0000000000008ad4       0x78 contiki-srf06-cc26xx.a(tcpip.o)
                0x0000000000008ad4                tcpip_uipcall
 .text.uip_debug_ipaddr_print
                0x0000000000008b4c       0xbc contiki-srf06-cc26xx.a(uip-debug.o)
                0x0000000000008b4c                uip_debug_ipaddr_print
 .text.uip_udp_packet_send
                0x0000000000008c08       0x50 contiki-srf06-cc26xx.a(uip-udp-packet.)
                0x0000000000008c08                uip_udp_packet_send
 .text.uip_udp_packet_sendto
                0x0000000000008c58       0x4c contiki-srf06-cc26xx.a(uip-udp-packet.)
                0x0000000000008c58                uip_udp_packet_sendto
 .text.rpl_get_mode
                0x0000000000008ca4        0xc contiki-srf06-cc26xx.a(rpl.o)
                0x0000000000008ca4                rpl_get_mode
 .text.rpl_purge_routes
                0x0000000000008cb0       0x80 contiki-srf06-cc26xx.a(rpl.o)
                0x0000000000008cb0                rpl_purge_routes
 .text.rpl_remove_routes
                0x0000000000008d30       0x2c contiki-srf06-cc26xx.a(rpl.o)
                0x0000000000008d30                rpl_remove_routes
 .text.rpl_remove_routes_by_nexthop
                0x0000000000008d5c       0x38 contiki-srf06-cc26xx.a(rpl.o)
                0x0000000000008d5c                rpl_remove_routes_by_nexthop
 .text.rpl_add_route
                0x0000000000008d94       0x6c contiki-srf06-cc26xx.a(rpl.o)
                0x0000000000008d94                rpl_add_route
 .text.rpl_link_neighbor_callback
                0x0000000000008e00       0x60 contiki-srf06-cc26xx.a(rpl.o)
                0x0000000000008e00                rpl_link_neighbor_callback
 .text.rpl_ipv6_neighbor_callback
                0x0000000000008e60       0x30 contiki-srf06-cc26xx.a(rpl.o)
                0x0000000000008e60                rpl_ipv6_neighbor_callback
 .text.rpl_purge_dags
                0x0000000000008e90       0x44 contiki-srf06-cc26xx.a(rpl.o)
                0x0000000000008e90                rpl_purge_dags
 .text.rpl_init
                0x0000000000008ed4       0x50 contiki-srf06-cc26xx.a(rpl.o)
                0x0000000000008ed4                rpl_init
 .text.rpl_set_preferred_parent
                0x0000000000008f24       0x28 contiki-srf06-cc26xx.a(rpl-dag.o)
 .text.set_ip_from_prefix
                0x0000000000008f4c       0x30 contiki-srf06-cc26xx.a(rpl-dag.o)
 .text.check_prefix
                0x0000000000008f7c       0x70 contiki-srf06-cc26xx.a(rpl-dag.o)
 .text.find_parent_any_dag_any_instance
                0x0000000000008fec       0x20 contiki-srf06-cc26xx.a(rpl-dag.o)
 .text.lollipop_greater_than
                0x000000000000900c       0x3c contiki-srf06-cc26xx.a(rpl-dag.o)
 .text.rpl_dag_init
                0x0000000000009048       0x18 contiki-srf06-cc26xx.a(rpl-dag.o)
                0x0000000000009048                rpl_dag_init
 .text.rpl_get_parent
                0x0000000000009060       0x10 contiki-srf06-cc26xx.a(rpl-dag.o)
                0x0000000000009060                rpl_get_parent
 .text.rpl_rank_via_parent
                0x0000000000009070       0x20 contiki-srf06-cc26xx.a(rpl-dag.o)
                0x0000000000009070                rpl_rank_via_parent
 .text.rpl_get_parent_lladdr
                0x0000000000009090       0x10 contiki-srf06-cc26xx.a(rpl-dag.o)
                0x0000000000009090                rpl_get_parent_lladdr
 .text.rpl_get_parent_ipaddr
                0x00000000000090a0       0x1c contiki-srf06-cc26xx.a(rpl-dag.o)
                0x00000000000090a0                rpl_get_parent_ipaddr
 .text.rpl_get_parent_link_stats
                0x00000000000090bc       0x1c contiki-srf06-cc26xx.a(rpl-dag.o)
                0x00000000000090bc                rpl_get_parent_link_stats
 .text.best_parent
                0x00000000000090d8       0x88 contiki-srf06-cc26xx.a(rpl-dag.o)
 .text.rpl_parent_is_fresh
                0x0000000000009160       0x10 contiki-srf06-cc26xx.a(rpl-dag.o)
                0x0000000000009160                rpl_parent_is_fresh
 .text.rpl_parent_is_reachable
                0x0000000000009170       0x40 contiki-srf06-cc26xx.a(rpl-dag.o)
                0x0000000000009170                rpl_parent_is_reachable
 .text.rpl_repair_root
                0x00000000000091b0       0x68 contiki-srf06-cc26xx.a(rpl-dag.o)
                0x00000000000091b0                rpl_repair_root
 .text.rpl_set_prefix
                0x0000000000009218       0xac contiki-srf06-cc26xx.a(rpl-dag.o)
                0x0000000000009218                rpl_set_prefix
 .text.rpl_set_default_route
                0x00000000000092c4       0x30 contiki-srf06-cc26xx.a(rpl-dag.o)
                0x00000000000092c4                rpl_set_default_route
 .text.rpl_alloc_instance
                0x00000000000092f4       0x34 contiki-srf06-cc26xx.a(rpl-dag.o)
                0x00000000000092f4                rpl_alloc_instance
 .text.rpl_alloc_dag
                0x0000000000009328       0x64 contiki-srf06-cc26xx.a(rpl-dag.o)
                0x0000000000009328                rpl_alloc_dag
 .text.rpl_add_parent
                0x000000000000938c       0x30 contiki-srf06-cc26xx.a(rpl-dag.o)
                0x000000000000938c                rpl_add_parent
 .text.rpl_find_parent
                0x00000000000093bc       0x18 contiki-srf06-cc26xx.a(rpl-dag.o)
                0x00000000000093bc                rpl_find_parent
 .text.rpl_find_parent_any_dag
                0x00000000000093d4       0x1c contiki-srf06-cc26xx.a(rpl-dag.o)
                0x00000000000093d4                rpl_find_parent_any_dag
 .text.rpl_select_parent
                0x00000000000093f0       0x58 contiki-srf06-cc26xx.a(rpl-dag.o)
                0x00000000000093f0                rpl_select_parent
 .text.rpl_select_dag
                0x0000000000009448      0x180 contiki-srf06-cc26xx.a(rpl-dag.o)
                0x0000000000009448                rpl_select_dag
 .text.rpl_nullify_parent
                0x00000000000095c8       0x58 contiki-srf06-cc26xx.a(rpl-dag.o)
                0x00000000000095c8                rpl_nullify_parent
 .text.rpl_remove_parent
                0x0000000000009620       0x1c contiki-srf06-cc26xx.a(rpl-dag.o)
                0x0000000000009620                rpl_remove_parent
 .text.nbr_callback
                0x000000000000963c        0x4 contiki-srf06-cc26xx.a(rpl-dag.o)
 .text.remove_parents.constprop.6
                0x0000000000009640       0x44 contiki-srf06-cc26xx.a(rpl-dag.o)
 .text.rpl_free_dag
                0x0000000000009684       0x3c contiki-srf06-cc26xx.a(rpl-dag.o)
                0x0000000000009684                rpl_free_dag
 .text.rpl_set_root
                0x00000000000096c0      0x15c contiki-srf06-cc26xx.a(rpl-dag.o)
                0x00000000000096c0                rpl_set_root
 .text.rpl_move_parent
                0x000000000000981c       0x58 contiki-srf06-cc26xx.a(rpl-dag.o)
                0x000000000000981c                rpl_move_parent
 .text.rpl_get_any_dag
                0x0000000000009874       0x1c contiki-srf06-cc26xx.a(rpl-dag.o)
                0x0000000000009874                rpl_get_any_dag
 .text.rpl_get_instance
                0x0000000000009890       0x20 contiki-srf06-cc26xx.a(rpl-dag.o)
                0x0000000000009890                rpl_get_instance
 .text.rpl_join_instance
                0x00000000000098b0      0x15c contiki-srf06-cc26xx.a(rpl-dag.o)
                0x00000000000098b0                rpl_join_instance
 .text.rpl_local_repair
                0x0000000000009a0c       0x8c contiki-srf06-cc26xx.a(rpl-dag.o)
                0x0000000000009a0c                rpl_local_repair
 .text.rpl_process_parent_event
                0x0000000000009a98       0xa0 contiki-srf06-cc26xx.a(rpl-dag.o)
                0x0000000000009a98                rpl_process_parent_event
 .text.rpl_add_dag
                0x0000000000009b38      0x150 contiki-srf06-cc26xx.a(rpl-dag.o)
                0x0000000000009b38                rpl_add_dag
 .text.rpl_recalculate_ranks
                0x0000000000009c88       0x48 contiki-srf06-cc26xx.a(rpl-dag.o)
                0x0000000000009c88                rpl_recalculate_ranks
 .text.rpl_process_dio
                0x0000000000009cd0      0x388 contiki-srf06-cc26xx.a(rpl-dag.o)
                0x0000000000009cd0                rpl_process_dio
 .text.update_hbh_header
                0x000000000000a058       0xd4 contiki-srf06-cc26xx.a(rpl-ext-header.)
 .text.insert_hbh_header.isra.0
                0x000000000000a12c       0xbc contiki-srf06-cc26xx.a(rpl-ext-header.)
 .text.rpl_verify_hbh_header
                0x000000000000a1e8      0x100 contiki-srf06-cc26xx.a(rpl-ext-header.)
                0x000000000000a1e8                rpl_verify_hbh_header
 .text.rpl_remove_header
                0x000000000000a2e8       0x8c contiki-srf06-cc26xx.a(rpl-ext-header.)
                0x000000000000a2e8                rpl_remove_header
 .text.rpl_update_header
                0x000000000000a374       0x70 contiki-srf06-cc26xx.a(rpl-ext-header.)
                0x000000000000a374                rpl_update_header
 .text.get32    0x000000000000a3e4       0x18 contiki-srf06-cc26xx.a(rpl-icmp6.o)
 .text.get_global_addr
                0x000000000000a3fc       0x54 contiki-srf06-cc26xx.a(rpl-icmp6.o)
 .text.dao_ack_input
                0x000000000000a450      0x114 contiki-srf06-cc26xx.a(rpl-icmp6.o)
 .text.dio_input
                0x000000000000a564      0x298 contiki-srf06-cc26xx.a(rpl-icmp6.o)
 .text.dao_output_target_seq
                0x000000000000a7fc      0x134 contiki-srf06-cc26xx.a(rpl-icmp6.o)
 .text.handle_dao_retransmission
                0x000000000000a930       0xac contiki-srf06-cc26xx.a(rpl-icmp6.o)
 .text.rpl_icmp6_update_nbr_table
                0x000000000000a9dc       0x38 contiki-srf06-cc26xx.a(rpl-icmp6.o)
                0x000000000000a9dc                rpl_icmp6_update_nbr_table
 .text.dis_output
                0x000000000000aa14       0x5c contiki-srf06-cc26xx.a(rpl-icmp6.o)
                0x000000000000aa14                dis_output
 .text.dio_output
                0x000000000000aa70      0x2fc contiki-srf06-cc26xx.a(rpl-icmp6.o)
                0x000000000000aa70                dio_output
 .text.dis_input
                0x000000000000ad6c       0x5c contiki-srf06-cc26xx.a(rpl-icmp6.o)
 .text.dao_output
                0x000000000000adc8       0x70 contiki-srf06-cc26xx.a(rpl-icmp6.o)
                0x000000000000adc8                dao_output
 .text.dao_output_target
                0x000000000000ae38       0x18 contiki-srf06-cc26xx.a(rpl-icmp6.o)
                0x000000000000ae38                dao_output_target
 .text.dao_ack_output
                0x000000000000ae50       0x34 contiki-srf06-cc26xx.a(rpl-icmp6.o)
                0x000000000000ae50                dao_ack_output
 .text.dao_input
                0x000000000000ae84      0x3a4 contiki-srf06-cc26xx.a(rpl-icmp6.o)
 .text.rpl_icmp6_register_handlers
                0x000000000000b228       0x38 contiki-srf06-cc26xx.a(rpl-icmp6.o)
                0x000000000000b228                rpl_icmp6_register_handlers
 .text.reset    0x000000000000b260        0x4 contiki-srf06-cc26xx.a(rpl-mrhof.o)
 .text.update_metric_container
                0x000000000000b264        0x8 contiki-srf06-cc26xx.a(rpl-mrhof.o)
 .text.parent_link_metric
                0x000000000000b26c       0x14 contiki-srf06-cc26xx.a(rpl-mrhof.o)
 .text.parent_has_usable_link
                0x000000000000b280       0x18 contiki-srf06-cc26xx.a(rpl-mrhof.o)
 .text.best_dag
                0x000000000000b298       0x2c contiki-srf06-cc26xx.a(rpl-mrhof.o)
 .text.parent_path_cost
                0x000000000000b2c4       0x44 contiki-srf06-cc26xx.a(rpl-mrhof.o)
 .text.parent_is_acceptable
                0x000000000000b308       0x30 contiki-srf06-cc26xx.a(rpl-mrhof.o)
 .text.rank_via_parent
                0x000000000000b338       0x34 contiki-srf06-cc26xx.a(rpl-mrhof.o)
 .text.best_parent
                0x000000000000b36c       0x68 contiki-srf06-cc26xx.a(rpl-mrhof.o)
 .text.dao_ack_callback
                0x000000000000b3d4       0x20 contiki-srf06-cc26xx.a(rpl-mrhof.o)
 .text.new_dio_interval
                0x000000000000b3f4       0x68 contiki-srf06-cc26xx.a(rpl-timers.o)
 .text.handle_periodic_timer
                0x000000000000b45c       0x60 contiki-srf06-cc26xx.a(rpl-timers.o)
 .text.set_dao_lifetime_timer
                0x000000000000b4bc       0x48 contiki-srf06-cc26xx.a(rpl-timers.o)
 .text.handle_unicast_dio_timer
                0x000000000000b504       0x1c contiki-srf06-cc26xx.a(rpl-timers.o)
 .text.handle_dio_timer
                0x000000000000b520       0x94 contiki-srf06-cc26xx.a(rpl-timers.o)
 .text.schedule_dao
                0x000000000000b5b4       0x54 contiki-srf06-cc26xx.a(rpl-timers.o)
 .text.handle_dao_timer
                0x000000000000b608       0x60 contiki-srf06-cc26xx.a(rpl-timers.o)
 .text.rpl_reset_periodic_timer
                0x000000000000b668       0x44 contiki-srf06-cc26xx.a(rpl-timers.o)
                0x000000000000b668                rpl_reset_periodic_timer
 .text.rpl_reset_dio_timer
                0x000000000000b6ac       0x1c contiki-srf06-cc26xx.a(rpl-timers.o)
                0x000000000000b6ac                rpl_reset_dio_timer
 .text.rpl_schedule_dao
                0x000000000000b6c8        0x8 contiki-srf06-cc26xx.a(rpl-timers.o)
                0x000000000000b6c8                rpl_schedule_dao
 .text.rpl_schedule_unicast_dio_immediately
                0x000000000000b6d0       0x14 contiki-srf06-cc26xx.a(rpl-timers.o)
                0x000000000000b6d0                rpl_schedule_unicast_dio_immediately
 .text.get_probing_delay
                0x000000000000b6e4       0x50 contiki-srf06-cc26xx.a(rpl-timers.o)
                0x000000000000b6e4                get_probing_delay
 .text.get_probing_target
                0x000000000000b734       0xf4 contiki-srf06-cc26xx.a(rpl-timers.o)
                0x000000000000b734                get_probing_target
 .text.rpl_schedule_probing
                0x000000000000b828       0x24 contiki-srf06-cc26xx.a(rpl-timers.o)
                0x000000000000b828                rpl_schedule_probing
 .text.handle_probing_timer
                0x000000000000b84c       0x64 contiki-srf06-cc26xx.a(rpl-timers.o)
 .text.SafeHapiVoid
                0x000000000000b8b0       0x34 contiki-srf06-cc26xx.a(adi.o)
                0x000000000000b8b0                SafeHapiVoid
 .text.SafeHapiAuxAdiSelect
                0x000000000000b8e4       0x38 contiki-srf06-cc26xx.a(adi.o)
                0x000000000000b8e4                SafeHapiAuxAdiSelect
 .text.NOROM_AONRTCCurrentCompareValueGet
                0x000000000000b91c       0x28 contiki-srf06-cc26xx.a(aon_rtc.o)
                0x000000000000b91c                NOROM_AONRTCCurrentCompareValueGet
 .text.NOROM_AUXADCDisable
                0x000000000000b944       0xa8 contiki-srf06-cc26xx.a(aux_adc.o)
                0x000000000000b944                NOROM_AUXADCDisable
 .text.NOROM_AUXADCEnableSync
                0x000000000000b9ec       0xf4 contiki-srf06-cc26xx.a(aux_adc.o)
                0x000000000000b9ec                NOROM_AUXADCEnableSync
 .text.NOROM_AUXADCReadFifo
                0x000000000000bae0       0x1c contiki-srf06-cc26xx.a(aux_adc.o)
                0x000000000000bae0                NOROM_AUXADCReadFifo
 .text.NOROM_ChipInfo_GetSupportedProtocol_BV
                0x000000000000bafc       0x10 contiki-srf06-cc26xx.a(chipinfo.o)
                0x000000000000bafc                NOROM_ChipInfo_GetSupportedProtocol_BV
 .text.NOROM_ChipInfo_GetChipFamily
                0x000000000000bb0c       0x50 contiki-srf06-cc26xx.a(chipinfo.o)
                0x000000000000bb0c                NOROM_ChipInfo_GetChipFamily
 .text.NOROM_ChipInfo_GetChipType
                0x000000000000bb5c       0x30 contiki-srf06-cc26xx.a(chipinfo.o)
                0x000000000000bb5c                NOROM_ChipInfo_GetChipType
 .text.NOROM_ChipInfo_GetHwRevision
                0x000000000000bb8c       0x94 contiki-srf06-cc26xx.a(chipinfo.o)
                0x000000000000bb8c                NOROM_ChipInfo_GetHwRevision
 .text.NOROM_ThisCodeIsBuiltForCC13xxHwRev20AndLater_HaltIfViolated
                0x000000000000bc20       0x18 contiki-srf06-cc26xx.a(chipinfo.o)
                0x000000000000bc20                NOROM_ThisCodeIsBuiltForCC13xxHwRev20AndLater_HaltIfViolated
 .text.NOROM_CPUcpsid
                0x000000000000bc38        0x8 contiki-srf06-cc26xx.a(cpu.o)
                0x000000000000bc38                NOROM_CPUcpsid
 .text.NOROM_CPUcpsie
                0x000000000000bc40        0x8 contiki-srf06-cc26xx.a(cpu.o)
                0x000000000000bc40                NOROM_CPUcpsie
 .text.NOROM_OSCClockSourceSet
                0x000000000000bc48       0x7c contiki-srf06-cc26xx.a(osc.o)
                0x000000000000bc48                NOROM_OSCClockSourceSet
 .text.NOROM_OSCClockSourceGet
                0x000000000000bcc4       0x30 contiki-srf06-cc26xx.a(osc.o)
                0x000000000000bcc4                NOROM_OSCClockSourceGet
 .text.NOROM_PowerCtrlSourceSet
                0x000000000000bcf4       0x34 contiki-srf06-cc26xx.a(pwr_ctrl.o)
                0x000000000000bcf4                NOROM_PowerCtrlSourceSet
 .text.TrimAfterColdResetWakeupFromShutDown
                0x000000000000bd28       0xf8 contiki-srf06-cc26xx.a(setup.o)
 .text.NOROM_SetupTrimDevice
                0x000000000000be20       0xb4 contiki-srf06-cc26xx.a(setup.o)
                0x000000000000be20                NOROM_SetupTrimDevice
 .text.NOROM_SetupSetVddrLevel
                0x000000000000bed4       0x94 contiki-srf06-cc26xx.a(setup_rom.o)
                0x000000000000bed4                NOROM_SetupSetVddrLevel
 .text.NOROM_SetupAfterColdResetWakeupFromShutDownCfg1
                0x000000000000bf68       0xc8 contiki-srf06-cc26xx.a(setup_rom.o)
                0x000000000000bf68                NOROM_SetupAfterColdResetWakeupFromShutDownCfg1
 .text.NOROM_SetupAfterColdResetWakeupFromShutDownCfg3
                0x000000000000c030      0x1f0 contiki-srf06-cc26xx.a(setup_rom.o)
                0x000000000000c030                NOROM_SetupAfterColdResetWakeupFromShutDownCfg3
 .text.NOROM_SetupGetTrimForAnabypassValue1
                0x000000000000c220       0x64 contiki-srf06-cc26xx.a(setup_rom.o)
                0x000000000000c220                NOROM_SetupGetTrimForAnabypassValue1
 .text.NOROM_SetupGetTrimForAmpcompCtrl
                0x000000000000c284       0x78 contiki-srf06-cc26xx.a(setup_rom.o)
                0x000000000000c284                NOROM_SetupGetTrimForAmpcompCtrl
 .text.NOROM_SetupAfterColdResetWakeupFromShutDownCfg2
                0x000000000000c2fc      0x22c contiki-srf06-cc26xx.a(setup_rom.o)
                0x000000000000c2fc                NOROM_SetupAfterColdResetWakeupFromShutDownCfg2
 .text.NOROM_SetupSetCacheModeAccordingToCcfgSetting
                0x000000000000c528       0x78 contiki-srf06-cc26xx.a(setup_rom.o)
                0x000000000000c528                NOROM_SetupSetCacheModeAccordingToCcfgSetting
 .text.NOROM_SysCtrlSetRechargeBeforePowerDown
                0x000000000000c5a0      0x2fc contiki-srf06-cc26xx.a(sys_ctrl.o)
                0x000000000000c5a0                NOROM_SysCtrlSetRechargeBeforePowerDown
 .text.NOROM_SysCtrlAdjustRechargeAfterPowerDown
                0x000000000000c89c       0x80 contiki-srf06-cc26xx.a(sys_ctrl.o)
                0x000000000000c89c                NOROM_SysCtrlAdjustRechargeAfterPowerDown
 .text.NOROM_SysCtrl_DCDC_VoltageConditionalControl
                0x000000000000c91c       0x88 contiki-srf06-cc26xx.a(sys_ctrl.o)
                0x000000000000c91c                NOROM_SysCtrl_DCDC_VoltageConditionalControl
 .text.NOROM_TRNGConfigure
                0x000000000000c9a4       0x3c contiki-srf06-cc26xx.a(trng.o)
                0x000000000000c9a4                NOROM_TRNGConfigure
 .text.linkaddr_copy
                0x000000000000c9e0        0xc contiki-srf06-cc26xx.a(linkaddr.o)
                0x000000000000c9e0                linkaddr_copy
 .text.linkaddr_cmp
                0x000000000000c9ec       0x14 contiki-srf06-cc26xx.a(linkaddr.o)
                0x000000000000c9ec                linkaddr_cmp
 .text.periodic
                0x000000000000ca00       0x38 contiki-srf06-cc26xx.a(link-stats.o)
 .text.link_stats_from_lladdr
                0x000000000000ca38       0x10 contiki-srf06-cc26xx.a(link-stats.o)
                0x000000000000ca38                link_stats_from_lladdr
 .text.link_stats_is_fresh
                0x000000000000ca48       0x24 contiki-srf06-cc26xx.a(link-stats.o)
                0x000000000000ca48                link_stats_is_fresh
 .text.link_stats_packet_sent
                0x000000000000ca6c       0x94 contiki-srf06-cc26xx.a(link-stats.o)
                0x000000000000ca6c                link_stats_packet_sent
 .text.link_stats_input_callback
                0x000000000000cb00       0x68 contiki-srf06-cc26xx.a(link-stats.o)
                0x000000000000cb00                link_stats_input_callback
 .text.link_stats_init
                0x000000000000cb68       0x30 contiki-srf06-cc26xx.a(link-stats.o)
                0x000000000000cb68                link_stats_init
 .text.nbr_set_bit
                0x000000000000cb98       0x4c contiki-srf06-cc26xx.a(nbr-table.o)
 .text.index_from_lladdr
                0x000000000000cbe4       0x58 contiki-srf06-cc26xx.a(nbr-table.o)
 .text.nbr_get_bit.constprop.0
                0x000000000000cc3c       0x38 contiki-srf06-cc26xx.a(nbr-table.o)
 .text.remove_key
                0x000000000000cc74       0xa4 contiki-srf06-cc26xx.a(nbr-table.o)
 .text.nbr_table_register
                0x000000000000cd18       0x30 contiki-srf06-cc26xx.a(nbr-table.o)
                0x000000000000cd18                nbr_table_register
 .text.nbr_table_next
                0x000000000000cd48       0x84 contiki-srf06-cc26xx.a(nbr-table.o)
                0x000000000000cd48                nbr_table_next
 .text.nbr_table_head
                0x000000000000cdcc       0x60 contiki-srf06-cc26xx.a(nbr-table.o)
                0x000000000000cdcc                nbr_table_head
 .text.nbr_table_add_lladdr
                0x000000000000ce2c      0x198 contiki-srf06-cc26xx.a(nbr-table.o)
                0x000000000000ce2c                nbr_table_add_lladdr
 .text.nbr_table_get_from_lladdr
                0x000000000000cfc4       0x34 contiki-srf06-cc26xx.a(nbr-table.o)
                0x000000000000cfc4                nbr_table_get_from_lladdr
 .text.nbr_table_remove
                0x000000000000cff8       0x30 contiki-srf06-cc26xx.a(nbr-table.o)
                0x000000000000cff8                nbr_table_remove
 .text.nbr_table_lock
                0x000000000000d028       0x14 contiki-srf06-cc26xx.a(nbr-table.o)
                0x000000000000d028                nbr_table_lock
 .text.nbr_table_unlock
                0x000000000000d03c       0x14 contiki-srf06-cc26xx.a(nbr-table.o)
                0x000000000000d03c                nbr_table_unlock
 .text.nbr_table_get_lladdr
                0x000000000000d050       0x3c contiki-srf06-cc26xx.a(nbr-table.o)
                0x000000000000d050                nbr_table_get_lladdr
 .text.netstack_init
                0x000000000000d08c       0x40 contiki-srf06-cc26xx.a(netstack.o)
                0x000000000000d08c                netstack_init
 .text.packetbuf_copyto
                0x000000000000d0cc       0x54 contiki-srf06-cc26xx.a(packetbuf.o)
                0x000000000000d0cc                packetbuf_copyto
 .text.packetbuf_hdralloc
                0x000000000000d120       0x60 contiki-srf06-cc26xx.a(packetbuf.o)
                0x000000000000d120                packetbuf_hdralloc
 .text.packetbuf_hdrreduce
                0x000000000000d180       0x34 contiki-srf06-cc26xx.a(packetbuf.o)
                0x000000000000d180                packetbuf_hdrreduce
 .text.packetbuf_set_datalen
                0x000000000000d1b4        0xc contiki-srf06-cc26xx.a(packetbuf.o)
                0x000000000000d1b4                packetbuf_set_datalen
 .text.packetbuf_dataptr
                0x000000000000d1c0       0x24 contiki-srf06-cc26xx.a(packetbuf.o)
                0x000000000000d1c0                packetbuf_dataptr
 .text.packetbuf_hdrptr
                0x000000000000d1e4        0xc contiki-srf06-cc26xx.a(packetbuf.o)
                0x000000000000d1e4                packetbuf_hdrptr
 .text.packetbuf_datalen
                0x000000000000d1f0        0xc contiki-srf06-cc26xx.a(packetbuf.o)
                0x000000000000d1f0                packetbuf_datalen
 .text.packetbuf_totlen
                0x000000000000d1fc       0x28 contiki-srf06-cc26xx.a(packetbuf.o)
                0x000000000000d1fc                packetbuf_totlen
 .text.packetbuf_attr_clear
                0x000000000000d224       0x58 contiki-srf06-cc26xx.a(packetbuf.o)
                0x000000000000d224                packetbuf_attr_clear
 .text.packetbuf_clear
                0x000000000000d27c       0x24 contiki-srf06-cc26xx.a(packetbuf.o)
                0x000000000000d27c                packetbuf_clear
 .text.packetbuf_copyfrom
                0x000000000000d2a0       0x48 contiki-srf06-cc26xx.a(packetbuf.o)
                0x000000000000d2a0                packetbuf_copyfrom
 .text.packetbuf_attr_copyto
                0x000000000000d2e8       0x44 contiki-srf06-cc26xx.a(packetbuf.o)
                0x000000000000d2e8                packetbuf_attr_copyto
 .text.packetbuf_attr_copyfrom
                0x000000000000d32c       0x40 contiki-srf06-cc26xx.a(packetbuf.o)
                0x000000000000d32c                packetbuf_attr_copyfrom
 .text.packetbuf_set_attr
                0x000000000000d36c       0x10 contiki-srf06-cc26xx.a(packetbuf.o)
                0x000000000000d36c                packetbuf_set_attr
 .text.packetbuf_attr
                0x000000000000d37c       0x10 contiki-srf06-cc26xx.a(packetbuf.o)
                0x000000000000d37c                packetbuf_attr
 .text.packetbuf_set_addr
                0x000000000000d38c       0x18 contiki-srf06-cc26xx.a(packetbuf.o)
                0x000000000000d38c                packetbuf_set_addr
 .text.packetbuf_addr
                0x000000000000d3a4       0x10 contiki-srf06-cc26xx.a(packetbuf.o)
                0x000000000000d3a4                packetbuf_addr
 .text.packetbuf_holds_broadcast
                0x000000000000d3b4       0x14 contiki-srf06-cc26xx.a(packetbuf.o)
                0x000000000000d3b4                packetbuf_holds_broadcast
 .text.queuebuf_init
                0x000000000000d3c8       0x20 contiki-srf06-cc26xx.a(queuebuf.o)
                0x000000000000d3c8                queuebuf_init
 .text.queuebuf_numfree
                0x000000000000d3e8        0xc contiki-srf06-cc26xx.a(queuebuf.o)
                0x000000000000d3e8                queuebuf_numfree
 .text.queuebuf_new_from_packetbuf
                0x000000000000d3f4       0x50 contiki-srf06-cc26xx.a(queuebuf.o)
                0x000000000000d3f4                queuebuf_new_from_packetbuf
 .text.queuebuf_update_attr_from_packetbuf
                0x000000000000d444        0xc contiki-srf06-cc26xx.a(queuebuf.o)
                0x000000000000d444                queuebuf_update_attr_from_packetbuf
 .text.queuebuf_free
                0x000000000000d450       0x38 contiki-srf06-cc26xx.a(queuebuf.o)
                0x000000000000d450                queuebuf_free
 .text.queuebuf_to_packetbuf
                0x000000000000d488       0x34 contiki-srf06-cc26xx.a(queuebuf.o)
                0x000000000000d488                queuebuf_to_packetbuf
 .text.queuebuf_attr
                0x000000000000d4bc        0xc contiki-srf06-cc26xx.a(queuebuf.o)
                0x000000000000d4bc                queuebuf_attr
 .text.input_packet
                0x000000000000d4c8       0x20 contiki-srf06-cc26xx.a(csma.o)
 .text.on       0x000000000000d4e8       0x10 contiki-srf06-cc26xx.a(csma.o)
 .text.off      0x000000000000d4f8       0x10 contiki-srf06-cc26xx.a(csma.o)
 .text.channel_check_interval
                0x000000000000d508       0x14 contiki-srf06-cc26xx.a(csma.o)
 .text.transmit_packet_list
                0x000000000000d51c       0x28 contiki-srf06-cc26xx.a(csma.o)
 .text.schedule_transmission
                0x000000000000d544       0x54 contiki-srf06-cc26xx.a(csma.o)
 .text.send_packet
                0x000000000000d598      0x160 contiki-srf06-cc26xx.a(csma.o)
 .text.init     0x000000000000d6f8       0x34 contiki-srf06-cc26xx.a(csma.o)
 .text.tx_done  0x000000000000d72c       0x90 contiki-srf06-cc26xx.a(csma.o)
 .text.packet_sent
                0x000000000000d7bc      0x13c contiki-srf06-cc26xx.a(csma.o)
 .text.frame802154_get_pan_id
                0x000000000000d8f8        0xc contiki-srf06-cc26xx.a(frame802154.o)
                0x000000000000d8f8                frame802154_get_pan_id
 .text.frame802154_has_panid
                0x000000000000d904       0xac contiki-srf06-cc26xx.a(frame802154.o)
                0x000000000000d904                frame802154_has_panid
 .text.field_len
                0x000000000000d9b0       0xb8 contiki-srf06-cc26xx.a(frame802154.o)
 .text.frame802154_is_broadcast_addr
                0x000000000000da68       0x24 contiki-srf06-cc26xx.a(frame802154.o)
                0x000000000000da68                frame802154_is_broadcast_addr
 .text.frame802154_hdrlen
                0x000000000000da8c       0x34 contiki-srf06-cc26xx.a(frame802154.o)
                0x000000000000da8c                frame802154_hdrlen
 .text.frame802154_create
                0x000000000000dac0      0x154 contiki-srf06-cc26xx.a(frame802154.o)
                0x000000000000dac0                frame802154_create
 .text.frame802154_parse
                0x000000000000dc14      0x1d0 contiki-srf06-cc26xx.a(frame802154.o)
                0x000000000000dc14                frame802154_parse
 .text.mac_call_sent_callback
                0x000000000000dde4       0x10 contiki-srf06-cc26xx.a(mac.o)
                0x000000000000dde4                mac_call_sent_callback
 .text.on       0x000000000000ddf4       0x10 contiki-srf06-cc26xx.a(nullrdc.o)
 .text.channel_check_interval
                0x000000000000de04        0x4 contiki-srf06-cc26xx.a(nullrdc.o)
 .text.init     0x000000000000de08       0x10 contiki-srf06-cc26xx.a(nullrdc.o)
 .text.send_one_packet
                0x000000000000de18       0x6c contiki-srf06-cc26xx.a(nullrdc.o)
 .text.send_list
                0x000000000000de84       0x24 contiki-srf06-cc26xx.a(nullrdc.o)
 .text.send_packet
                0x000000000000dea8        0x4 contiki-srf06-cc26xx.a(nullrdc.o)
 .text.off      0x000000000000deac       0x18 contiki-srf06-cc26xx.a(nullrdc.o)
 .text.packet_input
                0x000000000000dec4       0x3c contiki-srf06-cc26xx.a(nullrdc.o)
 .text.input    0x000000000000df00       0x10 contiki-srf06-cc26xx.a(noncoresec.o)
 .text.add_security_header
                0x000000000000df10       0x18 contiki-srf06-cc26xx.a(noncoresec.o)
 .text.send     0x000000000000df28       0x28 contiki-srf06-cc26xx.a(noncoresec.o)
 .text.length   0x000000000000df50       0x18 contiki-srf06-cc26xx.a(noncoresec.o)
 .text.init     0x000000000000df68       0x28 contiki-srf06-cc26xx.a(noncoresec.o)
 .text.aead     0x000000000000df90       0x88 contiki-srf06-cc26xx.a(noncoresec.o)
 .text.parse    0x000000000000e018       0xd8 contiki-srf06-cc26xx.a(noncoresec.o)
 .text.create   0x000000000000e0f0       0x20 contiki-srf06-cc26xx.a(noncoresec.o)
 .text.stimer_set
                0x000000000000e110       0x10 contiki-srf06-cc26xx.a(stimer.o)
                0x000000000000e110                stimer_set
 .text.stimer_expired
                0x000000000000e120       0x24 contiki-srf06-cc26xx.a(stimer.o)
                0x000000000000e120                stimer_expired
 .text.set_key  0x000000000000e144       0x10 contiki-srf06-cc26xx.a(ccm-star.o)
 .text.ctr_step
                0x000000000000e154       0x88 contiki-srf06-cc26xx.a(ccm-star.o)
 .text.aead     0x000000000000e1dc      0x230 contiki-srf06-cc26xx.a(ccm-star.o)
 .text.memb_init
                0x000000000000e40c       0x24 contiki-srf06-cc26xx.a(memb.o)
                0x000000000000e40c                memb_init
 .text.memb_alloc
                0x000000000000e430       0x3c contiki-srf06-cc26xx.a(memb.o)
                0x000000000000e430                memb_alloc
 .text.memb_free
                0x000000000000e46c       0x44 contiki-srf06-cc26xx.a(memb.o)
                0x000000000000e46c                memb_free
 .text.memb_inmemb
                0x000000000000e4b0       0x1c contiki-srf06-cc26xx.a(memb.o)
                0x000000000000e4b0                memb_inmemb
 .text.memb_numfree
                0x000000000000e4cc       0x24 contiki-srf06-cc26xx.a(memb.o)
                0x000000000000e4cc                memb_numfree
 .text.update_nbr
                0x000000000000e4f0      0x130 contiki-srf06-cc26xx.a(rpl-nbr-policy.)
 .text.handle_periodic_timer
                0x000000000000e620       0x18 contiki-srf06-cc26xx.a(rpl-nbr-policy.)
 .text.find_removable_dio
                0x000000000000e638       0x44 contiki-srf06-cc26xx.a(rpl-nbr-policy.)
                0x000000000000e638                find_removable_dio
 .text.find_removable_dao
                0x000000000000e67c       0x38 contiki-srf06-cc26xx.a(rpl-nbr-policy.)
                0x000000000000e67c                find_removable_dao
 .text.rpl_nbr_policy_find_removable
                0x000000000000e6b4       0x48 contiki-srf06-cc26xx.a(rpl-nbr-policy.)
                0x000000000000e6b4                rpl_nbr_policy_find_removable
 .text.NOROM_AONBatMonTemperatureGetDegC
                0x000000000000e6fc       0x38 contiki-srf06-cc26xx.a(aon_batmon.o)
                0x000000000000e6fc                NOROM_AONBatMonTemperatureGetDegC
 .text.NOROM_DDI32RegWrite
                0x000000000000e734       0x3c contiki-srf06-cc26xx.a(ddi.o)
                0x000000000000e734                NOROM_DDI32RegWrite
 .text.parse    0x000000000000e770       0xd4 contiki-srf06-cc26xx.a(framer-802154.o)
 .text.create_frame.isra.0
                0x000000000000e844      0x120 contiki-srf06-cc26xx.a(framer-802154.o)
 .text.create   0x000000000000e964        0x8 contiki-srf06-cc26xx.a(framer-802154.o)
 .text.hdr_length
                0x000000000000e96c        0x8 contiki-srf06-cc26xx.a(framer-802154.o)
 .text.framer_802154_set_seqno
                0x000000000000e974       0x48 contiki-srf06-cc26xx.a(framer-802154.o)
                0x000000000000e974                framer_802154_set_seqno
 .text.order_and_set_counter
                0x000000000000e9bc       0x18 contiki-srf06-cc26xx.a(anti-replay.o)
                0x000000000000e9bc                order_and_set_counter
 .text.anti_replay_get_counter
                0x000000000000e9d4       0x1c contiki-srf06-cc26xx.a(anti-replay.o)
                0x000000000000e9d4                anti_replay_get_counter
 .text.anti_replay_set_counter
                0x000000000000e9f0       0x24 contiki-srf06-cc26xx.a(anti-replay.o)
                0x000000000000e9f0                anti_replay_set_counter
 .text.anti_replay_init_info
                0x000000000000ea14       0x24 contiki-srf06-cc26xx.a(anti-replay.o)
                0x000000000000ea14                anti_replay_init_info
 .text.anti_replay_was_replayed
                0x000000000000ea38       0x2c contiki-srf06-cc26xx.a(anti-replay.o)
                0x000000000000ea38                anti_replay_was_replayed
 .text.ccm_star_packetbuf_set_nonce
                0x000000000000ea64       0x4c contiki-srf06-cc26xx.a(ccm-star-packet)
                0x000000000000ea64                ccm_star_packetbuf_set_nonce
 .text.set_key  0x000000000000eab0       0xa4 contiki-srf06-cc26xx.a(aes-128.o)
 .text.encrypt  0x000000000000eb54      0x15c contiki-srf06-cc26xx.a(aes-128.o)
 .text          0x000000000000ecb0       0x2c /usr/lib/gcc/arm-none-eabi/4.8.2/armv7-m/libgcc.a(_aeabi_uldivmod.o)
                0x000000000000ecb0                __aeabi_uldivmod
 .text          0x000000000000ecdc       0x60 /usr/lib/gcc/arm-none-eabi/4.8.2/armv7-m/libgcc.a(bpabi.o)
                0x000000000000ecdc                __gnu_ldivmod_helper
                0x000000000000ed0c                __gnu_uldivmod_helper
 .text          0x000000000000ed3c        0x4 /usr/lib/gcc/arm-none-eabi/4.8.2/armv7-m/libgcc.a(_dvmd_tls.o)
                0x000000000000ed3c                __aeabi_ldiv0
                0x000000000000ed3c                __aeabi_idiv0
 .text          0x000000000000ed40      0x2bc /usr/lib/gcc/arm-none-eabi/4.8.2/armv7-m/libgcc.a(_divdi3.o)
                0x000000000000ed40                __divdi3
 .text          0x000000000000effc      0x284 /usr/lib/gcc/arm-none-eabi/4.8.2/armv7-m/libgcc.a(_udivdi3.o)
                0x000000000000effc                __udivdi3
 .text.memcmp   0x000000000000f280       0x68 /usr/lib/gcc/arm-none-eabi/4.8.2/../../../arm-none-eabi/lib/armv7-m/libc.a(lib_a-memcmp.o)
                0x000000000000f280                memcmp
 .text          0x000000000000f2e8       0xec /usr/lib/gcc/arm-none-eabi/4.8.2/../../../arm-none-eabi/lib/armv7-m/libc.a(lib_a-memcpy.o)
                0x000000000000f2e8                memcpy
 .text.memmove  0x000000000000f3d4       0xcc /usr/lib/gcc/arm-none-eabi/4.8.2/../../../arm-none-eabi/lib/armv7-m/libc.a(lib_a-memmove.o)
                0x000000000000f3d4                memmove
 .text.memset   0x000000000000f4a0       0x94 /usr/lib/gcc/arm-none-eabi/4.8.2/../../../arm-none-eabi/lib/armv7-m/libc.a(lib_a-memset.o)
                0x000000000000f4a0                memset
 .text.strlen   0x000000000000f534       0x60 /usr/lib/gcc/arm-none-eabi/4.8.2/../../../arm-none-eabi/lib/armv7-m/libc.a(lib_a-strlen.o)
                0x000000000000f534                strlen
 .text.strncmp  0x000000000000f594       0xb4 /usr/lib/gcc/arm-none-eabi/4.8.2/../../../arm-none-eabi/lib/armv7-m/libc.a(lib_a-strncmp.o)
                0x000000000000f594                strncmp
 *(SORT(.rodata*))
 .rodata.autostart_processes
                0x000000000000f648        0x8 udp-server.co
                0x000000000000f648                autostart_processes
 .rodata.str1.4
                0x000000000000f650      0x1bb udp-server.co
                                        0x1bc (size before relaxing)
 *fill*         0x000000000000f80b        0x1 00000000
 .rodata.str1.4
                0x000000000000f80c      0x112 contiki-srf06-cc26xx.a(contiki-main.o)
                                        0x114 (size before relaxing)
 *fill*         0x000000000000f91e        0x2 00000000
 .rodata.str1.4
                0x000000000000f920        0x8 contiki-srf06-cc26xx.a(sensors.o)
 .rodata.button_left_sensor
                0x000000000000f928       0x10 contiki-srf06-cc26xx.a(button-sensor.o)
                0x000000000000f928                button_left_sensor
 .rodata.button_up_sensor
                0x000000000000f938       0x10 contiki-srf06-cc26xx.a(button-sensor.o)
                0x000000000000f938                button_up_sensor
 .rodata.button_select_sensor
                0x000000000000f948       0x10 contiki-srf06-cc26xx.a(button-sensor.o)
                0x000000000000f948                button_select_sensor
 .rodata.button_right_sensor
                0x000000000000f958       0x10 contiki-srf06-cc26xx.a(button-sensor.o)
                0x000000000000f958                button_right_sensor
 .rodata.button_down_sensor
                0x000000000000f968       0x10 contiki-srf06-cc26xx.a(button-sensor.o)
                0x000000000000f968                button_down_sensor
 .rodata.str1.4
                0x000000000000f978        0x7 contiki-srf06-cc26xx.a(button-sensor.o)
                                          0x8 (size before relaxing)
 *fill*         0x000000000000f97f        0x1 00000000
 .rodata.als_sensor
                0x000000000000f980       0x10 contiki-srf06-cc26xx.a(als-sensor.o)
                0x000000000000f980                als_sensor
 .rodata.str1.4
                0x000000000000f990        0x4 contiki-srf06-cc26xx.a(als-sensor.o)
 .rodata.output_power
                0x000000000000f994       0x80 contiki-srf06-cc26xx.a(prop-mode.o)
 .rodata.mode_prop
                0x000000000000fa14        0x8 contiki-srf06-cc26xx.a(prop-mode.o)
 .rodata.prop_mode_driver
                0x000000000000fa1c       0x38 contiki-srf06-cc26xx.a(prop-mode.o)
                0x000000000000fa1c                prop_mode_driver
 .rodata.str1.4
                0x000000000000fa54      0x492 contiki-srf06-cc26xx.a(prop-mode.o)
                                        0x494 (size before relaxing)
 *fill*         0x000000000000fee6        0x2 00000000
 .rodata.patchImageGenfsk
                0x000000000000fee8      0x28c contiki-srf06-cc26xx.a(prop-mode.o)
 .rodata.str1.4
                0x0000000000010174       0x46 contiki-srf06-cc26xx.a(rf-core.o)
                                         0x48 (size before relaxing)
 *fill*         0x00000000000101ba        0x2 00000000
 .rodata.str1.4
                0x00000000000101bc       0x1b contiki-srf06-cc26xx.a(soc-trng.o)
                                         0x1c (size before relaxing)
 *fill*         0x00000000000101d7        0x1 00000000
 .rodata.buffer.4002
                0x00000000000101d8       0x10 contiki-srf06-cc26xx.a(strformat.o)
 .rodata.buffer.4011
                0x00000000000101e8       0x10 contiki-srf06-cc26xx.a(strformat.o)
 .rodata.str1.4
                0x00000000000101f8       0x42 contiki-srf06-cc26xx.a(strformat.o)
                                         0x48 (size before relaxing)
 *fill*         0x000000000001023a        0x2 00000000
 .rodata.str1.4
                0x000000000001023c        0xf contiki-srf06-cc26xx.a(ctimer.o)
                                         0x10 (size before relaxing)
 *fill*         0x000000000001024b        0x1 00000000
 .rodata.str1.4
                0x000000000001024c        0xc contiki-srf06-cc26xx.a(etimer.o)
 .rodata.str1.4
                0x0000000000010258        0xe contiki-srf06-cc26xx.a(serial-line.o)
                                         0x10 (size before relaxing)
 *fill*         0x0000000000010266        0x2 00000000
 .rodata        0x0000000000010268        0x4 contiki-srf06-cc26xx.a(sicslowpan.o)
 .rodata.ttl_values
                0x000000000001026c        0x4 contiki-srf06-cc26xx.a(sicslowpan.o)
 .rodata.unc_llconf
                0x0000000000010270        0x4 contiki-srf06-cc26xx.a(sicslowpan.o)
                0x0000000000010270                unc_llconf
 .rodata.llprefix
                0x0000000000010274        0x4 contiki-srf06-cc26xx.a(sicslowpan.o)
                0x0000000000010274                llprefix
 .rodata.sicslowpan_driver
                0x0000000000010278        0xc contiki-srf06-cc26xx.a(sicslowpan.o)
                0x0000000000010278                sicslowpan_driver
 .rodata.unc_mxconf
                0x0000000000010284        0x4 contiki-srf06-cc26xx.a(sicslowpan.o)
                0x0000000000010284                unc_mxconf
 .rodata.unc_ctxconf
                0x0000000000010288        0x4 contiki-srf06-cc26xx.a(sicslowpan.o)
                0x0000000000010288                unc_ctxconf
 .rodata.str1.4
                0x000000000001028c        0xb contiki-srf06-cc26xx.a(sicslowpan.o)
                                          0xc (size before relaxing)
 *fill*         0x0000000000010297        0x1 00000000
 .rodata.str1.4
                0x0000000000010298        0xd contiki-srf06-cc26xx.a(tcpip.o)
                                         0x10 (size before relaxing)
 *fill*         0x00000000000102a5        0x3 00000000
 .rodata.str1.4
                0x00000000000102a8       0x41 contiki-srf06-cc26xx.a(uip-debug.o)
                                         0x44 (size before relaxing)
 *fill*         0x00000000000102e9        0x3 00000000
 .rodata.linkaddr_null
                0x00000000000102ec        0x8 contiki-srf06-cc26xx.a(linkaddr.o)
                0x00000000000102ec                linkaddr_null
 .rodata.csma_driver
                0x00000000000102f4       0x1c contiki-srf06-cc26xx.a(csma.o)
                0x00000000000102f4                csma_driver
 .rodata.str1.4
                0x0000000000010310        0x5 contiki-srf06-cc26xx.a(csma.o)
                                          0x8 (size before relaxing)
 *fill*         0x0000000000010315        0x3 00000000
 .rodata.str1.4
                0x0000000000010318        0x8 contiki-srf06-cc26xx.a(nullrdc.o)
 .rodata.nullrdc_driver
                0x0000000000010320       0x20 contiki-srf06-cc26xx.a(nullrdc.o)
                0x0000000000010320                nullrdc_driver
 .rodata.noncoresec_driver
                0x0000000000010340       0x10 contiki-srf06-cc26xx.a(noncoresec.o)
                0x0000000000010340                noncoresec_driver
 .rodata.noncoresec_framer
                0x0000000000010350        0xc contiki-srf06-cc26xx.a(noncoresec.o)
                0x0000000000010350                noncoresec_framer
 .rodata.str1.4
                0x000000000001035c        0xc contiki-srf06-cc26xx.a(noncoresec.o)
 .rodata.ccm_star_driver
                0x0000000000010368        0x8 contiki-srf06-cc26xx.a(ccm-star.o)
                0x0000000000010368                ccm_star_driver
 .rodata.framer_802154
                0x0000000000010370        0xc contiki-srf06-cc26xx.a(framer-802154.o)
                0x0000000000010370                framer_802154
 .rodata.sbox   0x000000000001037c      0x100 contiki-srf06-cc26xx.a(aes-128.o)
 .rodata.aes_128_driver
                0x000000000001047c        0x8 contiki-srf06-cc26xx.a(aes-128.o)
                0x000000000001047c                aes_128_driver
                0x0000000000010484                _etext = .

.glue_7         0x0000000000010484        0x0
 .glue_7        0x0000000000000000        0x0 linker stubs

.glue_7t        0x0000000000010484        0x0
 .glue_7t       0x0000000000000000        0x0 linker stubs

.vfp11_veneer   0x0000000000010484        0x0
 .vfp11_veneer  0x0000000000000000        0x0 linker stubs

.v4_bx          0x0000000000010484        0x0
 .v4_bx         0x0000000000000000        0x0 linker stubs

.iplt           0x0000000000010484        0x0
 .iplt          0x0000000000000000        0x0 obj_srf06-cc26xx/startup_gcc.o

.data           0x0000000020000000      0x33d load address 0x0000000000010484
                0x0000000020000000                _data = .
 *(SORT(vtable))
 *(SORT(.data*))
 .data.udp_server_process
                0x0000000020000000       0x10 udp-server.co
                0x0000000020000000                udp_server_process
 .data.sensors_process
                0x0000000020000010       0x10 contiki-srf06-cc26xx.a(sensors.o)
                0x0000000020000010                sensors_process
 .data.sensors  0x0000000020000020       0x1c contiki-srf06-cc26xx.a(srf06-sensors.o)
                0x0000000020000020                sensors
 .data.srf_module
                0x000000002000003c       0x14 contiki-srf06-cc26xx.a(board.o)
 .data.als_aux  0x0000000020000050        0x8 contiki-srf06-cc26xx.a(als-sensor.o)
 .data.prop_lpm_module
                0x0000000020000058       0x14 contiki-srf06-cc26xx.a(prop-mode.o)
 .data.tx_power_current
                0x000000002000006c        0x4 contiki-srf06-cc26xx.a(prop-mode.o)
                0x000000002000006c                tx_power_current
 .data.uart_module
                0x0000000020000070       0x14 contiki-srf06-cc26xx.a(cc26xx-uart.o)
 .data.rf_core_process
                0x0000000020000084       0x10 contiki-srf06-cc26xx.a(rf-core.o)
                0x0000000020000084                rf_core_process
 .data.rng_module
                0x0000000020000094       0x14 contiki-srf06-cc26xx.a(soc-trng.o)
 .data.soc_trng_process
                0x00000000200000a8       0x10 contiki-srf06-cc26xx.a(soc-trng.o)
                0x00000000200000a8                soc_trng_process
 .data.ctxt     0x00000000200000b8        0x8 contiki-srf06-cc26xx.a(dbg-printf.o)
 .data.ctimer_process
                0x00000000200000c0       0x10 contiki-srf06-cc26xx.a(ctimer.o)
                0x00000000200000c0                ctimer_process
 .data.etimer_process
                0x00000000200000d0       0x10 contiki-srf06-cc26xx.a(etimer.o)
                0x00000000200000d0                etimer_process
 .data.serial_line_process
                0x00000000200000e0       0x10 contiki-srf06-cc26xx.a(serial-line.o)
                0x00000000200000e0                serial_line_process
 .data.ds6_neighbors
                0x00000000200000f0        0x4 contiki-srf06-cc26xx.a(uip-ds6-nbr.o)
                0x00000000200000f0                ds6_neighbors
 .data.ds6_neighbors_struct
                0x00000000200000f4       0x10 contiki-srf06-cc26xx.a(uip-ds6-nbr.o)
 .data.defaultroutermemb
                0x0000000020000104        0xc contiki-srf06-cc26xx.a(uip-ds6-route.o)
 .data.nbr_routes_struct
                0x0000000020000110       0x10 contiki-srf06-cc26xx.a(uip-ds6-route.o)
 .data.nbr_routes
                0x0000000020000120        0x4 contiki-srf06-cc26xx.a(uip-ds6-route.o)
                0x0000000020000120                nbr_routes
 .data.routememb
                0x0000000020000124        0xc contiki-srf06-cc26xx.a(uip-ds6-route.o)
 .data.neighborroutememb
                0x0000000020000130        0xc contiki-srf06-cc26xx.a(uip-ds6-route.o)
 .data.echo_request_handler
                0x000000002000013c        0xc contiki-srf06-cc26xx.a(uip-icmp6.o)
 .data.echo_reply_handler
                0x0000000020000148        0xc contiki-srf06-cc26xx.a(uip-icmp6.o)
 .data.ns_input_handler
                0x0000000020000154        0xc contiki-srf06-cc26xx.a(uip-nd6.o)
 .data.tcpip_process
                0x0000000020000160       0x10 contiki-srf06-cc26xx.a(tcpip.o)
                0x0000000020000160                tcpip_process
 .data.rpl_parents
                0x0000000020000170        0x4 contiki-srf06-cc26xx.a(rpl-dag.o)
                0x0000000020000170                rpl_parents
 .data.rpl_parents_struct
                0x0000000020000174       0x10 contiki-srf06-cc26xx.a(rpl-dag.o)
 .data.dao_ack_handler
                0x0000000020000184        0xc contiki-srf06-cc26xx.a(rpl-icmp6.o)
 .data.dis_handler
                0x0000000020000190        0xc contiki-srf06-cc26xx.a(rpl-icmp6.o)
 .data.dao_handler
                0x000000002000019c        0xc contiki-srf06-cc26xx.a(rpl-icmp6.o)
 .data.dio_handler
                0x00000000200001a8        0xc contiki-srf06-cc26xx.a(rpl-icmp6.o)