Archive member included to satisfy reference by file (symbol)

contiki-srf06-cc26xx.a(er-coap-engine.)
                              obj_srf06-cc26xx/res-leds.o (coap_rest_implementation)
contiki-srf06-cc26xx.a(er-coap-transac)
                              contiki-srf06-cc26xx.a(er-coap-engine.) (coap_register_as_transaction_handler)
contiki-srf06-cc26xx.a(er-coap-observe)
                              contiki-srf06-cc26xx.a(er-coap-transac) (coap_remove_observer_by_client)
contiki-srf06-cc26xx.a(er-coap-res-wel)
                              contiki-srf06-cc26xx.a(er-coap-engine.) (res_well_known_core)
contiki-srf06-cc26xx.a(er-coap-udp.o)
                              contiki-srf06-cc26xx.a(er-coap-engine.) (coap_send_message)
contiki-srf06-cc26xx.a(rest-engine.o)
                              obj_srf06-cc26xx/coap-server.o (rest_init_engine)
contiki-srf06-cc26xx.a(mqtt.o)
                              obj_srf06-cc26xx/mqtt-client.o (mqtt_register)
contiki-srf06-cc26xx.a(contiki-main.o)
                              obj_srf06-cc26xx/startup_gcc.o (main)
contiki-srf06-cc26xx.a(sensors.o)
                              cc26xx-web-demo.co (sensors_event)
contiki-srf06-cc26xx.a(leds.o)
                              contiki-srf06-cc26xx.a(contiki-main.o) (leds_init)
contiki-srf06-cc26xx.a(leds-arch.o)
                              contiki-srf06-cc26xx.a(leds.o) (leds_arch_init)
contiki-srf06-cc26xx.a(srf06-sensors.o)
                              contiki-srf06-cc26xx.a(sensors.o) (sensors_flags)
contiki-srf06-cc26xx.a(button-sensor.o)
                              obj_srf06-cc26xx/mqtt-client.o (button_down_sensor)
contiki-srf06-cc26xx.a(board.o)
                              contiki-srf06-cc26xx.a(contiki-main.o) (board_init)
contiki-srf06-cc26xx.a(als-sensor.o)
                              contiki-srf06-cc26xx.a(srf06-sensors.o) (als_sensor)
contiki-srf06-cc26xx.a(prop-mode.o)
                              contiki-srf06-cc26xx.a(contiki-main.o) (prop_mode_driver)
contiki-srf06-cc26xx.a(clock.o)
                              contiki-srf06-cc26xx.a(contiki-main.o) (clock_init)
contiki-srf06-cc26xx.a(rtimer-arch.o)
                              contiki-srf06-cc26xx.a(prop-mode.o) (rtimer_arch_now)
contiki-srf06-cc26xx.a(soc-rtc.o)
                              contiki-srf06-cc26xx.a(contiki-main.o) (soc_rtc_init)
contiki-srf06-cc26xx.a(contiki-watchdo)
                              contiki-srf06-cc26xx.a(contiki-main.o) (watchdog_init)
contiki-srf06-cc26xx.a(aux-ctrl.o)
                              contiki-srf06-cc26xx.a(als-sensor.o) (aux_ctrl_register_consumer)
contiki-srf06-cc26xx.a(putchar.o)
                              contiki-srf06-cc26xx.a(contiki-main.o) (putchar)
contiki-srf06-cc26xx.a(ieee-addr.o)
                              contiki-srf06-cc26xx.a(contiki-main.o) (ieee_addr_cpy_to)
contiki-srf06-cc26xx.a(batmon-sensor.o)
                              cc26xx-web-demo.co (batmon_sensor)
contiki-srf06-cc26xx.a(cc26xx-uart.o)
                              contiki-srf06-cc26xx.a(contiki-main.o) (cc26xx_uart_init)
contiki-srf06-cc26xx.a(lpm.o)
                              contiki-srf06-cc26xx.a(button-sensor.o) (lpm_shutdown)
contiki-srf06-cc26xx.a(gpio-interrupt.)
                              contiki-srf06-cc26xx.a(button-sensor.o) (gpio_interrupt_register_handler)
contiki-srf06-cc26xx.a(oscillators.o)
                              contiki-srf06-cc26xx.a(contiki-main.o) (oscillators_select_lf_xosc)
contiki-srf06-cc26xx.a(rf-core.o)
                              contiki-srf06-cc26xx.a(prop-mode.o) (rf_core_is_accessible)
contiki-srf06-cc26xx.a(rf-ble.o)
                              obj_srf06-cc26xx/res-ble-advd.o (rf_ble_beacond_config)
contiki-srf06-cc26xx.a(random.o)
                              cc26xx-web-demo.co (random_rand)
contiki-srf06-cc26xx.a(soc-trng.o)
                              contiki-srf06-cc26xx.a(random.o) (soc_trng_rand_synchronous)
contiki-srf06-cc26xx.a(dbg-printf.o)
                              obj_srf06-cc26xx/net-uart.o (printf)
contiki-srf06-cc26xx.a(dbg-snprintf.o)
                              cc26xx-web-demo.co (snprintf)
contiki-srf06-cc26xx.a(dbg-sprintf.o)
                              obj_srf06-cc26xx/cetic-6lbr-client.o (sprintf)
contiki-srf06-cc26xx.a(strformat.o)
                              contiki-srf06-cc26xx.a(dbg-printf.o) (format_str_v)
contiki-srf06-cc26xx.a(autostart.o)
                              contiki-srf06-cc26xx.a(contiki-main.o) (autostart_start)
contiki-srf06-cc26xx.a(ctimer.o)
                              contiki-srf06-cc26xx.a(contiki-main.o) (ctimer_init)
contiki-srf06-cc26xx.a(energest.o)
                              contiki-srf06-cc26xx.a(contiki-main.o) (energest_init)
contiki-srf06-cc26xx.a(etimer.o)
                              contiki-srf06-cc26xx.a(clock.o) (etimer_request_poll)
contiki-srf06-cc26xx.a(process.o)
                              cc26xx-web-demo.co (process_alloc_event)
contiki-srf06-cc26xx.a(rtimer.o)
[...]
Memory Configuration

Name             Origin             Length             Attributes
FLASH            0x00000000         0x0001ffa8         xr
FLASH_CCFG       0x0001ffa8         0x00000058         xr
SRAM             0x20000000         0x00005000         xrw
GPRAM            0x11000000         0x00002000         xrw
*default*        0x00000000         0xffffffff

Linker script and memory map

LOAD obj_srf06-cc26xx/fault-handlers.o
LOAD obj_srf06-cc26xx/ccfg.o
LOAD obj_srf06-cc26xx/startup_gcc.o
LOAD cc26xx-web-demo.co
LOAD obj_srf06-cc26xx/res-leds.o
LOAD obj_srf06-cc26xx/res-toggle-leds.o
LOAD obj_srf06-cc26xx/res-device.o
LOAD obj_srf06-cc26xx/res-sensors.o
LOAD obj_srf06-cc26xx/res-ble-advd.o
LOAD obj_srf06-cc26xx/res-net.o
LOAD obj_srf06-cc26xx/cetic-6lbr-client.o
LOAD obj_srf06-cc26xx/coap-server.o
LOAD obj_srf06-cc26xx/net-uart.o
LOAD obj_srf06-cc26xx/mqtt-client.o
LOAD obj_srf06-cc26xx/httpd-simple.o
LOAD contiki-srf06-cc26xx.a
LOAD /usr/bin/../lib/gcc/arm-none-eabi/6.3.1/../../../../arm-none-eabi/lib/thumb/v7-m/libm.a
START GROUP
LOAD /usr/bin/../lib/gcc/arm-none-eabi/6.3.1/thumb/v7-m/libgcc.a
LOAD /usr/bin/../lib/gcc/arm-none-eabi/6.3.1/../../../../arm-none-eabi/lib/thumb/v7-m/libc.a
END GROUP
                0x20005000                _estack = (ORIGIN (SRAM) + LENGTH (SRAM))
                0x00000000                _Min_Heap_Size = 0x0
                0x00000100                _Min_Stack_Size = 0x100

.text           0x00000000    0x18941
                0x00000000                _text = .
 *(SORT(.vectors))
 .vectors       0x00000000       0xc8 obj_srf06-cc26xx/startup_gcc.o
                0x00000000                g_pfnVectors
 *(SORT(.text*))
 .text.FaultISR
                0x000000c8       0x18 obj_srf06-cc26xx/fault-handlers.o
                0x000000c8                FaultISR
 .text.NmiSRHandler
                0x000000e0        0x4 obj_srf06-cc26xx/startup_gcc.o
                0x000000e0                NmiSR
 .text.IntDefaultHandler
                0x000000e4        0x4 obj_srf06-cc26xx/startup_gcc.o
                0x000000e4                SSI0IntHandler
                0x000000e4                SWEvent0IntHandler
                0x000000e4                uDMAIntHandler
                0x000000e4                WatchdogIntHandler
                0x000000e4                RFCHardwareIntHandler
                0x000000e4                Timer1BIntHandler
                0x000000e4                I2SIntHandler
                0x000000e4                Timer2BIntHandler
                0x000000e4                Timer2AIntHandler
                0x000000e4                Timer1AIntHandler
                0x000000e4                AONIntHandler
                0x000000e4                AUXSWEvent0IntHandler
                0x000000e4                AUXADCIntHandler
                0x000000e4                PendSVIntHandler
                0x000000e4                AUXSWEvent1IntHandler
                0x000000e4                SVCallIntHandler
                0x000000e4                MPUFaultIntHandler
                0x000000e4                SysTickIntHandler
                0x000000e4                BusFaultIntHandler
                0x000000e4                AONProgIntHandler
                0x000000e4                AUXCompAIntHandler
                0x000000e4                SSI1IntHandler
                0x000000e4                FlashIntHandler
                0x000000e4                uDMAErrIntHandler
                0x000000e4                UsageFaultIntHandler
                0x000000e4                RFCCmdAckIntHandler
                0x000000e4                CryptoIntHandler
                0x000000e4                Timer0AIntHandler
                0x000000e4                I2CIntHandler
                0x000000e4                DebugMonIntHandler
                0x000000e4                Timer0BIntHandler
                0x000000e4                AUXCombEventIntHandler
                0x000000e4                Timer3AIntHandler
                0x000000e4                DynProgIntHandler
                0x000000e4                Timer3BIntHandler
 .text.ResetISR
                0x000000e8       0x58 obj_srf06-cc26xx/startup_gcc.o
                0x000000e8                ResetISR
 .text.publish_led_off
                0x00000140        0x8 cc26xx-web-demo.co
 .text.get_batmon_reading
                0x00000148       0xb0 cc26xx-web-demo.co
 .text.sensor_readings_handler
                0x000001f8       0x7c cc26xx-web-demo.co
 .text.echo_reply_handler
                0x00000274       0x24 cc26xx-web-demo.co
 .text.ping_interval_post_handler
                0x00000298       0x44 cc26xx-web-demo.co
 .text.cc26xx_web_demo_ipaddr_sprintf
                0x000002dc       0xa0 cc26xx-web-demo.co
                0x000002dc                cc26xx_web_demo_ipaddr_sprintf
 .text.cc26xx_web_demo_sensor_lookup
                0x0000037c       0x30 cc26xx-web-demo.co
                0x0000037c                cc26xx_web_demo_sensor_lookup
 .text.cc26xx_web_demo_sensor_first
                0x000003ac        0xc cc26xx-web-demo.co
                0x000003ac                cc26xx_web_demo_sensor_first
 .text.cc26xx_web_demo_restore_defaults
                0x000003b8       0x4c cc26xx-web-demo.co
                0x000003b8                cc26xx_web_demo_restore_defaults
 .text.process_thread_cc26xx_web_demo_process
                0x00000404      0x1fc cc26xx-web-demo.co
 .text.defaults_post_handler
                0x00000600       0x24 cc26xx-web-demo.co
 .text.res_post_put_handler
                0x00000624       0xd4 obj_srf06-cc26xx/res-leds.o
 .text.res_post_handler_red
                0x000006f8        0x8 obj_srf06-cc26xx/res-toggle-leds.o
 .text.res_post_handler_green
                0x00000700        0x8 obj_srf06-cc26xx/res-toggle-leds.o
 .text.res_post_handler_yellow
                0x00000708        0x8 obj_srf06-cc26xx/res-toggle-leds.o
 .text.res_post_handler_orange
                0x00000710        0x8 obj_srf06-cc26xx/res-toggle-leds.o
 .text.res_get_handler_sw
                0x00000718       0xe4 obj_srf06-cc26xx/res-device.o
 .text.res_get_handler_uptime
                0x000007fc       0xbc obj_srf06-cc26xx/res-device.o
 .text.res_get_handler_hw
                0x000008b8      0x128 obj_srf06-cc26xx/res-device.o
 .text.res_post_handler_cfg_reset
                0x000009e0        0x4 obj_srf06-cc26xx/res-device.o
 .text.res_get_handler_all.isra.0
                0x000009e4       0xf4 obj_srf06-cc26xx/res-sensors.o
 .text.res_get_handler_batmon_temp
                0x00000ad8        0xc obj_srf06-cc26xx/res-sensors.o
 .text.res_get_handler_batmon_volt
                0x00000ae4        0xc obj_srf06-cc26xx/res-sensors.o
 .text.res_ble_post_put_handler
                0x00000af0       0xf8 obj_srf06-cc26xx/res-ble-advd.o
 .text.res_get_handler_parent_rssi
                0x00000be8       0xb8 obj_srf06-cc26xx/res-net.o
 .text.res_get_handler_pref_parent
                0x00000ca0       0xc8 obj_srf06-cc26xx/res-net.o
 .text.process_thread_cetic_6lbr_client_process
                0x00000d68      0x1ec obj_srf06-cc26xx/cetic-6lbr-client.o
 .text.process_thread_coap_server_process
                0x00000f54      0x114 obj_srf06-cc26xx/coap-server.o
 .text.set_new_ip_address
                0x00001068       0x24 obj_srf06-cc26xx/net-uart.o
 .text.set_config_defaults
                0x0000108c       0x50 obj_srf06-cc26xx/net-uart.o
 .text.process_thread_net_uart_process
                0x000010dc      0x184 obj_srf06-cc26xx/net-uart.o
 .text.remote_ipv6_post_handler
                0x00001260       0x50 obj_srf06-cc26xx/net-uart.o
 .text.remote_port_post_handler
                0x000012b0       0x44 obj_srf06-cc26xx/net-uart.o
 .text.on_off_post_handler
                0x000012f4       0x58 obj_srf06-cc26xx/net-uart.o
 .text.publish_led_off
                0x0000134c        0x8 obj_srf06-cc26xx/mqtt-client.o
 .text.init_config
                0x00001354       0xa8 obj_srf06-cc26xx/mqtt-client.o
 .text.update_config
                0x000013fc       0xe4 obj_srf06-cc26xx/mqtt-client.o
 .text.process_thread_mqtt_client_process
                0x000014e0      0x4b4 obj_srf06-cc26xx/mqtt-client.o
 .text.mqtt_event
                0x00001994       0xc8 obj_srf06-cc26xx/mqtt-client.o
 .text.new_net_config.part.2
                0x00001a5c       0x24 obj_srf06-cc26xx/mqtt-client.o
 .text.org_id_post_handler
                0x00001a80       0x64 obj_srf06-cc26xx/mqtt-client.o
 .text.type_id_post_handler
                0x00001ae4       0x68 obj_srf06-cc26xx/mqtt-client.o
 .text.event_type_id_post_handler
                0x00001b4c       0x68 obj_srf06-cc26xx/mqtt-client.o
 .text.cmd_type_post_handler
                0x00001bb4       0x68 obj_srf06-cc26xx/mqtt-client.o
 .text.auth_token_post_handler
                0x00001c1c       0x68 obj_srf06-cc26xx/mqtt-client.o
 .text.ip_addr_post_handler
                0x00001c84       0x68 obj_srf06-cc26xx/mqtt-client.o
 .text.reconnect_post_handler
                0x00001cec       0x34 obj_srf06-cc26xx/mqtt-client.o
 .text.port_post_handler
                0x00001d20       0x58 obj_srf06-cc26xx/mqtt-client.o
 .text.interval_post_handler
                0x00001d78       0x48 obj_srf06-cc26xx/mqtt-client.o
 .text.enqueue_chunk
                0x00001dc0      0x110 obj_srf06-cc26xx/httpd-simple.o
 .text.generate_top_matter
                0x00001ed0      0x270 obj_srf06-cc26xx/httpd-simple.o
 .text.generate_mqtt_config
                0x00002140      0x800 obj_srf06-cc26xx/httpd-simple.o
 .text.generate_net_uart_config
                0x00002940      0x3e0 obj_srf06-cc26xx/httpd-simple.o
 .text.send_headers
                0x00002d20      0x128 obj_srf06-cc26xx/httpd-simple.o
 .text.generate_config
                0x00002e48      0x59c obj_srf06-cc26xx/httpd-simple.o
 .text.generate_index
                0x000033e4      0x540 obj_srf06-cc26xx/httpd-simple.o
 .text.send_string
                0x00003924       0x44 obj_srf06-cc26xx/httpd-simple.o
 .text.handle_output
                0x00003968      0x2e0 obj_srf06-cc26xx/httpd-simple.o
 .text.handle_input
                0x00003c48      0x608 obj_srf06-cc26xx/httpd-simple.o
 .text.process_thread_httpd_simple_process
                0x00004250      0x1ac obj_srf06-cc26xx/httpd-simple.o
 .text.httpd_simple_register_post_handler
                0x000043fc        0xc obj_srf06-cc26xx/httpd-simple.o
                0x000043fc                httpd_simple_register_post_handler
 .text.coap_set_service_callback
                0x00004408        0xc contiki-srf06-cc26xx.a(er-coap-engine.)
                0x00004408                coap_set_service_callback
 .text.coap_get_rest_method
                0x00004414       0x10 contiki-srf06-cc26xx.a(er-coap-engine.)
                0x00004414                coap_get_rest_method
 .text.process_thread_coap_engine
                0x00004424       0x6c contiki-srf06-cc26xx.a(er-coap-engine.)
 .text.coap_init_engine
                0x00004490        0xc contiki-srf06-cc26xx.a(er-coap-engine.)
                0x00004490                coap_init_engine
 .text.coap_receive
                0x0000449c      0x398 contiki-srf06-cc26xx.a(er-coap-engine.)
                0x0000449c                coap_receive
 .text.coap_register_as_transaction_handler
                0x00004834       0x14 contiki-srf06-cc26xx.a(er-coap-transac)
                0x00004834                coap_register_as_transaction_handler
 .text.coap_new_transaction
                0x00004848       0x50 contiki-srf06-cc26xx.a(er-coap-transac)
                0x00004848                coap_new_transaction
 .text.coap_set_transaction_context
                0x00004898        0x4 contiki-srf06-cc26xx.a(er-coap-transac)
                0x00004898                coap_set_transaction_context
 .text.coap_clear_transaction
                0x0000489c       0x2c contiki-srf06-cc26xx.a(er-coap-transac)
                0x0000489c                coap_clear_transaction
 .text.coap_send_transaction
                0x000048c8       0xa4 contiki-srf06-cc26xx.a(er-coap-transac)
                0x000048c8                coap_send_transaction
 .text.coap_get_transaction_by_mid
                0x0000496c       0x28 contiki-srf06-cc26xx.a(er-coap-transac)
                0x0000496c                coap_get_transaction_by_mid
 .text.coap_check_transactions
                0x00004994       0x38 contiki-srf06-cc26xx.a(er-coap-transac)
                0x00004994                coap_check_transactions
 .text.coap_remove_observer
                0x000049cc       0x20 contiki-srf06-cc26xx.a(er-coap-observe)
                0x000049cc                coap_remove_observer
 .text.coap_remove_observer_by_client
                0x000049ec       0x44 contiki-srf06-cc26xx.a(er-coap-observe)
                0x000049ec                coap_remove_observer_by_client
 .text.coap_remove_observer_by_token
                0x00004a30       0x6c contiki-srf06-cc26xx.a(er-coap-observe)
                0x00004a30                coap_remove_observer_by_token
 .text.coap_remove_observer_by_uri
                0x00004a9c       0x70 contiki-srf06-cc26xx.a(er-coap-observe)
                0x00004a9c                coap_remove_observer_by_uri
 .text.coap_remove_observer_by_mid
                0x00004b0c       0x58 contiki-srf06-cc26xx.a(er-coap-observe)
                0x00004b0c                coap_remove_observer_by_mid
 .text.coap_notify_observers_sub
                0x00004b64      0x13c contiki-srf06-cc26xx.a(er-coap-observe)
                0x00004b64                coap_notify_observers_sub
 .text.coap_notify_observers
                0x00004ca0        0x8 contiki-srf06-cc26xx.a(er-coap-observe)
                0x00004ca0                coap_notify_observers
 .text.coap_observe_handler
                0x00004ca8      0x10c contiki-srf06-cc26xx.a(er-coap-observe)
                0x00004ca8                coap_observe_handler
 .text.well_known_core_get_handler
                0x00004db4      0x308 contiki-srf06-cc26xx.a(er-coap-res-wel)
                0x00004db4                well_known_core_get_handler
 .text.coap_init_communication_layer
                0x000050bc       0x14 contiki-srf06-cc26xx.a(er-coap-udp.o)
                0x000050bc                coap_init_communication_layer
 .text.coap_send_message
                0x000050d0       0x38 contiki-srf06-cc26xx.a(er-coap-udp.o)
                0x000050d0                coap_send_message
 .text.coap_handle_receive
                0x00005108        0x4 contiki-srf06-cc26xx.a(er-coap-udp.o)
                0x00005108                coap_handle_receive
 .text.process_thread_rest_engine_process
                0x0000510c       0xa0 contiki-srf06-cc26xx.a(rest-engine.o)
 .text.rest_invoke_restful_service
                0x000051ac       0xf4 contiki-srf06-cc26xx.a(rest-engine.o)
                0x000051ac                rest_invoke_restful_service
 .text.rest_init_engine
                0x000052a0       0x40 contiki-srf06-cc26xx.a(rest-engine.o)
                0x000052a0                rest_init_engine
 .text.rest_activate_resource
                0x000052e0       0x58 contiki-srf06-cc26xx.a(rest-engine.o)
                0x000052e0                rest_activate_resource
 .text.rest_get_resources
                0x00005338        0x8 contiki-srf06-cc26xx.a(rest-engine.o)
                0x00005338                rest_get_resources
 .text.call_event
                0x00005340       0x1c contiki-srf06-cc26xx.a(mqtt.o)
 .text.connect_tcp
                0x0000535c       0x7c contiki-srf06-cc26xx.a(mqtt.o)
 .text.tcp_input
                0x000053d8      0x37c contiki-srf06-cc26xx.a(mqtt.o)
 .text.abort_connection
                0x00005754       0x40 contiki-srf06-cc26xx.a(mqtt.o)
 .text.write_byte
                0x00005794       0x40 contiki-srf06-cc26xx.a(mqtt.o)
 .text.write_bytes
                0x000057d4       0x6c contiki-srf06-cc26xx.a(mqtt.o)
 .text.keep_alive_callback
                0x00005840       0x40 contiki-srf06-cc26xx.a(mqtt.o)
 .text.tcp_event
                0x00005880       0x98 contiki-srf06-cc26xx.a(mqtt.o)
 .text.mqtt_init.part.3
                0x00005918       0xac contiki-srf06-cc26xx.a(mqtt.o)
 .text.process_thread_mqtt_process
                0x000059c4     0x1394 contiki-srf06-cc26xx.a(mqtt.o)
 .text.mqtt_register
                0x00006d58       0x88 contiki-srf06-cc26xx.a(mqtt.o)
                0x00006d58                mqtt_register
 .text.mqtt_connect
                0x00006de0       0x5c contiki-srf06-cc26xx.a(mqtt.o)
                0x00006de0                mqtt_connect
 .text.mqtt_disconnect
                0x00006e3c       0x24 contiki-srf06-cc26xx.a(mqtt.o)
                0x00006e3c                mqtt_disconnect
 .text.mqtt_subscribe
                0x00006e60       0x60 contiki-srf06-cc26xx.a(mqtt.o)
                0x00006e60                mqtt_subscribe
 .text.mqtt_publish
                0x00006ec0       0x80 contiki-srf06-cc26xx.a(mqtt.o)
                0x00006ec0                mqtt_publish
 .text.mqtt_set_username_password
                0x00006f40       0x64 contiki-srf06-cc26xx.a(mqtt.o)
                0x00006f40                mqtt_set_username_password
 .text.fade     0x00006fa4       0x64 contiki-srf06-cc26xx.a(contiki-main.o)
 .text.startup.main
                0x00007008      0x24c contiki-srf06-cc26xx.a(contiki-main.o)
                0x00007008                main
 .text.process_thread_sensors_process
                0x00007254       0xf8 contiki-srf06-cc26xx.a(sensors.o)
 .text.sensors_changed
                0x0000734c       0x4c contiki-srf06-cc26xx.a(sensors.o)
                0x0000734c                sensors_changed
 .text.leds_init
                0x00007398       0x14 contiki-srf06-cc26xx.a(leds.o)
                0x00007398                leds_init
 .text.leds_on  0x000073ac       0x14 contiki-srf06-cc26xx.a(leds.o)
                0x000073ac                leds_on
 .text.leds_off
                0x000073c0       0x14 contiki-srf06-cc26xx.a(leds.o)
                0x000073c0                leds_off
 .text.leds_toggle
                0x000073d4       0x14 contiki-srf06-cc26xx.a(leds.o)
                0x000073d4                leds_toggle
 .text.leds_arch_init
                0x000073e8       0x48 contiki-srf06-cc26xx.a(leds-arch.o)
                0x000073e8                leds_arch_init
 .text.leds_arch_set
                0x00007430       0x48 contiki-srf06-cc26xx.a(leds-arch.o)
                0x00007430                leds_arch_set
 .text.button_press_handler
                0x00007478      0x124 contiki-srf06-cc26xx.a(button-sensor.o)
 .text.value_select
                0x0000759c       0x24 contiki-srf06-cc26xx.a(button-sensor.o)
 .text.value_left
                0x000075c0       0x24 contiki-srf06-cc26xx.a(button-sensor.o)
 .text.value_right
                0x000075e4       0x18 contiki-srf06-cc26xx.a(button-sensor.o)
 .text.value_up
                0x000075fc       0x24 contiki-srf06-cc26xx.a(button-sensor.o)
 .text.value_down
                0x00007620       0x24 contiki-srf06-cc26xx.a(button-sensor.o)
 .text.status.part.5
                0x00007644       0x14 contiki-srf06-cc26xx.a(button-sensor.o)
 .text.status_select
                0x00007658       0x10 contiki-srf06-cc26xx.a(button-sensor.o)
 .text.status_left
                0x00007668       0x10 contiki-srf06-cc26xx.a(button-sensor.o)
 .text.status_right
                0x00007678       0x10 contiki-srf06-cc26xx.a(button-sensor.o)
 .text.status_up
                0x00007688       0x10 contiki-srf06-cc26xx.a(button-sensor.o)
 .text.status_down
                0x00007698       0x10 contiki-srf06-cc26xx.a(button-sensor.o)
 .text.config_buttons
                0x000076a8       0x84 contiki-srf06-cc26xx.a(button-sensor.o)
 .text.config_select
                0x0000772c        0xc contiki-srf06-cc26xx.a(button-sensor.o)
 .text.config_left
                0x00007738        0xc contiki-srf06-cc26xx.a(button-sensor.o)
 .text.config_right
                0x00007744        0xc contiki-srf06-cc26xx.a(button-sensor.o)
 .text.config_up
                0x00007750        0xc contiki-srf06-cc26xx.a(button-sensor.o)
 .text.config_down
                0x0000775c        0xc contiki-srf06-cc26xx.a(button-sensor.o)
 .text.lpm_handler
                0x00007768       0x34 contiki-srf06-cc26xx.a(board.o)
 .text.wakeup_handler
                0x0000779c       0x20 contiki-srf06-cc26xx.a(board.o)
 .text.board_init
                0x000077bc       0x70 contiki-srf06-cc26xx.a(board.o)
                0x000077bc                board_init
 .text.status   0x0000782c        0x4 contiki-srf06-cc26xx.a(als-sensor.o)
 .text.value    0x00007830       0x24 contiki-srf06-cc26xx.a(als-sensor.o)
 .text.config   0x00007854       0x84 contiki-srf06-cc26xx.a(als-sensor.o)
 .text.set_object
                0x000078d8        0x4 contiki-srf06-cc26xx.a(prop-mode.o)
 .text.request  0x000078dc       0x20 contiki-srf06-cc26xx.a(prop-mode.o)
 .text.soft_off_prop
                0x000078fc       0x3c contiki-srf06-cc26xx.a(prop-mode.o)
 .text.rx_on_prop
                0x00007938       0x70 contiki-srf06-cc26xx.a(prop-mode.o)
 .text.prepare  0x000079a8       0x1c contiki-srf06-cc26xx.a(prop-mode.o)
 .text.pending_packet
                0x000079c4       0x38 contiki-srf06-cc26xx.a(prop-mode.o)
 .text.read_frame
                0x000079fc       0x50 contiki-srf06-cc26xx.a(prop-mode.o)
 .text.rx_off_prop
                0x00007a4c       0x4c contiki-srf06-cc26xx.a(prop-mode.o)
 .text.prop_div_radio_setup
                0x00007a98       0x44 contiki-srf06-cc26xx.a(prop-mode.o)
 .text.prop_fs  0x00007adc       0x34 contiki-srf06-cc26xx.a(prop-mode.o)
 .text.soft_on_prop.part.3
                0x00007b10       0x18 contiki-srf06-cc26xx.a(prop-mode.o)
 .text.soft_on_prop
                0x00007b28       0x18 contiki-srf06-cc26xx.a(prop-mode.o)
 .text.off.part.4
                0x00007b40       0x2c contiki-srf06-cc26xx.a(prop-mode.o)
 .text.off      0x00007b6c       0x14 contiki-srf06-cc26xx.a(prop-mode.o)
 .text.on       0x00007b80       0xc4 contiki-srf06-cc26xx.a(prop-mode.o)
 .text.set_value
                0x00007c44      0x178 contiki-srf06-cc26xx.a(prop-mode.o)
 .text.get_value
                0x00007dbc      0x148 contiki-srf06-cc26xx.a(prop-mode.o)
 .text.transmit
                0x00007f04       0xb8 contiki-srf06-cc26xx.a(prop-mode.o)
 .text.send     0x00007fbc       0x24 contiki-srf06-cc26xx.a(prop-mode.o)
 .text.channel_clear.part.6
                0x00007fe0       0x7c contiki-srf06-cc26xx.a(prop-mode.o)
 .text.channel_clear
                0x0000805c       0x14 contiki-srf06-cc26xx.a(prop-mode.o)
 .text.receiving_packet
                0x00008070       0x30 contiki-srf06-cc26xx.a(prop-mode.o)
 .text.init     0x000080a0       0xc4 contiki-srf06-cc26xx.a(prop-mode.o)
 .text.get_object
                0x00008164        0x4 contiki-srf06-cc26xx.a(prop-mode.o)
 .text.power_domain_on
                0x00008168       0x20 contiki-srf06-cc26xx.a(clock.o)
 .text.clock_init
                0x00008188       0x98 contiki-srf06-cc26xx.a(clock.o)
                0x00008188                clock_init
 .text.clock_time
                0x00008220       0x34 contiki-srf06-cc26xx.a(clock.o)
                0x00008220                clock_time
 .text.clock_update
                0x00008254       0x3c contiki-srf06-cc26xx.a(clock.o)
                0x00008254                clock_update
 .text.clock_seconds
                0x00008290       0x18 contiki-srf06-cc26xx.a(clock.o)
                0x00008290                clock_seconds
 .text.clock_delay_usec
                0x000082a8       0x84 contiki-srf06-cc26xx.a(clock.o)
                0x000082a8                clock_delay_usec
 .text.rtimer_arch_init
                0x0000832c        0x4 contiki-srf06-cc26xx.a(rtimer-arch.o)
                0x0000832c                rtimer_arch_init
 .text.rtimer_arch_schedule
                0x00008330        0x8 contiki-srf06-cc26xx.a(rtimer-arch.o)
                0x00008330                rtimer_arch_schedule
 .text.rtimer_arch_now
                0x00008338        0x4 contiki-srf06-cc26xx.a(rtimer-arch.o)
                0x00008338                rtimer_arch_now
 .text.soc_rtc_init
                0x0000833c       0xa0 contiki-srf06-cc26xx.a(soc-rtc.o)
                0x0000833c                soc_rtc_init
 .text.soc_rtc_schedule_one_shot
                0x000083dc       0x6c contiki-srf06-cc26xx.a(soc-rtc.o)
                0x000083dc                soc_rtc_schedule_one_shot
 .text.soc_rtc_last_isr_time
                0x00008448        0xc contiki-srf06-cc26xx.a(soc-rtc.o)
                0x00008448                soc_rtc_last_isr_time
 .text.AONRTCIntHandler
                0x00008454       0x88 contiki-srf06-cc26xx.a(soc-rtc.o)
                0x00008454                AONRTCIntHandler
 .text.watchdog_init
                0x000084dc       0x1c contiki-srf06-cc26xx.a(contiki-watchdo)
                0x000084dc                watchdog_init
 .text.watchdog_start
                0x000084f8       0x68 contiki-srf06-cc26xx.a(contiki-watchdo)
                0x000084f8                watchdog_start
 .text.watchdog_periodic
                0x00008560       0x1c contiki-srf06-cc26xx.a(contiki-watchdo)
                0x00008560                watchdog_periodic
 .text.aux_ctrl_power_up
                0x0000857c       0x28 contiki-srf06-cc26xx.a(aux-ctrl.o)
                0x0000857c                aux_ctrl_power_up
 .text.aux_ctrl_register_consumer
                0x000085a4       0x40 contiki-srf06-cc26xx.a(aux-ctrl.o)
                0x000085a4                aux_ctrl_register_consumer
 .text.aux_ctrl_power_down
                0x000085e4       0x68 contiki-srf06-cc26xx.a(aux-ctrl.o)
                0x000085e4                aux_ctrl_power_down
 .text.aux_ctrl_unregister_consumer
                0x0000864c       0x28 contiki-srf06-cc26xx.a(aux-ctrl.o)
                0x0000864c                aux_ctrl_unregister_consumer
 .text.putchar  0x00008674       0x10 contiki-srf06-cc26xx.a(putchar.o)
                0x00008674                putchar
 .text.puts     0x00008684       0x30 contiki-srf06-cc26xx.a(putchar.o)
                0x00008684                puts
 .text.dbg_send_bytes
                0x000086b4       0x40 contiki-srf06-cc26xx.a(putchar.o)
                0x000086b4                dbg_send_bytes
 .text.ieee_addr_cpy_to
                0x000086f4       0x40 contiki-srf06-cc26xx.a(ieee-addr.o)
                0x000086f4                ieee_addr_cpy_to
 .text.configure
                0x00008734       0x34 contiki-srf06-cc26xx.a(batmon-sensor.o)
 .text.status   0x00008768       0x14 contiki-srf06-cc26xx.a(batmon-sensor.o)
 .text.value    0x0000877c       0x24 contiki-srf06-cc26xx.a(batmon-sensor.o)
 .text.power_and_clock
                0x000087a0       0x40 contiki-srf06-cc26xx.a(cc26xx-uart.o)
 .text.enable   0x000087e0       0xf0 contiki-srf06-cc26xx.a(cc26xx-uart.o)
 .text.accessible
                0x000088d0       0x24 contiki-srf06-cc26xx.a(cc26xx-uart.o)
 .text.lpm_drop_handler
                0x000088f4       0xcc contiki-srf06-cc26xx.a(cc26xx-uart.o)
 .text.cc26xx_uart_init
                0x000089c0       0x28 contiki-srf06-cc26xx.a(cc26xx-uart.o)
                0x000089c0                cc26xx_uart_init
 .text.cc26xx_uart_write_byte
                0x000089e8       0x28 contiki-srf06-cc26xx.a(cc26xx-uart.o)
                0x000089e8                cc26xx_uart_write_byte
 .text.cc26xx_uart_set_input
                0x00008a10       0x6c contiki-srf06-cc26xx.a(cc26xx-uart.o)
                0x00008a10                cc26xx_uart_set_input
 .text.cc26xx_uart_busy
                0x00008a7c       0x18 contiki-srf06-cc26xx.a(cc26xx-uart.o)
                0x00008a7c                cc26xx_uart_busy
 .text.UART0IntHandler
                0x00008a94       0x58 contiki-srf06-cc26xx.a(cc26xx-uart.o)
                0x00008a94                UART0IntHandler
 .text.lpm_shutdown
                0x00008aec      0x198 contiki-srf06-cc26xx.a(lpm.o)
                0x00008aec                lpm_shutdown
 .text.lpm_sleep
                0x00008c84       0x14 contiki-srf06-cc26xx.a(lpm.o)
                0x00008c84                lpm_sleep
 .text.lpm_drop
                0x00008c98      0x24c contiki-srf06-cc26xx.a(lpm.o)
                0x00008c98                lpm_drop
 .text.lpm_register_module
                0x00008ee4        0xc contiki-srf06-cc26xx.a(lpm.o)
                0x00008ee4                lpm_register_module
 .text.lpm_unregister_module
                0x00008ef0        0xc contiki-srf06-cc26xx.a(lpm.o)
                0x00008ef0                lpm_unregister_module
 .text.lpm_init
                0x00008efc       0x20 contiki-srf06-cc26xx.a(lpm.o)
                0x00008efc                lpm_init
 .text.lpm_pin_set_default_state
                0x00008f1c       0x2c contiki-srf06-cc26xx.a(lpm.o)
                0x00008f1c                lpm_pin_set_default_state
 .text.gpio_interrupt_register_handler
                0x00008f48       0x2c contiki-srf06-cc26xx.a(gpio-interrupt.)
                0x00008f48                gpio_interrupt_register_handler
 .text.gpio_interrupt_init
                0x00008f74       0x24 contiki-srf06-cc26xx.a(gpio-interrupt.)
                0x00008f74                gpio_interrupt_init
 .text.GPIOIntHandler
                0x00008f98       0x30 contiki-srf06-cc26xx.a(gpio-interrupt.)
                0x00008f98                GPIOIntHandler
 .text.oscillators_select_lf_xosc
                0x00008fc8       0x54 contiki-srf06-cc26xx.a(oscillators.o)
                0x00008fc8                oscillators_select_lf_xosc
 .text.oscillators_select_lf_rcosc
                0x0000901c       0x3c contiki-srf06-cc26xx.a(oscillators.o)
                0x0000901c                oscillators_select_lf_rcosc
 .text.oscillators_request_hf_xosc
                0x00009058       0x30 contiki-srf06-cc26xx.a(oscillators.o)
                0x00009058                oscillators_request_hf_xosc
 .text.oscillators_switch_to_hf_xosc
                0x00009088       0x34 contiki-srf06-cc26xx.a(oscillators.o)
                0x00009088                oscillators_switch_to_hf_xosc
 .text.oscillators_switch_to_hf_rc
                0x000090bc       0x38 contiki-srf06-cc26xx.a(oscillators.o)
                0x000090bc                oscillators_switch_to_hf_rc
 .text.process_thread_rf_core_process
                0x000090f4       0x58 contiki-srf06-cc26xx.a(rf-core.o)
 .text.rf_core_is_accessible
                0x0000914c       0x10 contiki-srf06-cc26xx.a(rf-core.o)
                0x0000914c                rf_core_is_accessible
 .text.rf_core_send_cmd
                0x0000915c       0x94 contiki-srf06-cc26xx.a(rf-core.o)
                0x0000915c                rf_core_send_cmd
 .text.rf_core_wait_cmd_done
                0x000091f0       0x30 contiki-srf06-cc26xx.a(rf-core.o)
                0x000091f0                rf_core_wait_cmd_done
 .text.rf_core_power_up
                0x00009220       0xb4 contiki-srf06-cc26xx.a(rf-core.o)
                0x00009220                rf_core_power_up
 .text.rf_core_start_rat
                0x000092d4       0x68 contiki-srf06-cc26xx.a(rf-core.o)
                0x000092d4                rf_core_start_rat
 .text.rf_core_stop_rat
                0x0000933c       0x7c contiki-srf06-cc26xx.a(rf-core.o)
                0x0000933c                rf_core_stop_rat
 .text.rf_core_power_down
                0x000093b8       0xec contiki-srf06-cc26xx.a(rf-core.o)
                0x000093b8                rf_core_power_down
 .text.rf_core_set_modesel
                0x000094a4       0x44 contiki-srf06-cc26xx.a(rf-core.o)
                0x000094a4                rf_core_set_modesel
 .text.rf_core_boot
                0x000094e8       0x1c contiki-srf06-cc26xx.a(rf-core.o)
                0x000094e8                rf_core_boot
 .text.rf_core_setup_interrupts
                0x00009504       0x74 contiki-srf06-cc26xx.a(rf-core.o)
                0x00009504                rf_core_setup_interrupts
 .text.rf_core_cmd_done_en
                0x00009578       0x28 contiki-srf06-cc26xx.a(rf-core.o)
                0x00009578                rf_core_cmd_done_en
 .text.rf_core_cmd_done_dis
                0x000095a0       0x18 contiki-srf06-cc26xx.a(rf-core.o)
                0x000095a0                rf_core_cmd_done_dis
 .text.rf_core_get_last_radio_op
                0x000095b8        0xc contiki-srf06-cc26xx.a(rf-core.o)
                0x000095b8                rf_core_get_last_radio_op
 .text.rf_core_init_radio_op
                0x000095c4       0x1c contiki-srf06-cc26xx.a(rf-core.o)
                0x000095c4                rf_core_init_radio_op
 .text.rf_core_primary_mode_register
                0x000095e0        0xc contiki-srf06-cc26xx.a(rf-core.o)
                0x000095e0                rf_core_primary_mode_register
 .text.rf_core_primary_mode_abort
                0x000095ec       0x14 contiki-srf06-cc26xx.a(rf-core.o)
                0x000095ec                rf_core_primary_mode_abort
 .text.rf_core_primary_mode_restore
                0x00009600       0x14 contiki-srf06-cc26xx.a(rf-core.o)
                0x00009600                rf_core_primary_mode_restore
 .text.RFCCPE1IntHandler
                0x00009614       0x28 contiki-srf06-cc26xx.a(rf-core.o)
                0x00009614                RFCCPE1IntHandler
 .text.RFCCPE0IntHandler
                0x0000963c       0x5c contiki-srf06-cc26xx.a(rf-core.o)
                0x0000963c                RFCCPE0IntHandler
 .text.process_thread_rf_ble_beacon_process
                0x00009698      0x250 contiki-srf06-cc26xx.a(rf-ble.o)
 .text.rf_ble_beacond_config
                0x000098e8       0x44 contiki-srf06-cc26xx.a(rf-ble.o)
                0x000098e8                rf_ble_beacond_config
 .text.rf_ble_beacond_start
                0x0000992c       0x34 contiki-srf06-cc26xx.a(rf-ble.o)
                0x0000992c                rf_ble_beacond_start
 .text.rf_ble_is_active
                0x00009960        0xc contiki-srf06-cc26xx.a(rf-ble.o)
                0x00009960                rf_ble_is_active
 .text.rf_ble_beacond_stop
                0x0000996c        0xc contiki-srf06-cc26xx.a(rf-ble.o)
                0x0000996c                rf_ble_beacond_stop
 .text.random_rand
                0x00009978        0xc contiki-srf06-cc26xx.a(random.o)
                0x00009978                random_rand
 .text.random_init
                0x00009984        0x4 contiki-srf06-cc26xx.a(random.o)
                0x00009984                random_init
 .text.power_up
                0x00009988       0x40 contiki-srf06-cc26xx.a(soc-trng.o)
 .text.request  0x000099c8       0x14 contiki-srf06-cc26xx.a(soc-trng.o)
 .text.process_thread_soc_trng_process
                0x000099dc       0x94 contiki-srf06-cc26xx.a(soc-trng.o)
 .text.accessible
                0x00009a70       0x24 contiki-srf06-cc26xx.a(soc-trng.o)
 .text.soc_trng_rand_synchronous
                0x00009a94       0xc4 contiki-srf06-cc26xx.a(soc-trng.o)
                0x00009a94                soc_trng_rand_synchronous
 .text.TRNGIntHandler
                0x00009b58       0x50 contiki-srf06-cc26xx.a(soc-trng.o)
                0x00009b58                TRNGIntHandler
 .text.soc_trng_init
                0x00009ba8       0x28 contiki-srf06-cc26xx.a(soc-trng.o)
                0x00009ba8                soc_trng_init
 .text.write_str
                0x00009bd0       0x14 contiki-srf06-cc26xx.a(dbg-printf.o)
 .text.printf   0x00009be4       0x24 contiki-srf06-cc26xx.a(dbg-printf.o)
                0x00009be4                printf
 .text.buffer_str
                0x00009c08       0x28 contiki-srf06-cc26xx.a(dbg-snprintf.o)
 .text.snprintf
                0x00009c30       0x38 contiki-srf06-cc26xx.a(dbg-snprintf.o)
                0x00009c30                snprintf
 .text.vsnprintf
                0x00009c68       0x2c contiki-srf06-cc26xx.a(dbg-snprintf.o)
                0x00009c68                vsnprintf
 .text.buffer_str
                0x00009c94       0x18 contiki-srf06-cc26xx.a(dbg-sprintf.o)
 .text.sprintf  0x00009cac       0x34 contiki-srf06-cc26xx.a(dbg-sprintf.o)
                0x00009cac                sprintf
 .text.fill_space
                0x00009ce0       0x3c contiki-srf06-cc26xx.a(strformat.o)
 .text.format_str_v
                0x00009d1c      0x8d8 contiki-srf06-cc26xx.a(strformat.o)
                0x00009d1c                format_str_v
 .text.autostart_start
                0x0000a5f4       0x18 contiki-srf06-cc26xx.a(autostart.o)
                0x0000a5f4                autostart_start
 .text.process_thread_ctimer_process
                0x0000a60c       0x94 contiki-srf06-cc26xx.a(ctimer.o)
 .text.ctimer_init
                0x0000a6a0       0x28 contiki-srf06-cc26xx.a(ctimer.o)
                0x0000a6a0                ctimer_init
 .text.ctimer_set_with_process
                0x0000a6c8       0x4c contiki-srf06-cc26xx.a(ctimer.o)
                0x0000a6c8                ctimer_set_with_process
 .text.ctimer_set
                0x0000a714       0x18 contiki-srf06-cc26xx.a(ctimer.o)
                0x0000a714                ctimer_set
 .text.ctimer_reset
                0x0000a72c       0x38 contiki-srf06-cc26xx.a(ctimer.o)
                0x0000a72c                ctimer_reset
 .text.ctimer_restart
                0x0000a764       0x38 contiki-srf06-cc26xx.a(ctimer.o)
                0x0000a764                ctimer_restart
 .text.ctimer_stop
                0x0000a79c       0x34 contiki-srf06-cc26xx.a(ctimer.o)
                0x0000a79c                ctimer_stop
 .text.energest_init
                0x0000a7d0        0x4 contiki-srf06-cc26xx.a(energest.o)
                0x0000a7d0                energest_init
 .text.update_time
                0x0000a7d4       0x44 contiki-srf06-cc26xx.a(etimer.o)
 .text.process_thread_etimer_process
                0x0000a818       0xcc contiki-srf06-cc26xx.a(etimer.o)
 .text.add_timer
                0x0000a8e4       0x54 contiki-srf06-cc26xx.a(etimer.o)
 .text.etimer_request_poll
                0x0000a938        0xc contiki-srf06-cc26xx.a(etimer.o)
                0x0000a938                etimer_request_poll
 .text.etimer_set
                0x0000a944       0x14 contiki-srf06-cc26xx.a(etimer.o)
                0x0000a944                etimer_set
 .text.etimer_reset
                0x0000a958       0x14 contiki-srf06-cc26xx.a(etimer.o)
                0x0000a958                etimer_reset
 .text.etimer_restart
                0x0000a96c       0x14 contiki-srf06-cc26xx.a(etimer.o)
                0x0000a96c                etimer_restart
 .text.etimer_expired
                0x0000a980        0xc contiki-srf06-cc26xx.a(etimer.o)
                0x0000a980                etimer_expired
 .text.etimer_expiration_time
                0x0000a98c        0x8 contiki-srf06-cc26xx.a(etimer.o)
                0x0000a98c                etimer_expiration_time
 .text.etimer_pending
                0x0000a994       0x10 contiki-srf06-cc26xx.a(etimer.o)
                0x0000a994                etimer_pending
 .text.etimer_next_expiration_time
                0x0000a9a4       0x14 contiki-srf06-cc26xx.a(etimer.o)
                0x0000a9a4                etimer_next_expiration_time
 .text.etimer_stop
                0x0000a9b8       0x44 contiki-srf06-cc26xx.a(etimer.o)
                0x0000a9b8                etimer_stop
 .text.exit_process
                0x0000a9fc       0xa8 contiki-srf06-cc26xx.a(process.o)
 .text.call_process.part.0
                0x0000aaa4       0x38 contiki-srf06-cc26xx.a(process.o)
 .text.do_poll  0x0000aadc       0x3c contiki-srf06-cc26xx.a(process.o)
 .text.process_alloc_event
                0x0000ab18       0x10 contiki-srf06-cc26xx.a(process.o)
                0x0000ab18                process_alloc_event
 .text.process_start
                0x0000ab28       0x48 contiki-srf06-cc26xx.a(process.o)
                0x0000ab28                process_start
 .text.process_exit
                0x0000ab70        0xc contiki-srf06-cc26xx.a(process.o)
                0x0000ab70                process_exit
 .text.process_init
                0x0000ab7c       0x34 contiki-srf06-cc26xx.a(process.o)
                0x0000ab7c                process_init
 .text.process_run
                0x0000abb0       0xa8 contiki-srf06-cc26xx.a(process.o)
                0x0000abb0                process_run
 .text.process_nevents
                0x0000ac58       0x14 contiki-srf06-cc26xx.a(process.o)
                0x0000ac58                process_nevents
 .text.process_post
                0x0000ac6c       0x40 contiki-srf06-cc26xx.a(process.o)
                0x0000ac6c                process_post
 .text.process_post_synch
                0x0000acac       0x18 contiki-srf06-cc26xx.a(process.o)
                0x0000acac                process_post_synch
 .text.process_poll
                0x0000acc4       0x18 contiki-srf06-cc26xx.a(process.o)
                0x0000acc4                process_poll
 .text.process_is_running
                0x0000acdc        0xc contiki-srf06-cc26xx.a(process.o)
                0x0000acdc                process_is_running
 .text.rtimer_init
                0x0000ace8        0x4 contiki-srf06-cc26xx.a(rtimer.o)
                0x0000ace8                rtimer_init
 .text.rtimer_run_next
                0x0000acec       0x28 contiki-srf06-cc26xx.a(rtimer.o)
                0x0000acec                rtimer_run_next
 .text.timer_set
                0x0000ad14       0x10 contiki-srf06-cc26xx.a(timer.o)
                0x0000ad14                timer_set
 .text.timer_reset
                0x0000ad24        0xc contiki-srf06-cc26xx.a(timer.o)
                0x0000ad24                timer_reset
 .text.timer_restart
                0x0000ad30        0xc contiki-srf06-cc26xx.a(timer.o)
                0x0000ad30                timer_restart
 .text.timer_expired
                0x0000ad3c       0x1c contiki-srf06-cc26xx.a(timer.o)
                0x0000ad3c                timer_expired
 .text.process_thread_serial_line_process
                0x0000ad58       0xa8 contiki-srf06-cc26xx.a(serial-line.o)
 .text.serial_line_input_byte
                0x0000ae00       0x58 contiki-srf06-cc26xx.a(serial-line.o)
                0x0000ae00                serial_line_input_byte
 .text.serial_line_init
                0x0000ae58       0x24 contiki-srf06-cc26xx.a(serial-line.o)
                0x0000ae58                serial_line_init
 .text.list_init
                0x0000ae7c        0x8 contiki-srf06-cc26xx.a(list.o)
                0x0000ae7c                list_init
 .text.list_head
                0x0000ae84        0x4 contiki-srf06-cc26xx.a(list.o)
                0x0000ae84                list_head
 .text.list_add
                0x0000ae88       0x58 contiki-srf06-cc26xx.a(list.o)
                0x0000ae88                list_add
 .text.list_push
                0x0000aee0       0x44 contiki-srf06-cc26xx.a(list.o)
                0x0000aee0                list_push
 .text.list_remove
                0x0000af24       0x38 contiki-srf06-cc26xx.a(list.o)
                0x0000af24                list_remove
 .text.list_length
                0x0000af5c       0x14 contiki-srf06-cc26xx.a(list.o)
                0x0000af5c                list_length
 .text.list_item_next
                0x0000af70        0x8 contiki-srf06-cc26xx.a(list.o)
                0x0000af70                list_item_next
 .text.memb_init
                0x0000af78       0x24 contiki-srf06-cc26xx.a(memb.o)
                0x0000af78                memb_init
 .text.memb_alloc
                0x0000af9c       0x3c contiki-srf06-cc26xx.a(memb.o)
                0x0000af9c                memb_alloc
 .text.memb_free
                0x0000afd8       0x40 contiki-srf06-cc26xx.a(memb.o)
                0x0000afd8                memb_free
 .text.memb_inmemb
                0x0000b018       0x1c contiki-srf06-cc26xx.a(memb.o)
                0x0000b018                memb_inmemb
 .text.memb_numfree
                0x0000b034       0x20 contiki-srf06-cc26xx.a(memb.o)
                0x0000b034                memb_numfree
 .text.ringbuf_init
                0x0000b054       0x10 contiki-srf06-cc26xx.a(ringbuf.o)
                0x0000b054                ringbuf_init
 .text.ringbuf_put
                0x0000b064       0x2c contiki-srf06-cc26xx.a(ringbuf.o)
                0x0000b064                ringbuf_put
 .text.ringbuf_get
                0x0000b090       0x24 contiki-srf06-cc26xx.a(ringbuf.o)
                0x0000b090                ringbuf_get
 .text.sicslowpan_init
                0x0000b0b4       0x24 contiki-srf06-cc26xx.a(sicslowpan.o)
                0x0000b0b4                sicslowpan_init
 .text.compress_addr_64
                0x0000b0d8       0x9c contiki-srf06-cc26xx.a(sicslowpan.o)
 .text.set_packet_attrs
                0x0000b174       0x50 contiki-srf06-cc26xx.a(sicslowpan.o)
 .text.addr_context_lookup_by_prefix
                0x0000b1c4       0x28 contiki-srf06-cc26xx.a(sicslowpan.o)
 .text.send_packet
                0x0000b1ec       0x24 contiki-srf06-cc26xx.a(sicslowpan.o)
 .text.packet_sent
                0x0000b210       0x28 contiki-srf06-cc26xx.a(sicslowpan.o)
 .text.store_fragment
                0x0000b238       0x74 contiki-srf06-cc26xx.a(sicslowpan.o)
 .text.add_fragment
                0x0000b2ac      0x1b8 contiki-srf06-cc26xx.a(sicslowpan.o)
 .text.uncompress_addr
                0x0000b464       0xc4 contiki-srf06-cc26xx.a(sicslowpan.o)
 .text.input    0x0000b528      0x640 contiki-srf06-cc26xx.a(sicslowpan.o)
 .text.output   0x0000bb68      0x760 contiki-srf06-cc26xx.a(sicslowpan.o)
 .text.sicslowpan_get_last_rssi
                0x0000c2c8        0xc contiki-srf06-cc26xx.a(sicslowpan.o)
                0x0000c2c8                sicslowpan_get_last_rssi
 .text.chksum   0x0000c2d4       0x50 contiki-srf06-cc26xx.a(uip6.o)
 .text.upper_layer_chksum
                0x0000c324       0x58 contiki-srf06-cc26xx.a(uip6.o)
 .text.ext_hdr_options_process
                0x0000c37c       0xe0 contiki-srf06-cc26xx.a(uip6.o)
 .text.uip_add32
                0x0000c45c       0x58 contiki-srf06-cc26xx.a(uip6.o)
                0x0000c45c                uip_add32
 .text.unlikely.uip_add_rcv_nxt
                0x0000c4b4       0x2c contiki-srf06-cc26xx.a(uip6.o)
 .text.uip_icmp6chksum
                0x0000c4e0        0x8 contiki-srf06-cc26xx.a(uip6.o)
                0x0000c4e0                uip_icmp6chksum
 .text.uip_init
                0x0000c4e8       0x5c contiki-srf06-cc26xx.a(uip6.o)
                0x0000c4e8                uip_init
 .text.uip_connect
                0x0000c544       0xf0 contiki-srf06-cc26xx.a(uip6.o)
                0x0000c544                uip_connect
 .text.remove_ext_hdr
                0x0000c634       0x5c contiki-srf06-cc26xx.a(uip6.o)
                0x0000c634                remove_ext_hdr
 .text.uip_udp_new
                0x0000c690       0x94 contiki-srf06-cc26xx.a(uip6.o)
                0x0000c690                uip_udp_new
 .text.uip_unlisten
                0x0000c724       0x28 contiki-srf06-cc26xx.a(uip6.o)
                0x0000c724                uip_unlisten
 .text.uip_listen
                0x0000c74c       0x24 contiki-srf06-cc26xx.a(uip6.o)
                0x0000c74c                uip_listen
 .text.uip_process
                0x0000c770     0x1020 contiki-srf06-cc26xx.a(uip6.o)
                0x0000c770                uip_process
 .text.uip_htons
                0x0000d790        0x8 contiki-srf06-cc26xx.a(uip6.o)
                0x0000d790                uip_htons
 .text.uip_htonl
                0x0000d798       0x1c contiki-srf06-cc26xx.a(uip6.o)
                0x0000d798                uip_htonl
 .text.uip_send
                0x0000d7b4       0x4c contiki-srf06-cc26xx.a(uip6.o)
                0x0000d7b4                uip_send
 .text.uip_ds6_list_loop
                0x0000d800       0x58 contiki-srf06-cc26xx.a(uip-ds6.o)
                0x0000d800                uip_ds6_list_loop
 .text.uip_ds6_prefix_add
                0x0000d858       0x6c contiki-srf06-cc26xx.a(uip-ds6.o)
                0x0000d858                uip_ds6_prefix_add
 .text.uip_ds6_is_addr_onlink
                0x0000d8c4       0x40 contiki-srf06-cc26xx.a(uip-ds6.o)
                0x0000d8c4                uip_ds6_is_addr_onlink
 .text.uip_ds6_addr_lookup
                0x0000d904       0x30 contiki-srf06-cc26xx.a(uip-ds6.o)
                0x0000d904                uip_ds6_addr_lookup
 .text.uip_ds6_get_link_local
                0x0000d934       0x50 contiki-srf06-cc26xx.a(uip-ds6.o)
                0x0000d934                uip_ds6_get_link_local
 .text.uip_ds6_get_global
                0x0000d984       0x50 contiki-srf06-cc26xx.a(uip-ds6.o)
                0x0000d984                uip_ds6_get_global
 .text.uip_ds6_maddr_add
                0x0000d9d4       0x50 contiki-srf06-cc26xx.a(uip-ds6.o)
                0x0000d9d4                uip_ds6_maddr_add
 .text.uip_ds6_addr_add
                0x0000da24       0xa8 contiki-srf06-cc26xx.a(uip-ds6.o)
                0x0000da24                uip_ds6_addr_add
 .text.uip_ds6_maddr_lookup
                0x0000dacc       0x30 contiki-srf06-cc26xx.a(uip-ds6.o)
                0x0000dacc                uip_ds6_maddr_lookup
 .text.uip_ds6_addr_rm
                0x0000dafc       0x48 contiki-srf06-cc26xx.a(uip-ds6.o)
                0x0000dafc                uip_ds6_addr_rm
 .text.uip_ds6_periodic
                0x0000db44       0x5c contiki-srf06-cc26xx.a(uip-ds6.o)
                0x0000db44                uip_ds6_periodic
 .text.uip_ds6_select_src
                0x0000dba0      0x118 contiki-srf06-cc26xx.a(uip-ds6.o)
                0x0000dba0                uip_ds6_select_src
 .text.uip_ds6_set_addr_iid
                0x0000dcb8       0x14 contiki-srf06-cc26xx.a(uip-ds6.o)
                0x0000dcb8                uip_ds6_set_addr_iid
 .text.uip_ds6_compute_reachable_time
                0x0000dccc       0x2c contiki-srf06-cc26xx.a(uip-ds6.o)
                0x0000dccc                uip_ds6_compute_reachable_time
 .text.uip_ds6_init
                0x0000dcf8       0xf4 contiki-srf06-cc26xx.a(uip-ds6.o)
                0x0000dcf8                uip_ds6_init
 .text.uip_ds6_nbr_rm
                0x0000ddec       0x20 contiki-srf06-cc26xx.a(uip-ds6-nbr.o)
                0x0000ddec                uip_ds6_nbr_rm
 .text.uip_ds6_neighbors_init
                0x0000de0c       0x1c contiki-srf06-cc26xx.a(uip-ds6-nbr.o)
                0x0000de0c                uip_ds6_neighbors_init
 .text.uip_ds6_nbr_add
                0x0000de28       0x38 contiki-srf06-cc26xx.a(uip-ds6-nbr.o)
                0x0000de28                uip_ds6_nbr_add
 .text.uip_ds6_nbr_update_lladdr
                0x0000de60       0x84 contiki-srf06-cc26xx.a(uip-ds6-nbr.o)
                0x0000de60                uip_ds6_nbr_update_lladdr
 .text.uip_ds6_nbr_get_ll
                0x0000dee4       0x10 contiki-srf06-cc26xx.a(uip-ds6-nbr.o)
                0x0000dee4                uip_ds6_nbr_get_ll
 .text.uip_ds6_nbr_lookup
                0x0000def4       0x3c contiki-srf06-cc26xx.a(uip-ds6-nbr.o)
                0x0000def4                uip_ds6_nbr_lookup
 .text.uip_ds6_nbr_ipaddr_from_lladdr
                0x0000df30       0x10 contiki-srf06-cc26xx.a(uip-ds6-nbr.o)
                0x0000df30                uip_ds6_nbr_ipaddr_from_lladdr
 .text.uip_ds6_nbr_lladdr_from_ipaddr
                0x0000df40       0x1c contiki-srf06-cc26xx.a(uip-ds6-nbr.o)
                0x0000df40                uip_ds6_nbr_lladdr_from_ipaddr
 .text.uip_ds6_link_neighbor_callback
                0x0000df5c       0x34 contiki-srf06-cc26xx.a(uip-ds6-nbr.o)
                0x0000df5c                uip_ds6_link_neighbor_callback
 .text.call_route_callback
                0x0000df90       0x54 contiki-srf06-cc26xx.a(uip-ds6-route.o)
 .text.uip_ds6_route_init
                0x0000dfe4       0x4c contiki-srf06-cc26xx.a(uip-ds6-route.o)
                0x0000dfe4                uip_ds6_route_init
 .text.uip_ds6_route_nexthop
                0x0000e030       0x1c contiki-srf06-cc26xx.a(uip-ds6-route.o)
                0x0000e030                uip_ds6_route_nexthop
 .text.uip_ds6_route_head
                0x0000e04c        0xc contiki-srf06-cc26xx.a(uip-ds6-route.o)
                0x0000e04c                uip_ds6_route_head
 .text.uip_ds6_route_next
                0x0000e058        0x8 contiki-srf06-cc26xx.a(uip-ds6-route.o)
                0x0000e058                uip_ds6_route_next
 .text.uip_ds6_route_is_nexthop
                0x0000e060       0x20 contiki-srf06-cc26xx.a(uip-ds6-route.o)
                0x0000e060                uip_ds6_route_is_nexthop
 .text.uip_ds6_route_lookup
                0x0000e080       0x78 contiki-srf06-cc26xx.a(uip-ds6-route.o)
                0x0000e080                uip_ds6_route_lookup
 .text.uip_ds6_route_rm
                0x0000e0f8       0xb0 contiki-srf06-cc26xx.a(uip-ds6-route.o)
                0x0000e0f8                uip_ds6_route_rm
 .text.rm_routelist
                0x0000e1a8       0x38 contiki-srf06-cc26xx.a(uip-ds6-route.o)
 .text.rm_routelist_callback
                0x0000e1e0        0x4 contiki-srf06-cc26xx.a(uip-ds6-route.o)
 .text.uip_ds6_route_add
                0x0000e1e4      0x114 contiki-srf06-cc26xx.a(uip-ds6-route.o)
                0x0000e1e4                uip_ds6_route_add
 .text.uip_ds6_defrt_rm
                0x0000e2f8       0x48 contiki-srf06-cc26xx.a(uip-ds6-route.o)
                0x0000e2f8                uip_ds6_defrt_rm
 .text.uip_ds6_defrt_lookup
                0x0000e340       0x38 contiki-srf06-cc26xx.a(uip-ds6-route.o)
                0x0000e340                uip_ds6_defrt_lookup
 .text.uip_ds6_defrt_add
                0x0000e378       0x5c contiki-srf06-cc26xx.a(uip-ds6-route.o)
                0x0000e378                uip_ds6_defrt_add
 .text.uip_ds6_defrt_choose
                0x0000e3d4       0x34 contiki-srf06-cc26xx.a(uip-ds6-route.o)
                0x0000e3d4                uip_ds6_defrt_choose
 .text.uip_ds6_defrt_periodic
                0x0000e408       0x44 contiki-srf06-cc26xx.a(uip-ds6-route.o)
                0x0000e408                uip_ds6_defrt_periodic
 .text.echo_reply_input
                0x0000e44c       0xb0 contiki-srf06-cc26xx.a(uip-icmp6.o)
 .text.echo_request_input
                0x0000e4fc       0xb0 contiki-srf06-cc26xx.a(uip-icmp6.o)
 .text.uip_icmp6_input
                0x0000e5ac       0x3c contiki-srf06-cc26xx.a(uip-icmp6.o)
                0x0000e5ac                uip_icmp6_input
 .text.uip_icmp6_register_input_handler
                0x0000e5e8        0xc contiki-srf06-cc26xx.a(uip-icmp6.o)
                0x0000e5e8                uip_icmp6_register_input_handler
 .text.uip_icmp6_error_output
                0x0000e5f4      0x158 contiki-srf06-cc26xx.a(uip-icmp6.o)
                0x0000e5f4                uip_icmp6_error_output
 .text.uip_icmp6_send
                0x0000e74c       0x84 contiki-srf06-cc26xx.a(uip-icmp6.o)
                0x0000e74c                uip_icmp6_send
 .text.uip_icmp6_echo_reply_callback_add
                0x0000e7d0       0x14 contiki-srf06-cc26xx.a(uip-icmp6.o)
                0x0000e7d0                uip_icmp6_echo_reply_callback_add
 .text.uip_icmp6_init
                0x0000e7e4       0x24 contiki-srf06-cc26xx.a(uip-icmp6.o)
                0x0000e7e4                uip_icmp6_init
 .text.ns_input
                0x0000e808      0x270 contiki-srf06-cc26xx.a(uip-nd6.o)
 .text.uip_nd6_init
                0x0000ea78        0xc contiki-srf06-cc26xx.a(uip-nd6.o)
                0x0000ea78                uip_nd6_init
 .text.psock_send
                0x0000ea84       0xb8 contiki-srf06-cc26xx.a(psock.o)
                0x0000ea84                psock_send
 .text.psock_datalen
                0x0000eb3c        0xc contiki-srf06-cc26xx.a(psock.o)
                0x0000eb3c                psock_datalen
 .text.psock_readto
                0x0000eb48       0xc0 contiki-srf06-cc26xx.a(psock.o)
                0x0000eb48                psock_readto
 .text.psock_readbuf_len
                0x0000ec08      0x100 contiki-srf06-cc26xx.a(psock.o)
                0x0000ec08                psock_readbuf_len
 .text.psock_init
                0x0000ed08       0x18 contiki-srf06-cc26xx.a(psock.o)
                0x0000ed08                psock_init
 .text.start_periodic_tcp_timer
                0x0000ed20       0x1c contiki-srf06-cc26xx.a(tcpip.o)
 .text.tcpip_inputfunc
                0x0000ed3c       0x24 contiki-srf06-cc26xx.a(tcpip.o)
                0x0000ed3c                tcpip_inputfunc
 .text.tcpip_set_outputfunc
                0x0000ed60        0xc contiki-srf06-cc26xx.a(tcpip.o)
                0x0000ed60                tcpip_set_outputfunc
 .text.tcpip_input
                0x0000ed6c       0x10 contiki-srf06-cc26xx.a(tcpip.o)
                0x0000ed6c                tcpip_input
 .text.tcp_connect
                0x0000ed7c       0x2c contiki-srf06-cc26xx.a(tcpip.o)
                0x0000ed7c                tcp_connect
 .text.tcp_unlisten
                0x0000eda8       0x38 contiki-srf06-cc26xx.a(tcpip.o)
                0x0000eda8                tcp_unlisten
 .text.tcp_listen
                0x0000ede0       0x30 contiki-srf06-cc26xx.a(tcpip.o)
                0x0000ede0                tcp_listen
 .text.tcp_attach
                0x0000ee10       0x10 contiki-srf06-cc26xx.a(tcpip.o)
                0x0000ee10                tcp_attach
 .text.udp_new  0x0000ee20       0x18 contiki-srf06-cc26xx.a(tcpip.o)
                0x0000ee20                udp_new
 .text.tcpip_icmp6_call
                0x0000ee38       0x28 contiki-srf06-cc26xx.a(tcpip.o)
                0x0000ee38                tcpip_icmp6_call
 .text.tcpip_ipv6_output
                0x0000ee60       0xb8 contiki-srf06-cc26xx.a(tcpip.o)
                0x0000ee60                tcpip_ipv6_output
 .text.process_thread_tcpip_process
                0x0000ef18      0x1d8 contiki-srf06-cc26xx.a(tcpip.o)
 .text.tcpip_poll_tcp
                0x0000f0f0       0x10 contiki-srf06-cc26xx.a(tcpip.o)
                0x0000f0f0                tcpip_poll_tcp
 .text.tcpip_uipcall
                0x0000f100       0x70 contiki-srf06-cc26xx.a(tcpip.o)
                0x0000f100                tcpip_uipcall
 .text.newdata  0x0000f170       0x4c contiki-srf06-cc26xx.a(tcp-socket.o)
 .text.senddata
                0x0000f1bc       0x28 contiki-srf06-cc26xx.a(tcp-socket.o)
 .text.process_thread_tcp_socket_process
                0x0000f1e4      0x278 contiki-srf06-cc26xx.a(tcp-socket.o)
 .text.tcp_socket_register
                0x0000f45c       0x70 contiki-srf06-cc26xx.a(tcp-socket.o)
                0x0000f45c                tcp_socket_register
 .text.tcp_socket_connect
                0x0000f4cc       0x4c contiki-srf06-cc26xx.a(tcp-socket.o)
                0x0000f4cc                tcp_socket_connect
 .text.tcp_socket_unlisten
                0x0000f518       0x3c contiki-srf06-cc26xx.a(tcp-socket.o)
                0x0000f518                tcp_socket_unlisten
 .text.tcp_socket_send
                0x0000f554       0x3c contiki-srf06-cc26xx.a(tcp-socket.o)
                0x0000f554                tcp_socket_send
 .text.tcp_socket_close
                0x0000f590       0x1c contiki-srf06-cc26xx.a(tcp-socket.o)
                0x0000f590                tcp_socket_close
 .text.tcp_socket_unregister
                0x0000f5ac       0x2c contiki-srf06-cc26xx.a(tcp-socket.o)
                0x0000f5ac                tcp_socket_unregister
 .text.uip_debug_ipaddr_print
                0x0000f5d8       0xbc contiki-srf06-cc26xx.a(uip-debug.o)
                0x0000f5d8                uip_debug_ipaddr_print
 .text.uiplib_ip6addrconv
                0x0000f694       0xd0 contiki-srf06-cc26xx.a(uiplib.o)
                0x0000f694                uiplib_ip6addrconv
 .text.uip_udp_packet_send
                0x0000f764       0x40 contiki-srf06-cc26xx.a(uip-udp-packet.)
                0x0000f764                uip_udp_packet_send
 .text.uip_udp_packet_sendto
                0x0000f7a4       0x48 contiki-srf06-cc26xx.a(uip-udp-packet.)
                0x0000f7a4                uip_udp_packet_sendto
 .text.rpl_get_mode
                0x0000f7ec        0xc contiki-srf06-cc26xx.a(rpl.o)
                0x0000f7ec                rpl_get_mode
 .text.rpl_purge_routes
                0x0000f7f8       0x80 contiki-srf06-cc26xx.a(rpl.o)
                0x0000f7f8                rpl_purge_routes
 .text.rpl_remove_routes
                0x0000f878       0x24 contiki-srf06-cc26xx.a(rpl.o)
                0x0000f878                rpl_remove_routes
 .text.rpl_remove_routes_by_nexthop
                0x0000f89c       0x34 contiki-srf06-cc26xx.a(rpl.o)
                0x0000f89c                rpl_remove_routes_by_nexthop
 .text.rpl_add_route
                0x0000f8d0       0x6c contiki-srf06-cc26xx.a(rpl.o)
                0x0000f8d0                rpl_add_route
 .text.rpl_link_neighbor_callback
                0x0000f93c       0x60 contiki-srf06-cc26xx.a(rpl.o)
                0x0000f93c                rpl_link_neighbor_callback
 .text.rpl_ipv6_neighbor_callback
                0x0000f99c       0x30 contiki-srf06-cc26xx.a(rpl.o)
                0x0000f99c                rpl_ipv6_neighbor_callback
 .text.rpl_purge_dags
                0x0000f9cc       0x60 contiki-srf06-cc26xx.a(rpl.o)
                0x0000f9cc                rpl_purge_dags
 .text.rpl_init
                0x0000fa2c       0x4c contiki-srf06-cc26xx.a(rpl.o)
                0x0000fa2c                rpl_init
 .text.rpl_set_preferred_parent
                0x0000fa78       0x2c contiki-srf06-cc26xx.a(rpl-dag.o)
 .text.set_ip_from_prefix
                0x0000faa4       0x24 contiki-srf06-cc26xx.a(rpl-dag.o)
 .text.check_prefix
                0x0000fac8       0x78 contiki-srf06-cc26xx.a(rpl-dag.o)
 .text.find_parent_any_dag_any_instance
                0x0000fb40       0x1c contiki-srf06-cc26xx.a(rpl-dag.o)
 .text.lollipop_greater_than
                0x0000fb5c       0x3c contiki-srf06-cc26xx.a(rpl-dag.o)
 .text.rpl_dag_init
                0x0000fb98       0x14 contiki-srf06-cc26xx.a(rpl-dag.o)
                0x0000fb98                rpl_dag_init
 .text.rpl_get_parent
                0x0000fbac       0x10 contiki-srf06-cc26xx.a(rpl-dag.o)
                0x0000fbac                rpl_get_parent
 .text.rpl_rank_via_parent
                0x0000fbbc       0x1c contiki-srf06-cc26xx.a(rpl-dag.o)
                0x0000fbbc                rpl_rank_via_parent
 .text.rpl_get_parent_lladdr
                0x0000fbd8       0x10 contiki-srf06-cc26xx.a(rpl-dag.o)
                0x0000fbd8                rpl_get_parent_lladdr
 .text.rpl_get_parent_ipaddr
                0x0000fbe8       0x18 contiki-srf06-cc26xx.a(rpl-dag.o)
                0x0000fbe8                rpl_get_parent_ipaddr
 .text.rpl_get_parent_link_stats
                0x0000fc00       0x18 contiki-srf06-cc26xx.a(rpl-dag.o)
                0x0000fc00                rpl_get_parent_link_stats
 .text.best_parent
                0x0000fc18       0x94 contiki-srf06-cc26xx.a(rpl-dag.o)
 .text.rpl_parent_is_fresh
                0x0000fcac       0x10 contiki-srf06-cc26xx.a(rpl-dag.o)
                0x0000fcac                rpl_parent_is_fresh
 .text.rpl_parent_is_reachable
                0x0000fcbc       0x3c contiki-srf06-cc26xx.a(rpl-dag.o)
                0x0000fcbc                rpl_parent_is_reachable
 .text.rpl_set_prefix
                0x0000fcf8       0xb4 contiki-srf06-cc26xx.a(rpl-dag.o)
                0x0000fcf8                rpl_set_prefix
 .text.rpl_set_default_route
                0x0000fdac       0x30 contiki-srf06-cc26xx.a(rpl-dag.o)
                0x0000fdac                rpl_set_default_route
 .text.rpl_alloc_instance
                0x0000fddc       0x34 contiki-srf06-cc26xx.a(rpl-dag.o)
                0x0000fddc                rpl_alloc_instance
 .text.rpl_alloc_dag
                0x0000fe10       0x60 contiki-srf06-cc26xx.a(rpl-dag.o)
                0x0000fe10                rpl_alloc_dag
 .text.rpl_add_parent
                0x0000fe70       0x30 contiki-srf06-cc26xx.a(rpl-dag.o)
                0x0000fe70                rpl_add_parent
 .text.rpl_find_parent
                0x0000fea0       0x18 contiki-srf06-cc26xx.a(rpl-dag.o)
                0x0000fea0                rpl_find_parent
 .text.rpl_find_parent_any_dag
                0x0000feb8       0x20 contiki-srf06-cc26xx.a(rpl-dag.o)
                0x0000feb8                rpl_find_parent_any_dag
 .text.rpl_select_parent
                0x0000fed8       0x58 contiki-srf06-cc26xx.a(rpl-dag.o)
                0x0000fed8                rpl_select_parent
 .text.rpl_select_dag
                0x0000ff30      0x16c contiki-srf06-cc26xx.a(rpl-dag.o)
                0x0000ff30                rpl_select_dag
 .text.rpl_nullify_parent
                0x0001009c       0x58 contiki-srf06-cc26xx.a(rpl-dag.o)
                0x0001009c                rpl_nullify_parent
 .text.nbr_callback
                0x000100f4       0x1c contiki-srf06-cc26xx.a(rpl-dag.o)
 .text.remove_parents.constprop.7
                0x00010110       0x48 contiki-srf06-cc26xx.a(rpl-dag.o)
 .text.rpl_free_dag
                0x00010158       0x3c contiki-srf06-cc26xx.a(rpl-dag.o)
                0x00010158                rpl_free_dag
 .text.rpl_move_parent
                0x00010194       0x58 contiki-srf06-cc26xx.a(rpl-dag.o)
                0x00010194                rpl_move_parent
 .text.rpl_get_any_dag
                0x000101ec       0x18 contiki-srf06-cc26xx.a(rpl-dag.o)
                0x000101ec                rpl_get_any_dag
 .text.rpl_get_instance
                0x00010204       0x20 contiki-srf06-cc26xx.a(rpl-dag.o)
                0x00010204                rpl_get_instance
 .text.rpl_join_instance
                0x00010224      0x14c contiki-srf06-cc26xx.a(rpl-dag.o)
                0x00010224                rpl_join_instance
 .text.rpl_local_repair
                0x00010370       0x90 contiki-srf06-cc26xx.a(rpl-dag.o)
                0x00010370                rpl_local_repair
 .text.rpl_process_parent_event
                0x00010400       0x9c contiki-srf06-cc26xx.a(rpl-dag.o)
                0x00010400                rpl_process_parent_event
 .text.rpl_add_dag
                0x0001049c      0x148 contiki-srf06-cc26xx.a(rpl-dag.o)
                0x0001049c                rpl_add_dag
 .text.rpl_recalculate_ranks
                0x000105e4       0x50 contiki-srf06-cc26xx.a(rpl-dag.o)
                0x000105e4                rpl_recalculate_ranks
 .text.rpl_process_dio
                0x00010634      0x350 contiki-srf06-cc26xx.a(rpl-dag.o)
                0x00010634                rpl_process_dio
 .text.update_hbh_header
                0x00010984       0xd0 contiki-srf06-cc26xx.a(rpl-ext-header.)
 .text.insert_hbh_header.isra.0
                0x00010a54       0xb0 contiki-srf06-cc26xx.a(rpl-ext-header.)
 .text.rpl_verify_hbh_header
                0x00010b04       0xec contiki-srf06-cc26xx.a(rpl-ext-header.)
                0x00010b04                rpl_verify_hbh_header
 .text.rpl_remove_header
                0x00010bf0       0x78 contiki-srf06-cc26xx.a(rpl-ext-header.)
                0x00010bf0                rpl_remove_header
 .text.rpl_update_header
                0x00010c68       0x68 contiki-srf06-cc26xx.a(rpl-ext-header.)
                0x00010c68                rpl_update_header
 .text.get_global_addr
                0x00010cd0       0x54 contiki-srf06-cc26xx.a(rpl-icmp6.o)
 .text.dao_ack_input
                0x00010d24       0xec contiki-srf06-cc26xx.a(rpl-icmp6.o)
 .text.dio_input
                0x00010e10      0x2ac contiki-srf06-cc26xx.a(rpl-icmp6.o)
 .text.dao_output_target_seq
                0x000110bc      0x128 contiki-srf06-cc26xx.a(rpl-icmp6.o)
 .text.handle_dao_retransmission
                0x000111e4       0xac contiki-srf06-cc26xx.a(rpl-icmp6.o)
 .text.rpl_icmp6_update_nbr_table
                0x00011290       0x38 contiki-srf06-cc26xx.a(rpl-icmp6.o)
                0x00011290                rpl_icmp6_update_nbr_table
 .text.dao_input
                0x000112c8      0x3b0 contiki-srf06-cc26xx.a(rpl-icmp6.o)
 .text.dis_output
                0x00011678       0x58 contiki-srf06-cc26xx.a(rpl-icmp6.o)
                0x00011678                dis_output
 .text.dio_output
                0x000116d0      0x2b0 contiki-srf06-cc26xx.a(rpl-icmp6.o)
                0x000116d0                dio_output
 .text.dis_input
                0x00011980       0x54 contiki-srf06-cc26xx.a(rpl-icmp6.o)
 .text.dao_output
                0x000119d4       0x6c contiki-srf06-cc26xx.a(rpl-icmp6.o)
                0x000119d4                dao_output
 .text.dao_output_target
                0x00011a40       0x18 contiki-srf06-cc26xx.a(rpl-icmp6.o)
                0x00011a40                dao_output_target
 .text.rpl_icmp6_register_handlers
                0x00011a58       0x30 contiki-srf06-cc26xx.a(rpl-icmp6.o)
                0x00011a58                rpl_icmp6_register_handlers
 .text.reset    0x00011a88        0x4 contiki-srf06-cc26xx.a(rpl-mrhof.o)
 .text.update_metric_container
                0x00011a8c        0x8 contiki-srf06-cc26xx.a(rpl-mrhof.o)
 .text.parent_link_metric
                0x00011a94       0x14 contiki-srf06-cc26xx.a(rpl-mrhof.o)
 .text.parent_has_usable_link
                0x00011aa8       0x18 contiki-srf06-cc26xx.a(rpl-mrhof.o)
 .text.best_dag
                0x00011ac0       0x30 contiki-srf06-cc26xx.a(rpl-mrhof.o)
 .text.parent_path_cost
                0x00011af0       0x4c contiki-srf06-cc26xx.a(rpl-mrhof.o)
 .text.parent_is_acceptable
                0x00011b3c       0x34 contiki-srf06-cc26xx.a(rpl-mrhof.o)
 .text.rank_via_parent
                0x00011b70       0x3c contiki-srf06-cc26xx.a(rpl-mrhof.o)
 .text.best_parent
                0x00011bac       0x68 contiki-srf06-cc26xx.a(rpl-mrhof.o)
 .text.dao_ack_callback
                0x00011c14       0x20 contiki-srf06-cc26xx.a(rpl-mrhof.o)
 .text.new_dio_interval
                0x00011c34       0x60 contiki-srf06-cc26xx.a(rpl-timers.o)
 .text.handle_periodic_timer
                0x00011c94       0x58 contiki-srf06-cc26xx.a(rpl-timers.o)
 .text.set_dao_lifetime_timer
                0x00011cec       0x48 contiki-srf06-cc26xx.a(rpl-timers.o)
 .text.handle_unicast_dio_timer
                0x00011d34       0x1c contiki-srf06-cc26xx.a(rpl-timers.o)
 .text.handle_dio_timer
                0x00011d50       0x8c contiki-srf06-cc26xx.a(rpl-timers.o)
 .text.schedule_dao
                0x00011ddc       0x54 contiki-srf06-cc26xx.a(rpl-timers.o)
 .text.handle_dao_timer
                0x00011e30       0x5c contiki-srf06-cc26xx.a(rpl-timers.o)
 .text.rpl_reset_periodic_timer
                0x00011e8c       0x3c contiki-srf06-cc26xx.a(rpl-timers.o)
                0x00011e8c                rpl_reset_periodic_timer
 .text.rpl_reset_dio_timer
                0x00011ec8       0x1c contiki-srf06-cc26xx.a(rpl-timers.o)
                0x00011ec8                rpl_reset_dio_timer
 .text.rpl_schedule_dao
                0x00011ee4        0x8 contiki-srf06-cc26xx.a(rpl-timers.o)
                0x00011ee4                rpl_schedule_dao
 .text.rpl_schedule_unicast_dio_immediately
                0x00011eec       0x14 contiki-srf06-cc26xx.a(rpl-timers.o)
                0x00011eec                rpl_schedule_unicast_dio_immediately
 .text.get_probing_delay
                0x00011f00       0x4c contiki-srf06-cc26xx.a(rpl-timers.o)
                0x00011f00                get_probing_delay
 .text.get_probing_target
                0x00011f4c       0xdc contiki-srf06-cc26xx.a(rpl-timers.o)
                0x00011f4c                get_probing_target
 .text.rpl_schedule_probing
                0x00012028       0x20 contiki-srf06-cc26xx.a(rpl-timers.o)
                0x00012028                rpl_schedule_probing
 .text.handle_probing_timer
                0x00012048       0x58 contiki-srf06-cc26xx.a(rpl-timers.o)
 .text.SafeHapiVoid
                0x000120a0       0x28 contiki-srf06-cc26xx.a(adi.o)
                0x000120a0                SafeHapiVoid
 .text.SafeHapiAuxAdiSelect
                0x000120c8       0x2c contiki-srf06-cc26xx.a(adi.o)
                0x000120c8                SafeHapiAuxAdiSelect
 .text.NOROM_AONBatMonTemperatureGetDegC
                0x000120f4       0x30 contiki-srf06-cc26xx.a(aon_batmon.o)
                0x000120f4                NOROM_AONBatMonTemperatureGetDegC
 .text.NOROM_AONRTCCurrentCompareValueGet
                0x00012124       0x24 contiki-srf06-cc26xx.a(aon_rtc.o)
                0x00012124                NOROM_AONRTCCurrentCompareValueGet
 .text.NOROM_AUXADCDisable
                0x00012148       0x78 contiki-srf06-cc26xx.a(aux_adc.o)
                0x00012148                NOROM_AUXADCDisable
 .text.NOROM_AUXADCEnableSync
                0x000121c0       0xac contiki-srf06-cc26xx.a(aux_adc.o)
                0x000121c0                NOROM_AUXADCEnableSync
 .text.NOROM_AUXADCReadFifo
                0x0001226c       0x18 contiki-srf06-cc26xx.a(aux_adc.o)
                0x0001226c                NOROM_AUXADCReadFifo
 .text.NOROM_ChipInfo_GetSupportedProtocol_BV
                0x00012284       0x10 contiki-srf06-cc26xx.a(chipinfo.o)
                0x00012284                NOROM_ChipInfo_GetSupportedProtocol_BV
 .text.NOROM_ChipInfo_GetChipFamily
                0x00012294       0x4c contiki-srf06-cc26xx.a(chipinfo.o)
                0x00012294                NOROM_ChipInfo_GetChipFamily
 .text.NOROM_ChipInfo_GetChipType
                0x000122e0       0x30 contiki-srf06-cc26xx.a(chipinfo.o)
                0x000122e0                NOROM_ChipInfo_GetChipType
 .text.NOROM_ChipInfo_GetHwRevision
                0x00012310       0x6c contiki-srf06-cc26xx.a(chipinfo.o)
                0x00012310                NOROM_ChipInfo_GetHwRevision
 .text.NOROM_ThisCodeIsBuiltForCC13xxHwRev20AndLater_HaltIfViolated
                0x0001237c       0x18 contiki-srf06-cc26xx.a(chipinfo.o)
                0x0001237c                NOROM_ThisCodeIsBuiltForCC13xxHwRev20AndLater_HaltIfViolated
 .text.NOROM_CPUcpsid
                0x00012394        0x8 contiki-srf06-cc26xx.a(cpu.o)
                0x00012394                NOROM_CPUcpsid
 .text.NOROM_CPUcpsie
                0x0001239c        0x8 contiki-srf06-cc26xx.a(cpu.o)
                0x0001239c                NOROM_CPUcpsie
 .text.NOROM_OSCClockSourceSet
                0x000123a4       0x60 contiki-srf06-cc26xx.a(osc.o)
                0x000123a4                NOROM_OSCClockSourceSet
 .text.NOROM_OSCClockSourceGet
                0x00012404       0x34 contiki-srf06-cc26xx.a(osc.o)
                0x00012404                NOROM_OSCClockSourceGet
 .text.NOROM_PowerCtrlSourceSet
                0x00012438       0x30 contiki-srf06-cc26xx.a(pwr_ctrl.o)
                0x00012438                NOROM_PowerCtrlSourceSet
 .text.TrimAfterColdResetWakeupFromShutDown
                0x00012468       0xd8 contiki-srf06-cc26xx.a(setup.o)
 .text.NOROM_SetupTrimDevice
                0x00012540       0xa4 contiki-srf06-cc26xx.a(setup.o)
                0x00012540                NOROM_SetupTrimDevice
 .text.NOROM_SetupGetTrimForXoscHfCtl.part.3
                0x000125e4       0x20 contiki-srf06-cc26xx.a(setup_rom.o)
 .text.NOROM_SetupGetTrimForRadcExtCfg.part.4
                0x00012604       0x1c contiki-srf06-cc26xx.a(setup_rom.o)
 .text.NOROM_SetupSetVddrLevel
                0x00012620       0x90 contiki-srf06-cc26xx.a(setup_rom.o)
                0x00012620                NOROM_SetupSetVddrLevel
 .text.NOROM_SetupAfterColdResetWakeupFromShutDownCfg1
                0x000126b0       0xb8 contiki-srf06-cc26xx.a(setup_rom.o)
                0x000126b0                NOROM_SetupAfterColdResetWakeupFromShutDownCfg1
 .text.NOROM_SetupAfterColdResetWakeupFromShutDownCfg3
                0x00012768      0x1a0 contiki-srf06-cc26xx.a(setup_rom.o)
                0x00012768                NOROM_SetupAfterColdResetWakeupFromShutDownCfg3
 .text.NOROM_SetupGetTrimForAnabypassValue1
                0x00012908       0x64 contiki-srf06-cc26xx.a(setup_rom.o)
                0x00012908                NOROM_SetupGetTrimForAnabypassValue1
 .text.NOROM_SetupGetTrimForAmpcompCtrl
                0x0001296c       0x58 contiki-srf06-cc26xx.a(setup_rom.o)
                0x0001296c                NOROM_SetupGetTrimForAmpcompCtrl
 .text.NOROM_SetupAfterColdResetWakeupFromShutDownCfg2
                0x000129c4      0x198 contiki-srf06-cc26xx.a(setup_rom.o)
                0x000129c4                NOROM_SetupAfterColdResetWakeupFromShutDownCfg2
 .text.NOROM_SetupSetCacheModeAccordingToCcfgSetting
                0x00012b5c       0x6c contiki-srf06-cc26xx.a(setup_rom.o)
                0x00012b5c                NOROM_SetupSetCacheModeAccordingToCcfgSetting
 .text.NOROM_SysCtrlSetRechargeBeforePowerDown
                0x00012bc8      0x274 contiki-srf06-cc26xx.a(sys_ctrl.o)
                0x00012bc8                NOROM_SysCtrlSetRechargeBeforePowerDown
 .text.NOROM_SysCtrlAdjustRechargeAfterPowerDown
                0x00012e3c       0x68 contiki-srf06-cc26xx.a(sys_ctrl.o)
                0x00012e3c                NOROM_SysCtrlAdjustRechargeAfterPowerDown
 .text.NOROM_SysCtrl_DCDC_VoltageConditionalControl
                0x00012ea4       0x7c contiki-srf06-cc26xx.a(sys_ctrl.o)
                0x00012ea4                NOROM_SysCtrl_DCDC_VoltageConditionalControl
 .text.NOROM_TRNGConfigure
                0x00012f20       0x38 contiki-srf06-cc26xx.a(trng.o)
                0x00012f20                NOROM_TRNGConfigure
 .text.linkaddr_copy
                0x00012f58        0xc contiki-srf06-cc26xx.a(linkaddr.o)
                0x00012f58                linkaddr_copy
 .text.linkaddr_cmp
                0x00012f64       0x10 contiki-srf06-cc26xx.a(linkaddr.o)
                0x00012f64                linkaddr_cmp
 .text.periodic
                0x00012f74       0x30 contiki-srf06-cc26xx.a(link-stats.o)
 .text.link_stats_from_lladdr
                0x00012fa4        0xc contiki-srf06-cc26xx.a(link-stats.o)
                0x00012fa4                link_stats_from_lladdr
 .text.link_stats_is_fresh
                0x00012fb0       0x28 contiki-srf06-cc26xx.a(link-stats.o)
                0x00012fb0                link_stats_is_fresh
 .text.link_stats_packet_sent
                0x00012fd8       0xcc contiki-srf06-cc26xx.a(link-stats.o)
                0x00012fd8                link_stats_packet_sent
 .text.link_stats_input_callback
                0x000130a4       0x5c contiki-srf06-cc26xx.a(link-stats.o)
                0x000130a4                link_stats_input_callback
 .text.link_stats_init
                0x00013100       0x28 contiki-srf06-cc26xx.a(link-stats.o)
                0x00013100                link_stats_init
 .text.index_from_lladdr
                0x00013128       0x50 contiki-srf06-cc26xx.a(nbr-table.o)
 .text.remove_key
                0x00013178       0x90 contiki-srf06-cc26xx.a(nbr-table.o)
 .text.nbr_table_register
                0x00013208       0x2c contiki-srf06-cc26xx.a(nbr-table.o)
                0x00013208                nbr_table_register
 .text.nbr_table_next
                0x00013234       0x78 contiki-srf06-cc26xx.a(nbr-table.o)
                0x00013234                nbr_table_next
 .text.nbr_table_head
                0x000132ac       0x58 contiki-srf06-cc26xx.a(nbr-table.o)
                0x000132ac                nbr_table_head
 .text.nbr_table_add_lladdr
                0x00013304      0x15c contiki-srf06-cc26xx.a(nbr-table.o)
                0x00013304                nbr_table_add_lladdr
 .text.nbr_table_get_from_lladdr
                0x00013460       0x38 contiki-srf06-cc26xx.a(nbr-table.o)
                0x00013460                nbr_table_get_from_lladdr
 .text.nbr_table_remove
                0x00013498       0x5c contiki-srf06-cc26xx.a(nbr-table.o)
                0x00013498                nbr_table_remove
 .text.nbr_table_lock
                0x000134f4       0x34 contiki-srf06-cc26xx.a(nbr-table.o)
                0x000134f4                nbr_table_lock
 .text.nbr_table_unlock
                0x00013528       0x34 contiki-srf06-cc26xx.a(nbr-table.o)
                0x00013528                nbr_table_unlock
 .text.nbr_table_get_lladdr
                0x0001355c       0x2c contiki-srf06-cc26xx.a(nbr-table.o)
                0x0001355c                nbr_table_get_lladdr
 .text.netstack_init
                0x00013588       0x38 contiki-srf06-cc26xx.a(netstack.o)
                0x00013588                netstack_init
 .text.packetbuf_copyto
                0x000135c0       0x50 contiki-srf06-cc26xx.a(packetbuf.o)
                0x000135c0                packetbuf_copyto
 .text.packetbuf_hdralloc
                0x00013610       0x54 contiki-srf06-cc26xx.a(packetbuf.o)
                0x00013610                packetbuf_hdralloc
 .text.packetbuf_hdrreduce
                0x00013664       0x2c contiki-srf06-cc26xx.a(packetbuf.o)
                0x00013664                packetbuf_hdrreduce
 .text.packetbuf_set_datalen
                0x00013690        0xc contiki-srf06-cc26xx.a(packetbuf.o)
                0x00013690                packetbuf_set_datalen
 .text.packetbuf_dataptr
                0x0001369c       0x20 contiki-srf06-cc26xx.a(packetbuf.o)
                0x0001369c                packetbuf_dataptr
 .text.packetbuf_hdrptr
                0x000136bc        0x8 contiki-srf06-cc26xx.a(packetbuf.o)
                0x000136bc                packetbuf_hdrptr
 .text.packetbuf_datalen
                0x000136c4        0xc contiki-srf06-cc26xx.a(packetbuf.o)
                0x000136c4                packetbuf_datalen
 .text.packetbuf_totlen
                0x000136d0       0x24 contiki-srf06-cc26xx.a(packetbuf.o)
                0x000136d0                packetbuf_totlen
 .text.packetbuf_attr_clear
                0x000136f4       0x34 contiki-srf06-cc26xx.a(packetbuf.o)
                0x000136f4                packetbuf_attr_clear
 .text.packetbuf_clear
                0x00013728       0x20 contiki-srf06-cc26xx.a(packetbuf.o)
                0x00013728                packetbuf_clear
 .text.packetbuf_copyfrom
                0x00013748       0x40 contiki-srf06-cc26xx.a(packetbuf.o)
                0x00013748                packetbuf_copyfrom
 .text.packetbuf_attr_copyto
                0x00013788       0x44 contiki-srf06-cc26xx.a(packetbuf.o)
                0x00013788                packetbuf_attr_copyto
 .text.packetbuf_attr_copyfrom
                0x000137cc       0x44 contiki-srf06-cc26xx.a(packetbuf.o)
                0x000137cc                packetbuf_attr_copyfrom
 .text.packetbuf_set_attr
                0x00013810       0x10 contiki-srf06-cc26xx.a(packetbuf.o)
                0x00013810                packetbuf_set_attr
 .text.packetbuf_attr
                0x00013820        0xc contiki-srf06-cc26xx.a(packetbuf.o)
                0x00013820                packetbuf_attr
 .text.packetbuf_set_addr
                0x0001382c       0x18 contiki-srf06-cc26xx.a(packetbuf.o)
                0x0001382c                packetbuf_set_addr
 .text.packetbuf_addr
                0x00013844       0x10 contiki-srf06-cc26xx.a(packetbuf.o)
                0x00013844                packetbuf_addr
 .text.packetbuf_holds_broadcast
                0x00013854       0x10 contiki-srf06-cc26xx.a(packetbuf.o)
                0x00013854                packetbuf_holds_broadcast
 .text.queuebuf_init
                0x00013864       0x1c contiki-srf06-cc26xx.a(queuebuf.o)
                0x00013864                queuebuf_init
 .text.queuebuf_numfree
                0x00013880        0xc contiki-srf06-cc26xx.a(queuebuf.o)
                0x00013880                queuebuf_numfree
 .text.queuebuf_new_from_packetbuf
                0x0001388c       0x44 contiki-srf06-cc26xx.a(queuebuf.o)
                0x0001388c                queuebuf_new_from_packetbuf
 .text.queuebuf_free
                0x000138d0       0x2c contiki-srf06-cc26xx.a(queuebuf.o)
                0x000138d0                queuebuf_free
 .text.queuebuf_to_packetbuf
                0x000138fc       0x30 contiki-srf06-cc26xx.a(queuebuf.o)
                0x000138fc                queuebuf_to_packetbuf
 .text.send_packet
                0x0001392c        0xc contiki-srf06-cc26xx.a(nullmac.o)
 .text.packet_input
                0x00013938        0xc contiki-srf06-cc26xx.a(nullmac.o)
 .text.on       0x00013944        0xc contiki-srf06-cc26xx.a(nullmac.o)
 .text.off      0x00013950        0xc contiki-srf06-cc26xx.a(nullmac.o)
 .text.channel_check_interval
                0x0001395c        0x4 contiki-srf06-cc26xx.a(nullmac.o)
 .text.init     0x00013960        0x4 contiki-srf06-cc26xx.a(nullmac.o)
 .text.on       0x00013964        0xc contiki-srf06-cc26xx.a(nullrdc.o)
 .text.channel_check_interval
                0x00013970        0x4 contiki-srf06-cc26xx.a(nullrdc.o)
 .text.init     0x00013974        0xc contiki-srf06-cc26xx.a(nullrdc.o)
 .text.packet_input
                0x00013980       0x9c contiki-srf06-cc26xx.a(nullrdc.o)
 .text.send_one_packet
                0x00013a1c      0x144 contiki-srf06-cc26xx.a(nullrdc.o)
 .text.send_list
                0x00013b60       0x28 contiki-srf06-cc26xx.a(nullrdc.o)
 .text.send_packet
                0x00013b88        0x4 contiki-srf06-cc26xx.a(nullrdc.o)
 .text.off      0x00013b8c       0x1c contiki-srf06-cc26xx.a(nullrdc.o)
 .text.input    0x00013ba8        0xc contiki-srf06-cc26xx.a(noncoresec.o)
 .text.add_security_header
                0x00013bb4       0x18 contiki-srf06-cc26xx.a(noncoresec.o)
 .text.send     0x00013bcc       0x28 contiki-srf06-cc26xx.a(noncoresec.o)
 .text.length   0x00013bf4       0x14 contiki-srf06-cc26xx.a(noncoresec.o)
 .text.init     0x00013c08       0x24 contiki-srf06-cc26xx.a(noncoresec.o)
 .text.aead     0x00013c2c       0x78 contiki-srf06-cc26xx.a(noncoresec.o)
 .text.parse    0x00013ca4       0xb8 contiki-srf06-cc26xx.a(noncoresec.o)
 .text.create   0x00013d5c       0x20 contiki-srf06-cc26xx.a(noncoresec.o)
 .text.coap_set_option_header
                0x00013d7c       0x90 contiki-srf06-cc26xx.a(er-coap.o)
 .text.coap_serialize_int_option
                0x00013e0c       0x6c contiki-srf06-cc26xx.a(er-coap.o)
 .text.coap_merge_multi_option
                0x00013e78       0x34 contiki-srf06-cc26xx.a(er-coap.o)
 .text.coap_get_variable
                0x00013eac       0x7c contiki-srf06-cc26xx.a(er-coap.o)
 .text.coap_serialize_array_option.part.0
                0x00013f28       0x20 contiki-srf06-cc26xx.a(er-coap.o)
 .text.coap_serialize_array_option
                0x00013f48       0x94 contiki-srf06-cc26xx.a(er-coap.o)
 .text.coap_init_connection
                0x00013fdc       0x1c contiki-srf06-cc26xx.a(er-coap.o)
                0x00013fdc                coap_init_connection
 .text.coap_get_mid
                0x00013ff8       0x10 contiki-srf06-cc26xx.a(er-coap.o)
                0x00013ff8                coap_get_mid
 .text.coap_init_message
                0x00014008       0x1c contiki-srf06-cc26xx.a(er-coap.o)
                0x00014008                coap_init_message
 .text.coap_serialize_message
                0x00014024      0x314 contiki-srf06-cc26xx.a(er-coap.o)
                0x00014024                coap_serialize_message
 .text.coap_parse_message
                0x00014338      0x44c contiki-srf06-cc26xx.a(er-coap.o)
                0x00014338                coap_parse_message
 .text.coap_get_query_variable
                0x00014784       0x24 contiki-srf06-cc26xx.a(er-coap.o)
                0x00014784                coap_get_query_variable
 .text.coap_get_post_variable
                0x000147a8       0x20 contiki-srf06-cc26xx.a(er-coap.o)
                0x000147a8                coap_get_post_variable
 .text.coap_set_status_code
                0x000147c8        0xc contiki-srf06-cc26xx.a(er-coap.o)
                0x000147c8                coap_set_status_code
 .text.coap_set_token
                0x000147d4       0x18 contiki-srf06-cc26xx.a(er-coap.o)
                0x000147d4                coap_set_token
 .text.coap_get_header_content_format
                0x000147ec       0x14 contiki-srf06-cc26xx.a(er-coap.o)
                0x000147ec                coap_get_header_content_format
 .text.coap_set_header_content_format
                0x00014800       0x10 contiki-srf06-cc26xx.a(er-coap.o)
                0x00014800                coap_set_header_content_format
 .text.coap_get_header_accept
                0x00014810       0x14 contiki-srf06-cc26xx.a(er-coap.o)
                0x00014810                coap_get_header_accept
 .text.coap_get_header_max_age
                0x00014824       0x10 contiki-srf06-cc26xx.a(er-coap.o)
                0x00014824                coap_get_header_max_age
 .text.coap_set_header_max_age
                0x00014834       0x10 contiki-srf06-cc26xx.a(er-coap.o)
                0x00014834                coap_set_header_max_age
 .text.coap_set_header_etag
                0x00014844       0x24 contiki-srf06-cc26xx.a(er-coap.o)
                0x00014844                coap_set_header_etag
 .text.coap_get_header_if_match
                0x00014868       0x18 contiki-srf06-cc26xx.a(er-coap.o)
                0x00014868                coap_get_header_if_match
 .text.coap_get_header_if_none_match
                0x00014880        0x8 contiki-srf06-cc26xx.a(er-coap.o)
                0x00014880                coap_get_header_if_none_match
 .text.coap_get_header_uri_host
                0x00014888       0x14 contiki-srf06-cc26xx.a(er-coap.o)
                0x00014888                coap_get_header_uri_host
 .text.coap_get_header_uri_path
                0x0001489c       0x14 contiki-srf06-cc26xx.a(er-coap.o)
                0x0001489c                coap_get_header_uri_path
 .text.coap_set_header_uri_path
                0x000148b0       0x28 contiki-srf06-cc26xx.a(er-coap.o)
                0x000148b0                coap_set_header_uri_path
 .text.coap_get_header_uri_query
                0x000148d8       0x18 contiki-srf06-cc26xx.a(er-coap.o)
                0x000148d8                coap_get_header_uri_query
 .text.coap_set_header_location_path
                0x000148f0       0x60 contiki-srf06-cc26xx.a(er-coap.o)
                0x000148f0                coap_set_header_location_path
 .text.coap_set_header_observe
                0x00014950       0x10 contiki-srf06-cc26xx.a(er-coap.o)
                0x00014950                coap_set_header_observe
 .text.coap_get_header_block2
                0x00014960       0x3c contiki-srf06-cc26xx.a(er-coap.o)
                0x00014960                coap_get_header_block2
 .text.coap_set_header_block2
                0x0001499c       0x38 contiki-srf06-cc26xx.a(er-coap.o)
                0x0001499c                coap_set_header_block2
 .text.coap_get_header_size2
                0x000149d4       0x14 contiki-srf06-cc26xx.a(er-coap.o)
                0x000149d4                coap_get_header_size2
 .text.coap_set_header_size2
                0x000149e8       0x10 contiki-srf06-cc26xx.a(er-coap.o)
                0x000149e8                coap_set_header_size2
 .text.coap_get_payload
                0x000149f8       0x14 contiki-srf06-cc26xx.a(er-coap.o)
                0x000149f8                coap_get_payload
 .text.coap_set_payload
                0x00014a0c       0x14 contiki-srf06-cc26xx.a(er-coap.o)
                0x00014a0c                coap_set_payload
 .text.stimer_set
                0x00014a20       0x10 contiki-srf06-cc26xx.a(stimer.o)
                0x00014a20                stimer_set
 .text.stimer_expired
                0x00014a30       0x20 contiki-srf06-cc26xx.a(stimer.o)
                0x00014a30                stimer_expired
 .text.set_key  0x00014a50        0xc contiki-srf06-cc26xx.a(ccm-star.o)
 .text.ctr_step
                0x00014a5c       0x74 contiki-srf06-cc26xx.a(ccm-star.o)
 .text.aead     0x00014ad0      0x204 contiki-srf06-cc26xx.a(ccm-star.o)
 .text.update_nbr
                0x00014cd4      0x10c contiki-srf06-cc26xx.a(rpl-nbr-policy.)
 .text.handle_periodic_timer
                0x00014de0       0x14 contiki-srf06-cc26xx.a(rpl-nbr-policy.)
 .text.find_removable_dio
                0x00014df4       0x3c contiki-srf06-cc26xx.a(rpl-nbr-policy.)
                0x00014df4                find_removable_dio
 .text.rpl_nbr_policy_find_removable
                0x00014e30       0x64 contiki-srf06-cc26xx.a(rpl-nbr-policy.)
                0x00014e30                rpl_nbr_policy_find_removable
 .text.NOROM_DDI32RegWrite
                0x00014e94       0x2c contiki-srf06-cc26xx.a(ddi.o)
                0x00014e94                NOROM_DDI32RegWrite
 .text.frame802154_get_pan_id
                0x00014ec0        0xc contiki-srf06-cc26xx.a(frame802154.o)
                0x00014ec0                frame802154_get_pan_id
 .text.frame802154_has_panid
                0x00014ecc       0xa4 contiki-srf06-cc26xx.a(frame802154.o)
                0x00014ecc                frame802154_has_panid
 .text.field_len
                0x00014f70       0xa4 contiki-srf06-cc26xx.a(frame802154.o)
 .text.frame802154_is_broadcast_addr
                0x00015014       0x20 contiki-srf06-cc26xx.a(frame802154.o)
                0x00015014                frame802154_is_broadcast_addr
 .text.frame802154_hdrlen
                0x00015034       0x34 contiki-srf06-cc26xx.a(frame802154.o)
                0x00015034                frame802154_hdrlen
 .text.frame802154_create
                0x00015068      0x14c contiki-srf06-cc26xx.a(frame802154.o)
                0x00015068                frame802154_create
 .text.frame802154_parse
                0x000151b4      0x1a8 contiki-srf06-cc26xx.a(frame802154.o)
                0x000151b4                frame802154_parse
 .text.parse    0x0001535c       0xc8 contiki-srf06-cc26xx.a(framer-802154.o)
 .text.create_frame.isra.0
                0x00015424      0x124 contiki-srf06-cc26xx.a(framer-802154.o)
 .text.create   0x00015548        0x8 contiki-srf06-cc26xx.a(framer-802154.o)
 .text.hdr_length