Archive member included to satisfy reference by file (symbol)

contiki-native.a(cmd.o)       (--whole-archive)
contiki-native.a(packetutils.o)
                              (--whole-archive)
contiki-native.a(httpd.o)     (--whole-archive)
contiki-native.a(httpd-cgi.o)
                              (--whole-archive)
contiki-native.a(httpd-urlconv.o)
                              (--whole-archive)
contiki-native.a(webserver.o)
                              (--whole-archive)
contiki-native.a(webserver-utils)
                              (--whole-archive)
contiki-native.a(webserver-main.)
                              (--whole-archive)
contiki-native.a(webserver-netwo)
                              (--whole-archive)
contiki-native.a(webserver-confi)
                              (--whole-archive)
contiki-native.a(webserver-stati)
                              (--whole-archive)
contiki-native.a(webserver-admin)
                              (--whole-archive)
contiki-native.a(webserver-log.o)
                              (--whole-archive)
contiki-native.a(webserver-rpl.o)
                              (--whole-archive)
contiki-native.a(webserver-file.)
                              (--whole-archive)
contiki-native.a(webserver-senso)
                              (--whole-archive)
contiki-native.a(webserver-senso)
                              (--whole-archive)
contiki-native.a(webserver-node-)
                              (--whole-archive)
contiki-native.a(udp-server.o)
                              (--whole-archive)
contiki-native.a(node-config.o)
                              (--whole-archive)
contiki-native.a(node-config-ip6)
                              (--whole-archive)
contiki-native.a(node-config-fil)
                              (--whole-archive)
contiki-native.a(node-info.o)
                              (--whole-archive)
contiki-native.a(node-info-expor)
                              (--whole-archive)
contiki-native.a(webserver-node-)
                              (--whole-archive)
contiki-native.a(dns-proxy.o)
                              (--whole-archive)
contiki-native.a(er-coap.o)   (--whole-archive)
contiki-native.a(er-coap-engine.)
                              (--whole-archive)
contiki-native.a(er-coap-transac)
                              (--whole-archive)
contiki-native.a(er-coap-observe)
                              (--whole-archive)
contiki-native.a(er-coap-separat)
                              (--whole-archive)
contiki-native.a(er-coap-res-wel)
                              (--whole-archive)
contiki-native.a(er-coap-block1.)
                              (--whole-archive)
contiki-native.a(er-coap-observe)
                              (--whole-archive)
contiki-native.a(er-coap-udp.o)
                              (--whole-archive)
contiki-native.a(rest-engine.o)
                              (--whole-archive)
contiki-native.a(coap-server.o)
                              (--whole-archive)
contiki-native.a(block-transfer.)
                              (--whole-archive)
contiki-native.a(coap-common.o)
                              (--whole-archive)
contiki-native.a(coap-push.o)
                              (--whole-archive)
contiki-native.a(core-interface.)
                              (--whole-archive)
contiki-native.a(coap-binding.o)
                              (--whole-archive)
contiki-native.a(coap-linked-bat)
                              (--whole-archive)
contiki-native.a(rd-client.o)
                              (--whole-archive)
contiki-native.a(rest-type-text.)
                              (--whole-archive)
contiki-native.a(rest-type-json.)
                              (--whole-archive)
contiki-native.a(rest-type-senml)
                              (--whole-archive)
contiki-native.a(rest-type-xml.o)
                              (--whole-archive)
contiki-native.a(ctk-conio.o)
                              (--whole-archive)
contiki-native.a(contiki-main.o)
                              (--whole-archive)
contiki-native.a(clock.o)     (--whole-archive)
contiki-native.a(leds.o)      (--whole-archive)
contiki-native.a(leds-arch.o)
                              (--whole-archive)
contiki-native.a(button-sensor.o)
                              (--whole-archive)
contiki-native.a(pir-sensor.o)
                              (--whole-archive)
contiki-native.a(vib-sensor.o)
                              (--whole-archive)
contiki-native.a(xmem.o)      (--whole-archive)
contiki-native.a(sensors.o)   (--whole-archive)
contiki-native.a(irq.o)       (--whole-archive)
contiki-native.a(cfs-posix.o)
                              (--whole-archive)
contiki-native.a(cfs-posix-dir.o)
                              (--whole-archive)
contiki-native.a(ctk-curses.o)
                              (--whole-archive)
contiki-native.a(tapdev-drv.o)
                              (--whole-archive)
contiki-native.a(linuxradio-drv.)
                              (--whole-archive)
[...]
Memory Configuration

Name             Origin             Length             Attributes
*default*        0x0000000000000000 0xffffffffffffffff

Linker script and memory map

LOAD /usr/lib/gcc/x86_64-linux-gnu/5/../../../x86_64-linux-gnu/crt1.o
LOAD /usr/lib/gcc/x86_64-linux-gnu/5/../../../x86_64-linux-gnu/crti.o
LOAD /usr/lib/gcc/x86_64-linux-gnu/5/crtbegin.o
LOAD cetic-6lbr.co
LOAD obj_native/native-init.o
LOAD obj_native/native-nvm.o
LOAD obj_native/native-config.o
LOAD obj_native/native-config-file.o
LOAD obj_native/native-config-handlers.o
LOAD obj_native/raw-tap-eth-drv.o
LOAD obj_native/raw-tap-dev.o
LOAD obj_native/native-rdc.o
LOAD obj_native/slip-cmds.o
LOAD obj_native/native-args.o
LOAD obj_native/slip-dev.o
LOAD obj_native/6lbr-watchdog.o
LOAD obj_native/plugin.o
LOAD obj_native/lost-symbols.o
LOAD obj_native/ini.o
LOAD obj_native/log-6lbr.o
LOAD obj_native/rio.o
LOAD obj_native/packet-forwarding-engine.o
LOAD obj_native/sicslow-ethernet.o
LOAD obj_native/nvm-config.o
LOAD obj_native/mac-wrapper.o
LOAD obj_native/switch-lookup.o
LOAD obj_native/network-itf.o
LOAD obj_native/multi-radio.o
LOAD obj_native/llsec-wrapper.o
LOAD obj_native/framer-wrapper.o
LOAD obj_native/strategy-wrapper.o
LOAD obj_native/ip64-eth-driver.o
LOAD contiki-native.a
LOAD /usr/lib/gcc/x86_64-linux-gnu/5/../../../x86_64-linux-gnu/libdl.so
LOAD /usr/lib/gcc/x86_64-linux-gnu/5/../../../x86_64-linux-gnu/libncurses.so
LOAD /lib/x86_64-linux-gnu/libncurses.so.5
LOAD /usr/lib/gcc/x86_64-linux-gnu/5/../../../x86_64-linux-gnu/libtinfo.so
LOAD /usr/lib/gcc/x86_64-linux-gnu/5/../../../x86_64-linux-gnu/libtinfo.so
LOAD /usr/lib/gcc/x86_64-linux-gnu/5/../../../x86_64-linux-gnu/librt.so
LOAD /usr/lib/gcc/x86_64-linux-gnu/5/../../../x86_64-linux-gnu/libpthread.so
START GROUP
LOAD /lib/x86_64-linux-gnu/libpthread.so.0
LOAD /usr/lib/x86_64-linux-gnu/libpthread_nonshared.a
END GROUP
LOAD /usr/lib/gcc/x86_64-linux-gnu/5/libgcc.a
LOAD /usr/lib/gcc/x86_64-linux-gnu/5/libgcc_s.so
LOAD /usr/lib/gcc/x86_64-linux-gnu/5/../../../x86_64-linux-gnu/libc.so
START GROUP
LOAD /lib/x86_64-linux-gnu/libc.so.6
LOAD /usr/lib/x86_64-linux-gnu/libc_nonshared.a
LOAD /lib/x86_64-linux-gnu/ld-linux-x86-64.so.2
END GROUP
LOAD /usr/lib/gcc/x86_64-linux-gnu/5/libgcc.a
LOAD /usr/lib/gcc/x86_64-linux-gnu/5/libgcc_s.so
LOAD /usr/lib/gcc/x86_64-linux-gnu/5/crtend.o
LOAD /usr/lib/gcc/x86_64-linux-gnu/5/../../../x86_64-linux-gnu/crtn.o
                [!provide]                        PROVIDE (__executable_start, 0x400000)
                0x0000000000400238                . = (0x400000 + SIZEOF_HEADERS)

.interp         0x0000000000400238       0x1c
 *(.interp)
 .interp        0x0000000000400238       0x1c /usr/lib/gcc/x86_64-linux-gnu/5/../../../x86_64-linux-gnu/crt1.o

.note.ABI-tag   0x0000000000400254       0x20
 .note.ABI-tag  0x0000000000400254       0x20 /usr/lib/gcc/x86_64-linux-gnu/5/../../../x86_64-linux-gnu/crt1.o

.note.gnu.build-id
                0x0000000000400274       0x24
 *(.note.gnu.build-id)
 .note.gnu.build-id
                0x0000000000400274       0x24 /usr/lib/gcc/x86_64-linux-gnu/5/../../../x86_64-linux-gnu/crt1.o

.hash
 *(.hash)

.gnu.hash       0x0000000000400298     0x28d0
 *(.gnu.hash)
 .gnu.hash      0x0000000000400298     0x28d0 /usr/lib/gcc/x86_64-linux-gnu/5/../../../x86_64-linux-gnu/crt1.o

.dynsym         0x0000000000402b68     0x8928
 *(.dynsym)
 .dynsym        0x0000000000402b68     0x8928 /usr/lib/gcc/x86_64-linux-gnu/5/../../../x86_64-linux-gnu/crt1.o

.dynstr         0x000000000040b490     0x6524
 *(.dynstr)
 .dynstr        0x000000000040b490     0x6524 /usr/lib/gcc/x86_64-linux-gnu/5/../../../x86_64-linux-gnu/crt1.o

.gnu.version    0x00000000004119b4      0xb6e
 *(.gnu.version)
 .gnu.version   0x00000000004119b4      0xb6e /usr/lib/gcc/x86_64-linux-gnu/5/../../../x86_64-linux-gnu/crt1.o

.gnu.version_d  0x0000000000412528        0x0
 *(.gnu.version_d)
 .gnu.version_d
                0x0000000000412528        0x0 /usr/lib/gcc/x86_64-linux-gnu/5/../../../x86_64-linux-gnu/crt1.o

.gnu.version_r  0x0000000000412528      0x110
 *(.gnu.version_r)
 .gnu.version_r
                0x0000000000412528      0x110 /usr/lib/gcc/x86_64-linux-gnu/5/../../../x86_64-linux-gnu/crt1.o

.rela.dyn       0x0000000000412638       0xc0
 *(.rela.init)
 *(.rela.text .rela.text.* .rela.gnu.linkonce.t.*)
 .rela.text     0x0000000000412638        0x0 /usr/lib/gcc/x86_64-linux-gnu/5/../../../x86_64-linux-gnu/crt1.o
 *(.rela.fini)
 *(.rela.rodata .rela.rodata.* .rela.gnu.linkonce.r.*)
 *(.rela.data .rela.data.* .rela.gnu.linkonce.d.*)
 .rela.data.rel
                0x0000000000412638        0x0 /usr/lib/gcc/x86_64-linux-gnu/5/../../../x86_64-linux-gnu/crt1.o
 .rela.data.rel.ro
                0x0000000000412638        0x0 /usr/lib/gcc/x86_64-linux-gnu/5/../../../x86_64-linux-gnu/crt1.o
 *(.rela.tdata .rela.tdata.* .rela.gnu.linkonce.td.*)
 *(.rela.tbss .rela.tbss.* .rela.gnu.linkonce.tb.*)
 *(.rela.ctors)
 *(.rela.dtors)
 *(.rela.got)
 .rela.got      0x0000000000412638       0xc0 /usr/lib/gcc/x86_64-linux-gnu/5/../../../x86_64-linux-gnu/crt1.o
 *(.rela.bss .rela.bss.* .rela.gnu.linkonce.b.*)
 .rela.bss      0x00000000004126f8        0x0 /usr/lib/gcc/x86_64-linux-gnu/5/../../../x86_64-linux-gnu/crt1.o
 *(.rela.ldata .rela.ldata.* .rela.gnu.linkonce.l.*)
 *(.rela.lbss .rela.lbss.* .rela.gnu.linkonce.lb.*)
 *(.rela.lrodata .rela.lrodata.* .rela.gnu.linkonce.lr.*)
 *(.rela.ifunc)

.rela.plt       0x00000000004126f8      0xc30
 *(.rela.plt)
 .rela.plt      0x00000000004126f8      0xc30 /usr/lib/gcc/x86_64-linux-gnu/5/../../../x86_64-linux-gnu/crt1.o
                [!provide]                        PROVIDE (__rela_iplt_start, .)
 *(.rela.iplt)
 .rela.iplt     0x0000000000413328        0x0 /usr/lib/gcc/x86_64-linux-gnu/5/../../../x86_64-linux-gnu/crt1.o
                [!provide]                        PROVIDE (__rela_iplt_end, .)

.init           0x0000000000413328       0x1a
 *(SORT(.init))
 .init          0x0000000000413328       0x15 /usr/lib/gcc/x86_64-linux-gnu/5/../../../x86_64-linux-gnu/crti.o
                0x0000000000413328                _init
 .init          0x000000000041333d        0x5 /usr/lib/gcc/x86_64-linux-gnu/5/../../../x86_64-linux-gnu/crtn.o

.plt            0x0000000000413350      0x830
 *(.plt)
 .plt           0x0000000000413350      0x830 /usr/lib/gcc/x86_64-linux-gnu/5/../../../x86_64-linux-gnu/crt1.o
                0x0000000000413360                inet_ntop@@GLIBC_2.2.5
                0x0000000000413370                getenv@@GLIBC_2.2.5
                0x0000000000413380                free@@GLIBC_2.2.5
                0x0000000000413390                putchar@@GLIBC_2.2.5
                0x00000000004133a0                strcasecmp@@GLIBC_2.2.5
                0x00000000004133b0                abort@@GLIBC_2.2.5
                0x00000000004133c0                __errno_location@@GLIBC_2.2.5
                0x00000000004133d0                strncpy@@GLIBC_2.2.5
                0x00000000004133e0                remove@@GLIBC_2.2.5
                0x00000000004133f0                strncmp@@GLIBC_2.2.5
                0x0000000000413400                localtime_r@@GLIBC_2.2.5
                0x0000000000413410                strcpy@@GLIBC_2.2.5
                0x0000000000413420                mkdir@@GLIBC_2.2.5
                0x0000000000413430                puts@@GLIBC_2.2.5
                0x0000000000413440                wclear@@NCURSES_5.0.19991023
                0x0000000000413450                sigaction@@GLIBC_2.2.5
                0x0000000000413460                fread@@GLIBC_2.2.5
                0x0000000000413470                vsnprintf@@GLIBC_2.2.5
                0x0000000000413480                setsockopt@@GLIBC_2.2.5
                0x0000000000413490                wtimeout@@NCURSES_TINFO_5.0.19991023
                0x00000000004134a0                fcntl@@GLIBC_2.2.5
                0x00000000004134b0                write@@GLIBC_2.2.5
                0x00000000004134c0                fclose@@GLIBC_2.2.5
                0x00000000004134d0                opendir@@GLIBC_2.2.5
                0x00000000004134e0                cfsetospeed@@GLIBC_2.2.5
                0x00000000004134f0                curs_set@@NCURSES_TINFO_5.0.19991023
                0x0000000000413500                wrefresh@@NCURSES_5.0.19991023
                0x0000000000413510                strlen@@GLIBC_2.2.5
                0x0000000000413520                initscr@@NCURSES_5.0.19991023
                0x0000000000413530                intrflush@@NCURSES_TINFO_5.0.19991023
                0x0000000000413540                __stack_chk_fail@@GLIBC_2.4
                0x0000000000413550                system@@GLIBC_2.2.5
                0x0000000000413560                htons@@GLIBC_2.2.5
                0x0000000000413570                send@@GLIBC_2.2.5
                0x0000000000413580                tcflush@@GLIBC_2.2.5
                0x0000000000413590                strchr@@GLIBC_2.2.5
                0x00000000004135a0                printf@@GLIBC_2.2.5
                0x00000000004135b0                swapcontext@@GLIBC_2.2.5
                0x00000000004135c0                snprintf@@GLIBC_2.2.5
                0x00000000004135d0                getmouse@@NCURSES_5.0.19991023
                0x00000000004135e0                gai_strerror@@GLIBC_2.2.5
                0x00000000004135f0                lseek@@GLIBC_2.2.5
                0x0000000000413600                gettimeofday@@GLIBC_2.2.5
                0x0000000000413610                waddnstr@@NCURSES_5.0.19991023
                0x0000000000413620                memset@@GLIBC_2.2.5
                0x0000000000413630                freopen@@GLIBC_2.2.5
                0x0000000000413640                noecho@@NCURSES_5.0.19991023
                0x0000000000413650                ioctl@@GLIBC_2.2.5
                0x0000000000413660                index@@GLIBC_2.2.5
                0x0000000000413670                strncat@@GLIBC_2.2.5
                0x0000000000413680                close@@GLIBC_2.2.5
                0x0000000000413690                closedir@@GLIBC_2.2.5
                0x00000000004136a0                fputc@@GLIBC_2.2.5
                0x00000000004136b0                __register_atfork@@GLIBC_2.3.2
                0x00000000004136c0                memchr@@GLIBC_2.2.5
                0x00000000004136d0                read@@GLIBC_2.2.5
                0x00000000004136e0                __libc_start_main@@GLIBC_2.2.5
                0x00000000004136f0                srand@@GLIBC_2.2.5
                0x0000000000413700                memcmp@@GLIBC_2.2.5
                0x0000000000413710                tmpfile@@GLIBC_2.2.5
                0x0000000000413720                strcmp@@GLIBC_2.2.5
                0x0000000000413730                signal@@GLIBC_2.2.5
                0x0000000000413740                fprintf@@GLIBC_2.2.5
                0x0000000000413750                ftell@@GLIBC_2.2.5
                0x0000000000413760                strtol@@GLIBC_2.2.5
                0x0000000000413770                clearerr@@GLIBC_2.2.5
                0x0000000000413780                memcpy@@GLIBC_2.14
                0x0000000000413790                makecontext@@GLIBC_2.2.5
                0x00000000004137a0                inotify_init@@GLIBC_2.4
                0x00000000004137b0                cbreak@@NCURSES_TINFO_5.0.19991023
                0x00000000004137c0                select@@GLIBC_2.2.5
                0x00000000004137d0                readdir@@GLIBC_2.2.5
                0x00000000004137e0                dlopen@@GLIBC_2.2.5
                0x00000000004137f0                tolower@@GLIBC_2.2.5
                0x0000000000413800                malloc@@GLIBC_2.2.5
                0x0000000000413810                strncasecmp@@GLIBC_2.2.5
                0x0000000000413820                fflush@@GLIBC_2.2.5
                0x0000000000413830                inotify_add_watch@@GLIBC_2.4
                0x0000000000413840                keypad@@NCURSES_TINFO_5.0.19991023
                0x0000000000413850                __isoc99_sscanf@@GLIBC_2.7
                0x0000000000413860                waddch@@NCURSES_5.0.19991023
                0x0000000000413870                ungetc@@GLIBC_2.2.5
                0x0000000000413880                __fxstat@@GLIBC_2.2.5
                0x0000000000413890                wmove@@NCURSES_5.0.19991023
                0x00000000004138a0                clock_gettime@@GLIBC_2.2.5
                0x00000000004138b0                wgetch@@NCURSES_5.0.19991023
                0x00000000004138c0                fseek@@GLIBC_2.2.5
                0x00000000004138d0                endwin@@NCURSES_5.0.19991023
                0x00000000004138e0                fdopen@@GLIBC_2.2.5
                0x00000000004138f0                setitimer@@GLIBC_2.2.5
                0x0000000000413900                cfmakeraw@@GLIBC_2.2.5
                0x0000000000413910                setvbuf@@GLIBC_2.2.5
                0x0000000000413920                bind@@GLIBC_2.2.5
                0x0000000000413930                mousemask@@NCURSES_5.0.19991023
                0x0000000000413940                memmove@@GLIBC_2.2.5
                0x0000000000413950                nonl@@NCURSES_5.0.19991023
                0x0000000000413960                tcgetattr@@GLIBC_2.2.5
                0x0000000000413970                tcsetattr@@GLIBC_2.2.5
                0x0000000000413980                open@@GLIBC_2.2.5
                0x0000000000413990                access@@GLIBC_2.2.5
                0x00000000004139a0                fopen@@GLIBC_2.2.5
                0x00000000004139b0                cfsetispeed@@GLIBC_2.2.5
                0x00000000004139c0                perror@@GLIBC_2.2.5
                0x00000000004139d0                getopt@@GLIBC_2.2.5
                0x00000000004139e0                strtoul@@GLIBC_2.2.5
                0x00000000004139f0                __cxa_atexit@@GLIBC_2.2.5
                0x0000000000413a00                atoi@@GLIBC_2.2.5
                0x0000000000413a10                strcat@@GLIBC_2.2.5
                0x0000000000413a20                gethostname@@GLIBC_2.2.5
                0x0000000000413a30                sprintf@@GLIBC_2.2.5
                0x0000000000413a40                exit@@GLIBC_2.2.5
                0x0000000000413a50                connect@@GLIBC_2.2.5
                0x0000000000413a60                fwrite@@GLIBC_2.2.5
                0x0000000000413a70                getaddrinfo@@GLIBC_2.2.5
                0x0000000000413a80                strdup@@GLIBC_2.2.5
                0x0000000000413a90                strerror@@GLIBC_2.2.5
                0x0000000000413aa0                dlsym@@GLIBC_2.2.5
                0x0000000000413ab0                putp@@NCURSES_TINFO_5.0.19991023
                0x0000000000413ac0                getcontext@@GLIBC_2.2.5
                0x0000000000413ad0                whline@@NCURSES_5.0.19991023
                0x0000000000413ae0                strstr@@GLIBC_2.2.5
                0x0000000000413af0                wvline@@NCURSES_5.0.19991023
                0x0000000000413b00                rand@@GLIBC_2.2.5
                0x0000000000413b10                dlerror@@GLIBC_2.2.5
                0x0000000000413b20                start_color@@NCURSES_5.0.19991023
                0x0000000000413b30                __ctype_b_loc@@GLIBC_2.3
                0x0000000000413b40                usleep@@GLIBC_2.2.5
                0x0000000000413b50                freeaddrinfo@@GLIBC_2.2.5
                0x0000000000413b60                socket@@GLIBC_2.2.5
                0x0000000000413b70                init_pair@@NCURSES_5.0.19991023
 *(.iplt)
 .iplt          0x0000000000413b80        0x0 /usr/lib/gcc/x86_64-linux-gnu/5/../../../x86_64-linux-gnu/crt1.o

.plt.got        0x0000000000413b80        0x8
 *(.plt.got)
 .plt.got       0x0000000000413b80        0x8 /usr/lib/gcc/x86_64-linux-gnu/5/../../../x86_64-linux-gnu/crt1.o

.plt.bnd
 *(.plt.bnd)

.text           0x0000000000413b90    0x5f49f
 *(.text.unlikely .text.*_unlikely .text.unlikely.*)
 .text.unlikely
                0x0000000000413b90        0x0 /usr/lib/gcc/x86_64-linux-gnu/5/crtbegin.o
 .text.unlikely
                0x0000000000413b90        0x0 /usr/lib/x86_64-linux-gnu/libpthread_nonshared.a(pthread_atfork.oS)
 .text.unlikely
                0x0000000000413b90        0x0 /usr/lib/x86_64-linux-gnu/libc_nonshared.a(elf-init.oS)
 .text.unlikely
                0x0000000000413b90        0x0 /usr/lib/x86_64-linux-gnu/libc_nonshared.a(atexit.oS)
 .text.unlikely
                0x0000000000413b90        0x0 /usr/lib/x86_64-linux-gnu/libc_nonshared.a(fstat.oS)
 *(.text.exit .text.exit.*)
 *(.text.startup .text.startup.*)
 *(.text.hot .text.hot.*)
 *(.text .stub .text.* .gnu.linkonce.t.*)
 .text          0x0000000000413b90       0x2a /usr/lib/gcc/x86_64-linux-gnu/5/../../../x86_64-linux-gnu/crt1.o
                0x0000000000413b90                _start
 .text          0x0000000000413bba        0x0 /usr/lib/gcc/x86_64-linux-gnu/5/../../../x86_64-linux-gnu/crti.o
 *fill*         0x0000000000413bba        0x6 
 .text          0x0000000000413bc0       0xc6 /usr/lib/gcc/x86_64-linux-gnu/5/crtbegin.o
 .text          0x0000000000413c86     0x183d cetic-6lbr.co
                0x0000000000413c86                cetic_6lbr_set_prefix
                0x0000000000413c98                cetic_6lbr_ip64_dhcpc_configured
                0x0000000000413d4a                cetic_6lbr_allowed_node_default_hook
                0x0000000000413d60                cetic_6lbr_init
                0x0000000000414408                cetic_6lbr_start_dodag_root
                0x000000000041462e                cetic_6lbr_end_dodag_root
                0x00000000004146c9                is_dodag_available
                0x0000000000414704                is_own_dodag
                0x00000000004149f2                cetic_6lbr_dis_input_default_hook
                0x00000000004149fd                cetic_6lbr_dio_input_default_hook
                0x0000000000414a18                cetic_6lbr_start_delayed_dodag_root
                0x0000000000414b6c                cetic_6lbr_init_finalize
 .text          0x00000000004154c3      0x77f obj_native/native-init.o
                0x00000000004154ef                platform_init
                0x00000000004155fa                platform_finalize
                0x0000000000415606                platform_load_config
                0x0000000000415637                platform_radio_init
                0x0000000000415643                platform_set_wsn_mac
                0x000000000041566a                cetic_6lbr_save_ip
                0x0000000000415904                cetic_6lbr_clear_ip
                0x0000000000415a2a                platform_restart
 .text          0x0000000000415c42      0x377 obj_native/native-nvm.o
                0x0000000000415c42                nvm_data_read
                0x0000000000415e18                nvm_data_write
 .text          0x0000000000415fb9        0x0 obj_native/native-config.o
 .text          0x0000000000415fb9      0x382 obj_native/native-config-file.o
                0x00000000004160b2                native_config_load
                0x00000000004162c2                native_config_add_callback
                0x0000000000416325                native_config_init
 .text          0x000000000041633b      0xe4e obj_native/native-config-handlers.o
                0x0000000000417106                native_config_handlers_init
 .text          0x0000000000417189      0x40c obj_native/raw-tap-eth-drv.o
                0x0000000000417189                eth_drv_send
                0x0000000000417267                eth_drv_input
                0x000000000041739a                eth_drv_exit
                0x00000000004173a1                eth_drv_init
 .text          0x0000000000417595     0x107a obj_native/raw-tap-dev.o
                0x0000000000417fc9                eth_dev_init
                0x00000000004181e8                eth_dev_output
 .text          0x000000000041860f     0x1984 obj_native/native-rdc.o
                0x0000000000418696                packet_sent
                0x0000000000419753                slip_got_mac
                0x000000000041984e                slip_set_mac
                0x0000000000419a04                send_slip_cmd
                0x0000000000419ac2                native_rdc_init
                0x0000000000419af6                native_rdc_reset_slip
                0x0000000000419b0c                slip_error_callback
 .text          0x0000000000419f93      0x55f obj_native/slip-cmds.o
                0x000000000041a32f                border_router_cmd_output
 .text          0x000000000041a4f2      0x7fb obj_native/native-args.o
                0x000000000041a4f2                native_args_handle_arguments
 .text          0x000000000041aced     0x279a obj_native/slip-dev.o
                0x000000000041aced                convert_baud_rate
                0x000000000041b07a                find_slip_dev
                0x000000000041c242                write_to_slip
                0x000000000041cd13                slip_init_dev
                0x000000000041d104                slip_init_all_dev
                0x000000000041d15b                slip_new_device
                0x000000000041d3f2                slip_init
                0x000000000041d430                slip_close
 .text          0x000000000041d487      0x1b1 obj_native/6lbr-watchdog.o
 .text          0x000000000041d638      0x799 obj_native/plugin.o
                0x000000000041d9b2                plugins_load
                0x000000000041dc1b                plugins_init
                0x000000000041dd67                plugins_list_head
                0x000000000041dd7c                plugins_get_plugin_by_name
 .text          0x000000000041ddd1       0x3f obj_native/lost-symbols.o
                0x000000000041ddd1                procinit
                0x000000000041ddd8                slip_arch_writeb
                0x000000000041dddf                dhcpc_configured
                0x000000000041dde6                dhcpc_unconfigured
                0x000000000041dded                slipdev_char_put
                0x000000000041ddf4                slipdev_char_poll
                0x000000000041ddfb                ctk_dialog_new
                0x000000000041de02                ctk_dialog_open
                0x000000000041de09                ctk_dialog_close
 .text          0x000000000041de10      0x66f obj_native/ini.o
                0x000000000041dfa5                ini_parse_stream
                0x000000000041e3e7                ini_parse_file
                0x000000000041e41b                ini_parse
 .text          0x000000000041e47f      0x1a3 obj_native/log-6lbr.o
                0x000000000041e47f                log6lbr_ethaddr_print
                0x000000000041e4f2                log6lbr_timestamp
                0x000000000041e589                log6lbr_dump_packet
 .text          0x000000000041e622      0x51b obj_native/rio.o
                0x000000000041e622                uip_ds6_route_info_add
                0x000000000041e7a5                uip_ds6_route_info_rm
                0x000000000041e7bf                uip_ds6_route_info_lookup
                0x000000000041e812                uip_ds6_route_info_callback
 .text          0x000000000041eb3d     0x1851 obj_native/packet-forwarding-engine.o
                0x000000000041ee22                wireless_output
                0x000000000041f150                eth_input
                0x0000000000420357                packet_filter_init
 .text          0x000000000042038e      0x6e1 obj_native/sicslow-ethernet.o
                0x000000000042038e                mac_translateIPLinkLayer
                0x0000000000420412                mac_translateIcmpLinkLayer
                0x00000000004208bd                mac_createSicslowpanLongAddr
                0x0000000000420938                mac_createEthernetAddr
                0x00000000004209b2                mac_createDefaultEthernetAddr
                0x00000000004209d8                slide
 .text          0x0000000000420a6f      0x726 obj_native/nvm-config.o
                0x0000000000420a6f                check_nvm
                0x000000000042109a                load_nvm_config
                0x0000000000421189                store_nvm_config
 .text          0x0000000000421195      0x286 obj_native/mac-wrapper.o
                0x0000000000421195                mac_wrapper_init
                0x000000000042137d                mac_wrapper_name
 .text          0x000000000042141b      0x187 obj_native/switch-lookup.o
                0x000000000042141b                switch_lookup_learn_addr
                0x000000000042154d                switch_lookup_get_itf_for
 .text          0x00000000004215a2      0x1c7 obj_native/network-itf.o
                0x00000000004215a2                network_itf_init
                0x00000000004215bf                network_itf_register
                0x000000000042165f                network_itf_get_itf
                0x00000000004216a2                network_itf_set_mac
                0x00000000004216e3                network_itf_known_mac
 .text          0x0000000000421769      0x34b obj_native/multi-radio.o
 .text          0x0000000000421ab4      0x29f obj_native/llsec-wrapper.o
                0x0000000000421ab4                llsec_wrapper_init
                0x0000000000421cfa                llsec_wrapper_name
 .text          0x0000000000421d53      0x287 obj_native/framer-wrapper.o
                0x0000000000421d53                framer_wrapper_init
 .text          0x0000000000421fda      0x172 obj_native/strategy-wrapper.o
                0x0000000000421fda                llsec_strategy_wrapper_init
 .text          0x000000000042214c       0x32 obj_native/ip64-eth-driver.o
 .text          0x000000000042217e       0xf2 contiki-native.a(cmd.o)
                0x000000000042217e                cmd_input
                0x000000000042224d                cmd_send
 .text          0x0000000000422270      0x196 contiki-native.a(packetutils.o)
                0x0000000000422270                packetutils_serialize_atts
                0x0000000000422339                packetutils_deserialize_atts
 .text          0x0000000000422406      0xcc4 contiki-native.a(httpd.o)
                0x00000000004230af                httpd_init
 .text          0x00000000004230ca      0x3b2 contiki-native.a(httpd-cgi.o)
                0x00000000004230ca                httpd_group_add
                0x000000000042318f                httpd_group_head
                0x000000000042319c                httpd_group_add_page
                0x0000000000423232                httpd_cgi_add
                0x00000000004232f7                httpd_cgi
                0x000000000042334a                httpd_cgi_head
                0x0000000000423357                httpd_cgi_command_add
                0x000000000042341c                httpd_cgi_command
                0x000000000042346f                httpd_cgi_command_head
 .text          0x000000000042347c      0x14d contiki-native.a(httpd-urlconv.o)
                0x000000000042347c                urlconv_tofilename
 .text          0x00000000004235c9      0x31f contiki-native.a(webserver.o)
                0x00000000004235c9                webserver_init
 .text          0x00000000004238e8     0x11a5 contiki-native.a(webserver-utils)
                0x00000000004238e8                ip4addr_add_u8
                0x000000000042395b                ipaddr_add_u8_len
                0x0000000000423a4f                ipaddr_add_u8
                0x0000000000423a6f                lladdr_add
                0x0000000000423ae7                ethaddr_add
                0x0000000000423b5d                add_key
                0x0000000000423baa                key_conv
                0x0000000000423e8b                generate_top
                0x00000000004241a2                generate_bottom
                0x0000000000424373                generate_result_page
                0x00000000004246c3                generate_404
                0x00000000004248b6                add_div_home
                0x00000000004248dd                add_div_footer
                0x00000000004248f5                reset_buf
                0x0000000000424909                add
 .text          0x0000000000424a8d      0x494 contiki-native.a(webserver-main.)
                0x0000000000424a8d                generate_index
 .text          0x0000000000424f21     0x17db contiki-native.a(webserver-netwo)
 .text          0x00000000004266fc     0x5e89 contiki-native.a(webserver-confi)
 .text          0x000000000042c585      0xf32 contiki-native.a(webserver-stati)
 .text          0x000000000042d4b7      0x5bd contiki-native.a(webserver-admin)
 .text          0x000000000042da74      0xb8a contiki-native.a(webserver-log.o)
 .text          0x000000000042e5fe      0xcf0 contiki-native.a(webserver-rpl.o)
 .text          0x000000000042f2ee      0x280 contiki-native.a(webserver-file.)
                0x000000000042f2ee                send_file
 .text          0x000000000042f56e     0x272c contiki-native.a(webserver-senso)
 .text          0x0000000000431c9a      0xb0e contiki-native.a(webserver-senso)
 .text          0x00000000004327a8      0x2b9 contiki-native.a(webserver-node-)
 .text          0x0000000000432a61      0x36d contiki-native.a(udp-server.o)
                0x0000000000432d9e                udp_server_init
 .text          0x0000000000432dce      0x391 contiki-native.a(node-config.o)
                0x0000000000432dce                node_config_find_by_ip
                0x0000000000432e32                node_config_find_by_port
                0x0000000000432e8b                node_config_find_by_lladdr
                0x0000000000432eed                node_config_get_name
                0x0000000000432f1c                node_config_allowed_node_hook
                0x00000000004330da                node_config_init
 .text          0x000000000043315f      0x4a1 contiki-native.a(node-config-ip6)
                0x000000000043315f                ip64_special_ports_translate_incoming
                0x00000000004332b5                ip64_special_ports_translate_outgoing
                0x000000000043342b                ip64_special_ports_incoming_is_special
                0x00000000004335ac                ip64_special_ports_outgoing_is_special
 .text          0x0000000000433600      0x95f contiki-native.a(node-config-fil)
                0x0000000000433600                node_config_add_br
                0x000000000043366c                node_config_handler
                0x000000000043398b                node_config_load
                0x0000000000433bbb                node_config_purge
                0x0000000000433c82                node_config_reload
                0x0000000000433dc4                node_config_impl_init
                0x0000000000433f4a                node_config_list_head
 .text          0x0000000000433f5f      0xcec contiki-native.a(node-info.o)
                0x0000000000433f5f                node_info_route_notification_cb
                0x0000000000433fa8                node_info_config
                0x0000000000433fb4                node_info_init
                0x0000000000433fef                node_info_add
                0x0000000000434322                node_info_update
                0x000000000043470d                node_info_node_seen
                0x0000000000434760                node_info_set_flags
                0x00000000004347cb                node_info_clear_flags
                0x0000000000434838                node_info_flags_text
                0x000000000043486e                node_info_analyze_packet
                0x00000000004349fa                node_info_rm
                0x0000000000434a89                node_info_rm_by_addr
                0x0000000000434ab6                node_info_lookup
                0x0000000000434b23                node_info_reset_statistics
                0x0000000000434bdf                node_info_reset_statistics_all
 .text          0x0000000000434c4b      0xe58 contiki-native.a(node-info-expor)
                0x000000000043577e                node_info_export_set_interval
                0x00000000004357a7                node_info_export_set_enable
                0x00000000004357d0                node_info_export_set_global
                0x00000000004359f9                node_info_export_config
                0x0000000000435a51                node_info_export_init
 .text          0x0000000000435aa3      0x4c0 contiki-native.a(webserver-node-)
 .text          0x0000000000435f63      0x344 contiki-native.a(dns-proxy.o)
                0x0000000000436275                dns_proxy_init
 .text          0x00000000004362a7     0x2339 contiki-native.a(er-coap.o)
                0x00000000004368c2                coap_init_connection
                0x00000000004368f7                coap_get_mid
                0x0000000000436915                coap_init_message
                0x000000000043696f                coap_serialize_message
                0x00000000004370aa                coap_parse_message
                0x000000000043783a                coap_get_query_variable
                0x0000000000437891                coap_get_post_variable
                0x00000000004378ef                coap_set_status_code
                0x000000000043791d                coap_set_token
                0x0000000000437980                coap_get_header_content_format
                0x00000000004379c5                coap_set_header_content_format
                0x0000000000437a00                coap_get_header_accept
                0x0000000000437a48                coap_set_header_accept
                0x0000000000437a86                coap_get_header_max_age
                0x0000000000437acc                coap_set_header_max_age
                0x0000000000437b04                coap_get_header_etag
                0x0000000000437b4d                coap_set_header_etag
                0x0000000000437bc4                coap_get_header_if_match
                0x0000000000437c13                coap_set_header_if_match
                0x0000000000437c96                coap_get_header_if_none_match
                0x0000000000437cb6                coap_set_header_if_none_match
                0x0000000000437cd9                coap_get_header_proxy_uri
                0x0000000000437d1f                coap_set_header_proxy_uri
                0x0000000000437d78                coap_get_header_uri_host
                0x0000000000437dbe                coap_set_header_uri_host
                0x0000000000437e17                coap_get_header_uri_path
                0x0000000000437e63                coap_set_header_uri_path
                0x0000000000437ed7                coap_get_header_uri_query
                0x0000000000437f1d                coap_set_header_uri_query
                0x0000000000437f91                coap_get_header_location_path
                0x0000000000437fd7                coap_set_header_location_path
                0x000000000043809d                coap_get_header_location_query
                0x00000000004380e9                coap_set_header_location_query
                0x000000000043815d                coap_get_header_observe
                0x00000000004381a3                coap_set_header_observe
                0x00000000004381de                coap_get_header_block2
                0x0000000000438277                coap_set_header_block2
                0x000000000043830a                coap_get_header_block1
                0x00000000004383a9                coap_set_header_block1
                0x0000000000438437                coap_get_header_size2
                0x000000000043847b                coap_set_header_size2
                0x00000000004384b6                coap_get_header_size1
                0x00000000004384fa                coap_set_header_size1
                0x0000000000438535                coap_get_payload
                0x000000000043858d                coap_set_payload
 .text          0x00000000004385e0      0xaf2 contiki-native.a(er-coap-engine.)
                0x00000000004385e0                coap_receive
                0x0000000000438d32                coap_init_engine
                0x0000000000438d4d                coap_set_service_callback
                0x0000000000438d63                coap_get_rest_method
                0x0000000000438e3c                coap_blocking_request_callback
                0x0000000000438e73                coap_blocking_request
 .text          0x00000000004390d2      0x354 contiki-native.a(er-coap-transac)
                0x00000000004390d2                coap_register_as_transaction_handler
                0x00000000004390ea                coap_new_transaction
                0x000000000043917e                coap_set_transaction_context
                0x0000000000439199                coap_send_transaction
                0x0000000000439313                coap_clear_transaction
                0x0000000000439362                coap_get_transaction_by_mid
                0x00000000004393ba                coap_check_transactions
 .text          0x0000000000439426      0x95e contiki-native.a(er-coap-observe)
                0x000000000043953c                coap_remove_observer
                0x0000000000439574                coap_remove_observer_by_client
                0x00000000004395ff                coap_remove_observer_by_token
                0x00000000004396c2                coap_remove_observer_by_uri
                0x000000000043979b                coap_remove_observer_by_mid
                0x000000000043983a                coap_notify_observers
                0x000000000043985a                coap_notify_observers_sub
                0x0000000000439bfb                coap_observe_handler
 .text          0x0000000000439d84      0x33a contiki-native.a(er-coap-separat)
                0x0000000000439d84                coap_separate_reject
                0x0000000000439da9                coap_separate_accept
                0x000000000043a024                coap_separate_resume
 .text          0x000000000043a0be      0x6dc contiki-native.a(er-coap-res-wel)
                0x000000000043a0be                well_known_core_get_handler
 .text          0x000000000043a79a      0x1b8 contiki-native.a(er-coap-block1.)
                0x000000000043a79a                coap_block1_handler
 .text          0x000000000043a952        0x0 contiki-native.a(er-coap-observe)
 .text          0x000000000043a952       0xd0 contiki-native.a(er-coap-udp.o)
                0x000000000043a952                coap_init_communication_layer
                0x000000000043a98a                coap_send_message
                0x000000000043aa07                coap_handle_receive
 .text          0x000000000043aa22      0x581 contiki-native.a(rest-engine.o)
                0x000000000043aa22                rest_init_engine
                0x000000000043aa84                rest_activate_resource
                0x000000000043ab6f                rest_get_resources
                0x000000000043ab7c                rest_invoke_restful_service
 .text          0x000000000043afa3       0x2c contiki-native.a(coap-server.o)
                0x000000000043afa3                coap_server_init
 .text          0x000000000043afcf      0x2e5 contiki-native.a(block-transfer.)
                0x000000000043afcf                coap_blocking_request_block
 .text          0x000000000043b2b4      0xfbd contiki-native.a(coap-common.o)
                0x000000000043b2b4                coap_strtoul
                0x000000000043b32b                coap_strtofix
                0x000000000043b3dd                coap_format_binding_value
                0x000000000043b58e                coap_parse_binding_value
                0x000000000043b65e                rest_find_resource_by_url
                0x000000000043b714                coap_add_ipaddr
                0x000000000043b846                full_resource_config_attr_handler
                0x000000000043bac7                simple_resource_get_handler
                0x000000000043bc7c                simple_resource_set_handler
                0x000000000043be0d                full_resource_get_handler
                0x000000000043c11f                full_resource_config_handler
 .text          0x000000000043c271      0x5dc contiki-native.a(coap-push.o)
                0x000000000043c271                coap_push_get_bindings
                0x000000000043c27e                coap_push_add_binding
                0x000000000043c2dd                coap_push_remove_binding
                0x000000000043c32e                coap_push_update_binding
                0x000000000043c3a4                coap_blocking_push
                0x000000000043c823                coap_push_init
 .text          0x000000000043c84d      0xc7c contiki-native.a(core-interface.)
                0x000000000043c84d                resource_batch_get_data_handler
                0x000000000043cc02                resource_linked_list_get_handler
                0x000000000043d38a                resource_batch_get_handler
 .text          0x000000000043d4c9      0x97b contiki-native.a(coap-binding.o)
                0x000000000043d4c9                coap_binding_serialize
                0x000000000043d59f                coap_binding_deserialize
                0x000000000043d6a0                coap_binding_parse_filter_tag
                0x000000000043d946                coap_binding_parse_filters
                0x000000000043db72                coap_binding_trigger_cond
                0x000000000043dce9                coap_binding_add_resource
                0x000000000043de1a                coap_binding_init
 .text          0x000000000043de44       0x7c contiki-native.a(coap-linked-bat)
                0x000000000043de44                coap_linked_batch_serialize
                0x000000000043de6e                coap_linked_batch_deserialize
 .text          0x000000000043dec0      0x887 contiki-native.a(rd-client.o)
                0x000000000043dec0                client_registration_request_handler
                0x000000000043dfaf                client_registration_response_handler
                0x000000000043e0ad                client_update_response_handler
                0x000000000043e612                rd_client_init
                0x000000000043e67e                rd_client_status
                0x000000000043e68a                rd_client_set_rd_address
                0x000000000043e6f5                rd_client_set_resources_list
 .text          0x000000000043e747      0x675 contiki-native.a(rest-type-text.)
 .text          0x000000000043edbc      0x952 contiki-native.a(rest-type-json.)
 .text          0x000000000043f70e      0xbc9 contiki-native.a(rest-type-senml)
 .text          0x00000000004402d7      0x8aa contiki-native.a(rest-type-xml.o)
 .text          0x0000000000440b81      0x849 contiki-native.a(ctk-conio.o)
                0x0000000000440bce                ctk_draw_init
                0x00000000004410f7                ctk_draw_widget
                0x000000000044118a                ctk_draw_clear_window
                0x000000000044130b                ctk_draw_window
                0x000000000044136b                ctk_draw_clear
                0x00000000004413b0                ctk_draw_height
                0x00000000004413bd                ctk_draw_width
 .text          0x00000000004413ca      0x4f0 contiki-native.a(contiki-main.o)
                0x00000000004413ca                select_set_callback
                0x0000000000441561                main
                0x0000000000441850                log_message
                0x0000000000441889                uip_log
 .text          0x00000000004418ba       0xc4 contiki-native.a(clock.o)
                0x00000000004418ba                clock_init
                0x00000000004418c1                clock_time
                0x0000000000441932                clock_seconds
                0x0000000000441974                clock_delay
 .text          0x000000000044197e      0x136 contiki-native.a(leds.o)
                0x00000000004419d1                leds_init
                0x00000000004419e4                leds_blink
                0x0000000000441a1b                leds_get
                0x0000000000441a26                leds_set
                0x0000000000441a41                leds_on
                0x0000000000441a65                leds_off
                0x0000000000441a90                leds_toggle
 .text          0x0000000000441ab4       0x31 contiki-native.a(leds-arch.o)
                0x0000000000441ab4                leds_arch_init
                0x0000000000441ac2                leds_arch_get
                0x0000000000441acf                leds_arch_set
 .text          0x0000000000441ae5       0x43 contiki-native.a(button-sensor.o)
                0x0000000000441ae5                button_press
 .text          0x0000000000441b28       0x5c contiki-native.a(pir-sensor.o)
                0x0000000000441b28                pir_sensor_changed
 .text          0x0000000000441b84       0x53 contiki-native.a(vib-sensor.o)
                0x0000000000441b84                vib_sensor_changed
 .text          0x0000000000441bd7       0xb5 contiki-native.a(xmem.o)
                0x0000000000441bd7                xmem_pwrite
                0x0000000000441c12                xmem_pread
                0x0000000000441c4d                xmem_erase
                0x0000000000441c85                xmem_init
 .text          0x0000000000441c8c      0x340 contiki-native.a(sensors.o)
                0x0000000000441cd1                sensors_first
                0x0000000000441ce1                sensors_next
                0x0000000000441d0c                sensors_changed
                0x0000000000441d55                sensors_find
 .text          0x0000000000441fcc        0x7 contiki-native.a(irq.o)
                0x0000000000441fcc                irq_init
 .text          0x0000000000441fd3      0x176 contiki-native.a(cfs-posix.o)
                0x0000000000441fd3                cfs_open
                0x000000000044206a                cfs_close
                0x0000000000442082                cfs_read
                0x00000000004420aa                cfs_write
                0x00000000004420d2                cfs_seek
                0x000000000044212f                cfs_remove
 .text          0x0000000000442149       0xec contiki-native.a(cfs-posix-dir.o)
                0x0000000000442149                cfs_opendir
                0x0000000000442189                cfs_readdir
                0x0000000000442203                cfs_closedir
 .text          0x0000000000442235      0xaef contiki-native.a(ctk-curses.o)
                0x000000000044229d                console_init
                0x00000000004423e4                console_exit
                0x0000000000442422                console_resize
                0x000000000044250e                wherex
                0x0000000000442566                wherey
                0x00000000004425be                clrscr
                0x00000000004425d7                bgcolor
                0x0000000000442615                bordercolor
                0x000000000044262a                screensize
                0x00000000004426a5                revers
                0x00000000004426c4                console_cputc
                0x0000000000442774                console_cputs
                0x00000000004427b3                cclear
                0x00000000004427f0                chline
                0x0000000000442839                cvline
                0x0000000000442870                gotoxy
                0x00000000004428a1                cclearxy
                0x00000000004428d6                chlinexy
                0x000000000044290b                cvlinexy
                0x0000000000442940                cputsxy
                0x0000000000442976                cputcxy
                0x00000000004429ab                textcolor
                0x0000000000442c60                ctk_arch_getkey
                0x0000000000442ca7                ctk_arch_keyavail
                0x0000000000442cb9                ctk_mouse_init
                0x0000000000442cc0                ctk_mouse_x
                0x0000000000442cd2                ctk_mouse_y
                0x0000000000442ce4                ctk_mouse_xtoc
                0x0000000000442cf4                ctk_mouse_ytoc
                0x0000000000442d04                ctk_mouse_button
                0x0000000000442d16                ctk_mouse_hide
                0x0000000000442d1d                ctk_mouse_show
 .text          0x0000000000442d24      0x149 contiki-native.a(tapdev-drv.o)
 .text          0x0000000000442e6d      0x3c4 contiki-native.a(linuxradio-drv.)
 .text          0x0000000000443231      0x3f5 contiki-native.a(tapdev6.o)
                0x0000000000443231                tapdev_fd
                0x000000000044323d                tapdev_poll
                0x0000000000443381                tapdev_init
                0x000000000044350f                tapdev_send
                0x0000000000443606                tapdev_do_send
                0x0000000000443612                tapdev_exit
 .text          0x0000000000443626      0x13f contiki-native.a(mtarch.o)
                0x0000000000443626                mtarch_init
                0x000000000044362d                mtarch_remove
                0x0000000000443634                mtarch_start
                0x00000000004436d8                mtarch_yield
                0x00000000004436f5                mtarch_exec
                0x0000000000443739                mtarch_stop
                0x0000000000443757                mtarch_pstart
                0x000000000044375e                mtarch_pstop
 .text          0x0000000000443765       0xf8 contiki-native.a(rtimer-arch.o)
                0x0000000000443789                rtimer_arch_init
                0x00000000004437a1                rtimer_arch_schedule
 .text          0x000000000044385d       0xbe contiki-native.a(elfloader-stub.)
                0x000000000044385d                elfloader_arch_allocate_ram
                0x000000000044386d                elfloader_arch_allocate_rom
                0x000000000044387d                elfloader_arch_write_rom
                0x00000000004438b6                elfloader_arch_relocate
 .text          0x000000000044391b       0x2a contiki-native.a(watchdog.o)
                0x000000000044391b                watchdog_init
                0x0000000000443922                watchdog_start
                0x0000000000443929                watchdog_periodic
                0x0000000000443930                watchdog_stop
                0x0000000000443937                watchdog_reboot
 .text          0x0000000000443945      0x3ba contiki-native.a(eeprom.o)
                0x0000000000443a16                eeprom_init
                0x0000000000443b65                eeprom_write
                0x0000000000443c32                eeprom_read
 .text          0x0000000000443cff      0x4d2 contiki-native.a(noncoresec.o)
 .text          0x00000000004441d1      0x978 contiki-native.a(akes.o)
                0x00000000004442dd                akes_change_hello_challenge
                0x00000000004442f5                akes_broadcast_hello
                0x000000000044435a                akes_get_random_waiting_period
                0x00000000004448fa                akes_send_update
                0x0000000000444ad2                akes_get_receiver_status
                0x0000000000444b12                akes_init
 .text          0x0000000000444b49      0x28f contiki-native.a(akes-delete.o)
                0x0000000000444d99                akes_delete_on_update_sent
                0x0000000000444dbd                akes_delete_init
 .text          0x0000000000444dd8        0x0 contiki-native.a(coresec-strateg)
 .text          0x0000000000444dd8      0x2ac contiki-native.a(akes-trickle.o)
                0x0000000000444dd8                reset_trickle_info
                0x0000000000444e1c                akes_trickle_on_fresh_authentic_hello
                0x0000000000444fe9                akes_trickle_on_new_nbr
                0x0000000000445032                akes_trickle_stop
                0x0000000000445051                akes_trickle_reset
                0x000000000044506e                akes_trickle_start
 .text          0x0000000000445084      0x145 contiki-native.a(noncoresec-stra)
 .text          0x00000000004451c9       0x18 contiki-native.a(akes-single.o)
 .text          0x00000000004451e1      0x5b7 contiki-native.a(adaptivesec.o)
                0x00000000004451e1                adaptivesec_get_cmd_id
                0x00000000004451ef                adaptivesec_get_sec_lvl
                0x0000000000445287                adaptivesec_add_security_header
                0x00000000004452bf                adaptivesec_prepare_command
                0x0000000000445317                adaptivesec_send_command_frame
                0x0000000000445450                adaptivesec_mic_len
                0x0000000000445471                adaptivesec_aead
                0x000000000044556a                adaptivesec_verify
 .text          0x0000000000445798      0x504 contiki-native.a(akes-nbr.o)
                0x00000000004457ca                akes_nbr_copy_challenge
                0x00000000004457e7                akes_nbr_copy_key
                0x000000000044580c                akes_nbr_get_addr
                0x0000000000445884                akes_nbr_head
                0x0000000000445899                akes_nbr_next
                0x00000000004458bd                akes_nbr_count
                0x000000000044590e                akes_nbr_new
                0x0000000000445a5a                akes_nbr_update
                0x0000000000445ad7                akes_nbr_do_prolong
                0x0000000000445b03                akes_nbr_prolong
                0x0000000000445b23                akes_nbr_get_sender_entry
                0x0000000000445b48                akes_nbr_get_receiver_entry
                0x0000000000445b6d                akes_nbr_delete
                0x0000000000445bcd                akes_nbr_is_expired
                0x0000000000445c01                akes_nbr_delete_expired_tentatives
                0x0000000000445c69                akes_nbr_init
 .text          0x0000000000445c9c      0x4c1 contiki-native.a(ip64-dns64.o)
                0x0000000000445c9c                ip64_dns64_6to4
                0x0000000000445d96                ip64_dns64_4to6
 .text          0x000000000044615d      0x9c8 contiki-native.a(ip64-arp.o)
                0x000000000044615d                ip64_arp_init
                0x00000000004461aa                ip64_arp_timer
                0x0000000000446457                ip64_arp_arp_input
                0x00000000004465f7                ip64_arp_check_cache
                0x000000000044676b                ip64_arp_create_ethhdr
                0x000000000044697d                ip64_arp_create_arp_request
 .text          0x0000000000446b25      0x4fb contiki-native.a(ip64-addrmap.o)
                0x0000000000446b25                ip64_addrmap_list
                0x0000000000446b3a                ip64_addrmap_init
                0x0000000000446cc1                ip64_addrmap_lookup
                0x0000000000446da9                ip64_addrmap_lookup_port
                0x0000000000446e5e                ip64_addrmap_create
                0x0000000000446fc9                ip64_addrmap_set_lifetime
                0x0000000000446ffa                ip64_addrmap_set_recycleble
 .text          0x0000000000447020      0x25d contiki-native.a(ip64-ipv4-dhcp.)
                0x0000000000447020                ip64_ipv4_dhcp_init
                0x00000000004470e8                ip64_dhcpc_configured
                0x0000000000447272                ip64_dhcpc_unconfigured
 .text          0x000000000044727d       0x1c contiki-native.a(ip64-null-drive)
 .text          0x0000000000447299      0x1ca contiki-native.a(ip64-eth-interf)
                0x0000000000447299                ip64_eth_interface_input
 .text          0x0000000000447463     0x10f3 contiki-native.a(ip64.o)
                0x0000000000447463                ip64_init
                0x000000000044751e                ip64_set_hostaddr
                0x0000000000447547                ip64_set_netmask
                0x0000000000447569                ip64_set_draddr
                0x000000000044758b                ip64_get_hostaddr
                0x0000000000447598                ip64_get_netmask
                0x00000000004475a5                ip64_get_draddr
                0x00000000004475b2                ip64_set_ipv4_address
                0x00000000004475dd                ip64_set_ipv6_address
                0x0000000000447852                ip64_6to4
                0x0000000000447ead                ip64_4to6
                0x000000000044851b                ip64_hostaddr_is_configured
 .text          0x0000000000448556        0x0 contiki-native.a(ip64-special-po)
 .text          0x0000000000448556      0x294 contiki-native.a(ip64-slip-inter)
                0x0000000000448556                ip64_slip_interface_input
 .text          0x00000000004487ea      0xcc7 contiki-native.a(ip64-dhcpc.o)
                0x000000000044932d                ip64_dhcpc_init
                0x0000000000449408                ip64_dhcpc_appcall
                0x0000000000449443                ip64_dhcpc_request
 .text          0x00000000004494b1       0x22 contiki-native.a(ip64-eth.o)
                0x00000000004494b1                ip64_eth_addr_set
 .text          0x00000000004494d3       0xb3 contiki-native.a(autostart.o)
                0x00000000004494d3                autostart_start
                0x000000000044952f                autostart_exit
 .text          0x0000000000449586      0x106 contiki-native.a(stimer.o)
                0x0000000000449586                stimer_set
                0x00000000004495b4                stimer_reset
                0x00000000004495d8                stimer_restart
                0x00000000004495f6                stimer_expired
                0x0000000000449637                stimer_remaining
                0x0000000000449669                stimer_elapsed
 .text          0x000000000044968c       0x2a contiki-native.a(energest.o)
                0x000000000044968c                energest_type_set
                0x000000000044969a                energest_init
                0x00000000004496a1                energest_type_time
                0x00000000004496af                energest_flush
 .text          0x00000000004496b6       0x58 contiki-native.a(arg.o)
                0x00000000004496b6                arg_init
                0x00000000004496c4                arg_alloc
                0x00000000004496ef                arg_free
 .text          0x000000000044970e      0x421 contiki-native.a(ctimer.o)
                0x000000000044986c                ctimer_init
                0x000000000044989d                ctimer_set
                0x00000000004498dd                ctimer_set_with_process
                0x0000000000449993                ctimer_reset
                0x0000000000449a00                ctimer_restart
                0x0000000000449a6d                ctimer_stop
                0x0000000000449ac7                ctimer_expired
 .text          0x0000000000449b2f      0x53f contiki-native.a(etimer.o)
                0x0000000000449dce                etimer_request_poll
                0x0000000000449e78                etimer_set
                0x0000000000449eaa                etimer_reset_with_new_interval
                0x0000000000449ee1                etimer_reset
                0x0000000000449f08                etimer_restart
                0x0000000000449f2f                etimer_adjust
                0x0000000000449f5c                etimer_expired
                0x0000000000449f77                etimer_expiration_time
                0x0000000000449f93                etimer_start_time
                0x0000000000449fa4                etimer_pending
                0x0000000000449fba                etimer_next_expiration_time
                0x0000000000449fd7                etimer_stop
 .text          0x000000000044a06e      0x152 contiki-native.a(compower.o)
                0x000000000044a06e                compower_init
                0x000000000044a084                compower_accumulate
                0x000000000044a0fc                compower_clear
                0x000000000044a11f                compower_attrconv
                0x000000000044a175                compower_accumulate_attrs
 .text          0x000000000044a1c0      0x641 contiki-native.a(process.o)
                0x000000000044a1c0                process_alloc_event
                0x000000000044a1d6                process_start
                0x000000000044a43b                process_exit
                0x000000000044a463                process_init
                0x000000000044a653                process_run
                0x000000000044a684                process_nevents
                0x000000000044a6a0                process_post
                0x000000000044a764                process_post_synch
                0x000000000044a7ae                process_poll
                0x000000000044a7e7                process_is_running
 .text          0x000000000044a801       0xf9 contiki-native.a(rtimer.o)
                0x000000000044a801                rtimer_init
                0x000000000044a80d                rtimer_set
                0x000000000044a88b                rtimer_run_next
 .text          0x000000000044a8fa       0xd7 contiki-native.a(mt.o)
                0x000000000044a8fa                mt_init
                0x000000000044a906                mt_remove
                0x000000000044a912                mt_start
                0x000000000044a94e                mt_exec
                0x000000000044a983                mt_yield
                0x000000000044a994                mt_exit
                0x000000000044a9b2                mt_stop
 .text          0x000000000044a9d1       0x4c contiki-native.a(procinit.o)
                0x000000000044a9d1                procinit_init
 .text          0x000000000044aa1d       0xdf contiki-native.a(timer.o)
                0x000000000044aa1d                timer_set
                0x000000000044aa4b                timer_reset
                0x000000000044aa6f                timer_restart
                0x000000000044aa8d                timer_expired
                0x000000000044aaca                timer_remaining
 .text          0x000000000044aafc      0x2ed contiki-native.a(serial-line.o)
                0x000000000044aafc                serial_line_input_byte
                0x000000000044adb6                serial_line_init
 .text          0x000000000044ade9      0xa28 contiki-native.a(slip.o)
                0x000000000044ade9                slip_set_input_callback
                0x000000000044ae49                slip_send
                0x000000000044af45                slip_write
                0x000000000044b688                slip_input_byte
 .text          0x000000000044b811       0xfd contiki-native.a(nullradio.o)
 .text          0x000000000044b90e        0x0 contiki-native.a(me_tabs.o)
 .text          0x000000000044b90e        0x0 contiki-native.a(settings.o)
 .text          0x000000000044b90e       0xc0 contiki-native.a(crc16.o)
                0x000000000044b90e                crc16_add
                0x000000000044b97e                crc16_data
 .text          0x000000000044b9ce      0x1a2 contiki-native.a(mmem.o)
                0x000000000044b9ce                mmem_alloc
                0x000000000044ba56                mmem_free
                0x000000000044bb37                mmem_init
 .text          0x000000000044bb70      0x290 contiki-native.a(iq-seeder.o)
 .text          0x000000000044be00      0x48f contiki-native.a(ccm-star.o)
 .text          0x000000000044c28f      0x4ec contiki-native.a(ifft.o)
                0x000000000044c394                ifft
 .text          0x000000000044c77b        0xb contiki-native.a(null-seeder.o)
 .text          0x000000000044c786      0x254 contiki-native.a(ringbufindex.o)
                0x000000000044c786                ringbufindex_init
                0x000000000044c7b3                ringbufindex_put
                0x000000000044c81a                ringbufindex_peek_put
                0x000000000044c877                ringbufindex_get
                0x000000000044c8e0                ringbufindex_peek_get
                0x000000000044c933                ringbufindex_size
                0x000000000044c94a                ringbufindex_elements
                0x000000000044c978                ringbufindex_full
                0x000000000044c9b8                ringbufindex_empty
 .text          0x000000000044c9da      0x311 contiki-native.a(list.o)
                0x000000000044c9da                list_init
                0x000000000044c9f0                list_head
                0x000000000044ca01                list_copy
                0x000000000044ca1e                list_tail
                0x000000000044ca63                list_add
                0x000000000044cac3                list_push
                0x000000000044cb02                list_chop
                0x000000000044cb8b                list_pop
                0x000000000044cbc1                list_remove
                0x000000000044cc49                list_length
                0x000000000044cc80                list_insert
                0x000000000044cccc                list_item_next
 .text          0x000000000044cceb      0x234 contiki-native.a(gcr.o)
                0x000000000044cceb                gcr_init
                0x000000000044cd02                gcr_finished
                0x000000000044cd14                gcr_encode
                0x000000000044cd8e                gcr_get_encoded
                0x000000000044cde0                gcr_decode
                0x000000000044ce22                gcr_valid
                0x000000000044ce8d                gcr_get_decoded
 .text          0x000000000044cf1f      0x6fd contiki-native.a(aes-128.o)
                0x000000000044d5a8                aes_128_set_padded_key
 .text          0x000000000044d61c      0x4f9 contiki-native.a(trickle-timer.o)
                0x000000000044d95b                trickle_timer_consistency
                0x000000000044d984                trickle_timer_inconsistency
                0x000000000044d9c2                trickle_timer_config
                0x000000000044da7a                trickle_timer_set
 .text          0x000000000044db15      0x20e contiki-native.a(memb.o)
                0x000000000044db15                memb_init
                0x000000000044db74                memb_alloc
                0x000000000044dbec                memb_free
                0x000000000044dc84                memb_inmemb
                0x000000000044dcd7                memb_numfree
 .text          0x000000000044dd23       0xa6 contiki-native.a(me.o)
                0x000000000044dd23                me_encode
                0x000000000044dd40                me_decode16
                0x000000000044dd91                me_decode8
                0x000000000044ddad                me_valid
 .text          0x000000000044ddc9        0x7 contiki-native.a(print-stats.o)
                0x000000000044ddc9                print_stats
 .text          0x000000000044ddd0       0xa3 contiki-native.a(csprng.o)
                0x000000000044ddd0                csprng_rand
                0x000000000044de58                csprng_init
 .text          0x000000000044de73       0xd7 contiki-native.a(petsciiconv.o)
                0x000000000044de73                petsciiconv_toascii
                0x000000000044defa                petsciiconv_topetscii
 .text          0x000000000044df4a       0x27 contiki-native.a(random.o)
                0x000000000044df4a                random_init
                0x000000000044df66                random_rand
 .text          0x000000000044df71       0x2d contiki-native.a(assert.o)
                0x000000000044df71                _xassert
 .text          0x000000000044df9e      0x189 contiki-native.a(ringbuf.o)
                0x000000000044df9e                ringbuf_init
                0x000000000044dfdb                ringbuf_put
                0x000000000044e066                ringbuf_get
                0x000000000044e0e0                ringbuf_size
                0x000000000044e0f8                ringbuf_elements
 .text          0x000000000044e127     0x1290 contiki-native.a(websocket.o)
                0x000000000044e360                call
                0x000000000044e4f4                websocket_http_client_aborted
                0x000000000044e53c                websocket_http_client_timedout
                0x000000000044e584                websocket_http_client_closed
                0x000000000044e5cc                websocket_http_client_connected
                0x000000000044e70e                websocket_http_client_datahandler
                0x000000000044ed49                websocket_init
                0x000000000044ed6d                websocket_set_proxy
                0x000000000044eda1                websocket_open
                0x000000000044ef9a                websocket_close
                0x000000000044f26d                websocket_send_str
                0x000000000044f2a3                websocket_send
                0x000000000044f2d4                websocket_ping
                0x000000000044f399                websocket_queuelen
 .text          0x000000000044f3b7      0xc1d contiki-native.a(uip-icmp6.o)
                0x000000000044f430                uip_icmp6_input
                0x000000000044f48a                uip_icmp6_register_input_handler
                0x000000000044f736                uip_icmp6_error_output
                0x000000000044fbaa                uip_icmp6_send
                0x000000000044ff4d                uip_icmp6_echo_reply_callback_add
                0x000000000044ff90                uip_icmp6_echo_reply_callback_rm
                0x000000000044ffb5                uip_icmp6_init
 .text          0x000000000044ffd4     0x10ee contiki-native.a(uip-ds6.o)
                0x000000000044ffd4                uip_ds6_init
                0x00000000004501c2                uip_ds6_periodic
                0x00000000004502f7                uip_ds6_list_loop
                0x00000000004503ba                uip_ds6_prefix_add
                0x0000000000450486                uip_ds6_prefix_rm
                0x00000000004504a0                uip_ds6_prefix_lookup
                0x00000000004504f3                uip_ds6_is_addr_onlink
                0x0000000000450583                uip_ds6_addr_add
                0x000000000045070e                uip_ds6_addr_rm
                0x00000000004507c2                uip_ds6_addr_lookup
                0x0000000000450810                uip_ds6_get_link_local
                0x00000000004508b1                uip_ds6_get_global
                0x0000000000450952                uip_ds6_get_addr_number
                0x00000000004509d5                uip_ds6_maddr_add
                0x0000000000450a4a                uip_ds6_maddr_rm
                0x0000000000450a64                uip_ds6_maddr_lookup
                0x0000000000450ab5                uip_ds6_aaddr_add
                0x0000000000450b2a                uip_ds6_aaddr_rm
                0x0000000000450b44                uip_ds6_aaddr_lookup
                0x0000000000450b95                uip_ds6_select_src
                0x0000000000450d1b                uip_ds6_set_addr_iid
                0x0000000000450d50                get_match_length
                0x0000000000450dfa                uip_ds6_dad
                0x0000000000450e87                uip_ds6_dad_failed
                0x0000000000450f37                uip_ds6_send_ra_sollicited
                0x0000000000450fa9                uip_ds6_send_ra_periodic
                0x0000000000451078                uip_ds6_compute_reachable_time
 .text          0x00000000004510c2      0xbb2 contiki-native.a(uip-ds6-route.o)
                0x0000000000451145                uip_ds6_notification_add
                0x0000000000451188                uip_ds6_notification_rm
                0x00000000004511ad                uip_ds6_route_init
                0x000000000045124b                uip_ds6_route_nexthop
                0x0000000000451292                uip_ds6_route_head
                0x00000000004512a7                uip_ds6_route_next
                0x00000000004512d7                uip_ds6_route_is_nexthop
                0x0000000000451325                uip_ds6_route_num_routes
                0x0000000000451331                uip_ds6_route_lookup
                0x000000000045140b                uip_ds6_route_add
                0x000000000045166a                uip_ds6_route_add_static
                0x0000000000451794                uip_ds6_route_rm
                0x0000000000451972                uip_ds6_route_rm_by_nexthop
                0x00000000004519ba                uip_ds6_defrt_head
                0x00000000004519cf                uip_ds6_defrt_add
                0x0000000000451a8c                uip_ds6_defrt_rm
                0x0000000000451b18                uip_ds6_defrt_lookup
                0x0000000000451b7d                uip_ds6_defrt_choose
                0x0000000000451bfc                uip_ds6_defrt_periodic
 .text          0x0000000000451c74     0x3692 contiki-native.a(uip6.o)
                0x0000000000451c74                uip_add32
                0x0000000000451e74                uip_chksum
                0x0000000000451f74                uip_icmp6chksum
                0x0000000000451f84                uip_tcpchksum
                0x0000000000451f94                uip_udpchksum
                0x0000000000451fa4                uip_init
                0x0000000000452069                uip_connect
                0x0000000000452223                remove_ext_hdr
                0x0000000000452359                uip_udp_new
                0x00000000004524c2                uip_unlisten
                0x000000000045250d                uip_listen
                0x0000000000452856                uip_process
                0x00000000004551bf                uip_htons
                0x00000000004551de                uip_htonl
                0x0000000000455220                uip_send
 .text          0x0000000000455306      0x818 contiki-native.a(uip-ds6-nbr.o)
                0x0000000000455306                uip_ds6_neighbors_init
                0x000000000045532e                uip_ds6_nbr_add
                0x000000000045542c                uip_ds6_nbr_rm
                0x000000000045547d                uip_ds6_nbr_update_lladdr
                0x00000000004555ab                uip_ds6_nbr_get_ipaddr
                0x00000000004555c7                uip_ds6_nbr_get_ll
                0x00000000004555ee                uip_ds6_nbr_num
                0x0000000000455642                uip_ds6_nbr_lookup
                0x00000000004556ba                uip_ds6_nbr_ll_lookup
                0x00000000004556e1                uip_ds6_nbr_ipaddr_from_lladdr
                0x0000000000455711                uip_ds6_nbr_lladdr_from_ipaddr
                0x0000000000455749                uip_ds6_link_neighbor_callback
                0x00000000004557ac                uip_ds6_neighbor_periodic
                0x0000000000455a3e                uip_ds6_nbr_refresh_reachable_state
                0x0000000000455a89                uip_ds6_get_least_lifetime_neighbor
 .text          0x0000000000455b1e     0x22a1 contiki-native.a(uip-nd6.o)
                0x000000000045651c                uip_nd6_ns_output
                0x00000000004572d1                uip_nd6_ra_output
                0x0000000000457d94                uip_nd6_init
 .text          0x0000000000457dbf      0xab0 contiki-native.a(websocket-http-)
                0x0000000000458450                websocket_http_client_register
                0x0000000000458574                websocket_http_client_get
                0x0000000000458706                websocket_http_client_send
                0x000000000045874b                websocket_http_client_sendbuflen
                0x0000000000458765                websocket_http_client_close
                0x0000000000458780                websocket_http_client_hostname
                0x0000000000458794                websocket_http_client_init
                0x0000000000458814                websocket_http_client_set_proxy
                0x0000000000458855                websocket_http_client_queuelen
 .text          0x000000000045886f     0x2d49 contiki-native.a(sicslowpan.o)
                0x0000000000459039                rime_sniffer_add
                0x000000000045904f                rime_sniffer_remove
                0x000000000045b537                sicslowpan_init
                0x000000000045b5ac                sicslowpan_get_last_rssi
 .text          0x000000000045b5b8      0x223 contiki-native.a(slipdev.o)
                0x000000000045b5b8                slipdev_send
                0x000000000045b67e                slipdev_poll
                0x000000000045b7c4                slipdev_init
 .text          0x000000000045b7db      0x1fa contiki-native.a(uip-debug.o)
                0x000000000045b7db                uip_debug_ipaddr_print
                0x000000000045b94f                uip_debug_lladdr_print
 .text          0x000000000045b9d5      0x197 contiki-native.a(uip-packetqueue)
                0x000000000045ba0d                uip_packetqueue_new
                0x000000000045ba23                uip_packetqueue_alloc
                0x000000000045ba99                uip_packetqueue_free
                0x000000000045baea                uip_packetqueue_buf
                0x000000000045bb12                uip_packetqueue_buflen
                0x000000000045bb3d                uip_packetqueue_set_buflen
 .text          0x000000000045bb6c      0xb5e contiki-native.a(tcp-socket.o)
                0x000000000045c27e                tcp_socket_register
                0x000000000045c342                tcp_socket_connect
                0x000000000045c3fe                tcp_socket_listen
                0x000000000045c487                tcp_socket_unlisten
                0x000000000045c50f                tcp_socket_send
                0x000000000045c5c8                tcp_socket_send_str
                0x000000000045c5fb                tcp_socket_close
                0x000000000045c62c                tcp_socket_unregister
                0x000000000045c691                tcp_socket_max_sendlen
                0x000000000045c6b5                tcp_socket_queuelen
 .text          0x000000000045c6ca      0x179 contiki-native.a(ip64-addr.o)
                0x000000000045c6ca                ip64_addr_copy4
                0x000000000045c6e5                ip64_addr_copy6
                0x000000000045c70a                ip64_addr_4to6
                0x000000000045c771                ip64_addr_6to4
                0x000000000045c7da                ip64_addr_is_ip64
                0x000000000045c810                ip64_addr_set_prefix
 .text          0x000000000045c843      0x13c contiki-native.a(uip-udp-packet.)
                0x000000000045c843                uip_udp_packet_send
                0x000000000045c8be                uip_udp_packet_sendto
 .text          0x000000000045c97f      0x7e5 contiki-native.a(psock.o)
                0x000000000045cd18                psock_send
                0x000000000045cda7                psock_generator_send
                0x000000000045ced6                psock_datalen
                0x000000000045cef5                psock_newdata
                0x000000000045cf4e                psock_readto
                0x000000000045d025                psock_readbuf_len
                0x000000000045d10d                psock_init
 .text          0x000000000045d164      0xc53 contiki-native.a(dhcpc.o)
                0x000000000045dc6f                dhcpc_init
                0x000000000045dd0e                dhcpc_appcall
                0x000000000045dd49                dhcpc_request
 .text          0x000000000045ddb7      0xfe6 contiki-native.a(tcpip.o)
                0x000000000045ddb7                tcpip_output
                0x000000000045ddf1                tcpip_set_outputfunc
                0x000000000045de07                tcpip_get_outputfunc
                0x000000000045de14                tcpip_input
                0x000000000045de30                tcpip_set_inputfunc
                0x000000000045de46                tcpip_get_inputfunc
                0x000000000045dee7                tcp_connect
                0x000000000045df51                tcp_unlisten
                0x000000000045dfbc                tcp_listen
                0x000000000045e023                tcp_attach
                0x000000000045e05b                udp_attach
                0x000000000045e093                udp_new
                0x000000000045e0fc                udp_broadcast_new
                0x000000000045e194                icmp6_new
                0x000000000045e1dc                tcpip_icmp6_call
                0x000000000045e495                tcpip_inputfunc
                0x000000000045e4cb                tcpip_ipv6_output
                0x000000000045eb5c                tcpip_poll_udp
                0x000000000045eb86                tcpip_poll_tcp
                0x000000000045ebb0                tcpip_uipcall
 .text          0x000000000045ed9d     0x2ebb contiki-native.a(resolv.o)
                0x0000000000460c48                resolv_set_hostname
                0x0000000000460cf7                resolv_get_hostname
                0x000000000046129b                resolv_query
                0x00000000004614d8                resolv_lookup
                0x00000000004617b2                resolv_query_service
                0x00000000004618d1                resolv_service_lookup
                0x0000000000461a8c                resolv_add_service
 .text          0x0000000000461c58       0xcd contiki-native.a(uip-nameserver.)
                0x0000000000461c58                uip_nameserver_update
                0x0000000000461c88                uip_nameserver_get
                0x0000000000461ca7                uip_nameserver_next_expiration
                0x0000000000461cb3                uip_nameserver_count
 .text          0x0000000000461d25      0x215 contiki-native.a(uip-split.o)
                0x0000000000461d25                uip_split_output
 .text          0x0000000000461f3a      0x472 contiki-native.a(udp-socket.o)
                0x0000000000461f67                udp_socket_register
                0x0000000000462023                udp_socket_close
                0x0000000000462062                udp_socket_bind
                0x00000000004620b1                udp_socket_connect
                0x0000000000462125                udp_socket_send
                0x0000000000462177                udp_socket_sendto
 .text          0x00000000004623ac      0x42c contiki-native.a(simple-udp.o)
                0x00000000004623d9                simple_udp_send
                0x0000000000462447                simple_udp_sendto
                0x00000000004624b5                simple_udp_sendto_port
                0x000000000046251f                simple_udp_register
 .text          0x00000000004627d8      0x2b0 contiki-native.a(uiplib.o)
                0x00000000004627d8                uiplib_ip6addrconv
                0x00000000004629ba                uiplib_ip4addrconv
 .text          0x0000000000462a88      0x3a4 contiki-native.a(rpl-nbr-policy.)
                0x0000000000462c93                find_removable_dis
                0x0000000000462cc1                find_removable_dio
                0x0000000000462d56                find_removable_dao
                0x0000000000462db7                rpl_nbr_policy_find_removable
 .text          0x0000000000462e2c      0x43f contiki-native.a(rpl-of0.o)
 .text          0x000000000046326b     0x3174 contiki-native.a(rpl-dag.o)
                0x000000000046326b                rpl_print_neighbor_list
                0x00000000004634af                rpl_get_nbr
                0x000000000046350f                rpl_dag_init
                0x000000000046352f                rpl_get_parent
                0x000000000046355e                rpl_get_parent_rank
                0x000000000046359f                rpl_get_parent_link_metric
                0x0000000000463610                rpl_rank_via_parent
                0x0000000000463681                rpl_get_parent_lladdr
                0x00000000004636a8                rpl_get_parent_ipaddr
                0x00000000004636d2                rpl_get_parent_link_stats
                0x00000000004636fc                rpl_parent_is_fresh
                0x0000000000463726                rpl_parent_is_reachable
                0x0000000000463b2f                rpl_set_root
                0x0000000000463eca                rpl_repair_root
                0x000000000046416c                rpl_set_prefix
                0x000000000046428f                rpl_set_default_route
                0x0000000000464315                rpl_alloc_instance
                0x00000000004643b5                rpl_alloc_dag
                0x00000000004644b7                rpl_set_default_instance
                0x00000000004644d0                rpl_get_default_instance
                0x00000000004644e0                rpl_free_instance
                0x00000000004645b4                rpl_free_dag
                0x0000000000464643                rpl_add_parent
                0x000000000046471a                rpl_find_parent
                0x0000000000464792                rpl_find_parent_any_dag
                0x00000000004647e3                rpl_select_dag
                0x0000000000464c74                rpl_select_parent
                0x0000000000464d63                rpl_remove_parent
                0x0000000000464d97                rpl_nullify_parent
                0x0000000000464e78                rpl_move_parent
                0x0000000000464f5d                rpl_has_downward_route
                0x0000000000464fd8                rpl_get_dag
                0x000000000046517e                rpl_get_any_dag
                0x0000000000465222                rpl_get_instance
                0x00000000004652c0                rpl_find_of
                0x000000000046537b                rpl_join_instance
                0x0000000000465687                rpl_add_dag
                0x0000000000465ae1                rpl_local_repair
                0x0000000000465c1a                rpl_recalculate_ranks
                0x0000000000465cbd                rpl_process_parent_event
                0x0000000000465e10                rpl_process_dio
 .text          0x00000000004663df      0xaf7 contiki-native.a(rpl-timers.o)
                0x000000000046671d                rpl_reset_periodic_timer
                0x000000000046677c                rpl_reset_dio_timer
                0x0000000000466a06                rpl_schedule_dao
                0x0000000000466a26                rpl_schedule_dao_immediately
                0x0000000000466a46                rpl_cancel_dao
                0x0000000000466ac1                rpl_schedule_unicast_dio_immediately
                0x0000000000466af3                get_probing_delay
                0x0000000000466b82                get_probing_target
                0x0000000000466e96                rpl_schedule_probing
 .text          0x0000000000466ed6     0x1792 contiki-native.a(rpl-ext-header.)
                0x0000000000466ed6                rpl_verify_hbh_header
                0x00000000004672ae                rpl_srh_get_next_hop
                0x0000000000467484                rpl_process_srh_header
                0x0000000000468368                rpl_remove_header
                0x0000000000468544                rpl_update_header
 .text          0x0000000000468668      0x726 contiki-native.a(rpl.o)
                0x0000000000468668                rpl_get_mode
                0x0000000000468674                rpl_set_mode
                0x0000000000468730                rpl_purge_routes
                0x0000000000468854                rpl_remove_routes
                0x00000000004688aa                rpl_remove_routes_by_nexthop
                0x000000000046891f                rpl_add_route
                0x0000000000468a1d                rpl_link_neighbor_callback
                0x0000000000468b06                rpl_ipv6_neighbor_callback
                0x0000000000468b8d                rpl_purge_dags
                0x0000000000468ce9                rpl_init
 .text          0x0000000000468d8e      0x3df contiki-native.a(rpl-mrhof.o)
 .text          0x000000000046916d      0x522 contiki-native.a(rpl-ns.o)
                0x000000000046916d                rpl_ns_num_nodes
                0x0000000000469205                rpl_ns_get_node
                0x0000000000469269                rpl_ns_is_node_reachable
                0x0000000000469304                rpl_ns_expire_parent
                0x0000000000469363                rpl_ns_update_node
                0x00000000004694d0                rpl_ns_init
                0x00000000004694fc                rpl_ns_node_head
                0x0000000000469511                rpl_ns_node_next
                0x000000000046952b                rpl_ns_get_node_global_addr
                0x000000000046957d                rpl_ns_periodic
 .text          0x000000000046968f     0x2972 contiki-native.a(rpl-icmp6.o)
                0x00000000004699b8                rpl_icmp6_update_nbr_table
                0x0000000000469aff                dis_output
                0x000000000046a338                dio_output
                0x000000000046b778                dao_output
                0x000000000046b8c8                dao_output_target
                0x000000000046bf22                dao_ack_output
                0x000000000046bfca                rpl_icmp6_register_handlers
 .text          0x000000000046c001      0x6c4 contiki-native.a(rpl-dag-root.o)
                0x000000000046c3ec                rpl_dag_root_init
                0x000000000046c424                rpl_dag_root_init_dag_immediately
                0x000000000046c635                rpl_dag_root_init_dag
                0x000000000046c66f                rpl_dag_root_is_root
 .text          0x000000000046c6c5      0x330 contiki-native.a(queuebuf.o)
                0x000000000046c6d6                queuebuf_init
                0x000000000046c6f5                queuebuf_numfree
                0x000000000046c707                queuebuf_new_from_packetbuf
                0x000000000046c7b0                queuebuf_update_attr_from_packetbuf
                0x000000000046c7ef                queuebuf_update_from_packetbuf
                0x000000000046c847                queuebuf_free
                0x000000000046c896                queuebuf_to_packetbuf
                0x000000000046c908                queuebuf_dataptr
                0x000000000046c948                queuebuf_datalen
                0x000000000046c974                queuebuf_addr
                0x000000000046c9b7                queuebuf_attr
                0x000000000046c9ee                queuebuf_debug_print
 .text          0x000000000046c9f5       0xd3 contiki-native.a(cmd-broker.o)
                0x000000000046c9f5                cmd_broker_subscribe
                0x000000000046ca1a                cmd_broker_unsubscribe
                0x000000000046ca3f                cmd_broker_publish
                0x000000000046cab2                cmd_broker_init
 .text          0x000000000046cac8      0x9aa contiki-native.a(nbr-table.o)
                0x000000000046d060                nbr_table_register
                0x000000000046d0c7                nbr_table_head
                0x000000000046d12e                nbr_table_next
                0x000000000046d1a4                nbr_table_add_lladdr
                0x000000000046d296                nbr_table_get_from_lladdr
                0x000000000046d2ee                nbr_table_remove
                0x000000000046d33e                nbr_table_lock
                0x000000000046d36c                nbr_table_unlock
                0x000000000046d39a                nbr_table_get_lladdr
                0x000000000046d3d9                nbr_table_update_lladdr
 .text          0x000000000046d472      0x4e2 contiki-native.a(packetbuf.o)
                0x000000000046d472                packetbuf_clear
                0x000000000046d49c                packetbuf_copyfrom
                0x000000000046d4f2                packetbuf_compact
                0x000000000046d57d                packetbuf_copyto
                0x000000000046d620                packetbuf_hdralloc
                0x000000000046d6aa                packetbuf_hdrreduce
                0x000000000046d6f6                packetbuf_set_datalen
                0x000000000046d70e                packetbuf_dataptr