
Discarded input sections

 .note.GNU-stack
                0x00000000        0x0 /opt/analogics/am335x_sk/toolchain/bin/../../toolchain/lib/crti.o
 .note.GNU-stack
                0x00000000        0x0 /opt/analogics/am335x_sk/toolchain/bin/../lib/gcc/armv7l-analogics-linux-gnueabi/4.8.2/crtbeginS.o
 .note.GNU-stack
                0x00000000        0x0 obj_native/dummy.o
 .note.GNU-stack
                0x00000000        0x0 /opt/analogics/am335x_sk/toolchain/bin/../lib/gcc/armv7l-analogics-linux-gnueabi/4.8.2/crtendS.o
 .note.GNU-stack
                0x00000000        0x0 /opt/analogics/am335x_sk/toolchain/bin/../../toolchain/lib/crtn.o

Memory Configuration

Name             Origin             Length             Attributes
*default*        0x00000000         0xffffffff

Linker script and memory map

LOAD /opt/analogics/am335x_sk/toolchain/bin/../../toolchain/lib/crti.o
LOAD /opt/analogics/am335x_sk/toolchain/bin/../lib/gcc/armv7l-analogics-linux-gnueabi/4.8.2/crtbeginS.o
LOAD obj_native/dummy.o
LOAD /opt/analogics/am335x_sk/toolchain/bin/../lib/gcc/armv7l-analogics-linux-gnueabi/4.8.2/libgcc.a
LOAD /opt/analogics/am335x_sk/toolchain/bin/../lib/gcc/armv7l-analogics-linux-gnueabi/4.8.2/../../../../armv7l-analogics-linux-gnueabi/lib/libgcc_s.so
START GROUP
LOAD /opt/analogics/am335x_sk/toolchain/bin/../lib/gcc/armv7l-analogics-linux-gnueabi/4.8.2/../../../../armv7l-analogics-linux-gnueabi/lib/libgcc_s.so.1
LOAD /opt/analogics/am335x_sk/toolchain/bin/../lib/gcc/armv7l-analogics-linux-gnueabi/4.8.2/libgcc.a
END GROUP
LOAD /opt/analogics/am335x_sk/toolchain/bin/../../toolchain/lib/libc.so
START GROUP
LOAD /opt/analogics/am335x_sk/toolchain/bin/../../toolchain/lib/libc.so.6
LOAD /opt/analogics/am335x_sk/toolchain/bin/../../toolchain/usr/lib/libc_nonshared.a
LOAD /opt/analogics/am335x_sk/toolchain/bin/../../toolchain/lib/ld-linux.so.3
END GROUP
LOAD /opt/analogics/am335x_sk/toolchain/bin/../lib/gcc/armv7l-analogics-linux-gnueabi/4.8.2/libgcc.a
LOAD /opt/analogics/am335x_sk/toolchain/bin/../lib/gcc/armv7l-analogics-linux-gnueabi/4.8.2/../../../../armv7l-analogics-linux-gnueabi/lib/libgcc_s.so
START GROUP
LOAD /opt/analogics/am335x_sk/toolchain/bin/../lib/gcc/armv7l-analogics-linux-gnueabi/4.8.2/../../../../armv7l-analogics-linux-gnueabi/lib/libgcc_s.so.1
LOAD /opt/analogics/am335x_sk/toolchain/bin/../lib/gcc/armv7l-analogics-linux-gnueabi/4.8.2/libgcc.a
END GROUP
LOAD /opt/analogics/am335x_sk/toolchain/bin/../lib/gcc/armv7l-analogics-linux-gnueabi/4.8.2/crtendS.o
LOAD /opt/analogics/am335x_sk/toolchain/bin/../../toolchain/lib/crtn.o
                0x000000b4                . = (0x0 + SIZEOF_HEADERS)

.note.gnu.build-id
 *(.note.gnu.build-id)

.hash           0x000000b4       0xac
 *(.hash)
 .hash          0x000000b4       0xac /opt/analogics/am335x_sk/toolchain/bin/../../toolchain/lib/crti.o

.gnu.hash
 *(.gnu.hash)

.dynsym         0x00000160      0x180
 *(.dynsym)
 .dynsym        0x00000160      0x180 /opt/analogics/am335x_sk/toolchain/bin/../../toolchain/lib/crti.o

.dynstr         0x000002e0      0x125
 *(.dynstr)
 .dynstr        0x000002e0      0x125 /opt/analogics/am335x_sk/toolchain/bin/../../toolchain/lib/crti.o

.gnu.version    0x00000406       0x30
 *(.gnu.version)
 .gnu.version   0x00000406       0x30 /opt/analogics/am335x_sk/toolchain/bin/../../toolchain/lib/crti.o

.gnu.version_d  0x00000438        0x0
 *(.gnu.version_d)
 .gnu.version_d
                0x00000000        0x0 /opt/analogics/am335x_sk/toolchain/bin/../../toolchain/lib/crti.o

.gnu.version_r  0x00000438       0x20
 *(.gnu.version_r)
 .gnu.version_r
                0x00000438       0x20 /opt/analogics/am335x_sk/toolchain/bin/../../toolchain/lib/crti.o

.rel.dyn        0x00000458       0x80
 *(.rel.init)
 *(.rel.text .rel.text.* .rel.gnu.linkonce.t.*)
 .rel.text      0x00000000        0x0 /opt/analogics/am335x_sk/toolchain/bin/../../toolchain/lib/crti.o
 *(.rel.fini)
 *(.rel.rodata .rel.rodata.* .rel.gnu.linkonce.r.*)
 *(.rel.data.rel.ro .rel.data.rel.ro.* .rel.gnu.linkonce.d.rel.ro.*)
 *(.rel.data .rel.data.* .rel.gnu.linkonce.d.*)
 .rel.data.rel  0x00000458        0x8 /opt/analogics/am335x_sk/toolchain/bin/../../toolchain/lib/crti.o
 .rel.data.rel.local
                0x00000460       0x28 /opt/analogics/am335x_sk/toolchain/bin/../../toolchain/lib/crti.o
 *(.rel.tdata .rel.tdata.* .rel.gnu.linkonce.td.*)
 *(.rel.tbss .rel.tbss.* .rel.gnu.linkonce.tb.*)
 *(.rel.ctors)
 *(.rel.dtors)
 *(.rel.got)
 .rel.got       0x00000488       0x40 /opt/analogics/am335x_sk/toolchain/bin/../../toolchain/lib/crti.o
 *(.rel.bss .rel.bss.* .rel.gnu.linkonce.b.*)
 *(.rel.iplt)
 .rel.iplt      0x00000000        0x0 /opt/analogics/am335x_sk/toolchain/bin/../../toolchain/lib/crti.o
 .rel.init_array
                0x000004c8        0x8 /opt/analogics/am335x_sk/toolchain/bin/../../toolchain/lib/crti.o
 .rel.fini_array
                0x000004d0        0x8 /opt/analogics/am335x_sk/toolchain/bin/../../toolchain/lib/crti.o

.rela.dyn
 *(.rela.init)
 *(.rela.text .rela.text.* .rela.gnu.linkonce.t.*)
 *(.rela.fini)
 *(.rela.rodata .rela.rodata.* .rela.gnu.linkonce.r.*)
 *(.rela.data .rela.data.* .rela.gnu.linkonce.d.*)
 *(.rela.tdata .rela.tdata.* .rela.gnu.linkonce.td.*)
 *(.rela.tbss .rela.tbss.* .rela.gnu.linkonce.tb.*)
 *(.rela.ctors)
 *(.rela.dtors)
 *(.rela.got)
 *(.rela.bss .rela.bss.* .rela.gnu.linkonce.b.*)
 *(.rela.iplt)

.rel.plt        0x000004d8       0x28
 *(.rel.plt)
 .rel.plt       0x000004d8       0x28 /opt/analogics/am335x_sk/toolchain/bin/../../toolchain/lib/crti.o

.rela.plt
 *(.rela.plt)

.init           0x00000500        0xc
 *(SORT(.init))
 .init          0x00000500        0x8 /opt/analogics/am335x_sk/toolchain/bin/../../toolchain/lib/crti.o
                0x00000500                _init
 .init          0x00000508        0x4 /opt/analogics/am335x_sk/toolchain/bin/../../toolchain/lib/crtn.o

.plt            0x0000050c       0x50
 *(.plt)
 .plt           0x0000050c       0x50 /opt/analogics/am335x_sk/toolchain/bin/../../toolchain/lib/crti.o

.iplt           0x0000055c        0x0
 *(.iplt)
 .iplt          0x00000000        0x0 /opt/analogics/am335x_sk/toolchain/bin/../../toolchain/lib/crti.o

.text           0x0000055c      0x268
 *(.text.unlikely .text.*_unlikely .text.unlikely.*)
 *(.text.exit .text.exit.*)
 *(.text.startup .text.startup.*)
 *(.text.hot .text.hot.*)
 *(.text .stub .text.* .gnu.linkonce.t.*)
 .text          0x0000055c       0x24 /opt/analogics/am335x_sk/toolchain/bin/../../toolchain/lib/crti.o
 .text          0x00000580      0x160 /opt/analogics/am335x_sk/toolchain/bin/../lib/gcc/armv7l-analogics-linux-gnueabi/4.8.2/crtbeginS.o
 .text          0x000006e0       0xe4 obj_native/dummy.o
 .text          0x000007c4        0x0 /opt/analogics/am335x_sk/toolchain/bin/../lib/gcc/armv7l-analogics-linux-gnueabi/4.8.2/crtendS.o
 .text          0x000007c4        0x0 /opt/analogics/am335x_sk/toolchain/bin/../../toolchain/lib/crtn.o
 *(.gnu.warning)
 *(.glue_7t)
 .glue_7t       0x00000000        0x0 linker stubs
 *(.glue_7)
 .glue_7        0x00000000        0x0 linker stubs
 *(.vfp11_veneer)
 .vfp11_veneer  0x00000000        0x0 linker stubs
 *(.v4_bx)
 .v4_bx         0x00000000        0x0 linker stubs

.fini           0x000007c4        0x8
 *(SORT(.fini))
 .fini          0x000007c4        0x4 /opt/analogics/am335x_sk/toolchain/bin/../../toolchain/lib/crti.o
                0x000007c4                _fini
 .fini          0x000007c8        0x4 /opt/analogics/am335x_sk/toolchain/bin/../../toolchain/lib/crtn.o
                0x000007cc                PROVIDE (__etext, .)
                0x000007cc                PROVIDE (_etext, .)
                0x000007cc                PROVIDE (etext, .)

.rodata         0x000007cc       0x68
 *(.rodata .rodata.* .gnu.linkonce.r.*)
 .rodata        0x000007cc       0x68 obj_native/dummy.o

.rodata1
 *(.rodata1)

.ARM.extab
 *(.ARM.extab* .gnu.linkonce.armextab.*)
                0x00000834                PROVIDE (__exidx_start, .)

.ARM.exidx
 *(.ARM.exidx* .gnu.linkonce.armexidx.*)
                0x00000834                PROVIDE (__exidx_end, .)

.eh_frame_hdr   0x00000834        0x0
 *(.eh_frame_hdr)
 .eh_frame_hdr  0x00000000        0x0 /opt/analogics/am335x_sk/toolchain/bin/../../toolchain/lib/crtn.o

.eh_frame       0x00000834        0x4
 *(.eh_frame)
 .eh_frame      0x00000834        0x4 /opt/analogics/am335x_sk/toolchain/bin/../lib/gcc/armv7l-analogics-linux-gnueabi/4.8.2/crtendS.o

.gcc_except_table
 *(.gcc_except_table .gcc_except_table.*)

.exception_ranges
 *(.exception_ranges .exception_ranges*)
                0x00000838                . = (ALIGN (0x8000) - ((0x8000 - .) & 0x7fff))
                0x00008838                . = DATA_SEGMENT_ALIGN (0x8000, 0x1000)

.eh_frame
 *(.eh_frame)

.gcc_except_table
 *(.gcc_except_table .gcc_except_table.*)

.exception_ranges
 *(.exception_ranges .exception_ranges*)

.tdata
 *(.tdata .tdata.* .gnu.linkonce.td.*)

.tbss
 *(.tbss .tbss.* .gnu.linkonce.tb.*)
 *(.tcommon)

.preinit_array
 *(.preinit_array)

.init_array     0x00008838        0x4
 *(SORT(.init_array.*))
 *(.init_array)
 .init_array    0x00008838        0x4 /opt/analogics/am335x_sk/toolchain/bin/../lib/gcc/armv7l-analogics-linux-gnueabi/4.8.2/crtbeginS.o

.fini_array     0x0000883c        0x4
 *(SORT(.fini_array.*))
 *(.fini_array)
 .fini_array    0x0000883c        0x4 /opt/analogics/am335x_sk/toolchain/bin/../lib/gcc/armv7l-analogics-linux-gnueabi/4.8.2/crtbeginS.o

.ctors
 *crtbegin.o(.ctors)
 *crtbegin?.o(.ctors)
 *(EXCLUDE_FILE(*crtend?.o *crtend.o) .ctors)
 *(SORT(.ctors.*))
 *(.ctors)

.dtors
 *crtbegin.o(.dtors)
 *crtbegin?.o(.dtors)
 *(EXCLUDE_FILE(*crtend?.o *crtend.o) .dtors)
 *(SORT(.dtors.*))
 *(.dtors)

.jcr            0x00008840        0x4
 *(.jcr)
 .jcr           0x00008840        0x0 /opt/analogics/am335x_sk/toolchain/bin/../lib/gcc/armv7l-analogics-linux-gnueabi/4.8.2/crtbeginS.o
 .jcr           0x00008840        0x4 /opt/analogics/am335x_sk/toolchain/bin/../lib/gcc/armv7l-analogics-linux-gnueabi/4.8.2/crtendS.o

.data.rel.ro
 *(.data.rel.ro.local* .gnu.linkonce.d.rel.ro.local.*)
 *(.data.rel.ro .data.rel.ro.* .gnu.linkonce.d.rel.ro.*)

.dynamic        0x00008844       0xe0
 *(.dynamic)
 .dynamic       0x00008844       0xe0 /opt/analogics/am335x_sk/toolchain/bin/../../toolchain/lib/crti.o
                0x00008844                _DYNAMIC
                0x00008924                . = DATA_SEGMENT_RELRO_END (., 0x0)

.got            0x00008924       0x40
 *(.got.plt)
 .got.plt       0x00008924       0x20 /opt/analogics/am335x_sk/toolchain/bin/../../toolchain/lib/crti.o
                0x00008924                _GLOBAL_OFFSET_TABLE_
 *(.igot.plt)
 .igot.plt      0x00000000        0x0 /opt/analogics/am335x_sk/toolchain/bin/../../toolchain/lib/crti.o
 *(.got)
 .got           0x00008944       0x20 /opt/analogics/am335x_sk/toolchain/bin/../../toolchain/lib/crti.o
 *(.igot)

.data           0x00008964       0x20
                0x00008964                PROVIDE (__data_start, .)
 *(.data .data.* .gnu.linkonce.d.*)
 .data          0x00008964        0x0 /opt/analogics/am335x_sk/toolchain/bin/../../toolchain/lib/crti.o
 .data          0x00008964        0x0 /opt/analogics/am335x_sk/toolchain/bin/../lib/gcc/armv7l-analogics-linux-gnueabi/4.8.2/crtbeginS.o
 .data.rel      0x00008964        0x4 /opt/analogics/am335x_sk/toolchain/bin/../lib/gcc/armv7l-analogics-linux-gnueabi/4.8.2/crtbeginS.o
                0x00008964                __dso_handle
 .data          0x00008968        0x0 obj_native/dummy.o
 .data.rel.local
                0x00008968       0x1c obj_native/dummy.o
                0x00008968                sixlbr_plugin_info
 .data          0x00008984        0x0 /opt/analogics/am335x_sk/toolchain/bin/../lib/gcc/armv7l-analogics-linux-gnueabi/4.8.2/crtendS.o
 .data          0x00008984        0x0 /opt/analogics/am335x_sk/toolchain/bin/../../toolchain/lib/crtn.o

.tm_clone_table
                0x00008984        0x0
 .tm_clone_table
                0x00008984        0x0 /opt/analogics/am335x_sk/toolchain/bin/../lib/gcc/armv7l-analogics-linux-gnueabi/4.8.2/crtbeginS.o
 .tm_clone_table
                0x00008984        0x0 /opt/analogics/am335x_sk/toolchain/bin/../lib/gcc/armv7l-analogics-linux-gnueabi/4.8.2/crtendS.o

.data1
 *(.data1)
                0x00008984                _edata = .
                0x00008984                PROVIDE (edata, .)
                0x00008984                . = .
                0x00008984                __bss_start = .
                0x00008984                __bss_start__ = .

.bss            0x00008984        0x4
 *(.dynbss)
 .dynbss        0x00000000        0x0 /opt/analogics/am335x_sk/toolchain/bin/../../toolchain/lib/crti.o
 *(.bss .bss.* .gnu.linkonce.b.*)
 .bss           0x00008984        0x0 /opt/analogics/am335x_sk/toolchain/bin/../../toolchain/lib/crti.o
 .bss           0x00008984        0x1 /opt/analogics/am335x_sk/toolchain/bin/../lib/gcc/armv7l-analogics-linux-gnueabi/4.8.2/crtbeginS.o
 .bss           0x00008985        0x0 obj_native/dummy.o
 .bss           0x00008985        0x0 /opt/analogics/am335x_sk/toolchain/bin/../lib/gcc/armv7l-analogics-linux-gnueabi/4.8.2/crtendS.o
 .bss           0x00008985        0x0 /opt/analogics/am335x_sk/toolchain/bin/../../toolchain/lib/crtn.o
 *(COMMON)
                0x00008988                . = ALIGN ((. != 0x0)?0x4:0x1)
 *fill*         0x00008985        0x3 
                0x00008988                _bss_end__ = .
                0x00008988                __bss_end__ = .
                0x00008988                . = ALIGN (0x4)
                0x00008988                . = SEGMENT_START ("ldata-segment", .)
                0x00008988                . = ALIGN (0x4)
                0x00008988                __end__ = .
                0x00008988                _end = .
                0x00008988                PROVIDE (end, .)
                0x00008988                . = DATA_SEGMENT_END (.)

.stab
 *(.stab)

.stabstr
 *(.stabstr)

.stab.excl
 *(.stab.excl)

.stab.exclstr
 *(.stab.exclstr)

.stab.index
 *(.stab.index)

.stab.indexstr
 *(.stab.indexstr)

.comment        0x00000000       0x1e
 *(.comment)
 .comment       0x00000000       0x1e /opt/analogics/am335x_sk/toolchain/bin/../lib/gcc/armv7l-analogics-linux-gnueabi/4.8.2/crtbeginS.o
                                 0x1f (size before relaxing)
 .comment       0x00000000       0x1f obj_native/dummy.o
 .comment       0x00000000       0x1f /opt/analogics/am335x_sk/toolchain/bin/../lib/gcc/armv7l-analogics-linux-gnueabi/4.8.2/crtendS.o

.ARM.attributes
                0x00000000       0x39
 .ARM.attributes
                0x00000000       0x2b /opt/analogics/am335x_sk/toolchain/bin/../../toolchain/lib/crti.o
 .ARM.attributes
                0x0000002b       0x3b /opt/analogics/am335x_sk/toolchain/bin/../lib/gcc/armv7l-analogics-linux-gnueabi/4.8.2/crtbeginS.o
 .ARM.attributes
                0x00000066       0x3b obj_native/dummy.o
 .ARM.attributes
                0x000000a1       0x3b /opt/analogics/am335x_sk/toolchain/bin/../lib/gcc/armv7l-analogics-linux-gnueabi/4.8.2/crtendS.o
 .ARM.attributes
                0x000000dc       0x2b /opt/analogics/am335x_sk/toolchain/bin/../../toolchain/lib/crtn.o

.debug
 *(.debug)

.line
 *(.line)

.debug_srcinfo
 *(.debug_srcinfo)

.debug_sfnames
 *(.debug_sfnames)

.debug_aranges  0x00000000       0x78
 *(.debug_aranges)
 .debug_aranges
                0x00000000       0x30 /opt/analogics/am335x_sk/toolchain/bin/../../toolchain/lib/crti.o
 .debug_aranges
                0x00000030       0x20 obj_native/dummy.o
 .debug_aranges
                0x00000050       0x28 /opt/analogics/am335x_sk/toolchain/bin/../../toolchain/lib/crtn.o

.debug_pubnames
 *(.debug_pubnames)

.debug_info     0x00000000      0x391
 *(.debug_info .gnu.linkonce.wi.*)
 .debug_info    0x00000000       0x9b /opt/analogics/am335x_sk/toolchain/bin/../../toolchain/lib/crti.o
 .debug_info    0x0000009b      0x25b obj_native/dummy.o
 .debug_info    0x000002f6       0x9b /opt/analogics/am335x_sk/toolchain/bin/../../toolchain/lib/crtn.o

.debug_abbrev   0x00000000      0x10b
 *(.debug_abbrev)
 .debug_abbrev  0x00000000       0x12 /opt/analogics/am335x_sk/toolchain/bin/../../toolchain/lib/crti.o
 .debug_abbrev  0x00000012       0xe7 obj_native/dummy.o
 .debug_abbrev  0x000000f9       0x12 /opt/analogics/am335x_sk/toolchain/bin/../../toolchain/lib/crtn.o

.debug_line     0x00000000      0x18c
 *(.debug_line .debug_line.* .debug_line_end)
 .debug_line    0x00000000       0x72 /opt/analogics/am335x_sk/toolchain/bin/../../toolchain/lib/crti.o
 .debug_line    0x00000072       0xc0 obj_native/dummy.o
 .debug_line    0x00000132       0x5a /opt/analogics/am335x_sk/toolchain/bin/../../toolchain/lib/crtn.o

.debug_frame    0x00000000       0x5c
 *(.debug_frame)
 .debug_frame   0x00000000       0x5c obj_native/dummy.o

.debug_str      0x00000000      0x3c6
 *(.debug_str)
 .debug_str     0x00000000      0x3c6 obj_native/dummy.o
                                0x416 (size before relaxing)

.debug_loc
 *(.debug_loc)

.debug_macinfo
 *(.debug_macinfo)

.debug_weaknames
 *(.debug_weaknames)

.debug_funcnames
 *(.debug_funcnames)

.debug_typenames
 *(.debug_typenames)

.debug_varnames
 *(.debug_varnames)

.debug_pubtypes
 *(.debug_pubtypes)

.debug_ranges   0x00000000       0x48
 *(.debug_ranges)
 .debug_ranges  0x00000000       0x28 /opt/analogics/am335x_sk/toolchain/bin/../../toolchain/lib/crti.o
 .debug_ranges  0x00000028       0x20 /opt/analogics/am335x_sk/toolchain/bin/../../toolchain/lib/crtn.o

.debug_macro
 *(.debug_macro)

.gnu.attributes
 *(.gnu.attributes)

.note.gnu.arm.ident
 *(.note.gnu.arm.ident)

/DISCARD/
 *(.note.GNU-stack)
 *(.gnu_debuglink)
 *(.gnu.lto_*)
OUTPUT(dummy.so elf32-littlearm)
